BL51 BANKED LINKER/LOCATER V6.22.4.0                                                    09/17/2025  20:09:02  PAGE 1


BL51 BANKED LINKER/LOCATER V6.22.4.0, INVOKED BY:
D:\KEIL_V5\C51\BIN\BL51.EXE .\output\main.obj, .\source\STCBSP_V3.6.LIB, .\output\temp_module.obj, .\output\Nav_handler.
>> obj, .\output\time_module.obj, .\output\speed_module.obj, .\output\voice_module.obj, .\output\core.obj, .\output\deco
>> de_table.obj, .\output\nv_temp_threshold.obj, .\output\my_uart1.obj, .\output\radio_module.obj, .\output\temp_control
>> led_fan.obj, .\output\ultrasonic_module.obj, .\output\train_id_module.obj, .\output\music_module.obj TO .\output\BSP_
>> Demo PRINT (.\list\BSP_Demo.m51) RAMSIZE (256) XDATA (0X0000-0X07FF)


MEMORY MODEL: SMALL


INPUT MODULES INCLUDED:
  .\output\main.obj (MAIN)
  .\source\STCBSP_V3.6.LIB (ADC)
  .\source\STCBSP_V3.6.LIB (BEEP)
  .\source\STCBSP_V3.6.LIB (DISPLAYER)
  .\source\STCBSP_V3.6.LIB (KEY)
  .\source\STCBSP_V3.6.LIB (SYS)
  .\source\STCBSP_V3.6.LIB (UART2)
  .\output\temp_module.obj (TEMP_MODULE)
  .\output\Nav_handler.obj (NAV_HANDLER)
  .\output\time_module.obj (TIME_MODULE)
  .\output\speed_module.obj (SPEED_MODULE)
  .\output\voice_module.obj (VOICE_MODULE)
  .\output\core.obj (CORE)
  .\output\decode_table.obj (DECODE_TABLE)
  .\output\nv_temp_threshold.obj (NV_TEMP_THRESHOLD)
  .\output\my_uart1.obj (MY_UART1)
  .\output\radio_module.obj (RADIO_MODULE)
  .\output\temp_controlled_fan.obj (TEMP_CONTROLLED_FAN)
  .\output\ultrasonic_module.obj (ULTRASONIC_MODULE)
  .\output\train_id_module.obj (TRAIN_ID_MODULE)
  .\output\music_module.obj (MUSIC_MODULE)
  .\source\STCBSP_V3.6.LIB (MUSIC)
  .\source\STCBSP_V3.6.LIB (DS1302)
  .\source\STCBSP_V3.6.LIB (M24C02)
  .\source\STCBSP_V3.6.LIB (FM_RADIO)
  .\source\STCBSP_V3.6.LIB (EXT)
  .\source\STCBSP_V3.6.LIB (UART1)
  D:\KEIL_V5\C51\LIB\C51S.LIB (?C_STARTUP)
  D:\KEIL_V5\C51\LIB\C51S.LIB (?C?COPY)
  D:\KEIL_V5\C51\LIB\C51S.LIB (?C?CLDPTR)
  D:\KEIL_V5\C51\LIB\C51S.LIB (?C?CLDOPTR)
  D:\KEIL_V5\C51\LIB\C51S.LIB (?C?CSTPTR)
  D:\KEIL_V5\C51\LIB\C51S.LIB (?C?CSTOPTR)
  D:\KEIL_V5\C51\LIB\C51S.LIB (?C?IMUL)
  D:\KEIL_V5\C51\LIB\C51S.LIB (?C?UIDIV)
  D:\KEIL_V5\C51\LIB\C51S.LIB (?C?SIDIV)
  D:\KEIL_V5\C51\LIB\C51S.LIB (?C?IILDX)
  D:\KEIL_V5\C51\LIB\C51S.LIB (?C?ILDIX)
  D:\KEIL_V5\C51\LIB\C51S.LIB (?C?ILDPTR)
  D:\KEIL_V5\C51\LIB\C51S.LIB (?C?LMUL)
  D:\KEIL_V5\C51\LIB\C51S.LIB (?C?ULDIV)
  D:\KEIL_V5\C51\LIB\C51S.LIB (?C?SLDIV)
  D:\KEIL_V5\C51\LIB\C51S.LIB (?C?ULSHR)
  D:\KEIL_V5\C51\LIB\C51S.LIB (?C?SLSHR)
  D:\KEIL_V5\C51\LIB\C51S.LIB (?C?LSHL)
  D:\KEIL_V5\C51\LIB\C51S.LIB (?C?LLDCODE)
BL51 BANKED LINKER/LOCATER V6.22.4.0                                                  09/17/2025  20:09:02  PAGE 2


  D:\KEIL_V5\C51\LIB\C51S.LIB (?C?LSTXDATA)
  D:\KEIL_V5\C51\LIB\C51S.LIB (?C?OFFXADD)
  D:\KEIL_V5\C51\LIB\C51S.LIB (?C?ICALL)
  D:\KEIL_V5\C51\LIB\C51S.LIB (?C_IBP)
  D:\KEIL_V5\C51\LIB\C51S.LIB (?C?STRCPY)
  D:\KEIL_V5\C51\LIB\C51S.LIB (STRLEN)
  D:\KEIL_V5\C51\LIB\C51S.LIB (STRCHR)
  D:\KEIL_V5\C51\LIB\C51S.LIB (STRTOK)
  D:\KEIL_V5\C51\LIB\C51S.LIB (ATOI)
  D:\KEIL_V5\C51\LIB\C51S.LIB (?C?MEMSET)
  D:\KEIL_V5\C51\LIB\C51S.LIB (?C_INIT)
  D:\KEIL_V5\C51\LIB\C51S.LIB (ISDIGIT)
  D:\KEIL_V5\C51\LIB\C51S.LIB (ISSPACE)
  D:\KEIL_V5\C51\LIB\C51S.LIB (STRSPN)
  D:\KEIL_V5\C51\LIB\C51S.LIB (STRPBRK)


LINK MAP OF MODULE:  .\output\BSP_Demo (MAIN)


            TYPE    BASE      LENGTH    RELOCATION   SEGMENT NAME
            -----------------------------------------------------

            * * * * * * *   D A T A   M E M O R Y   * * * * * * *
            REG     0000H     0008H     ABSOLUTE     "REG BANK 0"
            DATA    0008H     0014H     UNIT         _DATA_GROUP_
            DATA    001CH     0004H     UNIT         ?DT?_SETBEEP?BEEP
            BIT     0020H.0   0001H.7   UNIT         ?BI?SYS
            BIT     0021H.7   0000H.1   UNIT         ?BI?ADC
            BIT     0022H.0   0000H.1   UNIT         ?BI?TIME_MODULE
            BIT     0022H.1   0000H.1   UNIT         ?BI?MUSIC
            BIT     0022H.2   0000H.1   UNIT         _BIT_GROUP_
                    0022H.3   0000H.5                *** GAP ***
            DATA    0023H     0012H     UNIT         ?DT?SYS
            DATA    0035H     0008H     UNIT         ?DT?_SETMUSIC?MUSIC
            DATA    003DH     0007H     UNIT         ?DT?RADIO_MODULE
            DATA    0044H     0007H     UNIT         ?DT?RTC_WRITE?DS1302
            DATA    004BH     0007H     UNIT         ?DT?DS1302INIT?DS1302
            DATA    0052H     0006H     UNIT         ?DT?_PLAYTONE?MUSIC
            DATA    0058H     0006H     UNIT         ?DT?EXT
            DATA    005EH     0005H     UNIT         ?DT?READCOUNT?EXT
            DATA    0063H     0004H     UNIT         ?DT?_SETPWM?EXT
            DATA    0067H     0003H     UNIT         ?DT?STRTOK
            DATA    006AH     0002H     UNIT         ?DT?ADC
            DATA    006CH     0002H     UNIT         ?DT?GETULTRASONIC?SYS
            DATA    006EH     0002H     UNIT         ?DT?UART2
            DATA    0070H     0001H     UNIT         ?DT?KEY
            DATA    0071H     0001H     UNIT         ?C?LIB_DATA
            IDATA   0072H     0001H     UNIT         ?STACK

            * * * * * * *  X D A T A   M E M O R Y  * * * * * * *
            XDATA   0000H     006EH     UNIT         ?XD?SYS
            XDATA   006EH     0044H     UNIT         ?XD?MY_UART1
            XDATA   00B2H     0034H     UNIT         _XDATA_GROUP_
            XDATA   00E6H     001EH     UNIT         ?XD?ADC
            XDATA   0104H     0015H     UNIT         ?XD?UART2
            XDATA   0119H     0015H     UNIT         ?XD?UART1
BL51 BANKED LINKER/LOCATER V6.22.4.0                                                  09/17/2025  20:09:02  PAGE 3


            XDATA   012EH     0014H     UNIT         ?XD?TIME_MODULE
            XDATA   0142H     0012H     UNIT         ?XD?TEMP_MODULE
            XDATA   0154H     0010H     UNIT         ?XD?MUSIC
            XDATA   0164H     000CH     UNIT         ?XD?DISPLAYER
            XDATA   0170H     000CH     UNIT         ?XD?VOICE_MODULE
            XDATA   017CH     000BH     UNIT         ?XD?EXT
            XDATA   0187H     000AH     UNIT         ?XD?KEY
            XDATA   0191H     0009H     UNIT         ?XD?CORE
            XDATA   019AH     0009H     UNIT         ?XD?DS1302
            XDATA   01A3H     0009H     UNIT         ?XD?FM_RADIO
            XDATA   01ACH     0004H     UNIT         ?XD?SPEED_MODULE
            XDATA   01B0H     0002H     UNIT         ?XD?NV_TEMP_THRESHOLD
            XDATA   01B2H     0001H     UNIT         ?XD?NAV_HANDLER

            * * * * * * *   C O D E   M E M O R Y   * * * * * * *
            CODE    0000H     0003H     ABSOLUTE     
            CODE    0003H     0007H     UNIT         ?PR?GETADC?ADC
            CODE    000AH     0001H     UNIT         ?PR?_?NULLFUNC?SYS
            CODE    000BH     0003H     ABSOLUTE     
            CODE    000EH     0015H     UNIT         ?PR?MYUART1CLEARRXBUFFER?MY_UART1
            CODE    0023H     0003H     ABSOLUTE     
            CODE    0026H     0004H     UNIT         ?CO?CORE
            CODE    002AH     0001H     UNIT         ?PR?_?NULLFUNC0?UART2
            CODE    002BH     0003H     ABSOLUTE     
            CODE    002EH     000DH     UNIT         ?PR?STOP?M24C02
            CODE    003BH     0003H     ABSOLUTE     
            CODE    003EH     0003H     UNIT         ?PR?_?RET0FUNC?SYS
                    0041H     0002H                  *** GAP ***
            CODE    0043H     0003H     ABSOLUTE     
            CODE    0046H     0834H     UNIT         ?CO?VOICE_MODULE
            CODE    087AH     04FEH     UNIT         ?C?LIB_CODE
            CODE    0D78H     02F6H     UNIT         ?PR?_?SYS_MUSIC_DRV?MUSIC
            CODE    106EH     025BH     UNIT         ?PR?MYUART1SENDCURRENTSTATUS?MY_UART1
            CODE    12C9H     0209H     UNIT         ?PR?_PARSECOMMAND?MY_UART1
            CODE    14D2H     01FCH     UNIT         ?CO?TEMP_MODULE
            CODE    16CEH     01D2H     UNIT         ?PR?UART2_ISR?UART2
            CODE    18A0H     01ACH     UNIT         ?PR?_?SYS_ADC_DRV?ADC
            CODE    1A4CH     01ACH     UNIT         ?C_INITSEG
            CODE    1BF8H     0130H     UNIT         ?PR?UART1_ISR?UART1
            CODE    1D28H     0126H     UNIT         ?CO?MUSIC
            CODE    1E4EH     0123H     UNIT         ?PR?_?SYS_KEY_DRV?KEY
            CODE    1F71H     011EH     UNIT         ?PR?_MY_UTOA?MY_UART1
            CODE    208FH     00FEH     UNIT         ?PR?DS1302INIT?DS1302
            CODE    218DH     00EDH     UNIT         ?PR?SYS_TASK_1MS?SYS
            CODE    227AH     00E9H     UNIT         ?PR?_?SYS_DISPLAY_DRV?DISPLAYER
            CODE    2363H     00E7H     UNIT         ?PR?_?SYS_EXT_DRV?EXT
            CODE    244AH     00B6H     UNIT         ?PR?SETFMRADIO?FM_RADIO
            CODE    2500H     00B5H     UNIT         ?PR?_UART2INIT?UART2
            CODE    25B5H     00AEH     UNIT         ?PR?_ATOI?ATOI
            CODE    2663H     00AAH     UNIT         ?PR?_PLAYTONE?MUSIC
            CODE    270DH     00A8H     UNIT         ?PR?SYS_CCP_ISR?SYS
            CODE    27B5H     00A5H     UNIT         ?PR?RESETTIMER?TIME_MODULE
            CODE    285AH     00A5H     UNIT         ?PR?_?SYS_DS1302_DRV?DS1302
            CODE    28FFH     00A4H     UNIT         ?PR?NAVHANDLER?NAV_HANDLER
            CODE    29A3H     00A3H     UNIT         ?PR?ONSPEEDCHANGE?TIME_MODULE
            CODE    2A46H     0094H     UNIT         ?PR?SHOWTEMP?TEMP_MODULE
            CODE    2ADAH     0093H     UNIT         ?PR?SYS_TASK_10MS?SYS
BL51 BANKED LINKER/LOCATER V6.22.4.0                                                  09/17/2025  20:09:02  PAGE 4


            CODE    2B6DH     0090H     UNIT         ?PR?_SETPWM?EXT
            CODE    2BFDH     008CH     UNIT         ?C_C51STARTUP
            CODE    2C89H     008BH     UNIT         ?PR?SYS_TASK_IR?SYS
            CODE    2D14H     0083H     UNIT         ?PR?MAIN?MAIN
            CODE    2D97H     0080H     UNIT         ?PR?_STRTOK?STRTOK
            CODE    2E17H     007DH     UNIT         ?PR?_SETEVENTCALLBACK?SYS
            CODE    2E94H     0078H     UNIT         ?PR?_SETBEEP?BEEP
            CODE    2F0CH     0077H     UNIT         ?PR?_UART1INIT?UART1
            CODE    2F83H     006CH     UNIT         ?PR?UPDATETIME?TIME_MODULE
            CODE    2FEFH     0067H     UNIT         ?PR?CHECKCOUNTDOWNEVENT?VOICE_MODULE
            CODE    3056H     0061H     UNIT         ?PR?_STRSPN?STRSPN
            CODE    30B7H     005DH     UNIT         ?PR?_STRPBRK?STRPBRK
            CODE    3114H     005CH     UNIT         ?PR?GETFMRADIO?FM_RADIO
            CODE    3170H     005AH     UNIT         ?PR?UPDATETEMP?TEMP_MODULE
            CODE    31CAH     005AH     UNIT         ?PR?NVTEMPTHRESHOLDINIT?NV_TEMP_THRESHOLD
            CODE    3224H     0059H     UNIT         ?PR?READCOUNT?EXT
            CODE    327DH     0058H     UNIT         ?PR?_SETMUSIC?MUSIC
            CODE    32D5H     0056H     UNIT         ?PR?MYUART1INIT?MY_UART1
            CODE    332BH     0053H     UNIT         ?PR?GETULTRASONIC?SYS
            CODE    337EH     0052H     UNIT         ?PR?SYS_TIMER0_ISR?SYS
            CODE    33D0H     0051H     UNIT         ?PR?SHOWTIME?TIME_MODULE
            CODE    3421H     004DH     UNIT         ?CO?TIME_MODULE
            CODE    346EH     0048H     UNIT         ?PR?SHOWSPEED?SPEED_MODULE
            CODE    34B6H     0047H     UNIT         ?PR?SYS_TIMER0_INIT?SYS
            CODE    34FDH     0046H     UNIT         ?PR?_GETADCNAVACT?ADC
            CODE    3543H     0045H     UNIT         ?PR?IS_PLAY_MUSIC?MUSIC_MODULE
            CODE    3588H     0044H     UNIT         ?PR?_?SYS_FMRADIO_DRV?FM_RADIO
            CODE    35CCH     0044H     UNIT         ?C?LDIV
            CODE    3610H     0042H     UNIT         ?PR?RADIO_INIT?RADIO_MODULE
            CODE    3652H     0040H     UNIT         ?PR?_GETKEYACT?KEY
            CODE    3692H     003FH     UNIT         ?PR?SYS_TASK_100MS?SYS
            CODE    36D1H     003EH     UNIT         ?PR?MYSTC_OS?SYS
            CODE    370FH     003CH     UNIT         ?CO?DECODE_TABLE
            CODE    374BH     003CH     UNIT         ?PR?TEMP_CONTROLLED_MOTOR?TEMP_CONTROLLED_FAN
            CODE    3787H     0039H     UNIT         ?PR?_NVTEMPTHRESHOLDUPDATE?NV_TEMP_THRESHOLD
            CODE    37C0H     0036H     UNIT         ?PR?_EXTINIT?EXT
            CODE    37F6H     0032H     UNIT         ?PR?UART1RXDCALLBACK?MY_UART1
            CODE    3828H     0031H     UNIT         ?PR?_ADCINIT?ADC
            CODE    3859H     0031H     UNIT         ?PR?_SETUART2RXD?UART2
            CODE    388AH     0031H     UNIT         ?PR?_SETUART1RXD?UART1
            CODE    38BBH     002FH     UNIT         ?PR?_UART2PRINT?UART2
            CODE    38EAH     002EH     UNIT         ?PR?_DS1302READ?DS1302
            CODE    3918H     002BH     UNIT         ?PR?SYS_TASK_1S?SYS
            CODE    3943H     002BH     UNIT         ?PR?_NVTEMPTHRESHOLDWRITE?NV_TEMP_THRESHOLD
            CODE    396EH     002AH     UNIT         ?PR?NVTEMPTHRESHOLDREAD?NV_TEMP_THRESHOLD
            CODE    3998H     0029H     UNIT         ?PR?_NVM_WRITE?DS1302
            CODE    39C1H     0028H     UNIT         ?PR?_?SYS_BEEP_DRV?BEEP
            CODE    39E9H     0028H     UNIT         ?PR?INITRTC?TIME_MODULE
            CODE    3A11H     0028H     UNIT         ?PR?_SETPLAYERMODE?MUSIC
            CODE    3A39H     0028H     UNIT         ?PR?_IIC_RADIO_WRITEBYTE?FM_RADIO
            CODE    3A61H     0028H     UNIT         ?PR?_UART1PRINT?UART1
            CODE    3A89H     0025H     UNIT         ?PR?FMRADIOINIT?FM_RADIO
            CODE    3AAEH     0024H     UNIT         ?PR?RESPONS?M24C02
            CODE    3AD2H     0024H     UNIT         ?PR?_WRITEBYTE?M24C02
            CODE    3AF6H     0022H     UNIT         ?PR?READBYTE?M24C02
            CODE    3B18H     0020H     UNIT         ?PR?BEEPINIT?BEEP
            CODE    3B38H     0020H     UNIT         ?PR?_SEG7PRINT?DISPLAYER
BL51 BANKED LINKER/LOCATER V6.22.4.0                                                  09/17/2025  20:09:02  PAGE 5


            CODE    3B58H     0020H     UNIT         ?PR?_DS1302WRITE?DS1302
            CODE    3B78H     001EH     UNIT         ?PR?SHOWSTATUS?NAV_HANDLER
            CODE    3B96H     001DH     UNIT         ?PR?KEYINIT?KEY
            CODE    3BB3H     001CH     UNIT         ?PR?_M24C02_READ?M24C02
            CODE    3BCFH     001CH     UNIT         ?PR?IIC_RADIO_ACK?FM_RADIO
            CODE    3BEBH     001CH     UNIT         ?PR?_STRCHR?STRCHR
            CODE    3C07H     001BH     UNIT         ?PR?DISPLAYERINIT?DISPLAYER
            CODE    3C22H     001BH     UNIT         ?PR?SHOWMODE?TIME_MODULE
            CODE    3C3DH     0019H     UNIT         ?PR?_DS1302WRITEBYTE?DS1302
            CODE    3C56H     0019H     UNIT         ?PR?RTC_WRITE?DS1302
            CODE    3C6FH     0018H     UNIT         ?PR?DS1302READBYTE?DS1302
            CODE    3C87H     0016H     UNIT         ?PR?PLAY_MUSIC?MUSIC_MODULE
            CODE    3C9DH     0015H     UNIT         ?PR?_M24C02_WRITE?M24C02
            CODE    3CB2H     0015H     UNIT         ?PR?_STRLEN?STRLEN
            CODE    3CC7H     0014H     UNIT         ?PR?MYUART2RXD_CALLBACK?VOICE_MODULE
            CODE    3CDBH     0013H     UNIT         ?PR?_DELAY?FM_RADIO
            CODE    3CEEH     0013H     UNIT         ?PR?IIC_RADIO_START?FM_RADIO
            CODE    3D01H     0013H     UNIT         ?PR?_ISSPACE?ISSPACE
            CODE    3D14H     0012H     UNIT         ?PR?_NVISVALIDTHRESHOLD?NV_TEMP_THRESHOLD
            CODE    3D26H     0012H     UNIT         ?PR?_NVM_READ?DS1302
            CODE    3D38H     0011H     UNIT         ?PR?_SETCCP0?SYS
            CODE    3D49H     0010H     UNIT         ?PR?_SETTRAINID?TRAIN_ID_MODULE
            CODE    3D59H     0010H     UNIT         ?CO?MUSIC_MODULE
            CODE    3D69H     0010H     UNIT         ?PR?START?M24C02
            CODE    3D79H     0010H     UNIT         ?PR?GETDECODE?EXT
            CODE    3D89H     000FH     UNIT         ?PR?_?SYS_GET_UART2RXDEVENT?UART2
            CODE    3D98H     000FH     UNIT         ?PR?MY1S_CALLBACK?CORE
            CODE    3DA7H     000FH     UNIT         ?PR?MUSICPLAYERINIT?MUSIC
            CODE    3DB6H     000FH     UNIT         ?PR?_?SYS_GET_UART1RXDEVENT?UART1
            CODE    3DC5H     000FH     UNIT         ?PR?_ISDIGIT?ISDIGIT
            CODE    3DD4H     000EH     UNIT         ?PR?_?SYS_GET_KNEVENT?ADC
            CODE    3DE2H     000EH     UNIT         ?PR?_?SYS_GET_EXTADCEVENT?ADC
            CODE    3DF0H     000EH     UNIT         ?PR?_?SYS_GET_KEYEVENT?KEY
            CODE    3DFEH     000CH     UNIT         ?PR?GETBEEPSTATUS?BEEP
            CODE    3E0AH     000CH     UNIT         ?PR?IIC_RADIO_STOP?FM_RADIO
            CODE    3E16H     000BH     UNIT         ?PR?GETUART2TXSTATUS?UART2
            CODE    3E21H     000BH     UNIT         ?PR?MYUART1PROCESSRXDATA?MY_UART1
            CODE    3E2CH     000BH     UNIT         ?PR?INITTRAINID?TRAIN_ID_MODULE
            CODE    3E37H     000BH     UNIT         ?PR?GETUART1TXSTATUS?UART1
            CODE    3E42H     0009H     UNIT         ?CO?ADC
            CODE    3E4BH     0009H     UNIT         ?PR?_SETDISPLAYERAREA?DISPLAYER
            CODE    3E54H     0009H     UNIT         ?PR?GETBEEPTIMER?SYS
            CODE    3E5DH     0009H     UNIT         ?PR?_SETBEEPTIMER?SYS
            CODE    3E66H     0009H     UNIT         ?PR?GETWEIGHT?EXT
            CODE    3E6FH     0007H     UNIT         ?PR?GETSYSPERFORMANCE?SYS
            CODE    3E76H     0007H     UNIT         ?PR?RTC_READ?DS1302
            CODE    3E7DH     0006H     UNIT         ?PR?ADC_ISR?ADC
            CODE    3E83H     0006H     UNIT         ?PR?_LEDPRINT?DISPLAYER
            CODE    3E89H     0006H     UNIT         ?PR?MYSTC_INIT?SYS
            CODE    3E8FH     0006H     UNIT         ?CO?MY_UART1
            CODE    3E95H     0006H     UNIT         ?PR?GETPLAYERMODE?MUSIC
            CODE    3E9BH     0003H     UNIT         ?PR?CLRBEEPPIN?SYS
            CODE    3E9EH     0003H     UNIT         ?PR?MY100MS_CALLBACK?CORE



OVERLAY MAP OF MODULE:   .\output\BSP_Demo (MAIN)
BL51 BANKED LINKER/LOCATER V6.22.4.0                                                  09/17/2025  20:09:02  PAGE 6




SEGMENT                                             BIT_GROUP          DATA_GROUP          XDATA_GROUP
  +--> CALLED SEGMENT                            START    LENGTH     START    LENGTH     START    LENGTH
--------------------------------------------------------------------------------------------------------
?C_C51STARTUP                                    -----    -----      -----    -----      -----    -----
  +--> ?PR?MAIN?MAIN
  +--> ?C_INITSEG

?PR?MAIN?MAIN                                    -----    -----      -----    -----      -----    -----
  +--> ?PR?_ADCINIT?ADC
  +--> ?PR?DISPLAYERINIT?DISPLAYER
  +--> ?PR?KEYINIT?KEY
  +--> ?PR?BEEPINIT?BEEP
  +--> ?PR?_SETDISPLAYERAREA?DISPLAYER
  +--> ?PR?_UART2INIT?UART2
  +--> ?PR?MYUART1INIT?MY_UART1
  +--> ?PR?NVTEMPTHRESHOLDINIT?NV_TEMP_THRES...
  +--> ?PR?_SETTRAINID?TRAIN_ID_MODULE
  +--> ?PR?INITTRAINID?TRAIN_ID_MODULE
  +--> ?PR?INITRTC?TIME_MODULE
  +--> ?PR?RADIO_INIT?RADIO_MODULE
  +--> ?PR?_SETUART2RXD?UART2
  +--> ?PR?MYUART2RXD_CALLBACK?VOICE_MODULE
  +--> ?PR?_SETEVENTCALLBACK?SYS
  +--> ?PR?MY1S_CALLBACK?CORE
  +--> ?PR?MY100MS_CALLBACK?CORE
  +--> ?PR?NAVHANDLER?NAV_HANDLER
  +--> ?PR?MYSTC_INIT?SYS
  +--> ?PR?MYSTC_OS?SYS

?PR?_ADCINIT?ADC                                 -----    -----      -----    -----      -----    -----
  +--> ?PR?_?SYS_ADC_DRV?ADC
  +--> ?PR?_?SYS_GET_KNEVENT?ADC
  +--> ?PR?_?SYS_GET_EXTADCEVENT?ADC

?PR?_?SYS_ADC_DRV?ADC                            -----    -----      -----    -----      -----    -----
  +--> ?CO?ADC

?PR?DISPLAYERINIT?DISPLAYER                      -----    -----      -----    -----      -----    -----
  +--> ?PR?_?SYS_DISPLAY_DRV?DISPLAYER

?PR?_?SYS_DISPLAY_DRV?DISPLAYER                  -----    -----      -----    -----      -----    -----
  +--> ?CO?DECODE_TABLE

?PR?KEYINIT?KEY                                  -----    -----      -----    -----      -----    -----
  +--> ?PR?_?SYS_GET_KEYEVENT?KEY
  +--> ?PR?_?SYS_KEY_DRV?KEY

?PR?BEEPINIT?BEEP                                -----    -----      -----    -----      -----    -----
  +--> ?PR?CLRBEEPPIN?SYS
  +--> ?PR?_?SYS_BEEP_DRV?BEEP

?PR?_?SYS_BEEP_DRV?BEEP                          -----    -----      -----    -----      -----    -----
  +--> ?PR?GETBEEPTIMER?SYS
  +--> ?PR?_SETBEEPTIMER?SYS

BL51 BANKED LINKER/LOCATER V6.22.4.0                                                  09/17/2025  20:09:02  PAGE 7


?PR?_UART2INIT?UART2                             -----    -----      0008H    0005H      -----    -----
  +--> ?PR?_?NULLFUNC0?UART2
  +--> ?CO?CORE
  +--> ?PR?_?SYS_GET_UART2RXDEVENT?UART2

?PR?MYUART1INIT?MY_UART1                         -----    -----      -----    -----      -----    -----
  +--> ?PR?_UART1INIT?UART1
  +--> ?PR?UART1RXDCALLBACK?MY_UART1
  +--> ?PR?_SETEVENTCALLBACK?SYS
  +--> ?PR?_SETUART1RXD?UART1

?PR?_UART1INIT?UART1                             -----    -----      0008H    0004H      -----    -----
  +--> ?CO?CORE
  +--> ?PR?_?SYS_GET_UART1RXDEVENT?UART1

?PR?UART1RXDCALLBACK?MY_UART1                    -----    -----      -----    -----      -----    -----
  +--> ?PR?_STRCHR?STRCHR
  +--> ?PR?_PARSECOMMAND?MY_UART1
  +--> ?PR?MYUART1CLEARRXBUFFER?MY_UART1

?PR?_PARSECOMMAND?MY_UART1                       -----    -----      0008H    0005H      00B2H    0031H
  +--> ?PR?_STRLEN?STRLEN
  +--> ?CO?MY_UART1
  +--> ?PR?_ATOI?ATOI
  +--> ?PR?_STRTOK?STRTOK
  +--> ?PR?_NVTEMPTHRESHOLDUPDATE?NV_TEMP_TH...
  +--> ?PR?ONSPEEDCHANGE?TIME_MODULE

?PR?_ATOI?ATOI                                   0022H.2  0000H.1    000DH    0005H      -----    -----
  +--> ?PR?_ISSPACE?ISSPACE
  +--> ?PR?_ISDIGIT?ISDIGIT

?PR?_STRTOK?STRTOK                               -----    -----      000DH    0006H      -----    -----
  +--> ?PR?_STRSPN?STRSPN
  +--> ?PR?_STRPBRK?STRPBRK

?PR?_STRSPN?STRSPN                               -----    -----      0013H    0008H      -----    -----

?PR?_STRPBRK?STRPBRK                             -----    -----      0013H    0009H      -----    -----

?PR?_NVTEMPTHRESHOLDUPDATE?NV_TEMP_TH...         -----    -----      000DH    0001H      00E3H    0001H
  +--> ?PR?NVTEMPTHRESHOLDINIT?NV_TEMP_THRES...
  +--> ?PR?_NVISVALIDTHRESHOLD?NV_TEMP_THRES...
  +--> ?PR?NVTEMPTHRESHOLDREAD?NV_TEMP_THRES...
  +--> ?PR?_NVTEMPTHRESHOLDWRITE?NV_TEMP_THR...

?PR?NVTEMPTHRESHOLDINIT?NV_TEMP_THRES...         -----    -----      000FH    0001H      00E5H    0001H
  +--> ?PR?_M24C02_READ?M24C02
  +--> ?PR?_NVISVALIDTHRESHOLD?NV_TEMP_THRES...

?PR?_M24C02_READ?M24C02                          -----    -----      -----    -----      -----    -----
  +--> ?PR?START?M24C02
  +--> ?PR?RESPONS?M24C02
  +--> ?PR?_WRITEBYTE?M24C02
  +--> ?PR?READBYTE?M24C02
  +--> ?PR?STOP?M24C02

BL51 BANKED LINKER/LOCATER V6.22.4.0                                                  09/17/2025  20:09:02  PAGE 8


?PR?RESPONS?M24C02                               -----    -----      -----    -----      -----    -----
  +--> ?PR?_WRITEBYTE?M24C02

?PR?NVTEMPTHRESHOLDREAD?NV_TEMP_THRES...         -----    -----      -----    -----      00E4H    0001H
  +--> ?PR?NVTEMPTHRESHOLDINIT?NV_TEMP_THRES...
  +--> ?PR?_M24C02_READ?M24C02
  +--> ?PR?_NVISVALIDTHRESHOLD?NV_TEMP_THRES...

?PR?_NVTEMPTHRESHOLDWRITE?NV_TEMP_THR...         -----    -----      000EH    0001H      -----    -----
  +--> ?PR?NVTEMPTHRESHOLDINIT?NV_TEMP_THRES...
  +--> ?PR?_NVISVALIDTHRESHOLD?NV_TEMP_THRES...
  +--> ?PR?_M24C02_WRITE?M24C02

?PR?_M24C02_WRITE?M24C02                         -----    -----      -----    -----      -----    -----
  +--> ?PR?START?M24C02
  +--> ?PR?_WRITEBYTE?M24C02
  +--> ?PR?RESPONS?M24C02
  +--> ?PR?STOP?M24C02

?PR?_SETEVENTCALLBACK?SYS                        -----    -----      0008H    0003H      -----    -----

?PR?_SETUART1RXD?UART1                           -----    -----      0008H    000AH      -----    -----

?PR?_SETTRAINID?TRAIN_ID_MODULE                  -----    -----      0008H    0001H      -----    -----
  +--> ?PR?_NVM_WRITE?DS1302

?PR?_NVM_WRITE?DS1302                            -----    -----      -----    -----      -----    -----
  +--> ?PR?_DS1302WRITE?DS1302

?PR?_DS1302WRITE?DS1302                          -----    -----      -----    -----      -----    -----
  +--> ?PR?_DS1302WRITEBYTE?DS1302

?PR?INITTRAINID?TRAIN_ID_MODULE                  -----    -----      -----    -----      -----    -----
  +--> ?PR?_NVM_READ?DS1302

?PR?_NVM_READ?DS1302                             -----    -----      -----    -----      -----    -----
  +--> ?PR?_DS1302READ?DS1302

?PR?_DS1302READ?DS1302                           -----    -----      -----    -----      -----    -----
  +--> ?PR?_DS1302WRITEBYTE?DS1302
  +--> ?PR?DS1302READBYTE?DS1302

?PR?RADIO_INIT?RADIO_MODULE                      -----    -----      -----    -----      -----    -----
  +--> ?PR?FMRADIOINIT?FM_RADIO
  +--> ?PR?SETFMRADIO?FM_RADIO

?PR?FMRADIOINIT?FM_RADIO                         -----    -----      0008H    0006H      -----    -----
  +--> ?PR?SETFMRADIO?FM_RADIO
  +--> ?PR?_?SYS_FMRADIO_DRV?FM_RADIO

?PR?SETFMRADIO?FM_RADIO                          -----    -----      000EH    0006H      -----    -----
  +--> ?PR?GETFMRADIO?FM_RADIO

?PR?GETFMRADIO?FM_RADIO                          -----    -----      0014H    0006H      -----    -----

?PR?_?SYS_FMRADIO_DRV?FM_RADIO                   -----    -----      -----    -----      -----    -----
  +--> ?PR?IIC_RADIO_START?FM_RADIO
BL51 BANKED LINKER/LOCATER V6.22.4.0                                                  09/17/2025  20:09:02  PAGE 9


  +--> ?PR?_IIC_RADIO_WRITEBYTE?FM_RADIO
  +--> ?PR?IIC_RADIO_ACK?FM_RADIO
  +--> ?PR?IIC_RADIO_STOP?FM_RADIO

?PR?IIC_RADIO_START?FM_RADIO                     -----    -----      -----    -----      -----    -----
  +--> ?PR?_DELAY?FM_RADIO

?PR?_IIC_RADIO_WRITEBYTE?FM_RADIO                -----    -----      -----    -----      -----    -----
  +--> ?PR?_DELAY?FM_RADIO

?PR?IIC_RADIO_ACK?FM_RADIO                       -----    -----      -----    -----      -----    -----
  +--> ?PR?_DELAY?FM_RADIO

?PR?IIC_RADIO_STOP?FM_RADIO                      -----    -----      -----    -----      -----    -----
  +--> ?PR?_DELAY?FM_RADIO

?PR?_SETUART2RXD?UART2                           -----    -----      0008H    000AH      -----    -----

?PR?MY1S_CALLBACK?CORE                           -----    -----      -----    -----      -----    -----
  +--> ?PR?UPDATETIME?TIME_MODULE
  +--> ?PR?CHECKCOUNTDOWNEVENT?VOICE_MODULE
  +--> ?PR?UPDATETEMP?TEMP_MODULE
  +--> ?PR?IS_PLAY_MUSIC?MUSIC_MODULE
  +--> ?PR?MYUART1SENDCURRENTSTATUS?MY_UART1

?PR?UPDATETIME?TIME_MODULE                       -----    -----      -----    -----      -----    -----
  +--> ?PR?RESETTIMER?TIME_MODULE
  +--> ?CO?VOICE_MODULE
  +--> ?PR?_UART2PRINT?UART2

?PR?CHECKCOUNTDOWNEVENT?VOICE_MODULE             -----    -----      -----    -----      -----    -----
  +--> ?CO?VOICE_MODULE
  +--> ?PR?_UART2PRINT?UART2

?PR?UPDATETEMP?TEMP_MODULE                       -----    -----      -----    -----      -----    -----
  +--> ?PR?GETADC?ADC
  +--> ?CO?TEMP_MODULE

?PR?IS_PLAY_MUSIC?MUSIC_MODULE                   -----    -----      0008H    0001H      -----    -----
  +--> ?PR?GETPLAYERMODE?MUSIC
  +--> ?PR?_SETPLAYERMODE?MUSIC

?PR?MYUART1SENDCURRENTSTATUS?MY_UART1            -----    -----      -----    -----      00B2H    0002H
  +--> ?PR?GETUART1TXSTATUS?UART1
  +--> ?CO?MY_UART1
  +--> ?PR?_STRLEN?STRLEN
  +--> ?PR?_MY_UTOA?MY_UART1
  +--> ?PR?_UART1PRINT?UART1

?PR?_MY_UTOA?MY_UART1                            -----    -----      0008H    0003H      00B4H    0012H

?PR?MY100MS_CALLBACK?CORE                        -----    -----      -----    -----      -----    -----
  +--> ?PR?SHOWSTATUS?NAV_HANDLER

?PR?SHOWSTATUS?NAV_HANDLER                       -----    -----      -----    -----      -----    -----
  +--> ?PR?SHOWTIME?TIME_MODULE
  +--> ?PR?SHOWTEMP?TEMP_MODULE
BL51 BANKED LINKER/LOCATER V6.22.4.0                                                  09/17/2025  20:09:02  PAGE 10


  +--> ?PR?SHOWSPEED?SPEED_MODULE
  +--> ?PR?SHOWMODE?TIME_MODULE

?PR?SHOWTIME?TIME_MODULE                         -----    -----      -----    -----      -----    -----
  +--> ?PR?_SEG7PRINT?DISPLAYER

?PR?_SEG7PRINT?DISPLAYER                         -----    -----      0008H    0008H      -----    -----

?PR?SHOWTEMP?TEMP_MODULE                         -----    -----      -----    -----      -----    -----
  +--> ?PR?_SEG7PRINT?DISPLAYER

?PR?SHOWSPEED?SPEED_MODULE                       -----    -----      -----    -----      -----    -----
  +--> ?PR?_SEG7PRINT?DISPLAYER

?PR?SHOWMODE?TIME_MODULE                         -----    -----      -----    -----      -----    -----
  +--> ?PR?_SEG7PRINT?DISPLAYER

?PR?NAVHANDLER?NAV_HANDLER                       -----    -----      -----    -----      00B2H    0004H
  +--> ?PR?_GETADCNAVACT?ADC
  +--> ?PR?SETFMRADIO?FM_RADIO

?PR?MYSTC_INIT?SYS                               -----    -----      -----    -----      -----    -----
  +--> ?PR?SYS_TIMER0_INIT?SYS

?PR?SYS_TIMER0_INIT?SYS                          -----    -----      -----    -----      -----    -----
  +--> ?CO?CORE

?PR?MYSTC_OS?SYS                                 -----    -----      -----    -----      -----    -----
  +--> ?PR?SYS_TASK_IR?SYS
  +--> ?PR?SYS_TASK_1MS?SYS
  +--> ?PR?SYS_TASK_10MS?SYS
  +--> ?PR?SYS_TASK_100MS?SYS
  +--> ?PR?SYS_TASK_1S?SYS

?C_INITSEG                                       -----    -----      -----    -----      -----    -----
  +--> ?PR?_?NULLFUNC?SYS
  +--> ?PR?_?RET0FUNC?SYS



SYMBOL TABLE OF MODULE:  .\output\BSP_Demo (MAIN)

  VALUE           TYPE          NAME
  ----------------------------------

  -------         MODULE        MAIN
  C:0000H         SYMBOL        _ICE_DUMMY_
  D:0080H         PUBLIC        P0
  D:0090H         PUBLIC        P1
  D:00A0H         PUBLIC        P2
  D:00B0H         PUBLIC        P3
  D:00C0H         PUBLIC        P4
  D:00C8H         PUBLIC        P5
  D:00E8H         PUBLIC        P6
  D:00F8H         PUBLIC        P7
  D:00A8H         PUBLIC        IE
  D:00B8H         PUBLIC        IP
BL51 BANKED LINKER/LOCATER V6.22.4.0                                                  09/17/2025  20:09:02  PAGE 11


  D:00D8H         PUBLIC        CCON
  C:2D14H         PUBLIC        main
  D:0098H         PUBLIC        SCON
  D:0088H         PUBLIC        TCON
  D:00D0H         PUBLIC        PSW
  -------         PROC          MAIN
  C:2D14H         LINE#         3
  C:2D14H         LINE#         4
  C:2D19H         LINE#         5
  C:2D1CH         LINE#         6
  C:2D1FH         LINE#         7
  C:2D22H         LINE#         8
  C:2D29H         LINE#         9
  C:2D35H         LINE#         10
  C:2D38H         LINE#         11
  C:2D3BH         LINE#         12
  C:2D40H         LINE#         13
  C:2D43H         LINE#         14
  C:2D46H         LINE#         17
  C:2D49H         LINE#         18
  C:2D63H         LINE#         19
  C:2D6EH         LINE#         20
  C:2D79H         LINE#         21
  C:2D84H         LINE#         22
  C:2D8FH         LINE#         23
  C:2D92H         LINE#         25
  C:2D92H         LINE#         26
  C:2D95H         LINE#         27
  -------         ENDPROC       MAIN
  -------         ENDMOD        MAIN

  -------         MODULE        ADC
  C:0000H         SYMBOL        _ICE_DUMMY_
  D:0080H         PUBLIC        P0
  D:0090H         PUBLIC        P1
  D:00A0H         PUBLIC        P2
  C:3DD4H         PUBLIC        _?sys_get_KNEvent
  D:006AH         PUBLIC        sys_EXTADCEvent
  D:00B0H         PUBLIC        P3
  D:00C0H         PUBLIC        P4
  D:00C8H         PUBLIC        P5
  D:00E8H         PUBLIC        P6
  D:00F8H         PUBLIC        P7
  B:00A8H.5       PUBLIC        EADC
  D:00A8H         PUBLIC        IE
  D:00BDH         PUBLIC        ADC_RES
  D:00B8H         PUBLIC        IP
  D:0097H         PUBLIC        CLK_DIV
  C:3828H         PUBLIC        _AdcInit
  D:00D8H         PUBLIC        CCON
  C:3DE2H         PUBLIC        _?sys_get_EXTADCEvent
  X:00E8H         PUBLIC        AD_res
  D:00BCH         PUBLIC        ADC_CONTR
  D:0098H         PUBLIC        SCON
  D:0088H         PUBLIC        TCON
  C:18A0H         PUBLIC        _?sys_ADC_drv
  B:0021H.7       PUBLIC        flag_ADC
BL51 BANKED LINKER/LOCATER V6.22.4.0                                                  09/17/2025  20:09:02  PAGE 12


  X:00F2H         PUBLIC        sys_KN
  D:009DH         PUBLIC        P1ASF
  D:006BH         PUBLIC        sys_KNEvent
  D:00BEH         PUBLIC        ADC_RESL
  C:0003H         PUBLIC        GetADC
  C:34FDH         PUBLIC        _GetAdcNavAct
  C:3E7DH         PUBLIC        ADC_isr
  D:00D0H         PUBLIC        PSW
  -------         PROC          ADC_ISR
  C:3E7DH         LINE#         26
  C:3E7DH         LINE#         27
  C:3E80H         LINE#         28
  C:3E82H         LINE#         29
  -------         ENDPROC       ADC_ISR
  -------         PROC          _?SYS_ADC_DRV
  -------         DO            
  X:00E6H         SYMBOL        pc
  X:00E7H         SYMBOL        counter
  i:0000H         SYMBOL        i
  C:3E42H         SYMBOL        ADC_ch
  -------         ENDDO         
  C:18A0H         LINE#         31
  C:18A2H         LINE#         35
  C:18A8H         LINE#         36
  C:18AAH         LINE#         37
  C:18D8H         LINE#         38
  C:18D8H         LINE#         39
  C:18D8H         LINE#         40
  C:18E8H         LINE#         41
  C:18EAH         LINE#         42
  C:18EAH         LINE#         43
  C:18EAH         LINE#         44
  C:18FEH         LINE#         45
  C:1901H         LINE#         46
  C:1904H         LINE#         47
  C:1914H         LINE#         48
  C:1916H         LINE#         49
  C:192AH         LINE#         50
  C:192DH         LINE#         51
  C:1941H         LINE#         52
  C:1954H         LINE#         53
  C:196CH         LINE#         54
  C:1977H         LINE#         55
  C:197AH         LINE#         56
  C:198AH         LINE#         57
  C:199EH         LINE#         58
  C:19B3H         LINE#         59
  C:19C4H         LINE#         60
  C:19C6H         LINE#         61
  C:19C6H         LINE#         62
  C:19C8H         LINE#         64
  C:19DFH         LINE#         65
  C:19F0H         LINE#         66
  C:19F3H         LINE#         67
  C:19F3H         LINE#         68
  C:19F3H         LINE#         69
  C:1A16H         LINE#         70
BL51 BANKED LINKER/LOCATER V6.22.4.0                                                  09/17/2025  20:09:02  PAGE 13


  C:1A27H         LINE#         71
  C:1A2BH         LINE#         72
  C:1A2BH         LINE#         73
  C:1A2BH         LINE#         74
  C:1A31H         LINE#         75
  C:1A31H         LINE#         76
  C:1A31H         LINE#         77
  C:1A3DH         LINE#         78
  C:1A49H         LINE#         79
  C:1A49H         LINE#         80
  -------         ENDPROC       _?SYS_ADC_DRV
  -------         PROC          _?SYS_GET_KNEVENT
  -------         DO            
  i:0000H         SYMBOL        a
  -------         ENDDO         
  C:3DD4H         LINE#         82
  C:3DD6H         LINE#         84
  C:3DDAH         LINE#         85
  C:3DDDH         LINE#         86
  C:3DDFH         LINE#         87
  -------         ENDPROC       _?SYS_GET_KNEVENT
  -------         PROC          _?SYS_GET_EXTADCEVENT
  -------         DO            
  i:0000H         SYMBOL        a
  -------         ENDDO         
  C:3DE2H         LINE#         89
  C:3DE4H         LINE#         91
  C:3DE8H         LINE#         92
  C:3DEBH         LINE#         93
  C:3DEDH         LINE#         94
  -------         ENDPROC       _?SYS_GET_EXTADCEVENT
  -------         PROC          _ADCINIT
  D:0007H         SYMBOL        ADCsel
  C:3828H         LINE#         96
  C:3828H         LINE#         97
  C:3828H         LINE#         98
  C:382AH         LINE#         99
  C:382DH         LINE#         100
  C:3830H         LINE#         101
  C:3832H         LINE#         102
  C:3840H         LINE#         103
  C:384CH         LINE#         104
  C:3858H         LINE#         105
  -------         ENDPROC       _ADCINIT
  -------         PROC          GETADC
  C:0003H         LINE#         107
  C:0003H         LINE#         108
  C:0009H         LINE#         109
  -------         ENDPROC       GETADC
  -------         PROC          _GETADCNAVACT
  D:0007H         SYMBOL        Nav_button
  -------         DO            
  D:0006H         SYMBOL        a
  -------         ENDDO         
  C:34FDH         LINE#         111
  C:34FDH         LINE#         112
  C:34FDH         LINE#         113
BL51 BANKED LINKER/LOCATER V6.22.4.0                                                  09/17/2025  20:09:02  PAGE 14


  C:350DH         LINE#         114
  C:3528H         LINE#         115
  C:353DH         LINE#         116
  C:3540H         LINE#         117
  C:3540H         LINE#         118
  C:3542H         LINE#         119
  -------         ENDPROC       _GETADCNAVACT
  -------         ENDMOD        ADC

  -------         MODULE        BEEP
  C:0000H         SYMBOL        _ICE_DUMMY_
  D:0080H         PUBLIC        P0
  D:00B2H         PUBLIC        P3M0
  D:0090H         PUBLIC        P1
  D:00B1H         PUBLIC        P3M1
  D:00A0H         PUBLIC        P2
  D:00B0H         PUBLIC        P3
  D:00C0H         PUBLIC        P4
  D:00C8H         PUBLIC        P5
  D:00E8H         PUBLIC        P6
  D:00F8H         PUBLIC        P7
  D:00F9H         PUBLIC        CH
  C:39C1H         PUBLIC        _?sys_beep_drv
  D:00A8H         PUBLIC        IE
  D:00E9H         PUBLIC        CL
  C:3B18H         PUBLIC        BeepInit
  B:00D8H.6       PUBLIC        CR
  D:00DAH         PUBLIC        CCAPM0
  D:00B8H         PUBLIC        IP
  D:00D9H         PUBLIC        CMOD
  D:00D8H         PUBLIC        CCON
  C:3DFEH         PUBLIC        GetBeepStatus
  C:2E94H         PUBLIC        _SetBeep
  D:0098H         PUBLIC        SCON
  D:0088H         PUBLIC        TCON
  D:00D0H         PUBLIC        PSW
  B:00D8H.0       PUBLIC        CCF0
  -------         PROC          _?SYS_BEEP_DRV
  -------         DO            
  i:0000H         SYMBOL        a
  -------         ENDDO         
  C:39C1H         LINE#         11
  C:39C5H         LINE#         13
  C:39CFH         LINE#         14
  C:39E4H         LINE#         15
  -------         ENDPROC       _?SYS_BEEP_DRV
  -------         PROC          BEEPINIT
  C:3B18H         LINE#         17
  C:3B18H         LINE#         18
  C:3B18H         LINE#         19
  C:3B1BH         LINE#         20
  C:3B1EH         LINE#         21
  C:3B21H         LINE#         22
  C:3B24H         LINE#         23
  C:3B27H         LINE#         24
  C:3B29H         LINE#         25
  C:3B37H         LINE#         26
BL51 BANKED LINKER/LOCATER V6.22.4.0                                                  09/17/2025  20:09:02  PAGE 15


  -------         ENDPROC       BEEPINIT
  -------         PROC          _SETBEEP
  D:001CH         SYMBOL        Beep_freq
  D:001EH         SYMBOL        Beep_time
  -------         DO            
  D:0002H         SYMBOL        a
  D:0004H         SYMBOL        b
  -------         ENDDO         
  C:2E94H         LINE#         28
  C:2E9CH         LINE#         29
  C:2E9CH         LINE#         31
  C:2EA3H         LINE#         32
  C:2EAAH         LINE#         33
  C:2EB5H         LINE#         34
  C:2EDEH         LINE#         35
  C:2EF2H         LINE#         36
  C:2EF9H         LINE#         37
  C:2EFBH         LINE#         38
  C:2EFEH         LINE#         39
  C:2F00H         LINE#         41
  C:2F03H         LINE#         42
  C:2F06H         LINE#         43
  C:2F06H         LINE#         44
  C:2F09H         LINE#         45
  C:2F09H         LINE#         46
  C:2F0BH         LINE#         47
  -------         ENDPROC       _SETBEEP
  -------         PROC          GETBEEPSTATUS
  C:3DFEH         LINE#         49
  C:3DFEH         LINE#         50
  C:3E07H         LINE#         51
  C:3E09H         LINE#         52
  -------         ENDPROC       GETBEEPSTATUS
  -------         ENDMOD        BEEP

  -------         MODULE        DISPLAYER
  C:0000H         SYMBOL        _ICE_DUMMY_
  D:0093H         PUBLIC        P0M1
  D:0096H         PUBLIC        P2M0
  D:0080H         PUBLIC        P0
  D:0095H         PUBLIC        P2M1
  D:0090H         PUBLIC        P1
  D:00A0H         PUBLIC        P2
  D:00B0H         PUBLIC        P3
  D:00C0H         PUBLIC        P4
  D:00C8H         PUBLIC        P5
  D:00E8H         PUBLIC        P6
  D:00F8H         PUBLIC        P7
  D:00A8H         PUBLIC        IE
  D:00B8H         PUBLIC        IP
  D:00D8H         PUBLIC        CCON
  C:3E83H         PUBLIC        _LedPrint
  B:00A0H.0       PUBLIC        P20
  B:00A0H.1       PUBLIC        P21
  D:0098H         PUBLIC        SCON
  B:00A0H.2       PUBLIC        P22
  D:0088H         PUBLIC        TCON
BL51 BANKED LINKER/LOCATER V6.22.4.0                                                  09/17/2025  20:09:02  PAGE 16


  B:00A0H.3       PUBLIC        P23
  C:3C07H         PUBLIC        DisplayerInit
  X:0164H         PUBLIC        sys_Disp
  C:3E4BH         PUBLIC        _SetDisplayerArea
  C:3B38H         PUBLIC        _Seg7Print
  C:227AH         PUBLIC        _?sys_display_drv
  D:00D0H         PUBLIC        PSW
  D:0094H         PUBLIC        P0M0
  -------         PROC          _?SYS_DISPLAY_DRV
  C:227AH         LINE#         16
  C:227AH         LINE#         18
  C:227DH         LINE#         19
  C:22A6H         LINE#         20
  C:22ACH         LINE#         21
  C:22B2H         LINE#         22
  C:22B8H         LINE#         23
  C:22BEH         LINE#         24
  C:22C8H         LINE#         25
  C:22D2H         LINE#         26
  C:22DCH         LINE#         27
  C:22E6H         LINE#         28
  C:22E8H         LINE#         29
  C:22E8H         LINE#         30
  C:22F0H         LINE#         31
  C:2319H         LINE#         33
  C:2334H         LINE#         34
  C:2337H         LINE#         35
  C:2337H         LINE#         36
  C:234EH         LINE#         37
  C:235AH         LINE#         39
  C:2362H         LINE#         40
  -------         ENDPROC       _?SYS_DISPLAY_DRV
  -------         PROC          DISPLAYERINIT
  C:3C07H         LINE#         42
  C:3C07H         LINE#         43
  C:3C07H         LINE#         44
  C:3C0AH         LINE#         45
  C:3C0DH         LINE#         46
  C:3C10H         LINE#         47
  C:3C13H         LINE#         48
  C:3C21H         LINE#         49
  -------         ENDPROC       DISPLAYERINIT
  -------         PROC          _SETDISPLAYERAREA
  D:0007H         SYMBOL        Begin_of_scan
  D:0005H         SYMBOL        Ending_of_Scan
  C:3E4BH         LINE#         51
  C:3E4BH         LINE#         52
  C:3E50H         LINE#         53
  C:3E53H         LINE#         54
  -------         ENDPROC       _SETDISPLAYERAREA
  -------         PROC          _SEG7PRINT
  D:0007H         SYMBOL        d0
  D:0005H         SYMBOL        d1
  D:0003H         SYMBOL        d2
  D:000BH         SYMBOL        d3
  D:000CH         SYMBOL        d4
  D:000DH         SYMBOL        d5
BL51 BANKED LINKER/LOCATER V6.22.4.0                                                  09/17/2025  20:09:02  PAGE 17


  D:000EH         SYMBOL        d6
  D:000FH         SYMBOL        d7
  C:3B38H         LINE#         56
  C:3B38H         LINE#         57
  C:3B3DH         LINE#         58
  C:3B40H         LINE#         59
  C:3B43H         LINE#         60
  C:3B47H         LINE#         61
  C:3B4BH         LINE#         62
  C:3B4FH         LINE#         63
  C:3B53H         LINE#         64
  C:3B57H         LINE#         65
  -------         ENDPROC       _SEG7PRINT
  -------         PROC          _LEDPRINT
  D:0007H         SYMBOL        led_val
  C:3E83H         LINE#         67
  C:3E83H         LINE#         68
  C:3E88H         LINE#         69
  -------         ENDPROC       _LEDPRINT
  -------         ENDMOD        DISPLAYER

  -------         MODULE        KEY
  C:0000H         SYMBOL        _ICE_DUMMY_
  D:0080H         PUBLIC        P0
  D:0090H         PUBLIC        P1
  D:00A0H         PUBLIC        P2
  D:00B0H         PUBLIC        P3
  D:00C0H         PUBLIC        P4
  D:00C8H         PUBLIC        P5
  D:00E8H         PUBLIC        P6
  D:00F8H         PUBLIC        P7
  D:00A8H         PUBLIC        IE
  D:0070H         PUBLIC        sys_keyEvent
  D:00B8H         PUBLIC        IP
  D:00D8H         PUBLIC        CCON
  C:3DF0H         PUBLIC        _?sys_get_keyEvent
  D:0098H         PUBLIC        SCON
  D:0088H         PUBLIC        TCON
  C:1E4EH         PUBLIC        _?sys_key_drv
  C:3B96H         PUBLIC        KeyInit
  B:00B0H.2       PUBLIC        IO_Key1
  B:00B0H.3       PUBLIC        IO_Key2
  B:0090H.7       PUBLIC        IO_Key3
  C:3652H         PUBLIC        _GetKeyAct
  X:0188H         PUBLIC        sys_Key
  D:00D0H         PUBLIC        PSW
  -------         PROC          _?SYS_KEY_DRV
  -------         DO            
  i:0000H         SYMBOL        i
  X:0187H         SYMBOL        counter
  -------         ENDDO         
  C:1E4EH         LINE#         28
  C:1E50H         LINE#         31
  C:1E59H         LINE#         32
  C:1E62H         LINE#         33
  C:1E6BH         LINE#         34
  C:1E76H         LINE#         35
BL51 BANKED LINKER/LOCATER V6.22.4.0                                                  09/17/2025  20:09:02  PAGE 18


  C:1E79H         LINE#         36
  C:1E8BH         LINE#         37
  C:1EA9H         LINE#         38
  C:1EC2H         LINE#         39
  C:1EDEH         LINE#         40
  C:1EE0H         LINE#         41
  C:1EE0H         LINE#         42
  C:1EE2H         LINE#         44
  C:1F03H         LINE#         45
  C:1F19H         LINE#         46
  C:1F1CH         LINE#         47
  C:1F1CH         LINE#         48
  C:1F1CH         LINE#         49
  C:1F4FH         LINE#         50
  C:1F6AH         LINE#         51
  C:1F6EH         LINE#         52
  C:1F6EH         LINE#         53
  -------         ENDPROC       _?SYS_KEY_DRV
  -------         PROC          _?SYS_GET_KEYEVENT
  -------         DO            
  i:0000H         SYMBOL        a
  -------         ENDDO         
  C:3DF0H         LINE#         55
  C:3DF2H         LINE#         57
  C:3DF6H         LINE#         58
  C:3DF9H         LINE#         59
  C:3DFBH         LINE#         60
  -------         ENDPROC       _?SYS_GET_KEYEVENT
  -------         PROC          KEYINIT
  C:3B96H         LINE#         62
  C:3B96H         LINE#         63
  C:3B96H         LINE#         64
  C:3BA4H         LINE#         65
  C:3BB2H         LINE#         66
  -------         ENDPROC       KEYINIT
  -------         PROC          _GETKEYACT
  D:0007H         SYMBOL        Key
  -------         DO            
  D:0006H         SYMBOL        a
  -------         ENDDO         
  C:3652H         LINE#         68
  C:3652H         LINE#         69
  C:3652H         LINE#         70
  C:365CH         LINE#         71
  C:3677H         LINE#         72
  C:368CH         LINE#         73
  C:368FH         LINE#         74
  C:368FH         LINE#         75
  C:3691H         LINE#         76
  -------         ENDPROC       _GETKEYACT
  -------         ENDMOD        KEY

  -------         MODULE        SYS
  C:0000H         SYMBOL        _ICE_DUMMY_
  X:0000H         PUBLIC        count_1mS
  B:00D8H.2       PUBLIC        CCF2
  D:0080H         PUBLIC        P0
BL51 BANKED LINKER/LOCATER V6.22.4.0                                                  09/17/2025  20:09:02  PAGE 19


  B:0020H.1       PUBLIC        flag_1S
  D:0090H         PUBLIC        P1
  D:00A0H         PUBLIC        P2
  D:00B0H         PUBLIC        P3
  D:00C0H         PUBLIC        P4
  X:0001H         PUBLIC        T1
  D:00C8H         PUBLIC        P5
  X:0003H         PUBLIC        T2
  B:00A8H.7       PUBLIC        EA
  D:00E8H         PUBLIC        P6
  D:00F8H         PUBLIC        P7
  D:0024H         PUBLIC        IrDatNum
  B:00D8H.7       PUBLIC        CF
  B:0020H.2       PUBLIC        Ir_Coder
  B:0020H.3       PUBLIC        Ir_RxBusy
  D:00A8H         PUBLIC        IE
  B:0020H.4       PUBLIC        Ir_TxBusy
  X:0005H         PUBLIC        userfunccall
  D:00FAH         PUBLIC        CCAP0H
  D:00FBH         PUBLIC        CCAP1H
  C:2C89H         PUBLIC        sys_task_Ir
  D:0025H         PUBLIC        IrCount_j
  D:0026H         PUBLIC        IrRx_count
  D:0027H         PUBLIC        IrProtocol
  D:00EAH         PUBLIC        CCAP0L
  D:0028H         PUBLIC        IrTx_count
  D:00EBH         PUBLIC        CCAP1L
  D:00DAH         PUBLIC        CCAPM0
  D:00DBH         PUBLIC        CCAPM1
  D:0029H         PUBLIC        MainLoops
  D:00B8H         PUBLIC        IP
  B:00D0H.7       PUBLIC        CY
  B:0020H.5       PUBLIC        flag_10mS
  D:00D8H         PUBLIC        CCON
  C:3E54H         PUBLIC        GetBeepTimer
  C:337EH         PUBLIC        sys_Timer0_isr
  C:2E17H         PUBLIC        _SetEventCallBack
  C:3E89H         PUBLIC        MySTC_Init
  C:3692H         PUBLIC        sys_task_100mS
  D:002DH         PUBLIC        ModBus_interval_time
  C:003EH         PUBLIC        _?ret0func
  C:332BH         PUBLIC        GetUltraSonic
  X:0029H         PUBLIC        count_10mS
  X:002AH         PUBLIC        stcDrivers
  C:3E5DH         PUBLIC        _SetBeepTimer
  B:0020H.6       PUBLIC        flag_IrRxFinished
  D:0098H         PUBLIC        SCON
  C:3D38H         PUBLIC        _SetCCP0
  C:36D1H         PUBLIC        MySTC_OS
  D:0089H         PUBLIC        TMOD
  D:0088H         PUBLIC        TCON
  B:0020H.7       PUBLIC        flag_Ir
  B:00B0H.5       PUBLIC        P35
  D:002EH         PUBLIC        IrRxNum
  X:0060H         PUBLIC        SysPerformance
  D:008EH         PUBLIC        AUXR
  C:270DH         PUBLIC        sys_CCP_isr
BL51 BANKED LINKER/LOCATER V6.22.4.0                                                  09/17/2025  20:09:02  PAGE 20


  C:218DH         PUBLIC        sys_task_1mS
  B:00A8H.1       PUBLIC        ET0
  C:3E9BH         PUBLIC        ClrBeepPin
  D:008CH         PUBLIC        TH0
  B:0021H.0       PUBLIC        flag_100mS
  X:0065H         PUBLIC        distance
  D:008AH         PUBLIC        TL0
  D:002FH         PUBLIC        PollingMisses
  X:0067H         PUBLIC        sys_BP
  B:0088H.4       PUBLIC        TR0
  C:3918H         PUBLIC        sys_task_1S
  C:3E6FH         PUBLIC        GetSysPerformance
  B:0021H.1       PUBLIC        matchModBus
  X:006DH         PUBLIC        count_100mS
  B:0021H.2       PUBLIC        Ir_BitBusy
  D:0030H         PUBLIC        IrDat_count
  D:0031H         PUBLIC        IrMute_count
  B:0021H.3       PUBLIC        newFrame1
  C:34B6H         PUBLIC        sys_Timer0_Init
  B:0021H.4       PUBLIC        newFrame2
  D:0032H         PUBLIC        IrDataPc
  C:000AH         PUBLIC        _?nullfunc
  B:0021H.5       PUBLIC        flag_1mS
  B:0021H.6       PUBLIC        newUS
  D:008FH         PUBLIC        INT_CLKO
  C:2ADAH         PUBLIC        sys_task_10mS
  D:00D0H         PUBLIC        PSW
  B:00D8H.0       PUBLIC        CCF0
  B:00B0H.4       PUBLIC        Beep
  B:00D8H.1       PUBLIC        CCF1
  -------         PROC          _?NULLFUNC
  C:000AH         LINE#         13
  -------         ENDPROC       _?NULLFUNC
  -------         PROC          _?RET0FUNC
  C:003EH         LINE#         14
  -------         ENDPROC       _?RET0FUNC
  -------         PROC          SYS_TIMER0_INIT
  C:34B6H         LINE#         96
  C:34B6H         LINE#         97
  C:34B9H         LINE#         98
  C:34BCH         LINE#         99
  C:34D2H         LINE#         100
  C:34F8H         LINE#         101
  C:34FAH         LINE#         102
  C:34FCH         LINE#         103
  -------         ENDPROC       SYS_TIMER0_INIT
  -------         PROC          SYS_TIMER0_ISR
  -------         DO            
  D:0023H         SYMBOL        i
  -------         ENDDO         
  C:337EH         LINE#         105
  C:3382H         LINE#         107
  C:3385H         LINE#         108
  C:3388H         LINE#         109
  C:338DH         LINE#         110
  C:338FH         LINE#         111
  C:338FH         LINE#         112
BL51 BANKED LINKER/LOCATER V6.22.4.0                                                  09/17/2025  20:09:02  PAGE 21


  C:3395H         LINE#         113
  C:339BH         LINE#         114
  C:339EH         LINE#         115
  C:33A0H         LINE#         116
  C:33A3H         LINE#         117
  C:33A7H         LINE#         118
  C:33A9H         LINE#         119
  C:33ACH         LINE#         120
  C:33AEH         LINE#         122
  C:33B1H         LINE#         123
  C:33B3H         LINE#         124
  C:33B8H         LINE#         125
  C:33B8H         LINE#         126
  C:33BAH         LINE#         128
  C:33C3H         LINE#         129
  C:33C5H         LINE#         130
  C:33CBH         LINE#         131
  C:33CBH         LINE#         132
  C:33CBH         LINE#         133
  C:33CBH         LINE#         134
  -------         ENDPROC       SYS_TIMER0_ISR
  -------         PROC          GETULTRASONIC
  -------         DO            
  D:006CH         SYMBOL        a
  -------         ENDDO         
  C:332BH         LINE#         138
  C:332BH         LINE#         139
  C:332BH         LINE#         140
  C:332EH         LINE#         141
  C:3330H         LINE#         142
  C:333FH         LINE#         143
  C:3375H         LINE#         144
  C:3375H         LINE#         145
  C:337DH         LINE#         146
  -------         ENDPROC       GETULTRASONIC
  -------         PROC          GETBEEPTIMER
  C:3E54H         LINE#         148
  C:3E54H         LINE#         149
  C:3E5CH         LINE#         150
  -------         ENDPROC       GETBEEPTIMER
  -------         PROC          _SETBEEPTIMER
  D:0006H         SYMBOL        a
  C:3E5DH         LINE#         152
  C:3E5DH         LINE#         153
  C:3E65H         LINE#         154
  -------         ENDPROC       _SETBEEPTIMER
  -------         PROC          _SETCCP0
  D:0006H         SYMBOL        step
  D:0004H         SYMBOL        next
  C:3D38H         LINE#         156
  C:3D38H         LINE#         157
  C:3D40H         LINE#         158
  C:3D48H         LINE#         159
  -------         ENDPROC       _SETCCP0
  -------         PROC          CLRBEEPPIN
  C:3E9BH         LINE#         161
  C:3E9BH         LINE#         162
BL51 BANKED LINKER/LOCATER V6.22.4.0                                                  09/17/2025  20:09:02  PAGE 22


  C:3E9DH         LINE#         163
  -------         ENDPROC       CLRBEEPPIN
  -------         PROC          SYS_CCP_ISR
  -------         DO            
  B:0020H.0       SYMBOL        a
  -------         ENDDO         
  C:270DH         LINE#         165
  C:2720H         LINE#         167
  C:2727H         LINE#         168
  C:272EH         LINE#         169
  C:2731H         LINE#         170
  C:2733H         LINE#         171
  C:2743H         LINE#         172
  C:274AH         LINE#         173
  C:274DH         LINE#         174
  C:274FH         LINE#         175
  C:2751H         LINE#         177
  C:2765H         LINE#         178
  C:2768H         LINE#         179
  C:276AH         LINE#         180
  C:276CH         LINE#         181
  C:276EH         LINE#         183
  C:276EH         LINE#         184
  C:2771H         LINE#         185
  C:2773H         LINE#         186
  C:277DH         LINE#         187
  C:277FH         LINE#         188
  C:2788H         LINE#         189
  C:278BH         LINE#         190
  C:279DH         LINE#         191
  C:279FH         LINE#         193
  C:27A1H         LINE#         194
  C:27A4H         LINE#         195
  C:27A4H         LINE#         196
  C:27A4H         LINE#         197
  -------         ENDPROC       SYS_CCP_ISR
  -------         PROC          MYSTC_INIT
  C:3E89H         LINE#         199
  C:3E89H         LINE#         200
  C:3E8CH         LINE#         201
  C:3E8EH         LINE#         202
  -------         ENDPROC       MYSTC_INIT
  -------         PROC          SYS_TASK_IR
  -------         DO            
  D:0007H         SYMBOL        a
  -------         ENDDO         
  C:2C89H         LINE#         204
  C:2C89H         LINE#         205
  C:2C89H         LINE#         206
  C:2C9FH         LINE#         207
  C:2CA6H         LINE#         208
  C:2CA9H         LINE#         209
  C:2CACH         LINE#         210
  C:2CC2H         LINE#         211
  C:2CD2H         LINE#         212
  C:2CDAH         LINE#         213
  C:2CDDH         LINE#         214
BL51 BANKED LINKER/LOCATER V6.22.4.0                                                  09/17/2025  20:09:02  PAGE 23


  C:2CDFH         LINE#         216
  C:2CF5H         LINE#         217
  C:2D09H         LINE#         218
  C:2D09H         LINE#         219
  C:2D0BH         LINE#         220
  C:2D0EH         LINE#         222
  C:2D0EH         LINE#         224
  C:2D10H         LINE#         225
  C:2D13H         LINE#         226
  C:2D13H         LINE#         227
  -------         ENDPROC       SYS_TASK_IR
  -------         PROC          SYS_TASK_1MS
  C:218DH         LINE#         229
  C:218DH         LINE#         230
  C:2195H         LINE#         231
  C:2198H         LINE#         232
  C:219AH         LINE#         233
  C:21A2H         LINE#         234
  C:21A5H         LINE#         235
  C:21A7H         LINE#         236
  C:21AFH         LINE#         237
  C:21B2H         LINE#         238
  C:21B4H         LINE#         239
  C:21B4H         LINE#         240
  C:21B4H         LINE#         241
  C:21B4H         LINE#         242
  C:21C0H         LINE#         243
  C:21CCH         LINE#         244
  C:21D8H         LINE#         245
  C:21E4H         LINE#         246
  C:21F0H         LINE#         247
  C:21FCH         LINE#         248
  C:2217H         LINE#         249
  C:2226H         LINE#         250
  C:2232H         LINE#         251
  C:2234H         LINE#         252
  C:2234H         LINE#         253
  C:223BH         LINE#         254
  C:223EH         LINE#         255
  C:224DH         LINE#         256
  C:224FH         LINE#         257
  C:224FH         LINE#         258
  C:2251H         LINE#         260
  C:2260H         LINE#         261
  C:226CH         LINE#         262
  C:226EH         LINE#         263
  C:226EH         LINE#         264
  C:226EH         LINE#         265
  -------         ENDPROC       SYS_TASK_1MS
  -------         PROC          SYS_TASK_10MS
  C:2ADAH         LINE#         268
  C:2ADAH         LINE#         269
  C:2AE6H         LINE#         270
  C:2AF2H         LINE#         271
  C:2AFEH         LINE#         272
  C:2B0AH         LINE#         273
  C:2B25H         LINE#         274
BL51 BANKED LINKER/LOCATER V6.22.4.0                                                  09/17/2025  20:09:02  PAGE 24


  C:2B40H         LINE#         275
  C:2B5BH         LINE#         276
  C:2B5EH         LINE#         277
  C:2B60H         LINE#         278
  C:2B6CH         LINE#         279
  C:2B6CH         LINE#         280
  -------         ENDPROC       SYS_TASK_10MS
  -------         PROC          SYS_TASK_100MS
  C:3692H         LINE#         282
  C:3692H         LINE#         283
  C:369EH         LINE#         284
  C:36B9H         LINE#         285
  C:36C5H         LINE#         286
  -------         ENDPROC       SYS_TASK_100MS
  -------         PROC          SYS_TASK_1S
  C:3918H         LINE#         289
  C:3918H         LINE#         290
  C:3926H         LINE#         291
  C:392CH         LINE#         292
  C:3935H         LINE#         293
  C:3937H         LINE#         294
  -------         ENDPROC       SYS_TASK_1S
  -------         PROC          MYSTC_OS
  C:36D1H         LINE#         297
  C:36D1H         LINE#         298
  C:36D9H         LINE#         299
  C:36E1H         LINE#         300
  C:36E9H         LINE#         301
  C:36F1H         LINE#         302
  C:36F9H         LINE#         303
  C:370EH         LINE#         306
  -------         ENDPROC       MYSTC_OS
  -------         PROC          _SETEVENTCALLBACK
  D:0007H         SYMBOL        event
  D:0008H         SYMBOL        user_callback
  C:2E17H         LINE#         308
  C:2E1DH         LINE#         309
  C:2E4EH         LINE#         310
  C:2E51H         LINE#         311
  C:2E53H         LINE#         312
  C:2E56H         LINE#         313
  C:2E58H         LINE#         314
  C:2E5BH         LINE#         315
  C:2E5DH         LINE#         316
  C:2E60H         LINE#         317
  C:2E62H         LINE#         318
  C:2E65H         LINE#         319
  C:2E67H         LINE#         320
  C:2E6AH         LINE#         321
  C:2E6CH         LINE#         322
  C:2E6FH         LINE#         323
  C:2E71H         LINE#         324
  C:2E74H         LINE#         325
  C:2E76H         LINE#         326
  C:2E79H         LINE#         327
  C:2E7BH         LINE#         328
  C:2E7EH         LINE#         329
BL51 BANKED LINKER/LOCATER V6.22.4.0                                                  09/17/2025  20:09:02  PAGE 25


  C:2E80H         LINE#         330
  C:2E83H         LINE#         331
  C:2E85H         LINE#         332
  C:2E93H         LINE#         333
  C:2E93H         LINE#         334
  C:2E93H         LINE#         335
  C:2E93H         LINE#         336
  -------         ENDPROC       _SETEVENTCALLBACK
  -------         PROC          GETSYSPERFORMANCE
  C:3E6FH         LINE#         338
  C:3E6FH         LINE#         339
  C:3E75H         LINE#         340
  -------         ENDPROC       GETSYSPERFORMANCE
  -------         ENDMOD        SYS

  -------         MODULE        UART2
  C:0000H         SYMBOL        _ICE_DUMMY_
  D:006EH         PUBLIC        ModBus_Interval_Min
  D:0080H         PUBLIC        P0
  C:16CEH         PUBLIC        Uart2_isr
  D:0090H         PUBLIC        P1
  D:00A0H         PUBLIC        P2
  D:00B0H         PUBLIC        P3
  D:00C0H         PUBLIC        P4
  D:00C8H         PUBLIC        P5
  D:00E8H         PUBLIC        P6
  D:00F8H         PUBLIC        P7
  D:00BAH         PUBLIC        P_SW2
  D:00A8H         PUBLIC        IE
  D:00DBH         PUBLIC        CCAPM1
  D:00B8H         PUBLIC        IP
  C:002AH         PUBLIC        _?nullfunc0
  D:00D8H         PUBLIC        CCON
  C:3859H         PUBLIC        _SetUart2Rxd
  B:0090H.0       PUBLIC        P10
  B:0090H.1       PUBLIC        P11
  D:0098H         PUBLIC        SCON
  D:0088H         PUBLIC        TCON
  D:00AFH         PUBLIC        IE2
  D:008EH         PUBLIC        AUXR
  C:3E16H         PUBLIC        GetUart2TxStatus
  D:00D6H         PUBLIC        T2H
  B:00B0H.7       PUBLIC        M485_TxEn
  D:00D7H         PUBLIC        T2L
  C:38BBH         PUBLIC        _Uart2Print
  D:009BH         PUBLIC        S2BUF
  D:009AH         PUBLIC        S2CON
  C:2500H         PUBLIC        _Uart2Init
  D:006FH         PUBLIC        Uart2usage
  C:3D89H         PUBLIC        _?sys_get_Uart2RxdEvent
  X:0104H         PUBLIC        com2
  D:00D0H         PUBLIC        PSW
  -------         PROC          UART2_ISR
  C:16CEH         LINE#         19
  C:16EBH         LINE#         20
  C:16F0H         LINE#         21
  C:16F3H         LINE#         22
BL51 BANKED LINKER/LOCATER V6.22.4.0                                                  09/17/2025  20:09:02  PAGE 26


  C:1727H         LINE#         24
  C:172CH         LINE#         25
  C:1732H         LINE#         26
  C:1732H         LINE#         27
  C:1732H         LINE#         29
  C:173AH         LINE#         30
  C:173DH         LINE#         31
  C:1740H         LINE#         32
  C:1742H         LINE#         33
  C:1749H         LINE#         34
  C:174BH         LINE#         35
  C:174BH         LINE#         36
  C:1754H         LINE#         37
  C:1768H         LINE#         38
  C:177CH         LINE#         39
  C:178BH         LINE#         40
  C:1799H         LINE#         41
  C:17CBH         LINE#         42
  C:17D9H         LINE#         43
  C:17D9H         LINE#         44
  C:17DCH         LINE#         45
  C:17DFH         LINE#         47
  C:17F3H         LINE#         48
  C:1807H         LINE#         49
  C:1816H         LINE#         50
  C:1824H         LINE#         51
  C:185CH         LINE#         52
  C:186AH         LINE#         53
  C:186AH         LINE#         54
  C:1885H         LINE#         55
  C:1885H         LINE#         56
  C:1885H         LINE#         57
  -------         ENDPROC       UART2_ISR
  -------         PROC          _?SYS_GET_UART2RXDEVENT
  -------         DO            
  i:0000H         SYMBOL        a
  -------         ENDDO         
  C:3D89H         LINE#         59
  C:3D8BH         LINE#         61
  C:3D93H         LINE#         62
  C:3D95H         LINE#         63
  C:3D95H         LINE#         64
  -------         ENDPROC       _?SYS_GET_UART2RXDEVENT
  -------         PROC          _?NULLFUNC0
  C:002AH         LINE#         66
  -------         ENDPROC       _?NULLFUNC0
  -------         PROC          _UART2INIT
  D:0008H         SYMBOL        band
  D:000CH         SYMBOL        Uart2mode
  C:2500H         LINE#         68
  C:2508H         LINE#         69
  C:2508H         LINE#         72
  C:250BH         LINE#         73
  C:2511H         LINE#         74
  C:2514H         LINE#         75
  C:2518H         LINE#         76
  C:2526H         LINE#         77
BL51 BANKED LINKER/LOCATER V6.22.4.0                                                  09/17/2025  20:09:02  PAGE 27


  C:2529H         LINE#         78
  C:252BH         LINE#         79
  C:252DH         LINE#         80
  C:252FH         LINE#         82
  C:2531H         LINE#         83
  C:2545H         LINE#         84
  C:254CH         LINE#         85
  C:254FH         LINE#         86
  C:254FH         LINE#         88
  C:2552H         LINE#         89
  C:2571H         LINE#         90
  C:25A0H         LINE#         91
  C:25A3H         LINE#         92
  C:25A6H         LINE#         93
  C:25B4H         LINE#         94
  -------         ENDPROC       _UART2INIT
  -------         PROC          _SETUART2RXD
  D:0001H         SYMBOL        RxdPt
  D:0004H         SYMBOL        Nmax
  D:000DH         SYMBOL        matchhead
  D:0010H         SYMBOL        matchheadsize
  C:3859H         LINE#         96
  C:3859H         LINE#         97
  C:3864H         LINE#         98
  C:386AH         LINE#         99
  C:3874H         LINE#         100
  C:3882H         LINE#         101
  C:3884H         LINE#         102
  C:3889H         LINE#         103
  -------         ENDPROC       _SETUART2RXD
  -------         PROC          _UART2PRINT
  D:0001H         SYMBOL        pt
  D:0004H         SYMBOL        num
  C:38BBH         LINE#         105
  C:38BBH         LINE#         106
  C:38C1H         LINE#         107
  C:38CCH         LINE#         108
  C:38D1H         LINE#         109
  C:38D7H         LINE#         110
  C:38DBH         LINE#         112
  C:38E1H         LINE#         113
  C:38E4H         LINE#         114
  C:38E7H         LINE#         115
  C:38E7H         LINE#         116
  C:38E9H         LINE#         117
  -------         ENDPROC       _UART2PRINT
  -------         PROC          GETUART2TXSTATUS
  C:3E16H         LINE#         119
  C:3E16H         LINE#         120
  C:3E1EH         LINE#         121
  C:3E20H         LINE#         122
  -------         ENDPROC       GETUART2TXSTATUS
  -------         ENDMOD        UART2

  -------         MODULE        TEMP_MODULE
  C:0000H         SYMBOL        _ICE_DUMMY_
  C:3170H         PUBLIC        UpdateTemp
BL51 BANKED LINKER/LOCATER V6.22.4.0                                                  09/17/2025  20:09:02  PAGE 28


  D:0080H         PUBLIC        P0
  D:0090H         PUBLIC        P1
  D:00A0H         PUBLIC        P2
  D:00B0H         PUBLIC        P3
  D:00C0H         PUBLIC        P4
  D:00C8H         PUBLIC        P5
  D:00E8H         PUBLIC        P6
  D:00F8H         PUBLIC        P7
  D:00A8H         PUBLIC        IE
  D:00B8H         PUBLIC        IP
  D:00D8H         PUBLIC        CCON
  D:0098H         PUBLIC        SCON
  D:0088H         PUBLIC        TCON
  X:0142H         PUBLIC        temperature
  C:2A46H         PUBLIC        ShowTemp
  X:0144H         PUBLIC        adc_temp
  C:14D2H         PUBLIC        tempdata
  X:014EH         PUBLIC        tempThresholds
  X:0152H         PUBLIC        rt
  D:00D0H         PUBLIC        PSW
  -------         PROC          UPDATETEMP
  C:3170H         LINE#         23
  C:3170H         LINE#         24
  C:3180H         LINE#         25
  C:318FH         LINE#         26
  C:31A6H         LINE#         27
  C:31C9H         LINE#         28
  -------         ENDPROC       UPDATETEMP
  -------         PROC          SHOWTEMP
  C:2A46H         LINE#         29
  C:2A46H         LINE#         30
  C:2A46H         LINE#         31
  C:2A56H         LINE#         32
  C:2A87H         LINE#         34
  C:2AD9H         LINE#         35
  -------         ENDPROC       SHOWTEMP
  -------         ENDMOD        TEMP_MODULE

  -------         MODULE        NAV_HANDLER
  C:0000H         SYMBOL        _ICE_DUMMY_
  D:0080H         PUBLIC        P0
  D:0090H         PUBLIC        P1
  D:00A0H         PUBLIC        P2
  X:01B2H         PUBLIC        displayMode
  D:00B0H         PUBLIC        P3
  D:00C0H         PUBLIC        P4
  D:00C8H         PUBLIC        P5
  D:00E8H         PUBLIC        P6
  D:00F8H         PUBLIC        P7
  D:00A8H         PUBLIC        IE
  D:00B8H         PUBLIC        IP
  D:00D8H         PUBLIC        CCON
  C:3B78H         PUBLIC        ShowStatus
  D:0098H         PUBLIC        SCON
  D:0088H         PUBLIC        TCON
  C:28FFH         PUBLIC        NavHandler
  D:00D0H         PUBLIC        PSW
BL51 BANKED LINKER/LOCATER V6.22.4.0                                                  09/17/2025  20:09:02  PAGE 29


  -------         PROC          NAVHANDLER
  -------         DO            
  X:00B2H         SYMBOL        navUp
  X:00B3H         SYMBOL        navDown
  X:00B4H         SYMBOL        navLeft
  X:00B5H         SYMBOL        navRight
  -------         ENDDO         
  C:28FFH         LINE#         6
  C:28FFH         LINE#         7
  C:28FFH         LINE#         8
  C:2909H         LINE#         9
  C:2913H         LINE#         10
  C:291DH         LINE#         11
  C:2927H         LINE#         13
  C:292EH         LINE#         14
  C:2934H         LINE#         15
  C:293EH         LINE#         16
  C:293EH         LINE#         17
  C:2945H         LINE#         18
  C:294BH         LINE#         19
  C:2956H         LINE#         20
  C:2956H         LINE#         21
  C:295DH         LINE#         22
  C:2964H         LINE#         23
  C:2966H         LINE#         24
  C:297CH         LINE#         25
  C:297CH         LINE#         26
  C:297CH         LINE#         29
  C:2983H         LINE#         30
  C:298AH         LINE#         31
  C:298CH         LINE#         32
  C:29A2H         LINE#         33
  C:29A2H         LINE#         34
  C:29A2H         LINE#         35
  -------         ENDPROC       NAVHANDLER
  -------         PROC          SHOWSTATUS
  C:3B78H         LINE#         37
  C:3B78H         LINE#         38
  C:3B78H         LINE#         39
  C:3B89H         LINE#         40
  C:3B8CH         LINE#         41
  C:3B8FH         LINE#         42
  C:3B92H         LINE#         43
  C:3B95H         LINE#         44
  C:3B95H         LINE#         45
  C:3B95H         LINE#         46
  -------         ENDPROC       SHOWSTATUS
  -------         ENDMOD        NAV_HANDLER

  -------         MODULE        TIME_MODULE
  C:0000H         SYMBOL        _ICE_DUMMY_
  D:0080H         PUBLIC        P0
  C:39E9H         PUBLIC        InitRTC
  D:0090H         PUBLIC        P1
  D:00A0H         PUBLIC        P2
  D:00B0H         PUBLIC        P3
  D:00C0H         PUBLIC        P4
BL51 BANKED LINKER/LOCATER V6.22.4.0                                                  09/17/2025  20:09:02  PAGE 30


  D:00C8H         PUBLIC        P5
  D:00E8H         PUBLIC        P6
  D:00F8H         PUBLIC        P7
  C:27B5H         PUBLIC        ResetTimer
  D:00A8H         PUBLIC        IE
  X:012EH         PUBLIC        rest_arrive_second
  D:00B8H         PUBLIC        IP
  C:29A3H         PUBLIC        onSpeedChange
  X:0130H         PUBLIC        rest_total_seconds
  D:00D8H         PUBLIC        CCON
  X:0132H         PUBLIC        rest_arrive_minute
  B:0022H.0       PUBLIC        mode
  C:3C22H         PUBLIC        ShowMode
  X:0134H         PUBLIC        remain_distance
  D:0098H         PUBLIC        SCON
  C:33D0H         PUBLIC        ShowTime
  X:0136H         PUBLIC        station_id
  D:0088H         PUBLIC        TCON
  X:0138H         PUBLIC        dist
  C:3421H         PUBLIC        tmp
  C:2F83H         PUBLIC        UpdateTime
  D:00D0H         PUBLIC        PSW
  -------         PROC          INITRTC
  C:39E9H         LINE#         10
  C:39E9H         LINE#         11
  C:39E9H         LINE#         12
  C:3A00H         LINE#         13
  C:3A02H         LINE#         14
  C:3A09H         LINE#         15
  C:3A10H         LINE#         16
  -------         ENDPROC       INITRTC
  -------         PROC          UPDATETIME
  C:2F83H         LINE#         18
  C:2F83H         LINE#         19
  C:2F83H         LINE#         20
  C:2F91H         LINE#         22
  C:2FA6H         LINE#         23
  C:2FB9H         LINE#         26
  C:2FCAH         LINE#         27
  C:2FCAH         LINE#         28
  C:2FCCH         LINE#         29
  C:2FCFH         LINE#         30
  C:2FD2H         LINE#         31
  C:2FD2H         LINE#         35
  C:2FEEH         LINE#         38
  C:2FEEH         LINE#         40
  C:2FEEH         LINE#         42
  -------         ENDPROC       UPDATETIME
  -------         PROC          RESETTIMER
  C:27B5H         LINE#         44
  C:27B5H         LINE#         45
  C:27B5H         LINE#         47
  C:27C9H         LINE#         48
  C:27C9H         LINE#         49
  C:27D5H         LINE#         50
  C:27F8H         LINE#         51
  C:2812H         LINE#         52
BL51 BANKED LINKER/LOCATER V6.22.4.0                                                  09/17/2025  20:09:02  PAGE 31


  C:2812H         LINE#         53
  C:2829H         LINE#         54
  C:2829H         LINE#         55
  C:282AH         LINE#         56
  C:283EH         LINE#         57
  C:283EH         LINE#         58
  C:2848H         LINE#         59
  C:284FH         LINE#         60
  C:2850H         LINE#         62
  C:2850H         LINE#         63
  C:2859H         LINE#         65
  C:2859H         LINE#         66
  -------         ENDPROC       RESETTIMER
  -------         PROC          SHOWTIME
  C:33D0H         LINE#         69
  C:33D0H         LINE#         70
  C:33D0H         LINE#         71
  -------         ENDPROC       SHOWTIME
  -------         PROC          SHOWMODE
  C:3C22H         LINE#         74
  C:3C22H         LINE#         75
  C:3C22H         LINE#         76
  -------         ENDPROC       SHOWMODE
  -------         PROC          ONSPEEDCHANGE
  C:29A3H         LINE#         79
  C:29A3H         LINE#         80
  C:29A3H         LINE#         81
  C:29BBH         LINE#         82
  C:29BBH         LINE#         83
  C:29D5H         LINE#         84
  C:29D5H         LINE#         86
  C:29E4H         LINE#         87
  C:29E4H         LINE#         88
  C:2A07H         LINE#         89
  C:2A09H         LINE#         91
  C:2A09H         LINE#         92
  C:2A10H         LINE#         93
  C:2A10H         LINE#         95
  C:2A3AH         LINE#         96
  C:2A3BH         LINE#         98
  C:2A3BH         LINE#         101
  C:2A45H         LINE#         102
  C:2A45H         LINE#         103
  C:2A45H         LINE#         104
  -------         ENDPROC       ONSPEEDCHANGE
  -------         ENDMOD        TIME_MODULE

  -------         MODULE        SPEED_MODULE
  C:0000H         SYMBOL        _ICE_DUMMY_
  D:0080H         PUBLIC        P0
  D:0090H         PUBLIC        P1
  D:00A0H         PUBLIC        P2
  D:00B0H         PUBLIC        P3
  D:00C0H         PUBLIC        P4
  D:00C8H         PUBLIC        P5
  D:00E8H         PUBLIC        P6
  D:00F8H         PUBLIC        P7
BL51 BANKED LINKER/LOCATER V6.22.4.0                                                  09/17/2025  20:09:02  PAGE 32


  D:00A8H         PUBLIC        IE
  X:01ACH         PUBLIC        speed
  C:346EH         PUBLIC        ShowSpeed
  D:00B8H         PUBLIC        IP
  D:00D8H         PUBLIC        CCON
  D:0098H         PUBLIC        SCON
  D:0088H         PUBLIC        TCON
  D:00D0H         PUBLIC        PSW
  -------         PROC          SHOWSPEED
  C:346EH         LINE#         5
  C:346EH         LINE#         6
  C:346EH         LINE#         7
  -------         ENDPROC       SHOWSPEED
  -------         ENDMOD        SPEED_MODULE

  -------         MODULE        VOICE_MODULE
  C:0000H         SYMBOL        _ICE_DUMMY_
  D:0080H         PUBLIC        P0
  D:0090H         PUBLIC        P1
  D:00A0H         PUBLIC        P2
  D:00B0H         PUBLIC        P3
  D:00C0H         PUBLIC        P4
  D:00C8H         PUBLIC        P5
  D:00E8H         PUBLIC        P6
  D:00F8H         PUBLIC        P7
  D:00A8H         PUBLIC        IE
  D:00B8H         PUBLIC        IP
  D:00D8H         PUBLIC        CCON
  C:2FEFH         PUBLIC        CheckCountdownEvent
  D:0098H         PUBLIC        SCON
  D:0088H         PUBLIC        TCON
  X:0170H         PUBLIC        Uart2RxBuf
  X:0171H         PUBLIC        voice_time_1
  C:0046H         PUBLIC        VOICE_STRING_1
  C:042EH         PUBLIC        VOICE_STRING_2
  C:0492H         PUBLIC        VOICE_STRING_3
  X:017BH         PUBLIC        Uart2Busy
  D:00D0H         PUBLIC        PSW
  C:3CC7H         PUBLIC        myUart2Rxd_callback
  -------         PROC          MYUART2RXD_CALLBACK
  C:3CC7H         LINE#         35
  C:3CC7H         LINE#         36
  C:3CC7H         LINE#         37
  C:3CCEH         LINE#         38
  C:3CD5H         LINE#         40
  C:3CDAH         LINE#         41
  -------         ENDPROC       MYUART2RXD_CALLBACK
  -------         PROC          CHECKCOUNTDOWNEVENT
  C:2FEFH         LINE#         44
  C:2FEFH         LINE#         45
  C:2FEFH         LINE#         47
  C:2FF7H         LINE#         51
  C:3023H         LINE#         52
  C:3023H         LINE#         54
  C:3038H         LINE#         55
  C:303AH         LINE#         56
  C:3049H         LINE#         57
[...]
  D:0007H         SYMBOL        i
  -------         ENDDO         
  C:3BCFH         LINE#         48
  C:3BCFH         LINE#         49
  C:3BD1H         LINE#         50
  C:3BD3H         LINE#         51
  C:3BDFH         LINE#         52
  C:3BE4H         LINE#         53
  C:3BE6H         LINE#         54
  -------         ENDPROC       IIC_RADIO_ACK
  -------         PROC          _IIC_RADIO_WRITEBYTE
  D:0005H         SYMBOL        Data
  -------         DO            
  D:0003H         SYMBOL        i
  -------         ENDDO         
  C:3A39H         LINE#         57
  C:3A3BH         LINE#         58
  C:3A3BH         LINE#         59
  C:3A3DH         LINE#         60
  C:3A3FH         LINE#         61
  C:3A44H         LINE#         62
  C:3A48H         LINE#         63
  C:3A4CH         LINE#         64
  C:3A4CH         LINE#         65
  C:3A4CH         LINE#         66
  C:3A4FH         LINE#         67
  C:3A53H         LINE#         68
  C:3A55H         LINE#         69
  C:3A5AH         LINE#         70
  C:3A5CH         LINE#         71
  -------         ENDPROC       _IIC_RADIO_WRITEBYTE
  -------         PROC          _?SYS_FMRADIO_DRV
BL51 BANKED LINKER/LOCATER V6.22.4.0                                                  09/17/2025  20:09:02  PAGE 53


  -------         DO            
  i:0000H         SYMBOL        i
  -------         ENDDO         
  C:3588H         LINE#         74
  C:358AH         LINE#         76
  C:3592H         LINE#         77
  C:3595H         LINE#         78
  C:359AH         LINE#         79
  C:359DH         LINE#         80
  C:35AAH         LINE#         81
  C:35B9H         LINE#         82
  C:35BCH         LINE#         83
  C:35C1H         LINE#         84
  C:35C4H         LINE#         85
  C:35C9H         LINE#         86
  C:35C9H         LINE#         87
  -------         ENDPROC       _?SYS_FMRADIO_DRV
  -------         PROC          GETFMRADIO
  -------         DO            
  D:0014H         SYMBOL        FM
  D:0007H         SYMBOL        chan
  -------         ENDDO         
  C:3114H         LINE#         89
  C:3114H         LINE#         90
  C:3114H         LINE#         92
  C:3125H         LINE#         93
  C:312EH         LINE#         94
  C:3136H         LINE#         95
  C:313DH         LINE#         96
  C:314BH         LINE#         97
  C:315AH         LINE#         98
  C:3169H         LINE#         99
  C:316FH         LINE#         100
  -------         ENDPROC       GETFMRADIO
  -------         PROC          SETFMRADIO
  D:000EH         SYMBOL        FM
  -------         DO            
  D:0005H         SYMBOL        a
  -------         ENDDO         
  C:244AH         LINE#         102
  C:244AH         LINE#         103
  C:244AH         LINE#         104
  C:2480H         LINE#         105
  C:2485H         LINE#         106
  C:248DH         LINE#         107
  C:249AH         LINE#         108
  C:24A0H         LINE#         109
  C:24A0H         LINE#         110
  C:24C8H         LINE#         111
  C:24D5H         LINE#         112
  C:24D9H         LINE#         113
  C:24D9H         LINE#         114
  C:24DBH         LINE#         115
  C:24E2H         LINE#         116
  C:24E9H         LINE#         117
  C:24F0H         LINE#         118
  C:24F7H         LINE#         119
BL51 BANKED LINKER/LOCATER V6.22.4.0                                                  09/17/2025  20:09:02  PAGE 54


  C:24F9H         LINE#         120
  C:24FFH         LINE#         121
  C:24FFH         LINE#         122
  -------         ENDPROC       SETFMRADIO
  -------         PROC          FMRADIOINIT
  D:0008H         SYMBOL        FM
  C:3A89H         LINE#         124
  C:3A89H         LINE#         125
  C:3A89H         LINE#         126
  C:3A9FH         LINE#         127
  C:3AADH         LINE#         128
  -------         ENDPROC       FMRADIOINIT
  -------         ENDMOD        FM_RADIO

  -------         MODULE        EXT
  C:0000H         SYMBOL        _ICE_DUMMY_
  D:0080H         PUBLIC        P0
  D:0090H         PUBLIC        P1
  D:00A0H         PUBLIC        P2
  D:00B0H         PUBLIC        P3
  D:00C0H         PUBLIC        P4
  D:00C8H         PUBLIC        P5
  D:00E8H         PUBLIC        P6
  X:017CH         PUBLIC        EXTmodel
  D:00F8H         PUBLIC        P7
  C:37C0H         PUBLIC        _EXTInit
  C:3224H         PUBLIC        ReadCount
  D:00A2H         PUBLIC        P_SW1
  C:3E66H         PUBLIC        GetWeight
  D:00A8H         PUBLIC        IE
  X:017DH         PUBLIC        T_Pout1
  X:017FH         PUBLIC        T_Pout2
  B:00D8H.6       PUBLIC        CR
  X:0181H         PUBLIC        resultEXT
  D:00DBH         PUBLIC        CCAPM1
  D:00B8H         PUBLIC        IP
  C:2B6DH         PUBLIC        _SetPWM
  D:00D9H         PUBLIC        CMOD
  D:00D8H         PUBLIC        CCON
  D:0098H         PUBLIC        SCON
  D:0088H         PUBLIC        TCON
  B:0090H.0       PUBLIC        DOUT
  D:00E0H         PUBLIC        ACC
  B:0090H.1       PUBLIC        PD_SCK
  X:0183H         PUBLIC        T_PWM1
  X:0185H         PUBLIC        T_PWM2
  C:2363H         PUBLIC        _?sys_EXT_drv
  C:3D79H         PUBLIC        GetDecode
  D:00D0H         PUBLIC        PSW
  -------         PROC          _SETPWM
  D:0002H         SYMBOL        PWM1
  D:0005H         SYMBOL        freq1
  D:0065H         SYMBOL        PWM2
  D:0066H         SYMBOL        freq2
  C:2B6DH         LINE#         25
  C:2B71H         LINE#         26
  C:2B82H         LINE#         27
BL51 BANKED LINKER/LOCATER V6.22.4.0                                                  09/17/2025  20:09:02  PAGE 55


  C:2B94H         LINE#         28
  C:2BC8H         LINE#         29
  C:2BFCH         LINE#         30
  -------         ENDPROC       _SETPWM
  -------         PROC          READCOUNT
  -------         DO            
  D:005EH         SYMBOL        Count
  D:0062H         SYMBOL        i
  -------         ENDDO         
  C:3224H         LINE#         35
  C:3224H         LINE#         36
  C:3224H         LINE#         38
  C:322DH         LINE#         39
  C:322FH         LINE#         40
  C:3231H         LINE#         41
  C:3246H         LINE#         42
  C:3247H         LINE#         43
  C:3249H         LINE#         44
  C:3261H         LINE#         45
  C:3268H         LINE#         46
  C:3269H         LINE#         47
  C:326BH         LINE#         48
  C:326CH         LINE#         49
  C:326DH         LINE#         50
  C:326FH         LINE#         51
  C:327CH         LINE#         52
  -------         ENDPROC       READCOUNT
  -------         PROC          GETWEIGHT
  C:3E66H         LINE#         54
  C:3E66H         LINE#         55
  C:3E6EH         LINE#         56
  -------         ENDPROC       GETWEIGHT
  -------         PROC          GETDECODE
  -------         DO            
  D:0006H         SYMBOL        a
  -------         ENDDO         
  C:3D79H         LINE#         58
  C:3D79H         LINE#         59
  C:3D79H         LINE#         60
  C:3D81H         LINE#         61
  C:3D88H         LINE#         62
  C:3D88H         LINE#         63
  -------         ENDPROC       GETDECODE
  -------         PROC          _?SYS_EXT_DRV
  -------         DO            
  D:0058H         SYMBOL        i
  D:005AH         SYMBOL        j
  D:005CH         SYMBOL        oldPin1
  D:005DH         SYMBOL        UStimer
  -------         ENDDO         
  C:2363H         LINE#         65
  C:2363H         LINE#         69
  C:2369H         LINE#         70
  C:236DH         LINE#         71
  C:2378H         LINE#         72
  C:2378H         LINE#         73
  C:2381H         LINE#         74
BL51 BANKED LINKER/LOCATER V6.22.4.0                                                  09/17/2025  20:09:02  PAGE 56


  C:239DH         LINE#         75
  C:23B2H         LINE#         76
  C:23CEH         LINE#         77
  C:23E3H         LINE#         78
  C:23E3H         LINE#         79
  C:23E8H         LINE#         80
  C:23FFH         LINE#         81
  C:2420H         LINE#         82
  C:2426H         LINE#         83
  C:2426H         LINE#         84
  C:242DH         LINE#         85
  C:2433H         LINE#         86
  C:2438H         LINE#         87
  C:243AH         LINE#         88
  C:243DH         LINE#         89
  C:243DH         LINE#         90
  C:2446H         LINE#         91
  C:2449H         LINE#         92
  C:2449H         LINE#         93
  -------         ENDPROC       _?SYS_EXT_DRV
  -------         PROC          _EXTINIT
  D:0007H         SYMBOL        EXTfunction
  C:37C0H         LINE#         95
  C:37C0H         LINE#         96
  C:37C0H         LINE#         97
  C:37C5H         LINE#         98
  C:37CBH         LINE#         99
  C:37CDH         LINE#         100
  C:37D4H         LINE#         101
  C:37D6H         LINE#         102
  C:37D8H         LINE#         103
  C:37DAH         LINE#         104
  C:37DDH         LINE#         105
  C:37E0H         LINE#         106
  C:37E2H         LINE#         107
  C:37E4H         LINE#         108
  C:37E7H         LINE#         109
  C:37F5H         LINE#         110
  -------         ENDPROC       _EXTINIT
  -------         ENDMOD        EXT

  -------         MODULE        UART1
  C:0000H         SYMBOL        _ICE_DUMMY_
  C:1BF8H         PUBLIC        Uart1_isr
  D:0080H         PUBLIC        P0
  D:0090H         PUBLIC        P1
  D:00A0H         PUBLIC        P2
  D:00B0H         PUBLIC        P3
  D:00C0H         PUBLIC        P4
  D:00C8H         PUBLIC        P5
  D:00E8H         PUBLIC        P6
  D:00F8H         PUBLIC        P7
  D:00A8H         PUBLIC        IE
  B:00A8H.4       PUBLIC        ES
  D:00B8H         PUBLIC        IP
  B:0098H.0       PUBLIC        RI
  B:0098H.1       PUBLIC        TI
BL51 BANKED LINKER/LOCATER V6.22.4.0                                                  09/17/2025  20:09:02  PAGE 57


  D:00D8H         PUBLIC        CCON
  C:388AH         PUBLIC        _SetUart1Rxd
  D:0099H         PUBLIC        SBUF
  D:0098H         PUBLIC        SCON
  D:0089H         PUBLIC        TMOD
  D:0088H         PUBLIC        TCON
  D:008EH         PUBLIC        AUXR
  C:3E37H         PUBLIC        GetUart1TxStatus
  B:00A8H.3       PUBLIC        ET1
  D:008DH         PUBLIC        TH1
  D:008BH         PUBLIC        TL1
  B:0088H.6       PUBLIC        TR1
  C:3A61H         PUBLIC        _Uart1Print
  C:2F0CH         PUBLIC        _Uart1Init
  C:3DB6H         PUBLIC        _?sys_get_Uart1RxdEvent
  X:0119H         PUBLIC        com1
  D:00D0H         PUBLIC        PSW
  -------         PROC          UART1_ISR
  C:1BF8H         LINE#         10
  C:1C15H         LINE#         11
  C:1C18H         LINE#         12
  C:1C1AH         LINE#         13
  C:1C4EH         LINE#         14
  C:1C53H         LINE#         15
  C:1C53H         LINE#         16
  C:1C59H         LINE#         17
  C:1C5BH         LINE#         18
  C:1C5EH         LINE#         19
  C:1C60H         LINE#         20
  C:1C67H         LINE#         21
  C:1C67H         LINE#         22
  C:1C7BH         LINE#         23
  C:1C8FH         LINE#         24
  C:1C9EH         LINE#         25
  C:1CACH         LINE#         26
  C:1CE4H         LINE#         27
  C:1CF2H         LINE#         28
  C:1CF2H         LINE#         29
  C:1D0DH         LINE#         30
  C:1D0DH         LINE#         31
  -------         ENDPROC       UART1_ISR
  -------         PROC          _?SYS_GET_UART1RXDEVENT
  -------         DO            
  i:0000H         SYMBOL        a
  -------         ENDDO         
  C:3DB6H         LINE#         33
  C:3DB8H         LINE#         35
  C:3DC0H         LINE#         36
  C:3DC2H         LINE#         37
  C:3DC2H         LINE#         38
  -------         ENDPROC       _?SYS_GET_UART1RXDEVENT
  -------         PROC          _UART1INIT
  D:0008H         SYMBOL        band
  C:2F0CH         LINE#         40
  C:2F14H         LINE#         41
  C:2F14H         LINE#         43
  C:2F17H         LINE#         44
BL51 BANKED LINKER/LOCATER V6.22.4.0                                                  09/17/2025  20:09:02  PAGE 58


  C:2F1AH         LINE#         45
  C:2F1DH         LINE#         46
  C:2F20H         LINE#         47
  C:2F3FH         LINE#         48
  C:2F6EH         LINE#         49
  C:2F70H         LINE#         50
  C:2F72H         LINE#         51
  C:2F74H         LINE#         52
  C:2F82H         LINE#         53
  -------         ENDPROC       _UART1INIT
  -------         PROC          _SETUART1RXD
  D:0001H         SYMBOL        RxdPt
  D:0004H         SYMBOL        Nmax
  D:000DH         SYMBOL        matchhead
  D:0010H         SYMBOL        matchheadsize
  C:388AH         LINE#         55
  C:388AH         LINE#         56
  C:3895H         LINE#         57
  C:389BH         LINE#         58
  C:38A5H         LINE#         59
  C:38B3H         LINE#         60
  C:38B5H         LINE#         61
  C:38BAH         LINE#         62
  -------         ENDPROC       _SETUART1RXD
  -------         PROC          _UART1PRINT
  D:0001H         SYMBOL        pt
  D:0004H         SYMBOL        num
  C:3A61H         LINE#         64
  C:3A61H         LINE#         65
  C:3A67H         LINE#         66
  C:3A72H         LINE#         67
  C:3A77H         LINE#         68
  C:3A7DH         LINE#         69
  C:3A81H         LINE#         70
  C:3A83H         LINE#         71
  C:3A86H         LINE#         72
  C:3A86H         LINE#         73
  C:3A88H         LINE#         74
  -------         ENDPROC       _UART1PRINT
  -------         PROC          GETUART1TXSTATUS
  C:3E37H         LINE#         76
  C:3E37H         LINE#         77
  C:3E3FH         LINE#         78
  C:3E41H         LINE#         79
  -------         ENDPROC       GETUART1TXSTATUS
  -------         ENDMOD        UART1

  -------         MODULE        ?C?COPY
  C:094AH         PUBLIC        ?C?COPY
  -------         ENDMOD        ?C?COPY

  -------         MODULE        ?C?CLDPTR
  C:0970H         PUBLIC        ?C?CLDPTR
  -------         ENDMOD        ?C?CLDPTR

  -------         MODULE        ?C?CLDOPTR
  C:0989H         PUBLIC        ?C?CLDOPTR
BL51 BANKED LINKER/LOCATER V6.22.4.0                                                  09/17/2025  20:09:02  PAGE 59


  -------         ENDMOD        ?C?CLDOPTR

  -------         MODULE        ?C?CSTPTR
  C:09B6H         PUBLIC        ?C?CSTPTR
  -------         ENDMOD        ?C?CSTPTR

  -------         MODULE        ?C?CSTOPTR
  C:09C8H         PUBLIC        ?C?CSTOPTR
  -------         ENDMOD        ?C?CSTOPTR

  -------         MODULE        ?C?IMUL
  C:09EAH         PUBLIC        ?C?IMUL
  -------         ENDMOD        ?C?IMUL

  -------         MODULE        ?C?UIDIV
  C:09FCH         PUBLIC        ?C?UIDIV
  -------         ENDMOD        ?C?UIDIV

  -------         MODULE        ?C?SIDIV
  C:0A51H         PUBLIC        ?C?SIDIV
  -------         ENDMOD        ?C?SIDIV

  -------         MODULE        ?C?IILDX
  C:0A87H         PUBLIC        ?C?IILDX
  -------         ENDMOD        ?C?IILDX

  -------         MODULE        ?C?ILDIX
  C:0A9DH         PUBLIC        ?C?ILDIX
  -------         ENDMOD        ?C?ILDIX

  -------         MODULE        ?C?ILDPTR
  C:0AB3H         PUBLIC        ?C?ILDPTR
  -------         ENDMOD        ?C?ILDPTR

  -------         MODULE        ?C?LMUL
  C:0ADEH         PUBLIC        ?C?LMUL
  -------         ENDMOD        ?C?LMUL

  -------         MODULE        ?C?ULDIV
  C:0B69H         PUBLIC        ?C?ULDIV
  -------         ENDMOD        ?C?ULDIV

  -------         MODULE        ?C?SLDIV
  C:35CCH         PUBLIC        ?C?SLDIV
  -------         ENDMOD        ?C?SLDIV

  -------         MODULE        ?C?ULSHR
  C:0BFBH         PUBLIC        ?C?ULSHR
  -------         ENDMOD        ?C?ULSHR

  -------         MODULE        ?C?SLSHR
  C:0C0EH         PUBLIC        ?C?SLSHR
  -------         ENDMOD        ?C?SLSHR

  -------         MODULE        ?C?LSHL
  C:0C22H         PUBLIC        ?C?LSHL
  -------         ENDMOD        ?C?LSHL
BL51 BANKED LINKER/LOCATER V6.22.4.0                                                  09/17/2025  20:09:02  PAGE 60



  -------         MODULE        ?C?LLDCODE
  C:0C35H         PUBLIC        ?C?LLDCODE
  -------         ENDMOD        ?C?LLDCODE

  -------         MODULE        ?C?LSTXDATA
  C:0C45H         PUBLIC        ?C?LSTXDATA
  -------         ENDMOD        ?C?LSTXDATA

  -------         MODULE        ?C?OFFXADD
  C:0C51H         PUBLIC        ?C?OFFXADD
  -------         ENDMOD        ?C?OFFXADD

  -------         MODULE        ?C?ICALL
  C:0C5DH         PUBLIC        ?C?ICALL
  C:0C61H         PUBLIC        ?C?ICALL2
  -------         ENDMOD        ?C?ICALL

  -------         MODULE        ?C_IBP
  D:0071H         PUBLIC        ?C_IBP
  -------         ENDMOD        ?C_IBP

  -------         MODULE        ?C?STRCPY
  C:0D2FH         PUBLIC        ?C?STRCPY
  -------         ENDMOD        ?C?STRCPY

  -------         MODULE        STRLEN
  C:3CB2H         PUBLIC        _STRLEN
  -------         ENDMOD        STRLEN

  -------         MODULE        STRCHR
  C:3BEBH         PUBLIC        _STRCHR
  -------         ENDMOD        STRCHR

  -------         MODULE        STRTOK
  D:000DH         PUBLIC        ?_strtok?BYTE
  C:2D97H         PUBLIC        _strtok
  -------         ENDMOD        STRTOK

  -------         MODULE        ATOI
  C:25B5H         PUBLIC        _atoi
  -------         ENDMOD        ATOI

  -------         MODULE        ?C?MEMSET
  C:0D4CH         PUBLIC        ?C?MEMSET
  -------         ENDMOD        ?C?MEMSET

  -------         MODULE        ISDIGIT
  C:3DC5H         PUBLIC        _isdigit
  -------         ENDMOD        ISDIGIT

  -------         MODULE        ISSPACE
  C:3D01H         PUBLIC        _isspace
  -------         ENDMOD        ISSPACE

  -------         MODULE        STRSPN
  D:0013H         PUBLIC        ?_strspn?BYTE
BL51 BANKED LINKER/LOCATER V6.22.4.0                                                  09/17/2025  20:09:02  PAGE 61


  C:3056H         PUBLIC        _strspn
  -------         ENDMOD        STRSPN

  -------         MODULE        STRPBRK
  D:0013H         PUBLIC        ?_strpbrk?BYTE
  C:30B7H         PUBLIC        _strpbrk
  -------         ENDMOD        STRPBRK

*** WARNING L16: UNCALLED SEGMENT, IGNORED FOR OVERLAY PROCESS
    SEGMENT: ?PR?_GETKEYACT?KEY

*** WARNING L16: UNCALLED SEGMENT, IGNORED FOR OVERLAY PROCESS
    SEGMENT: ?PR?GETULTRASONIC?SYS

*** WARNING L16: UNCALLED SEGMENT, IGNORED FOR OVERLAY PROCESS
    SEGMENT: ?PR?GETSYSPERFORMANCE?SYS

*** WARNING L16: UNCALLED SEGMENT, IGNORED FOR OVERLAY PROCESS
    SEGMENT: ?PR?GETUART2TXSTATUS?UART2

*** WARNING L16: UNCALLED SEGMENT, IGNORED FOR OVERLAY PROCESS
    SEGMENT: ?CO?TIME_MODULE

*** WARNING L16: UNCALLED SEGMENT, IGNORED FOR OVERLAY PROCESS
    SEGMENT: ?PR?MYUART1PROCESSRXDATA?MY_UART1

*** WARNING L16: UNCALLED SEGMENT, IGNORED FOR OVERLAY PROCESS
    SEGMENT: ?PR?TEMP_CONTROLLED_MOTOR?TEMP_CONTROLLED_FAN

*** WARNING L16: UNCALLED SEGMENT, IGNORED FOR OVERLAY PROCESS
    SEGMENT: ?PR?PLAY_MUSIC?MUSIC_MODULE

*** WARNING L16: UNCALLED SEGMENT, IGNORED FOR OVERLAY PROCESS
    SEGMENT: ?PR?MUSICPLAYERINIT?MUSIC

*** WARNING L16: UNCALLED SEGMENT, IGNORED FOR OVERLAY PROCESS
    SEGMENT: ?PR?RTC_READ?DS1302

*** WARNING L16: UNCALLED SEGMENT, IGNORED FOR OVERLAY PROCESS
    SEGMENT: ?PR?DS1302INIT?DS1302

*** WARNING L16: UNCALLED SEGMENT, IGNORED FOR OVERLAY PROCESS
    SEGMENT: ?PR?GETWEIGHT?EXT

*** WARNING L16: UNCALLED SEGMENT, IGNORED FOR OVERLAY PROCESS
    SEGMENT: ?PR?GETDECODE?EXT

*** WARNING L16: UNCALLED SEGMENT, IGNORED FOR OVERLAY PROCESS
    SEGMENT: ?PR?_EXTINIT?EXT

Program Size: data=114.3 xdata=435 code=16031
LINK/LOCATE RUN COMPLETE.  14 WARNING(S),  0 ERROR(S)
