BL51 BANKED LINKER/LOCATER V6.22.4.0                                                    09/15/2025  23:58:24  PAGE 1


BL51 BANKED LINKER/LOCATER V6.22.4.0, INVOKED BY:
D:\SOFTWARE\KEIL5\CORE\C51\BIN\BL51.EXE .\output\main.obj, .\source\STCBSP_V3.6.LIB, .\output\temp_module.obj, .\output\
>> Nav_handler.obj, .\output\rtc_module.obj, .\output\speed_module.obj, .\output\voice_module.obj, .\output\core.obj, .\
>> output\decode_table.obj, .\output\nv_temp_threshold.obj, .\output\my_uart1.obj TO .\output\BSP_Demo PRINT (.\list\BSP
>> _Demo.m51) RAMSIZE (256) XDATA (0X0000-0X07FF)


MEMORY MODEL: SMALL WITH FLOATING POINT ARITHMETIC


INPUT MODULES INCLUDED:
  .\output\main.obj (MAIN)
  .\source\STCBSP_V3.6.LIB (ADC)
  .\source\STCBSP_V3.6.LIB (DISPLAYER)
  .\source\STCBSP_V3.6.LIB (KEY)
  .\source\STCBSP_V3.6.LIB (SYS)
  .\source\STCBSP_V3.6.LIB (EXT)
  .\source\STCBSP_V3.6.LIB (UART2)
  .\output\temp_module.obj (TEMP_MODULE)
  .\output\Nav_handler.obj (NAV_HANDLER)
  .\output\rtc_module.obj (RTC_MODULE)
  .\output\speed_module.obj (SPEED_MODULE)
  .\output\voice_module.obj (VOICE_MODULE)
  .\output\core.obj (CORE)
  .\output\decode_table.obj (DECODE_TABLE)
  .\output\nv_temp_threshold.obj (NV_TEMP_THRESHOLD)
  .\output\my_uart1.obj (MY_UART1)
  .\source\STCBSP_V3.6.LIB (DS1302)
  .\source\STCBSP_V3.6.LIB (M24C02)
  .\source\STCBSP_V3.6.LIB (UART1)
  D:\SOFTWARE\KEIL5\CORE\C51\LIB\C51FPS.LIB (?C?FPMUL)
  D:\SOFTWARE\KEIL5\CORE\C51\LIB\C51FPS.LIB (?C?FPDIV)
  D:\SOFTWARE\KEIL5\CORE\C51\LIB\C51FPS.LIB (?C?FCAST)
  D:\SOFTWARE\KEIL5\CORE\C51\LIB\C51FPS.LIB (?C?CASTF)
  D:\SOFTWARE\KEIL5\CORE\C51\LIB\C51FPS.LIB (?C?FPGETOPN)
  D:\SOFTWARE\KEIL5\CORE\C51\LIB\C51S.LIB (?C_STARTUP)
  D:\SOFTWARE\KEIL5\CORE\C51\LIB\C51S.LIB (?C?COPY)
  D:\SOFTWARE\KEIL5\CORE\C51\LIB\C51S.LIB (?C?CLDOPTR)
  D:\SOFTWARE\KEIL5\CORE\C51\LIB\C51S.LIB (?C?CSTPTR)
  D:\SOFTWARE\KEIL5\CORE\C51\LIB\C51S.LIB (?C?CSTOPTR)
  D:\SOFTWARE\KEIL5\CORE\C51\LIB\C51S.LIB (?C?UIDIV)
  D:\SOFTWARE\KEIL5\CORE\C51\LIB\C51S.LIB (?C?SIDIV)
  D:\SOFTWARE\KEIL5\CORE\C51\LIB\C51S.LIB (?C?ILDIX)
  D:\SOFTWARE\KEIL5\CORE\C51\LIB\C51S.LIB (?C?LMUL)
  D:\SOFTWARE\KEIL5\CORE\C51\LIB\C51S.LIB (?C?ULDIV)
  D:\SOFTWARE\KEIL5\CORE\C51\LIB\C51S.LIB (?C?SLDIV)
  D:\SOFTWARE\KEIL5\CORE\C51\LIB\C51S.LIB (?C?LNEG)
  D:\SOFTWARE\KEIL5\CORE\C51\LIB\C51S.LIB (?C?ULSHR)
  D:\SOFTWARE\KEIL5\CORE\C51\LIB\C51S.LIB (?C?SLSHR)
  D:\SOFTWARE\KEIL5\CORE\C51\LIB\C51S.LIB (?C?LSHL)
  D:\SOFTWARE\KEIL5\CORE\C51\LIB\C51S.LIB (?C?LLDCODE)
  D:\SOFTWARE\KEIL5\CORE\C51\LIB\C51S.LIB (?C?LSTXDATA)
  D:\SOFTWARE\KEIL5\CORE\C51\LIB\C51S.LIB (?C?OFFXADD)
  D:\SOFTWARE\KEIL5\CORE\C51\LIB\C51S.LIB (?C?ICALL)
  D:\SOFTWARE\KEIL5\CORE\C51\LIB\C51S.LIB (?C_IBP)
  D:\SOFTWARE\KEIL5\CORE\C51\LIB\C51S.LIB (?C?STRCPY)
  D:\SOFTWARE\KEIL5\CORE\C51\LIB\C51S.LIB (STRLEN)
  D:\SOFTWARE\KEIL5\CORE\C51\LIB\C51S.LIB (STRCHR)
BL51 BANKED LINKER/LOCATER V6.22.4.0                                                  09/15/2025  23:58:24  PAGE 2


  D:\SOFTWARE\KEIL5\CORE\C51\LIB\C51S.LIB (STRTOK)
  D:\SOFTWARE\KEIL5\CORE\C51\LIB\C51S.LIB (ATOI)
  D:\SOFTWARE\KEIL5\CORE\C51\LIB\C51S.LIB (?C?MEMSET)
  D:\SOFTWARE\KEIL5\CORE\C51\LIB\C51S.LIB (?C_INIT)
  D:\SOFTWARE\KEIL5\CORE\C51\LIB\C51S.LIB (?C?CLDPTR)
  D:\SOFTWARE\KEIL5\CORE\C51\LIB\C51S.LIB (?C?IMUL)
  D:\SOFTWARE\KEIL5\CORE\C51\LIB\C51S.LIB (ISDIGIT)
  D:\SOFTWARE\KEIL5\CORE\C51\LIB\C51S.LIB (ISSPACE)
  D:\SOFTWARE\KEIL5\CORE\C51\LIB\C51S.LIB (STRSPN)
  D:\SOFTWARE\KEIL5\CORE\C51\LIB\C51S.LIB (STRPBRK)


LINK MAP OF MODULE:  .\output\BSP_Demo (MAIN)


            TYPE    BASE      LENGTH    RELOCATION   SEGMENT NAME
            -----------------------------------------------------

            * * * * * * *   D A T A   M E M O R Y   * * * * * * *
            REG     0000H     0008H     ABSOLUTE     "REG BANK 0"
            DATA    0008H     0012H     UNIT         ?DT?SYS
            DATA    001AH     0006H     UNIT         ?DT?EXT
            BIT     0020H.0   0001H.7   UNIT         ?BI?SYS
            BIT     0021H.7   0000H.1   UNIT         ?BI?ADC
            BIT     0022H.0   0000H.1   UNIT         ?BI?RTC_MODULE
            BIT     0022H.1   0000H.1   UNIT         ?BI?_ATOI?ATOI
                    0022H.2   0000H.6                *** GAP ***
            DATA    0023H     000AH     UNIT         ?DT?_SETUART1RXD?UART1
            DATA    002DH     000AH     UNIT         _DATA_GROUP_
            DATA    0037H     0009H     UNIT         ?DT?_STRPBRK?STRPBRK
            DATA    0040H     0008H     UNIT         ?DT?_STRSPN?STRSPN
            DATA    0048H     0007H     UNIT         ?DT?DS1302INIT?DS1302
            DATA    004FH     0006H     UNIT         ?DT?_STRTOK?STRTOK
            DATA    0055H     0005H     UNIT         ?DT?_PARSECOMMAND?MY_UART1
            DATA    005AH     0005H     UNIT         ?DT?_ATOI?ATOI
            DATA    005FH     0004H     UNIT         ?DT?_SETPWM?EXT
            DATA    0063H     0004H     UNIT         ?DT?_UART1INIT?UART1
            DATA    0067H     0003H     UNIT         ?DT?_MY_UTOA?MY_UART1
            DATA    006AH     0003H     UNIT         ?DT?STRTOK
            DATA    006DH     0002H     UNIT         ?DT?ADC
            DATA    006FH     0002H     UNIT         ?DT?GETULTRASONIC?SYS
            DATA    0071H     0002H     UNIT         ?DT?UART2
            DATA    0073H     0002H     UNIT         ?DT?_NVTEMPTHRESHOLDUPDATE?NV_TEMP_THRESHOLD
            DATA    0075H     0001H     UNIT         ?DT?KEY
            DATA    0076H     0001H     UNIT         ?DT?CORE
            DATA    0077H     0001H     UNIT         ?DT?_NVTEMPTHRESHOLDWRITE?NV_TEMP_THRESHOLD
            DATA    0078H     0001H     UNIT         ?DT?_MYUART1LOADTEMPTHRESHOLD?MY_UART1
            DATA    0079H     0001H     UNIT         ?C?LIB_DATA
            IDATA   007AH     0001H     UNIT         ?STACK

            * * * * * * *  X D A T A   M E M O R Y  * * * * * * *
            XDATA   0000H     006EH     UNIT         ?XD?SYS
            XDATA   006EH     0045H     UNIT         ?XD?MY_UART1
            XDATA   00B3H     0030H     UNIT         ?XD?_PARSECOMMAND?MY_UART1
            XDATA   00E3H     0022H     UNIT         ?XD?RTC_MODULE
            XDATA   0105H     001EH     UNIT         ?XD?ADC
            XDATA   0123H     0016H     UNIT         ?XD?TEMP_MODULE
BL51 BANKED LINKER/LOCATER V6.22.4.0                                                  09/15/2025  23:58:24  PAGE 3


            XDATA   0139H     0015H     UNIT         ?XD?UART2
            XDATA   014EH     0015H     UNIT         ?XD?UART1
            XDATA   0163H     0012H     UNIT         ?XD?_MY_UTOA?MY_UART1
            XDATA   0175H     000CH     UNIT         ?XD?DISPLAYER
            XDATA   0181H     000BH     UNIT         ?XD?EXT
            XDATA   018CH     000AH     UNIT         ?XD?KEY
            XDATA   0196H     0009H     UNIT         ?XD?DS1302
            XDATA   019FH     0008H     UNIT         ?XD?CORE
            XDATA   01A7H     0006H     UNIT         ?XD?SPEED_MODULE
            XDATA   01ADH     0002H     UNIT         ?XD?VOICE_MODULE
            XDATA   01AFH     0002H     UNIT         ?XD?NV_TEMP_THRESHOLD
            XDATA   01B1H     0002H     UNIT         ?XD?MYUART1SENDCURRENTSTATUS?MY_UART1
            XDATA   01B3H     0002H     UNIT         _XDATA_GROUP_
            XDATA   01B5H     0001H     UNIT         ?XD?NAV_HANDLER
            XDATA   01B6H     0001H     UNIT         ?XD?_NVTEMPTHRESHOLDREAD?NV_TEMP_THRESHOLD
            XDATA   01B7H     0001H     UNIT         ?XD?_NVTEMPTHRESHOLDUPDATE?NV_TEMP_THRESHOLD
            XDATA   01B8H     0001H     UNIT         ?XD?_MYUART1LOADTEMPTHRESHOLD?MY_UART1

            * * * * * * *   C O D E   M E M O R Y   * * * * * * *
            CODE    0000H     0003H     ABSOLUTE     
            CODE    0003H     0007H     UNIT         ?PR?GETADC?ADC
            CODE    000AH     0001H     UNIT         ?PR?_?NULLFUNC?SYS
            CODE    000BH     0003H     ABSOLUTE     
            CODE    000EH     0015H     UNIT         ?PR?MYUART1CLEARRXBUFFER?MY_UART1
            CODE    0023H     0003H     ABSOLUTE     
            CODE    0026H     0004H     UNIT         ?CO?CORE
            CODE    002AH     0001H     UNIT         ?PR?_?NULLFUNC0?UART2
            CODE    002BH     0003H     ABSOLUTE     
            CODE    002EH     000DH     UNIT         ?PR?NVTEMPTHRESHOLDINIT?NV_TEMP_THRESHOLD
            CODE    003BH     0003H     ABSOLUTE     
            CODE    003EH     0003H     UNIT         ?PR?_?RET0FUNC?SYS
                    0041H     0002H                  *** GAP ***
            CODE    0043H     0003H     ABSOLUTE     
            CODE    0046H     0730H     UNIT         ?C?LIB_CODE
            CODE    0776H     04B0H     UNIT         ?CO?VOICE_MODULE
            CODE    0C26H     01FCH     UNIT         ?CO?TEMP_MODULE
            CODE    0E22H     01EBH     UNIT         ?PR?MYUART1SENDCURRENTSTATUS?MY_UART1
            CODE    100DH     01D2H     UNIT         ?PR?UART2_ISR?UART2
            CODE    11DFH     01C2H     UNIT         ?PR?_PARSECOMMAND?MY_UART1
            CODE    13A1H     01ACH     UNIT         ?PR?_?SYS_ADC_DRV?ADC
            CODE    154DH     016EH     UNIT         ?C_INITSEG
            CODE    16BBH     0130H     UNIT         ?PR?UART1_ISR?UART1
            CODE    17EBH     0128H     UNIT         ?PR?SHOWTIME?RTC_MODULE
            CODE    1913H     0123H     UNIT         ?PR?_?SYS_KEY_DRV?KEY
            CODE    1A36H     011DH     UNIT         ?PR?_MY_UTOA?MY_UART1
            CODE    1B53H     00FEH     UNIT         ?PR?DS1302INIT?DS1302
            CODE    1C51H     00EDH     UNIT         ?PR?SYS_TASK_1MS?SYS
            CODE    1D3EH     00E9H     UNIT         ?PR?_?SYS_DISPLAY_DRV?DISPLAYER
            CODE    1E27H     00E7H     UNIT         ?PR?_?SYS_EXT_DRV?EXT
            CODE    1F0EH     00E6H     UNIT         ?PR?SHOWTEMP?TEMP_MODULE
            CODE    1FF4H     00BAH     UNIT         ?PR?RESETTIMER?RTC_MODULE
            CODE    20AEH     00B5H     UNIT         ?PR?_UART2INIT?UART2
            CODE    2163H     00AEH     UNIT         ?PR?_ATOI?ATOI
            CODE    2211H     00A8H     UNIT         ?PR?SYS_CCP_ISR?SYS
            CODE    22B9H     00A5H     UNIT         ?PR?_?SYS_DS1302_DRV?DS1302
            CODE    235EH     0093H     UNIT         ?PR?SYS_TASK_10MS?SYS
            CODE    23F1H     0090H     UNIT         ?PR?_SETPWM?EXT
BL51 BANKED LINKER/LOCATER V6.22.4.0                                                  09/15/2025  23:58:24  PAGE 4


            CODE    2481H     008CH     UNIT         ?C_C51STARTUP
            CODE    250DH     008BH     UNIT         ?PR?SYS_TASK_IR?SYS
            CODE    2598H     0080H     UNIT         ?PR?_STRTOK?STRTOK
            CODE    2618H     007DH     UNIT         ?PR?_SETEVENTCALLBACK?SYS
            CODE    2695H     007CH     UNIT         ?PR?CHECKCOUNTDOWNEVENT?VOICE_MODULE
            CODE    2711H     0077H     UNIT         ?PR?_UART1INIT?UART1
            CODE    2788H     0069H     UNIT         ?PR?MAIN?MAIN
            CODE    27F1H     0061H     UNIT         ?PR?_STRSPN?STRSPN
            CODE    2852H     005DH     UNIT         ?PR?_STRPBRK?STRPBRK
            CODE    28AFH     005BH     UNIT         ?PR?GETETA?RTC_MODULE
            CODE    290AH     0059H     UNIT         ?PR?READCOUNT?EXT
            CODE    2963H     0058H     UNIT         ?PR?MYUART1INIT?MY_UART1
            CODE    29BBH     0053H     UNIT         ?PR?GETULTRASONIC?SYS
            CODE    2A0EH     0052H     UNIT         ?PR?SYS_TIMER0_ISR?SYS
            CODE    2A60H     004BH     UNIT         ?PR?SHOWSPEED?SPEED_MODULE
            CODE    2AABH     0047H     UNIT         ?PR?SYS_TIMER0_INIT?SYS
            CODE    2AF2H     0046H     UNIT         ?PR?_GETADCNAVACT?ADC
            CODE    2B38H     0044H     UNIT         ?C?LDIV
            CODE    2B7CH     0040H     UNIT         ?PR?_GETKEYACT?KEY
            CODE    2BBCH     0040H     UNIT         ?PR?NAVHANDLER?NAV_HANDLER
            CODE    2BFCH     003FH     UNIT         ?PR?SYS_TASK_100MS?SYS
            CODE    2C3BH     003FH     UNIT         ?PR?_NVTEMPTHRESHOLDUPDATE?NV_TEMP_THRESHOLD
            CODE    2C7AH     003EH     UNIT         ?PR?MYSTC_OS?SYS
            CODE    2CB8H     003CH     UNIT         ?CO?DECODE_TABLE
            CODE    2CF4H     0036H     UNIT         ?PR?_EXTINIT?EXT
            CODE    2D2AH     0032H     UNIT         ?PR?UART1RXDCALLBACK?MY_UART1
            CODE    2D5CH     0031H     UNIT         ?PR?_ADCINIT?ADC
            CODE    2D8DH     0031H     UNIT         ?PR?_SETUART2RXD?UART2
            CODE    2DBEH     0031H     UNIT         ?PR?_SETUART1RXD?UART1
            CODE    2DEFH     002FH     UNIT         ?PR?_UART2PRINT?UART2
            CODE    2E1EH     002EH     UNIT         ?PR?_DS1302READ?DS1302
            CODE    2E4CH     002BH     UNIT         ?PR?SYS_TASK_1S?SYS
            CODE    2E77H     0029H     UNIT         ?PR?_NVM_WRITE?DS1302
            CODE    2EA0H     0028H     UNIT         ?PR?_UART1PRINT?UART1
            CODE    2EC8H     0025H     UNIT         ?PR?_NVTEMPTHRESHOLDREAD?NV_TEMP_THRESHOLD
            CODE    2EEDH     0024H     UNIT         ?PR?_NVTEMPTHRESHOLDWRITE?NV_TEMP_THRESHOLD
            CODE    2F11H     0024H     UNIT         ?PR?RESPONS?M24C02
            CODE    2F35H     0024H     UNIT         ?PR?_WRITEBYTE?M24C02
            CODE    2F59H     0022H     UNIT         ?PR?READBYTE?M24C02
            CODE    2F7BH     0020H     UNIT         ?PR?_SEG7PRINT?DISPLAYER
            CODE    2F9BH     0020H     UNIT         ?PR?_DS1302WRITE?DS1302
            CODE    2FBBH     001DH     UNIT         ?PR?KEYINIT?KEY
            CODE    2FD8H     001DH     UNIT         ?PR?_MYUART1LOADTEMPTHRESHOLD?MY_UART1
            CODE    2FF5H     001CH     UNIT         ?PR?_M24C02_READ?M24C02
            CODE    3011H     001CH     UNIT         ?PR?_STRCHR?STRCHR
            CODE    302DH     001BH     UNIT         ?PR?DISPLAYERINIT?DISPLAYER
            CODE    3048H     0019H     UNIT         ?PR?_DS1302WRITEBYTE?DS1302
            CODE    3061H     0019H     UNIT         ?PR?RTC_WRITE?DS1302
            CODE    307AH     0018H     UNIT         ?PR?SHOWSTATUS?NAV_HANDLER
            CODE    3092H     0018H     UNIT         ?PR?DS1302READBYTE?DS1302
            CODE    30AAH     0015H     UNIT         ?PR?_M24C02_WRITE?M24C02
            CODE    30BFH     0015H     UNIT         ?PR?_STRLEN?STRLEN
            CODE    30D4H     0013H     UNIT         ?PR?_ISSPACE?ISSPACE
            CODE    30E7H     0012H     UNIT         ?PR?MYUART2RXD_CALLBACK?VOICE_MODULE
            CODE    30F9H     0012H     UNIT         ?PR?_NVISVALIDTHRESHOLD?NV_TEMP_THRESHOLD
            CODE    310BH     0012H     UNIT         ?PR?_NVM_READ?DS1302
            CODE    311DH     0011H     UNIT         ?PR?_SETCCP0?SYS
BL51 BANKED LINKER/LOCATER V6.22.4.0                                                  09/15/2025  23:58:24  PAGE 5


            CODE    312EH     0010H     UNIT         ?PR?GETDECODE?EXT
            CODE    313EH     0010H     UNIT         ?PR?START?M24C02
            CODE    314EH     000FH     UNIT         ?PR?_?SYS_GET_UART2RXDEVENT?UART2
            CODE    315DH     000FH     UNIT         ?PR?_?SYS_GET_UART1RXDEVENT?UART1
            CODE    316CH     000FH     UNIT         ?PR?_ISDIGIT?ISDIGIT
            CODE    317BH     000EH     UNIT         ?PR?_?SYS_GET_KNEVENT?ADC
            CODE    3189H     000EH     UNIT         ?PR?_?SYS_GET_EXTADCEVENT?ADC
            CODE    3197H     000EH     UNIT         ?PR?_?SYS_GET_KEYEVENT?KEY
            CODE    31A5H     000DH     UNIT         ?PR?STOP?M24C02
            CODE    31B2H     000BH     UNIT         ?PR?GETUART2TXSTATUS?UART2
            CODE    31BDH     000BH     UNIT         ?PR?MYUART1PROCESSRXDATA?MY_UART1
            CODE    31C8H     000BH     UNIT         ?PR?GETUART1TXSTATUS?UART1
            CODE    31D3H     0009H     UNIT         ?CO?ADC
            CODE    31DCH     0009H     UNIT         ?PR?_SETDISPLAYERAREA?DISPLAYER
            CODE    31E5H     0009H     UNIT         ?PR?GETBEEPTIMER?SYS
            CODE    31EEH     0009H     UNIT         ?PR?_SETBEEPTIMER?SYS
            CODE    31F7H     0009H     UNIT         ?PR?GETWEIGHT?EXT
            CODE    3200H     0009H     UNIT         ?PR?GETSPEED?SPEED_MODULE
            CODE    3209H     0007H     UNIT         ?PR?GETSYSPERFORMANCE?SYS
            CODE    3210H     0007H     UNIT         ?PR?RTC_READ?DS1302
            CODE    3217H     0006H     UNIT         ?PR?ADC_ISR?ADC
            CODE    321DH     0006H     UNIT         ?PR?_LEDPRINT?DISPLAYER
            CODE    3223H     0006H     UNIT         ?PR?MYSTC_INIT?SYS
            CODE    3229H     0006H     UNIT         ?PR?MY1S_CALLBACK?CORE
            CODE    322FH     0006H     UNIT         ?CO?MY_UART1
            CODE    3235H     0003H     UNIT         ?PR?CLRBEEPPIN?SYS



OVERLAY MAP OF MODULE:   .\output\BSP_Demo (MAIN)


SEGMENT                                            DATA_GROUP          XDATA_GROUP
  +--> CALLED SEGMENT                            START    LENGTH     START    LENGTH
------------------------------------------------------------------------------------
?C_C51STARTUP                                    -----    -----      -----    -----
  +--> ?PR?MAIN?MAIN
  +--> ?C_INITSEG

?PR?MAIN?MAIN                                    -----    -----      -----    -----
  +--> ?PR?_ADCINIT?ADC
  +--> ?PR?DISPLAYERINIT?DISPLAYER
  +--> ?PR?KEYINIT?KEY
  +--> ?PR?_SETDISPLAYERAREA?DISPLAYER
  +--> ?PR?_UART2INIT?UART2
  +--> ?PR?_EXTINIT?EXT
  +--> ?PR?_SETUART2RXD?UART2
  +--> ?PR?MY1S_CALLBACK?CORE
  +--> ?PR?_SETEVENTCALLBACK?SYS
  +--> ?PR?MYUART2RXD_CALLBACK?VOICE_MODULE
  +--> ?PR?NAVHANDLER?NAV_HANDLER
  +--> ?PR?MYSTC_INIT?SYS
  +--> ?PR?MYSTC_OS?SYS

?PR?_ADCINIT?ADC                                 -----    -----      -----    -----
  +--> ?PR?_?SYS_ADC_DRV?ADC
  +--> ?PR?_?SYS_GET_KNEVENT?ADC
BL51 BANKED LINKER/LOCATER V6.22.4.0                                                  09/15/2025  23:58:24  PAGE 6


  +--> ?PR?_?SYS_GET_EXTADCEVENT?ADC

?PR?_?SYS_ADC_DRV?ADC                            -----    -----      -----    -----
  +--> ?CO?ADC

?PR?DISPLAYERINIT?DISPLAYER                      -----    -----      -----    -----
  +--> ?PR?_?SYS_DISPLAY_DRV?DISPLAYER

?PR?_?SYS_DISPLAY_DRV?DISPLAYER                  -----    -----      -----    -----
  +--> ?CO?DECODE_TABLE

?PR?KEYINIT?KEY                                  -----    -----      -----    -----
  +--> ?PR?_?SYS_GET_KEYEVENT?KEY
  +--> ?PR?_?SYS_KEY_DRV?KEY

?PR?_UART2INIT?UART2                             002DH    0005H      -----    -----
  +--> ?PR?_?NULLFUNC0?UART2
  +--> ?CO?CORE
  +--> ?PR?_?SYS_GET_UART2RXDEVENT?UART2

?PR?_EXTINIT?EXT                                 -----    -----      -----    -----
  +--> ?PR?_?SYS_EXT_DRV?EXT

?PR?_?SYS_EXT_DRV?EXT                            -----    -----      -----    -----
  +--> ?PR?READCOUNT?EXT

?PR?READCOUNT?EXT                                002DH    0005H      -----    -----

?PR?_SETUART2RXD?UART2                           002DH    000AH      -----    -----

?PR?MY1S_CALLBACK?CORE                           -----    -----      -----    -----
  +--> ?PR?SHOWSTATUS?NAV_HANDLER
  +--> ?PR?CHECKCOUNTDOWNEVENT?VOICE_MODULE

?PR?SHOWSTATUS?NAV_HANDLER                       -----    -----      -----    -----
  +--> ?PR?SHOWTIME?RTC_MODULE
  +--> ?PR?SHOWTEMP?TEMP_MODULE
  +--> ?PR?SHOWSPEED?SPEED_MODULE

?PR?SHOWTIME?RTC_MODULE                          -----    -----      -----    -----
  +--> ?PR?RTC_READ?DS1302
  +--> ?PR?RESETTIMER?RTC_MODULE
  +--> ?PR?RTC_WRITE?DS1302
  +--> ?PR?_SEG7PRINT?DISPLAYER

?PR?RESETTIMER?RTC_MODULE                        -----    -----      01B3H    0002H
  +--> ?PR?GETSPEED?SPEED_MODULE
  +--> ?PR?RTC_WRITE?DS1302

?PR?RTC_WRITE?DS1302                             002DH    0007H      -----    -----

?PR?_SEG7PRINT?DISPLAYER                         002DH    0008H      -----    -----

?PR?SHOWTEMP?TEMP_MODULE                         -----    -----      -----    -----
  +--> ?PR?GETADC?ADC
  +--> ?CO?TEMP_MODULE
  +--> ?PR?_SEG7PRINT?DISPLAYER
BL51 BANKED LINKER/LOCATER V6.22.4.0                                                  09/15/2025  23:58:24  PAGE 7



?PR?SHOWSPEED?SPEED_MODULE                       -----    -----      -----    -----
  +--> ?PR?_SEG7PRINT?DISPLAYER

?PR?CHECKCOUNTDOWNEVENT?VOICE_MODULE             -----    -----      01B3H    0002H
  +--> ?PR?GETETA?RTC_MODULE
  +--> ?CO?VOICE_MODULE
  +--> ?PR?_UART2PRINT?UART2

?PR?GETETA?RTC_MODULE                            -----    -----      -----    -----
  +--> ?PR?RTC_READ?DS1302

?PR?_SETEVENTCALLBACK?SYS                        002DH    0003H      -----    -----

?PR?NAVHANDLER?NAV_HANDLER                       -----    -----      01B3H    0002H
  +--> ?PR?_GETADCNAVACT?ADC

?PR?MYSTC_INIT?SYS                               -----    -----      -----    -----
  +--> ?PR?SYS_TIMER0_INIT?SYS

?PR?SYS_TIMER0_INIT?SYS                          -----    -----      -----    -----
  +--> ?CO?CORE

?PR?MYSTC_OS?SYS                                 -----    -----      -----    -----
  +--> ?PR?SYS_TASK_IR?SYS
  +--> ?PR?SYS_TASK_1MS?SYS
  +--> ?PR?SYS_TASK_10MS?SYS
  +--> ?PR?SYS_TASK_100MS?SYS
  +--> ?PR?SYS_TASK_1S?SYS

?C_INITSEG                                       -----    -----      -----    -----
  +--> ?PR?_?NULLFUNC?SYS
  +--> ?PR?_?RET0FUNC?SYS



UNRESOLVED EXTERNAL SYMBOLS:
   DC_MOTOR



SYMBOL TABLE OF MODULE:  .\output\BSP_Demo (MAIN)

  VALUE           TYPE          NAME
  ----------------------------------

  -------         MODULE        MAIN
  C:0000H         SYMBOL        _ICE_DUMMY_
  D:0080H         PUBLIC        P0
  D:0090H         PUBLIC        P1
  D:00A0H         PUBLIC        P2
  D:00B0H         PUBLIC        P3
  D:00C0H         PUBLIC        P4
  D:00C8H         PUBLIC        P5
  D:00E8H         PUBLIC        P6
  D:00F8H         PUBLIC        P7
  D:00A8H         PUBLIC        IE
BL51 BANKED LINKER/LOCATER V6.22.4.0                                                  09/15/2025  23:58:24  PAGE 8


  D:00B8H         PUBLIC        IP
  D:00D8H         PUBLIC        CCON
  C:2788H         PUBLIC        main
  D:0098H         PUBLIC        SCON
  D:0088H         PUBLIC        TCON
  D:00D0H         PUBLIC        PSW
  -------         PROC          MAIN
  C:2788H         LINE#         4
  C:2788H         LINE#         5
  C:278DH         LINE#         6
  C:2790H         LINE#         7
  C:2793H         LINE#         8
  C:279AH         LINE#         9
  C:27A6H         LINE#         11
  C:27ABH         LINE#         12
  C:27C5H         LINE#         13
  C:27D0H         LINE#         14
  C:27DBH         LINE#         15
  C:27E6H         LINE#         16
  C:27E9H         LINE#         17
  C:27E9H         LINE#         18
  C:27ECH         LINE#         19
  C:27EFH         LINE#         20
  -------         ENDPROC       MAIN
  -------         ENDMOD        MAIN

  -------         MODULE        ADC
  C:0000H         SYMBOL        _ICE_DUMMY_
  D:0080H         PUBLIC        P0
  D:0090H         PUBLIC        P1
  D:00A0H         PUBLIC        P2
  C:317BH         PUBLIC        _?sys_get_KNEvent
  D:006DH         PUBLIC        sys_EXTADCEvent
  D:00B0H         PUBLIC        P3
  D:00C0H         PUBLIC        P4
  D:00C8H         PUBLIC        P5
  D:00E8H         PUBLIC        P6
  D:00F8H         PUBLIC        P7
  B:00A8H.5       PUBLIC        EADC
  D:00A8H         PUBLIC        IE
  D:00BDH         PUBLIC        ADC_RES
  D:00B8H         PUBLIC        IP
  D:0097H         PUBLIC        CLK_DIV
  C:2D5CH         PUBLIC        _AdcInit
  D:00D8H         PUBLIC        CCON
  C:3189H         PUBLIC        _?sys_get_EXTADCEvent
  X:0107H         PUBLIC        AD_res
  D:00BCH         PUBLIC        ADC_CONTR
  D:0098H         PUBLIC        SCON
  D:0088H         PUBLIC        TCON
  C:13A1H         PUBLIC        _?sys_ADC_drv
  B:0021H.7       PUBLIC        flag_ADC
  X:0111H         PUBLIC        sys_KN
  D:009DH         PUBLIC        P1ASF
  D:006EH         PUBLIC        sys_KNEvent
  D:00BEH         PUBLIC        ADC_RESL
  C:0003H         PUBLIC        GetADC
BL51 BANKED LINKER/LOCATER V6.22.4.0                                                  09/15/2025  23:58:24  PAGE 9


  C:2AF2H         PUBLIC        _GetAdcNavAct
  C:3217H         PUBLIC        ADC_isr
  D:00D0H         PUBLIC        PSW
  -------         PROC          ADC_ISR
  C:3217H         LINE#         26
  C:3217H         LINE#         27
  C:321AH         LINE#         28
  C:321CH         LINE#         29
  -------         ENDPROC       ADC_ISR
  -------         PROC          _?SYS_ADC_DRV
  -------         DO            
  X:0105H         SYMBOL        pc
  X:0106H         SYMBOL        counter
  i:0000H         SYMBOL        i
  C:31D3H         SYMBOL        ADC_ch
  -------         ENDDO         
  C:13A1H         LINE#         31
  C:13A3H         LINE#         35
  C:13A9H         LINE#         36
  C:13ABH         LINE#         37
  C:13D9H         LINE#         38
  C:13D9H         LINE#         39
  C:13D9H         LINE#         40
  C:13E9H         LINE#         41
  C:13EBH         LINE#         42
  C:13EBH         LINE#         43
  C:13EBH         LINE#         44
  C:13FFH         LINE#         45
  C:1402H         LINE#         46
  C:1405H         LINE#         47
  C:1415H         LINE#         48
  C:1417H         LINE#         49
  C:142BH         LINE#         50
  C:142EH         LINE#         51
  C:1442H         LINE#         52
  C:1455H         LINE#         53
  C:146DH         LINE#         54
  C:1478H         LINE#         55
  C:147BH         LINE#         56
  C:148BH         LINE#         57
  C:149FH         LINE#         58
  C:14B4H         LINE#         59
  C:14C5H         LINE#         60
  C:14C7H         LINE#         61
  C:14C7H         LINE#         62
  C:14C9H         LINE#         64
  C:14E0H         LINE#         65
  C:14F1H         LINE#         66
  C:14F4H         LINE#         67
  C:14F4H         LINE#         68
  C:14F4H         LINE#         69
  C:1517H         LINE#         70
  C:1528H         LINE#         71
  C:152CH         LINE#         72
  C:152CH         LINE#         73
  C:152CH         LINE#         74
  C:1532H         LINE#         75
BL51 BANKED LINKER/LOCATER V6.22.4.0                                                  09/15/2025  23:58:24  PAGE 10


  C:1532H         LINE#         76
  C:1532H         LINE#         77
  C:153EH         LINE#         78
  C:154AH         LINE#         79
  C:154AH         LINE#         80
  -------         ENDPROC       _?SYS_ADC_DRV
  -------         PROC          _?SYS_GET_KNEVENT
  -------         DO            
  i:0000H         SYMBOL        a
  -------         ENDDO         
  C:317BH         LINE#         82
  C:317DH         LINE#         84
  C:3181H         LINE#         85
  C:3184H         LINE#         86
  C:3186H         LINE#         87
  -------         ENDPROC       _?SYS_GET_KNEVENT
  -------         PROC          _?SYS_GET_EXTADCEVENT
  -------         DO            
  i:0000H         SYMBOL        a
  -------         ENDDO         
  C:3189H         LINE#         89
  C:318BH         LINE#         91
  C:318FH         LINE#         92
  C:3192H         LINE#         93
  C:3194H         LINE#         94
  -------         ENDPROC       _?SYS_GET_EXTADCEVENT
  -------         PROC          _ADCINIT
  D:0007H         SYMBOL        ADCsel
  C:2D5CH         LINE#         96
  C:2D5CH         LINE#         97
  C:2D5CH         LINE#         98
  C:2D5EH         LINE#         99
  C:2D61H         LINE#         100
  C:2D64H         LINE#         101
  C:2D66H         LINE#         102
  C:2D74H         LINE#         103
  C:2D80H         LINE#         104
  C:2D8CH         LINE#         105
  -------         ENDPROC       _ADCINIT
  -------         PROC          GETADC
  C:0003H         LINE#         107
  C:0003H         LINE#         108
  C:0009H         LINE#         109
  -------         ENDPROC       GETADC
  -------         PROC          _GETADCNAVACT
  D:0007H         SYMBOL        Nav_button
  -------         DO            
  D:0006H         SYMBOL        a
  -------         ENDDO         
  C:2AF2H         LINE#         111
  C:2AF2H         LINE#         112
  C:2AF2H         LINE#         113
  C:2B02H         LINE#         114
  C:2B1DH         LINE#         115
  C:2B32H         LINE#         116
  C:2B35H         LINE#         117
  C:2B35H         LINE#         118
BL51 BANKED LINKER/LOCATER V6.22.4.0                                                  09/15/2025  23:58:24  PAGE 11


  C:2B37H         LINE#         119
  -------         ENDPROC       _GETADCNAVACT
  -------         ENDMOD        ADC

  -------         MODULE        DISPLAYER
  C:0000H         SYMBOL        _ICE_DUMMY_
  D:0093H         PUBLIC        P0M1
  D:0096H         PUBLIC        P2M0
  D:0080H         PUBLIC        P0
  D:0095H         PUBLIC        P2M1
  D:0090H         PUBLIC        P1
  D:00A0H         PUBLIC        P2
  D:00B0H         PUBLIC        P3
  D:00C0H         PUBLIC        P4
  D:00C8H         PUBLIC        P5
  D:00E8H         PUBLIC        P6
  D:00F8H         PUBLIC        P7
  D:00A8H         PUBLIC        IE
  D:00B8H         PUBLIC        IP
  D:00D8H         PUBLIC        CCON
  C:321DH         PUBLIC        _LedPrint
  B:00A0H.0       PUBLIC        P20
  B:00A0H.1       PUBLIC        P21
  D:0098H         PUBLIC        SCON
  B:00A0H.2       PUBLIC        P22
  D:0088H         PUBLIC        TCON
  B:00A0H.3       PUBLIC        P23
  C:302DH         PUBLIC        DisplayerInit
  X:0175H         PUBLIC        sys_Disp
  C:31DCH         PUBLIC        _SetDisplayerArea
  C:2F7BH         PUBLIC        _Seg7Print
  C:1D3EH         PUBLIC        _?sys_display_drv
  D:00D0H         PUBLIC        PSW
  D:0094H         PUBLIC        P0M0
  -------         PROC          _?SYS_DISPLAY_DRV
  C:1D3EH         LINE#         16
  C:1D3EH         LINE#         18
  C:1D41H         LINE#         19
  C:1D6AH         LINE#         20
  C:1D70H         LINE#         21
  C:1D76H         LINE#         22
  C:1D7CH         LINE#         23
  C:1D82H         LINE#         24
  C:1D8CH         LINE#         25
  C:1D96H         LINE#         26
  C:1DA0H         LINE#         27
  C:1DAAH         LINE#         28
  C:1DACH         LINE#         29
  C:1DACH         LINE#         30
  C:1DB4H         LINE#         31
  C:1DDDH         LINE#         33
  C:1DF8H         LINE#         34
  C:1DFBH         LINE#         35
  C:1DFBH         LINE#         36
  C:1E12H         LINE#         37
  C:1E1EH         LINE#         39
  C:1E26H         LINE#         40
BL51 BANKED LINKER/LOCATER V6.22.4.0                                                  09/15/2025  23:58:24  PAGE 12


  -------         ENDPROC       _?SYS_DISPLAY_DRV
  -------         PROC          DISPLAYERINIT
  C:302DH         LINE#         42
  C:302DH         LINE#         43
  C:302DH         LINE#         44
  C:3030H         LINE#         45
  C:3033H         LINE#         46
  C:3036H         LINE#         47
  C:3039H         LINE#         48
  C:3047H         LINE#         49
  -------         ENDPROC       DISPLAYERINIT
  -------         PROC          _SETDISPLAYERAREA
  D:0007H         SYMBOL        Begin_of_scan
  D:0005H         SYMBOL        Ending_of_Scan
  C:31DCH         LINE#         51
  C:31DCH         LINE#         52
  C:31E1H         LINE#         53
  C:31E4H         LINE#         54
  -------         ENDPROC       _SETDISPLAYERAREA
  -------         PROC          _SEG7PRINT
  D:0007H         SYMBOL        d0
  D:0005H         SYMBOL        d1
  D:0003H         SYMBOL        d2
  D:0030H         SYMBOL        d3
  D:0031H         SYMBOL        d4
  D:0032H         SYMBOL        d5
  D:0033H         SYMBOL        d6
  D:0034H         SYMBOL        d7
  C:2F7BH         LINE#         56
  C:2F7BH         LINE#         57
  C:2F80H         LINE#         58
  C:2F83H         LINE#         59
  C:2F86H         LINE#         60
  C:2F8AH         LINE#         61
  C:2F8EH         LINE#         62
  C:2F92H         LINE#         63
  C:2F96H         LINE#         64
  C:2F9AH         LINE#         65
  -------         ENDPROC       _SEG7PRINT
  -------         PROC          _LEDPRINT
  D:0007H         SYMBOL        led_val
  C:321DH         LINE#         67
  C:321DH         LINE#         68
  C:3222H         LINE#         69
  -------         ENDPROC       _LEDPRINT
  -------         ENDMOD        DISPLAYER

  -------         MODULE        KEY
  C:0000H         SYMBOL        _ICE_DUMMY_
  D:0080H         PUBLIC        P0
  D:0090H         PUBLIC        P1
  D:00A0H         PUBLIC        P2
  D:00B0H         PUBLIC        P3
  D:00C0H         PUBLIC        P4
  D:00C8H         PUBLIC        P5
  D:00E8H         PUBLIC        P6
  D:00F8H         PUBLIC        P7
BL51 BANKED LINKER/LOCATER V6.22.4.0                                                  09/15/2025  23:58:24  PAGE 13


  D:00A8H         PUBLIC        IE
  D:0075H         PUBLIC        sys_keyEvent
  D:00B8H         PUBLIC        IP
  D:00D8H         PUBLIC        CCON
  C:3197H         PUBLIC        _?sys_get_keyEvent
  D:0098H         PUBLIC        SCON
  D:0088H         PUBLIC        TCON
  C:1913H         PUBLIC        _?sys_key_drv
  C:2FBBH         PUBLIC        KeyInit
  B:00B0H.2       PUBLIC        IO_Key1
  B:00B0H.3       PUBLIC        IO_Key2
  B:0090H.7       PUBLIC        IO_Key3
  C:2B7CH         PUBLIC        _GetKeyAct
  X:018DH         PUBLIC        sys_Key
  D:00D0H         PUBLIC        PSW
  -------         PROC          _?SYS_KEY_DRV
  -------         DO            
  i:0000H         SYMBOL        i
  X:018CH         SYMBOL        counter
  -------         ENDDO         
  C:1913H         LINE#         28
  C:1915H         LINE#         31
  C:191EH         LINE#         32
  C:1927H         LINE#         33
  C:1930H         LINE#         34
  C:193BH         LINE#         35
  C:193EH         LINE#         36
  C:1950H         LINE#         37
  C:196EH         LINE#         38
  C:1987H         LINE#         39
  C:19A3H         LINE#         40
  C:19A5H         LINE#         41
  C:19A5H         LINE#         42
  C:19A7H         LINE#         44
  C:19C8H         LINE#         45
  C:19DEH         LINE#         46
  C:19E1H         LINE#         47
  C:19E1H         LINE#         48
  C:19E1H         LINE#         49
  C:1A14H         LINE#         50
  C:1A2FH         LINE#         51
  C:1A33H         LINE#         52
  C:1A33H         LINE#         53
  -------         ENDPROC       _?SYS_KEY_DRV
  -------         PROC          _?SYS_GET_KEYEVENT
  -------         DO            
  i:0000H         SYMBOL        a
  -------         ENDDO         
  C:3197H         LINE#         55
  C:3199H         LINE#         57
  C:319DH         LINE#         58
  C:31A0H         LINE#         59
  C:31A2H         LINE#         60
  -------         ENDPROC       _?SYS_GET_KEYEVENT
  -------         PROC          KEYINIT
  C:2FBBH         LINE#         62
  C:2FBBH         LINE#         63
BL51 BANKED LINKER/LOCATER V6.22.4.0                                                  09/15/2025  23:58:24  PAGE 14


  C:2FBBH         LINE#         64
  C:2FC9H         LINE#         65
  C:2FD7H         LINE#         66
  -------         ENDPROC       KEYINIT
  -------         PROC          _GETKEYACT
  D:0007H         SYMBOL        Key
  -------         DO            
  D:0006H         SYMBOL        a
  -------         ENDDO         
  C:2B7CH         LINE#         68
  C:2B7CH         LINE#         69
  C:2B7CH         LINE#         70
  C:2B86H         LINE#         71
  C:2BA1H         LINE#         72
  C:2BB6H         LINE#         73
  C:2BB9H         LINE#         74
  C:2BB9H         LINE#         75
  C:2BBBH         LINE#         76
  -------         ENDPROC       _GETKEYACT
  -------         ENDMOD        KEY

  -------         MODULE        SYS
  C:0000H         SYMBOL        _ICE_DUMMY_
  X:0000H         PUBLIC        count_1mS
  B:00D8H.2       PUBLIC        CCF2
  D:0080H         PUBLIC        P0
  B:0020H.1       PUBLIC        flag_1S
  D:0090H         PUBLIC        P1
  D:00A0H         PUBLIC        P2
  D:00B0H         PUBLIC        P3
  D:00C0H         PUBLIC        P4
  X:0001H         PUBLIC        T1
  D:00C8H         PUBLIC        P5
  X:0003H         PUBLIC        T2
  B:00A8H.7       PUBLIC        EA
  D:00E8H         PUBLIC        P6
  D:00F8H         PUBLIC        P7
  D:0009H         PUBLIC        IrDatNum
  B:00D8H.7       PUBLIC        CF
  B:0020H.2       PUBLIC        Ir_Coder
  B:0020H.3       PUBLIC        Ir_RxBusy
  D:00A8H         PUBLIC        IE
  B:0020H.4       PUBLIC        Ir_TxBusy
  X:0005H         PUBLIC        userfunccall
  D:00FAH         PUBLIC        CCAP0H
  D:00FBH         PUBLIC        CCAP1H
  C:250DH         PUBLIC        sys_task_Ir
  D:000AH         PUBLIC        IrCount_j
  D:000BH         PUBLIC        IrRx_count
  D:000CH         PUBLIC        IrProtocol
  D:00EAH         PUBLIC        CCAP0L
  D:000DH         PUBLIC        IrTx_count
  D:00EBH         PUBLIC        CCAP1L
  D:00DAH         PUBLIC        CCAPM0
  D:00DBH         PUBLIC        CCAPM1
  D:000EH         PUBLIC        MainLoops
  D:00B8H         PUBLIC        IP
BL51 BANKED LINKER/LOCATER V6.22.4.0                                                  09/15/2025  23:58:24  PAGE 15


  B:00D0H.7       PUBLIC        CY
  B:0020H.5       PUBLIC        flag_10mS
  D:00D8H         PUBLIC        CCON
  C:31E5H         PUBLIC        GetBeepTimer
  C:2A0EH         PUBLIC        sys_Timer0_isr
  C:2618H         PUBLIC        _SetEventCallBack
  C:3223H         PUBLIC        MySTC_Init
  C:2BFCH         PUBLIC        sys_task_100mS
  D:0012H         PUBLIC        ModBus_interval_time
  C:003EH         PUBLIC        _?ret0func
  C:29BBH         PUBLIC        GetUltraSonic
  X:0029H         PUBLIC        count_10mS
  X:002AH         PUBLIC        stcDrivers
  C:31EEH         PUBLIC        _SetBeepTimer
  B:0020H.6       PUBLIC        flag_IrRxFinished
  D:0098H         PUBLIC        SCON
  C:311DH         PUBLIC        _SetCCP0
  C:2C7AH         PUBLIC        MySTC_OS
  D:0089H         PUBLIC        TMOD
  D:0088H         PUBLIC        TCON
  B:0020H.7       PUBLIC        flag_Ir
  B:00B0H.5       PUBLIC        P35
  D:0013H         PUBLIC        IrRxNum
  X:0060H         PUBLIC        SysPerformance
  D:008EH         PUBLIC        AUXR
  C:2211H         PUBLIC        sys_CCP_isr
  C:1C51H         PUBLIC        sys_task_1mS
  B:00A8H.1       PUBLIC        ET0
  C:3235H         PUBLIC        ClrBeepPin
  D:008CH         PUBLIC        TH0
  B:0021H.0       PUBLIC        flag_100mS
  X:0065H         PUBLIC        distance
  D:008AH         PUBLIC        TL0
  D:0014H         PUBLIC        PollingMisses
  X:0067H         PUBLIC        sys_BP
  B:0088H.4       PUBLIC        TR0
  C:2E4CH         PUBLIC        sys_task_1S
  C:3209H         PUBLIC        GetSysPerformance
  B:0021H.1       PUBLIC        matchModBus
  X:006DH         PUBLIC        count_100mS
  B:0021H.2       PUBLIC        Ir_BitBusy
  D:0015H         PUBLIC        IrDat_count
  D:0016H         PUBLIC        IrMute_count
  B:0021H.3       PUBLIC        newFrame1
  C:2AABH         PUBLIC        sys_Timer0_Init
  B:0021H.4       PUBLIC        newFrame2
  D:0017H         PUBLIC        IrDataPc
  C:000AH         PUBLIC        _?nullfunc
  B:0021H.5       PUBLIC        flag_1mS
  B:0021H.6       PUBLIC        newUS
  D:008FH         PUBLIC        INT_CLKO
  C:235EH         PUBLIC        sys_task_10mS
  D:00D0H         PUBLIC        PSW
  B:00D8H.0       PUBLIC        CCF0
  B:00B0H.4       PUBLIC        Beep
  B:00D8H.1       PUBLIC        CCF1
  -------         PROC          _?NULLFUNC
BL51 BANKED LINKER/LOCATER V6.22.4.0                                                  09/15/2025  23:58:24  PAGE 16


  C:000AH         LINE#         13
  -------         ENDPROC       _?NULLFUNC
  -------         PROC          _?RET0FUNC
  C:003EH         LINE#         14
  -------         ENDPROC       _?RET0FUNC
  -------         PROC          SYS_TIMER0_INIT
  C:2AABH         LINE#         96
  C:2AABH         LINE#         97
  C:2AAEH         LINE#         98
  C:2AB1H         LINE#         99
  C:2AC7H         LINE#         100
  C:2AEDH         LINE#         101
  C:2AEFH         LINE#         102
  C:2AF1H         LINE#         103
  -------         ENDPROC       SYS_TIMER0_INIT
  -------         PROC          SYS_TIMER0_ISR
  -------         DO            
  D:0008H         SYMBOL        i
  -------         ENDDO         
  C:2A0EH         LINE#         105
  C:2A12H         LINE#         107
  C:2A15H         LINE#         108
  C:2A18H         LINE#         109
  C:2A1DH         LINE#         110
  C:2A1FH         LINE#         111
  C:2A1FH         LINE#         112
  C:2A25H         LINE#         113
  C:2A2BH         LINE#         114
  C:2A2EH         LINE#         115
  C:2A30H         LINE#         116
  C:2A33H         LINE#         117
  C:2A37H         LINE#         118
  C:2A39H         LINE#         119
  C:2A3CH         LINE#         120
  C:2A3EH         LINE#         122
  C:2A41H         LINE#         123
  C:2A43H         LINE#         124
  C:2A48H         LINE#         125
  C:2A48H         LINE#         126
  C:2A4AH         LINE#         128
  C:2A53H         LINE#         129
  C:2A55H         LINE#         130
  C:2A5BH         LINE#         131
  C:2A5BH         LINE#         132
  C:2A5BH         LINE#         133
  C:2A5BH         LINE#         134
  -------         ENDPROC       SYS_TIMER0_ISR
  -------         PROC          GETULTRASONIC
  -------         DO            
  D:006FH         SYMBOL        a
  -------         ENDDO         
  C:29BBH         LINE#         138
  C:29BBH         LINE#         139
  C:29BBH         LINE#         140
  C:29BEH         LINE#         141
  C:29C0H         LINE#         142
  C:29CFH         LINE#         143
BL51 BANKED LINKER/LOCATER V6.22.4.0                                                  09/15/2025  23:58:24  PAGE 17


  C:2A05H         LINE#         144
  C:2A05H         LINE#         145
  C:2A0DH         LINE#         146
  -------         ENDPROC       GETULTRASONIC
  -------         PROC          GETBEEPTIMER
  C:31E5H         LINE#         148
  C:31E5H         LINE#         149
  C:31EDH         LINE#         150
  -------         ENDPROC       GETBEEPTIMER
  -------         PROC          _SETBEEPTIMER
  D:0006H         SYMBOL        a
  C:31EEH         LINE#         152
  C:31EEH         LINE#         153
  C:31F6H         LINE#         154
  -------         ENDPROC       _SETBEEPTIMER
  -------         PROC          _SETCCP0
  D:0006H         SYMBOL        step
  D:0004H         SYMBOL        next
  C:311DH         LINE#         156
  C:311DH         LINE#         157
  C:3125H         LINE#         158
  C:312DH         LINE#         159
  -------         ENDPROC       _SETCCP0
  -------         PROC          CLRBEEPPIN
  C:3235H         LINE#         161
  C:3235H         LINE#         162
  C:3237H         LINE#         163
  -------         ENDPROC       CLRBEEPPIN
  -------         PROC          SYS_CCP_ISR
  -------         DO            
  B:0020H.0       SYMBOL        a
  -------         ENDDO         
  C:2211H         LINE#         165
  C:2224H         LINE#         167
  C:222BH         LINE#         168
  C:2232H         LINE#         169
  C:2235H         LINE#         170
  C:2237H         LINE#         171
  C:2247H         LINE#         172
  C:224EH         LINE#         173
  C:2251H         LINE#         174
  C:2253H         LINE#         175
  C:2255H         LINE#         177
  C:2269H         LINE#         178
  C:226CH         LINE#         179
  C:226EH         LINE#         180
  C:2270H         LINE#         181
  C:2272H         LINE#         183
  C:2272H         LINE#         184
  C:2275H         LINE#         185
  C:2277H         LINE#         186
  C:2281H         LINE#         187
  C:2283H         LINE#         188
  C:228CH         LINE#         189
  C:228FH         LINE#         190
  C:22A1H         LINE#         191
  C:22A3H         LINE#         193
BL51 BANKED LINKER/LOCATER V6.22.4.0                                                  09/15/2025  23:58:24  PAGE 18


  C:22A5H         LINE#         194
  C:22A8H         LINE#         195
  C:22A8H         LINE#         196
  C:22A8H         LINE#         197
  -------         ENDPROC       SYS_CCP_ISR
  -------         PROC          MYSTC_INIT
  C:3223H         LINE#         199
  C:3223H         LINE#         200
  C:3226H         LINE#         201
  C:3228H         LINE#         202
  -------         ENDPROC       MYSTC_INIT
  -------         PROC          SYS_TASK_IR
  -------         DO            
  D:0007H         SYMBOL        a
  -------         ENDDO         
  C:250DH         LINE#         204
  C:250DH         LINE#         205
  C:250DH         LINE#         206
  C:2523H         LINE#         207
  C:252AH         LINE#         208
  C:252DH         LINE#         209
  C:2530H         LINE#         210
  C:2546H         LINE#         211
  C:2556H         LINE#         212
  C:255EH         LINE#         213
  C:2561H         LINE#         214
  C:2563H         LINE#         216
  C:2579H         LINE#         217
  C:258DH         LINE#         218
  C:258DH         LINE#         219
  C:258FH         LINE#         220
  C:2592H         LINE#         222
  C:2592H         LINE#         224
  C:2594H         LINE#         225
  C:2597H         LINE#         226
  C:2597H         LINE#         227
  -------         ENDPROC       SYS_TASK_IR
  -------         PROC          SYS_TASK_1MS
  C:1C51H         LINE#         229
  C:1C51H         LINE#         230
  C:1C59H         LINE#         231
  C:1C5CH         LINE#         232
  C:1C5EH         LINE#         233
  C:1C66H         LINE#         234
  C:1C69H         LINE#         235
  C:1C6BH         LINE#         236
  C:1C73H         LINE#         237
  C:1C76H         LINE#         238
  C:1C78H         LINE#         239
  C:1C78H         LINE#         240
  C:1C78H         LINE#         241
  C:1C78H         LINE#         242
  C:1C84H         LINE#         243
  C:1C90H         LINE#         244
  C:1C9CH         LINE#         245
  C:1CA8H         LINE#         246
  C:1CB4H         LINE#         247
BL51 BANKED LINKER/LOCATER V6.22.4.0                                                  09/15/2025  23:58:24  PAGE 19


  C:1CC0H         LINE#         248
  C:1CDBH         LINE#         249
  C:1CEAH         LINE#         250
  C:1CF6H         LINE#         251
  C:1CF8H         LINE#         252
  C:1CF8H         LINE#         253
  C:1CFFH         LINE#         254
  C:1D02H         LINE#         255
  C:1D11H         LINE#         256
  C:1D13H         LINE#         257
  C:1D13H         LINE#         258
  C:1D15H         LINE#         260
  C:1D24H         LINE#         261
  C:1D30H         LINE#         262
  C:1D32H         LINE#         263
  C:1D32H         LINE#         264
  C:1D32H         LINE#         265
  -------         ENDPROC       SYS_TASK_1MS
  -------         PROC          SYS_TASK_10MS
  C:235EH         LINE#         268
  C:235EH         LINE#         269
  C:236AH         LINE#         270
  C:2376H         LINE#         271
  C:2382H         LINE#         272
  C:238EH         LINE#         273
  C:23A9H         LINE#         274
  C:23C4H         LINE#         275
  C:23DFH         LINE#         276
  C:23E2H         LINE#         277
  C:23E4H         LINE#         278
  C:23F0H         LINE#         279
  C:23F0H         LINE#         280
  -------         ENDPROC       SYS_TASK_10MS
  -------         PROC          SYS_TASK_100MS
  C:2BFCH         LINE#         282
  C:2BFCH         LINE#         283
  C:2C08H         LINE#         284
  C:2C23H         LINE#         285
  C:2C2FH         LINE#         286
  -------         ENDPROC       SYS_TASK_100MS
  -------         PROC          SYS_TASK_1S
  C:2E4CH         LINE#         289
  C:2E4CH         LINE#         290
  C:2E5AH         LINE#         291
  C:2E60H         LINE#         292
  C:2E69H         LINE#         293
  C:2E6BH         LINE#         294
  -------         ENDPROC       SYS_TASK_1S
  -------         PROC          MYSTC_OS
  C:2C7AH         LINE#         297
  C:2C7AH         LINE#         298
  C:2C82H         LINE#         299
  C:2C8AH         LINE#         300
  C:2C92H         LINE#         301
  C:2C9AH         LINE#         302
  C:2CA2H         LINE#         303
  C:2CB7H         LINE#         306
BL51 BANKED LINKER/LOCATER V6.22.4.0                                                  09/15/2025  23:58:24  PAGE 20


  -------         ENDPROC       MYSTC_OS
  -------         PROC          _SETEVENTCALLBACK
  D:0007H         SYMBOL        event
  D:002DH         SYMBOL        user_callback
  C:2618H         LINE#         308
  C:261EH         LINE#         309
  C:264FH         LINE#         310
  C:2652H         LINE#         311
  C:2654H         LINE#         312
  C:2657H         LINE#         313
  C:2659H         LINE#         314
  C:265CH         LINE#         315
  C:265EH         LINE#         316
  C:2661H         LINE#         317
  C:2663H         LINE#         318
  C:2666H         LINE#         319
  C:2668H         LINE#         320
  C:266BH         LINE#         321
  C:266DH         LINE#         322
  C:2670H         LINE#         323
  C:2672H         LINE#         324
  C:2675H         LINE#         325
  C:2677H         LINE#         326
  C:267AH         LINE#         327
  C:267CH         LINE#         328
  C:267FH         LINE#         329
  C:2681H         LINE#         330
  C:2684H         LINE#         331
  C:2686H         LINE#         332
  C:2694H         LINE#         333
  C:2694H         LINE#         334
  C:2694H         LINE#         335
  C:2694H         LINE#         336
  -------         ENDPROC       _SETEVENTCALLBACK
  -------         PROC          GETSYSPERFORMANCE
  C:3209H         LINE#         338
  C:3209H         LINE#         339
  C:320FH         LINE#         340
  -------         ENDPROC       GETSYSPERFORMANCE
  -------         ENDMOD        SYS

  -------         MODULE        EXT
  C:0000H         SYMBOL        _ICE_DUMMY_
  D:0080H         PUBLIC        P0
  D:0090H         PUBLIC        P1
  D:00A0H         PUBLIC        P2
  D:00B0H         PUBLIC        P3
  D:00C0H         PUBLIC        P4
  D:00C8H         PUBLIC        P5
  D:00E8H         PUBLIC        P6
  X:0181H         PUBLIC        EXTmodel
  D:00F8H         PUBLIC        P7
  C:2CF4H         PUBLIC        _EXTInit
  C:290AH         PUBLIC        ReadCount
  D:00A2H         PUBLIC        P_SW1
  C:31F7H         PUBLIC        GetWeight
  D:00A8H         PUBLIC        IE
BL51 BANKED LINKER/LOCATER V6.22.4.0                                                  09/15/2025  23:58:24  PAGE 21


  X:0182H         PUBLIC        T_Pout1
  X:0184H         PUBLIC        T_Pout2
  B:00D8H.6       PUBLIC        CR
  X:0186H         PUBLIC        resultEXT
  D:00DBH         PUBLIC        CCAPM1
  D:00B8H         PUBLIC        IP
  C:23F1H         PUBLIC        _SetPWM
  D:00D9H         PUBLIC        CMOD
  D:00D8H         PUBLIC        CCON
  D:0098H         PUBLIC        SCON
  D:0088H         PUBLIC        TCON
  B:0090H.0       PUBLIC        DOUT
  D:00E0H         PUBLIC        ACC
  B:0090H.1       PUBLIC        PD_SCK
  X:0188H         PUBLIC        T_PWM1
  X:018AH         PUBLIC        T_PWM2
  C:1E27H         PUBLIC        _?sys_EXT_drv
  C:312EH         PUBLIC        GetDecode
  D:00D0H         PUBLIC        PSW
  -------         PROC          _SETPWM
  D:0002H         SYMBOL        PWM1
  D:0005H         SYMBOL        freq1
  D:0061H         SYMBOL        PWM2
  D:0062H         SYMBOL        freq2
  C:23F1H         LINE#         25
  C:23F5H         LINE#         26
  C:2406H         LINE#         27
  C:2418H         LINE#         28
  C:244CH         LINE#         29
  C:2480H         LINE#         30
  -------         ENDPROC       _SETPWM
  -------         PROC          READCOUNT
  -------         DO            
  D:002DH         SYMBOL        Count
  D:0031H         SYMBOL        i
  -------         ENDDO         
  C:290AH         LINE#         35
  C:290AH         LINE#         36
  C:290AH         LINE#         38
  C:2913H         LINE#         39
  C:2915H         LINE#         40
  C:2917H         LINE#         41
  C:292CH         LINE#         42
  C:292DH         LINE#         43
  C:292FH         LINE#         44
  C:2947H         LINE#         45
  C:294EH         LINE#         46
  C:294FH         LINE#         47
  C:2951H         LINE#         48
  C:2952H         LINE#         49
  C:2953H         LINE#         50
  C:2955H         LINE#         51
  C:2962H         LINE#         52
  -------         ENDPROC       READCOUNT
  -------         PROC          GETWEIGHT
  C:31F7H         LINE#         54
  C:31F7H         LINE#         55
BL51 BANKED LINKER/LOCATER V6.22.4.0                                                  09/15/2025  23:58:24  PAGE 22


  C:31FFH         LINE#         56
  -------         ENDPROC       GETWEIGHT
  -------         PROC          GETDECODE
  -------         DO            
  D:0006H         SYMBOL        a
  -------         ENDDO         
  C:312EH         LINE#         58
  C:312EH         LINE#         59
  C:312EH         LINE#         60
  C:3136H         LINE#         61
  C:313DH         LINE#         62
  C:313DH         LINE#         63
  -------         ENDPROC       GETDECODE
  -------         PROC          _?SYS_EXT_DRV
  -------         DO            
  D:001AH         SYMBOL        i
  D:001CH         SYMBOL        j
  D:001EH         SYMBOL        oldPin1
  D:001FH         SYMBOL        UStimer
  -------         ENDDO         
  C:1E27H         LINE#         65
  C:1E27H         LINE#         69
  C:1E2DH         LINE#         70
  C:1E31H         LINE#         71
  C:1E3CH         LINE#         72
  C:1E3CH         LINE#         73
  C:1E45H         LINE#         74
  C:1E61H         LINE#         75
  C:1E76H         LINE#         76
  C:1E92H         LINE#         77
  C:1EA7H         LINE#         78
  C:1EA7H         LINE#         79
  C:1EACH         LINE#         80
  C:1EC3H         LINE#         81
  C:1EE4H         LINE#         82
  C:1EEAH         LINE#         83
  C:1EEAH         LINE#         84
  C:1EF1H         LINE#         85
  C:1EF7H         LINE#         86
  C:1EFCH         LINE#         87
  C:1EFEH         LINE#         88
  C:1F01H         LINE#         89
  C:1F01H         LINE#         90
  C:1F0AH         LINE#         91
  C:1F0DH         LINE#         92
  C:1F0DH         LINE#         93
  -------         ENDPROC       _?SYS_EXT_DRV
  -------         PROC          _EXTINIT
  D:0007H         SYMBOL        EXTfunction
  C:2CF4H         LINE#         95
  C:2CF4H         LINE#         96
  C:2CF4H         LINE#         97
  C:2CF9H         LINE#         98
  C:2CFFH         LINE#         99
  C:2D01H         LINE#         100
  C:2D08H         LINE#         101
  C:2D0AH         LINE#         102
BL51 BANKED LINKER/LOCATER V6.22.4.0                                                  09/15/2025  23:58:24  PAGE 23


  C:2D0CH         LINE#         103
  C:2D0EH         LINE#         104
  C:2D11H         LINE#         105
  C:2D14H         LINE#         106
  C:2D16H         LINE#         107
  C:2D18H         LINE#         108
  C:2D1BH         LINE#         109
  C:2D29H         LINE#         110
  -------         ENDPROC       _EXTINIT
  -------         ENDMOD        EXT

  -------         MODULE        UART2
  C:0000H         SYMBOL        _ICE_DUMMY_
  D:0071H         PUBLIC        ModBus_Interval_Min
  D:0080H         PUBLIC        P0
  C:100DH         PUBLIC        Uart2_isr
  D:0090H         PUBLIC        P1
  D:00A0H         PUBLIC        P2
  D:00B0H         PUBLIC        P3
  D:00C0H         PUBLIC        P4
  D:00C8H         PUBLIC        P5
  D:00E8H         PUBLIC        P6
  D:00F8H         PUBLIC        P7
  D:00BAH         PUBLIC        P_SW2
  D:00A8H         PUBLIC        IE
  D:00DBH         PUBLIC        CCAPM1
  D:00B8H         PUBLIC        IP
  C:002AH         PUBLIC        _?nullfunc0
  D:00D8H         PUBLIC        CCON
  C:2D8DH         PUBLIC        _SetUart2Rxd
  B:0090H.0       PUBLIC        P10
  B:0090H.1       PUBLIC        P11
  D:0098H         PUBLIC        SCON
  D:0088H         PUBLIC        TCON
  D:00AFH         PUBLIC        IE2
  D:008EH         PUBLIC        AUXR
  C:31B2H         PUBLIC        GetUart2TxStatus
  D:00D6H         PUBLIC        T2H
  B:00B0H.7       PUBLIC        M485_TxEn
  D:00D7H         PUBLIC        T2L
  C:2DEFH         PUBLIC        _Uart2Print
  D:009BH         PUBLIC        S2BUF
  D:009AH         PUBLIC        S2CON
  C:20AEH         PUBLIC        _Uart2Init
  D:0072H         PUBLIC        Uart2usage
  C:314EH         PUBLIC        _?sys_get_Uart2RxdEvent
  X:0139H         PUBLIC        com2
  D:00D0H         PUBLIC        PSW
  -------         PROC          UART2_ISR
  C:100DH         LINE#         19
  C:102AH         LINE#         20
  C:102FH         LINE#         21
  C:1032H         LINE#         22
  C:1066H         LINE#         24
  C:106BH         LINE#         25
  C:1071H         LINE#         26
  C:1071H         LINE#         27
BL51 BANKED LINKER/LOCATER V6.22.4.0                                                  09/15/2025  23:58:24  PAGE 24


  C:1071H         LINE#         29
  C:1079H         LINE#         30
  C:107CH         LINE#         31
  C:107FH         LINE#         32
  C:1081H         LINE#         33
  C:1088H         LINE#         34
  C:108AH         LINE#         35
  C:108AH         LINE#         36
  C:1093H         LINE#         37
  C:10A7H         LINE#         38
  C:10BBH         LINE#         39
  C:10CAH         LINE#         40
  C:10D8H         LINE#         41
  C:110AH         LINE#         42
  C:1118H         LINE#         43
  C:1118H         LINE#         44
  C:111BH         LINE#         45
  C:111EH         LINE#         47
  C:1132H         LINE#         48
  C:1146H         LINE#         49
  C:1155H         LINE#         50
  C:1163H         LINE#         51
  C:119BH         LINE#         52
  C:11A9H         LINE#         53
  C:11A9H         LINE#         54
  C:11C4H         LINE#         55
  C:11C4H         LINE#         56
  C:11C4H         LINE#         57
  -------         ENDPROC       UART2_ISR
  -------         PROC          _?SYS_GET_UART2RXDEVENT
  -------         DO            
  i:0000H         SYMBOL        a
  -------         ENDDO         
  C:314EH         LINE#         59
  C:3150H         LINE#         61
  C:3158H         LINE#         62
  C:315AH         LINE#         63
  C:315AH         LINE#         64
  -------         ENDPROC       _?SYS_GET_UART2RXDEVENT
  -------         PROC          _?NULLFUNC0
  C:002AH         LINE#         66
  -------         ENDPROC       _?NULLFUNC0
  -------         PROC          _UART2INIT
  D:002DH         SYMBOL        band
  D:0031H         SYMBOL        Uart2mode
  C:20AEH         LINE#         68
  C:20B6H         LINE#         69
  C:20B6H         LINE#         72
  C:20B9H         LINE#         73
  C:20BFH         LINE#         74
  C:20C2H         LINE#         75
  C:20C6H         LINE#         76
  C:20D4H         LINE#         77
  C:20D7H         LINE#         78
  C:20D9H         LINE#         79
  C:20DBH         LINE#         80
  C:20DDH         LINE#         82
BL51 BANKED LINKER/LOCATER V6.22.4.0                                                  09/15/2025  23:58:24  PAGE 25


  C:20DFH         LINE#         83
  C:20F3H         LINE#         84
  C:20FAH         LINE#         85
  C:20FDH         LINE#         86
  C:20FDH         LINE#         88
  C:2100H         LINE#         89
  C:211FH         LINE#         90
  C:214EH         LINE#         91
  C:2151H         LINE#         92
  C:2154H         LINE#         93
  C:2162H         LINE#         94
  -------         ENDPROC       _UART2INIT
  -------         PROC          _SETUART2RXD
  D:0001H         SYMBOL        RxdPt
  D:0004H         SYMBOL        Nmax
  D:0032H         SYMBOL        matchhead
  D:0035H         SYMBOL        matchheadsize
  C:2D8DH         LINE#         96
  C:2D8DH         LINE#         97
  C:2D98H         LINE#         98
  C:2D9EH         LINE#         99
  C:2DA8H         LINE#         100
  C:2DB6H         LINE#         101
  C:2DB8H         LINE#         102
  C:2DBDH         LINE#         103
  -------         ENDPROC       _SETUART2RXD
  -------         PROC          _UART2PRINT
  D:0001H         SYMBOL        pt
  D:0004H         SYMBOL        num
  C:2DEFH         LINE#         105
  C:2DEFH         LINE#         106
  C:2DF5H         LINE#         107
  C:2E00H         LINE#         108
  C:2E05H         LINE#         109
  C:2E0BH         LINE#         110
  C:2E0FH         LINE#         112
  C:2E15H         LINE#         113
  C:2E18H         LINE#         114
  C:2E1BH         LINE#         115
  C:2E1BH         LINE#         116
  C:2E1DH         LINE#         117
  -------         ENDPROC       _UART2PRINT
  -------         PROC          GETUART2TXSTATUS
  C:31B2H         LINE#         119
  C:31B2H         LINE#         120
  C:31BAH         LINE#         121
  C:31BCH         LINE#         122
  -------         ENDPROC       GETUART2TXSTATUS
  -------         ENDMOD        UART2

  -------         MODULE        TEMP_MODULE
  C:0000H         SYMBOL        _ICE_DUMMY_
  D:0080H         PUBLIC        P0
  D:0090H         PUBLIC        P1
  D:00A0H         PUBLIC        P2
  D:00B0H         PUBLIC        P3
  D:00C0H         PUBLIC        P4
BL51 BANKED LINKER/LOCATER V6.22.4.0                                                  09/15/2025  23:58:24  PAGE 26


  D:00C8H         PUBLIC        P5
  D:00E8H         PUBLIC        P6
  D:00F8H         PUBLIC        P7
  D:00A8H         PUBLIC        IE
  D:00B8H         PUBLIC        IP
  D:00D8H         PUBLIC        CCON
  D:0098H         PUBLIC        SCON
  D:0088H         PUBLIC        TCON
  X:0123H         PUBLIC        temperature
  X:0127H         PUBLIC        temp
  C:1F0EH         PUBLIC        ShowTemp
  X:0129H         PUBLIC        adc_temp
  C:0C26H         PUBLIC        tempdata
  X:0133H         PUBLIC        tempThresholds
  X:0137H         PUBLIC        rt
  D:00D0H         PUBLIC        PSW
  -------         PROC          SHOWTEMP
  C:1F0EH         LINE#         23
  C:1F0EH         LINE#         24
  C:1F0EH         LINE#         25
  C:1F1EH         LINE#         26
  C:1F2DH         LINE#         27
  C:1F44H         LINE#         28
  C:1F68H         LINE#         29
  C:1F78H         LINE#         30
  C:1FA9H         LINE#         32
  C:1FF3H         LINE#         33
  -------         ENDPROC       SHOWTEMP
  -------         ENDMOD        TEMP_MODULE

  -------         MODULE        NAV_HANDLER
  C:0000H         SYMBOL        _ICE_DUMMY_
  D:0080H         PUBLIC        P0
  D:0090H         PUBLIC        P1
  D:00A0H         PUBLIC        P2
  X:01B5H         PUBLIC        displayMode
  D:00B0H         PUBLIC        P3
  D:00C0H         PUBLIC        P4
  D:00C8H         PUBLIC        P5
  D:00E8H         PUBLIC        P6
  D:00F8H         PUBLIC        P7
  D:00A8H         PUBLIC        IE
  D:00B8H         PUBLIC        IP
  D:00D8H         PUBLIC        CCON
  C:307AH         PUBLIC        ShowStatus
  D:0098H         PUBLIC        SCON
  D:0088H         PUBLIC        TCON
  C:2BBCH         PUBLIC        NavHandler
  D:00D0H         PUBLIC        PSW
  -------         PROC          NAVHANDLER
  -------         DO            
  X:01B3H         SYMBOL        navUp
  X:01B4H         SYMBOL        navDown
  -------         ENDDO         
  C:2BBCH         LINE#         12
  C:2BBCH         LINE#         13
  C:2BBCH         LINE#         14
BL51 BANKED LINKER/LOCATER V6.22.4.0                                                  09/15/2025  23:58:24  PAGE 27


  C:2BC6H         LINE#         15
  C:2BD0H         LINE#         17
  C:2BD7H         LINE#         18
  C:2BDDH         LINE#         19
  C:2BE5H         LINE#         20
  C:2BE5H         LINE#         21
  C:2BECH         LINE#         22
  C:2BF2H         LINE#         23
  C:2BFBH         LINE#         24
  C:2BFBH         LINE#         25
  -------         ENDPROC       NAVHANDLER
  -------         PROC          SHOWSTATUS
  C:307AH         LINE#         27
  C:307AH         LINE#         28
  C:307AH         LINE#         29
  C:3088H         LINE#         30
  C:308BH         LINE#         31
  C:308EH         LINE#         32
  C:3091H         LINE#         33
  C:3091H         LINE#         34
  -------         ENDPROC       SHOWSTATUS
  -------         ENDMOD        NAV_HANDLER

  -------         MODULE        RTC_MODULE
  C:0000H         SYMBOL        _ICE_DUMMY_
  D:0080H         PUBLIC        P0
  D:0090H         PUBLIC        P1
  D:00A0H         PUBLIC        P2
  D:00B0H         PUBLIC        P3
  D:00C0H         PUBLIC        P4
  D:00C8H         PUBLIC        P5
  D:00E8H         PUBLIC        P6
  D:00F8H         PUBLIC        P7
  C:1FF4H         PUBLIC        ResetTimer
  D:00A8H         PUBLIC        IE
  D:00B8H         PUBLIC        IP
  X:00E3H         PUBLIC        tinfo
  D:00D8H         PUBLIC        CCON
  B:0022H.0       PUBLIC        mode
  D:0098H         PUBLIC        SCON
  C:17EBH         PUBLIC        ShowTime
  D:0088H         PUBLIC        TCON
  X:00E6H         PUBLIC        dist
  X:00E8H         PUBLIC        rtc_time
  X:0104H         PUBLIC        get_speed_res
  D:00D0H         PUBLIC        PSW
  C:28AFH         PUBLIC        GetETA
  -------         PROC          RESETTIMER
  -------         DO            
  X:01B3H         SYMBOL        total_seconds
  -------         ENDDO         
  C:1FF4H         LINE#         7
  C:1FF4H         LINE#         9
  C:1FFCH         LINE#         10
  C:1FFFH         LINE#         11
  C:2044H         LINE#         12
  C:2046H         LINE#         13
BL51 BANKED LINKER/LOCATER V6.22.4.0                                                  09/15/2025  23:58:24  PAGE 28


  C:204FH         LINE#         14
  C:204FH         LINE#         15
  C:2072H         LINE#         16
  C:208EH         LINE#         17
  -------         ENDPROC       RESETTIMER
  -------         PROC          GETETA
  C:28AFH         LINE#         19
  C:28AFH         LINE#         20
  C:28CFH         LINE#         21
  C:2903H         LINE#         22
  C:2909H         LINE#         23
  -------         ENDPROC       GETETA
  -------         PROC          SHOWTIME
  C:17EBH         LINE#         24
  C:17EBH         LINE#         25
  C:180BH         LINE#         26
  C:182FH         LINE#         27
  C:1831H         LINE#         28
  C:1831H         LINE#         29
  C:185DH         LINE#         30
  C:1860H         LINE#         31
  C:1874H         LINE#         32
  C:1886H         LINE#         33
  C:1893H         LINE#         34
  C:1895H         LINE#         35
  C:18A7H         LINE#         36
  C:18A7H         LINE#         37
  C:18C7H         LINE#         38
  -------         ENDPROC       SHOWTIME
  -------         ENDMOD        RTC_MODULE

  -------         MODULE        SPEED_MODULE
  C:0000H         SYMBOL        _ICE_DUMMY_
  D:0080H         PUBLIC        P0
  D:0090H         PUBLIC        P1
  D:00A0H         PUBLIC        P2
  D:00B0H         PUBLIC        P3
  D:00C0H         PUBLIC        P4
  D:00C8H         PUBLIC        P5
  D:00E8H         PUBLIC        P6
  D:00F8H         PUBLIC        P7
  D:00A8H         PUBLIC        IE
  X:01A7H         PUBLIC        speed
  C:3200H         PUBLIC        GetSpeed
  C:2A60H         PUBLIC        ShowSpeed
  D:00B8H         PUBLIC        IP
  D:00D8H         PUBLIC        CCON
  D:0098H         PUBLIC        SCON
  D:0088H         PUBLIC        TCON
  X:01ABH         PUBLIC        v
  D:00D0H         PUBLIC        PSW
  -------         PROC          GETSPEED
  C:3200H         LINE#         8
  C:3200H         LINE#         9
  C:3200H         LINE#         10
  C:3208H         LINE#         11
  -------         ENDPROC       GETSPEED
BL51 BANKED LINKER/LOCATER V6.22.4.0                                                  09/15/2025  23:58:24  PAGE 29


  -------         PROC          SHOWSPEED
  C:2A60H         LINE#         12
  C:2A60H         LINE#         13
  C:2A60H         LINE#         14
  -------         ENDPROC       SHOWSPEED
  -------         ENDMOD        SPEED_MODULE

  -------         MODULE        VOICE_MODULE
  C:0000H         SYMBOL        _ICE_DUMMY_
  D:0080H         PUBLIC        P0
  D:0090H         PUBLIC        P1
  D:00A0H         PUBLIC        P2
  D:00B0H         PUBLIC        P3
  D:00C0H         PUBLIC        P4
  D:00C8H         PUBLIC        P5
  D:00E8H         PUBLIC        P6
  D:00F8H         PUBLIC        P7
  D:00A8H         PUBLIC        IE
  D:00B8H         PUBLIC        IP
  D:00D8H         PUBLIC        CCON
  C:2695H         PUBLIC        CheckCountdownEvent
  D:0098H         PUBLIC        SCON
  D:0088H         PUBLIC        TCON
  X:01ADH         PUBLIC        Uart2RxBuf
  C:0776H         PUBLIC        VOICE_STRING_1
  C:0906H         PUBLIC        VOICE_STRING_2
  C:0A96H         PUBLIC        VOICE_STRING_3
  X:01AEH         PUBLIC        Uart2Busy
  D:00D0H         PUBLIC        PSW
  C:30E7H         PUBLIC        myUart2Rxd_callback
  -------         PROC          MYUART2RXD_CALLBACK
  C:30E7H         LINE#         22
  C:30E7H         LINE#         23
  C:30E7H         LINE#         24
  C:30EEH         LINE#         25
  C:30F3H         LINE#         27
  C:30F8H         LINE#         28
  -------         ENDPROC       MYUART2RXD_CALLBACK
  -------         PROC          CHECKCOUNTDOWNEVENT
  -------         DO            
  X:01B3H         SYMBOL        rest_total_seconds
  -------         ENDDO         
  C:2695H         LINE#         31
  C:2695H         LINE#         32
  C:2695H         LINE#         35
  C:269DH         LINE#         37
  C:26A0H         LINE#         38
  C:26B0H         LINE#         41
  C:26BBH         LINE#         42
  C:26BBH         LINE#         43
  C:26C6H         LINE#         44
  C:26C8H         LINE#         45
  C:26DBH         LINE#         46
  C:26DBH         LINE#         47
  C:26E6H         LINE#         48
  C:26E8H         LINE#         49
  C:26F9H         LINE#         50
BL51 BANKED LINKER/LOCATER V6.22.4.0                                                  09/15/2025  23:58:24  PAGE 30


  C:26F9H         LINE#         51
  C:2710H         LINE#         52
  C:2710H         LINE#         53
  -------         ENDPROC       CHECKCOUNTDOWNEVENT
  -------         ENDMOD        VOICE_MODULE

  -------         MODULE        CORE
  C:0000H         SYMBOL        _ICE_DUMMY_
  C:3229H         PUBLIC        my1S_callback
  D:0080H         PUBLIC        P0
  D:0090H         PUBLIC        P1
  D:00A0H         PUBLIC        P2
  D:00B0H         PUBLIC        P3
  D:00C0H         PUBLIC        P4
  D:00C8H         PUBLIC        P5
  D:00E8H         PUBLIC        P6
  D:00F8H         PUBLIC        P7
  X:019FH         PUBLIC        is_door_open
  D:00A8H         PUBLIC        IE
  D:00B8H         PUBLIC        IP
  D:00D8H         PUBLIC        CCON
  C:0026H         PUBLIC        SysClock
  D:0098H         PUBLIC        SCON
  D:0088H         PUBLIC        TCON
  D:0076H         PUBLIC        id
  X:01A3H         PUBLIC        is_alarm
  D:00D0H         PUBLIC        PSW
  -------         PROC          MY1S_CALLBACK
  C:3229H         LINE#         8
  C:3229H         LINE#         10
  C:322CH         LINE#         11
  -------         ENDPROC       MY1S_CALLBACK
  -------         ENDMOD        CORE

  -------         MODULE        DECODE_TABLE
  C:0000H         SYMBOL        _ICE_DUMMY_
  C:2CB8H         PUBLIC        decode_table
  -------         ENDMOD        DECODE_TABLE

  -------         MODULE        NV_TEMP_THRESHOLD
  C:0000H         SYMBOL        _ICE_DUMMY_
  D:0080H         PUBLIC        P0
  C:2EEDH         PUBLIC        _NVTempThresholdWrite
  D:0090H         PUBLIC        P1
  D:00A0H         PUBLIC        P2
  D:00B0H         PUBLIC        P3
  D:00C0H         PUBLIC        P4
  D:00C8H         PUBLIC        P5
  D:00E8H         PUBLIC        P6
  D:00F8H         PUBLIC        P7
  C:002EH         PUBLIC        NVTempThresholdInit
  C:30F9H         SYMBOL        _NVIsValidThreshold
  D:00A8H         PUBLIC        IE
  D:00B8H         PUBLIC        IP
  D:00D8H         PUBLIC        CCON
  X:01AFH         SYMBOL        s_nv_lastWriteCarId
  D:0098H         PUBLIC        SCON
BL51 BANKED LINKER/LOCATER V6.22.4.0                                                  09/15/2025  23:58:24  PAGE 31


  D:0088H         PUBLIC        TCON
  C:2C3BH         PUBLIC        _NVTempThresholdUpdate
  C:2EC8H         PUBLIC        _NVTempThresholdRead
  X:01B0H         SYMBOL        s_nv_isInitialized
  D:00D0H         PUBLIC        PSW
  -------         PROC          _NVISVALIDTHRESHOLD
  D:0007H         SYMBOL        threshold
  C:30F9H         LINE#         21
  C:30F9H         LINE#         22
  C:30F9H         LINE#         23
  C:310AH         LINE#         24
  -------         ENDPROC       _NVISVALIDTHRESHOLD
  -------         PROC          NVTEMPTHRESHOLDINIT
  C:002EH         LINE#         29
  C:002EH         LINE#         30
  C:002EH         LINE#         31
  C:0034H         LINE#         32
  C:003AH         LINE#         33
  -------         ENDPROC       NVTEMPTHRESHOLDINIT
  -------         PROC          _NVTEMPTHRESHOLDREAD
  D:0007H         SYMBOL        carId
  -------         DO            
  X:01B6H         SYMBOL        storedValue
  -------         ENDDO         
  C:2EC8H         LINE#         40
  C:2EC8H         LINE#         41
  C:2EC8H         LINE#         44
  C:2ECEH         LINE#         45
  C:2ED1H         LINE#         46
  C:2ED1H         LINE#         48
  C:2ED9H         LINE#         50
  C:2EE4H         LINE#         51
  C:2EE7H         LINE#         52
  C:2EE7H         LINE#         54
  C:2EECH         LINE#         55
  -------         ENDPROC       _NVTEMPTHRESHOLDREAD
  -------         PROC          _NVTEMPTHRESHOLDWRITE
  D:0077H         SYMBOL        carId
  D:0005H         SYMBOL        threshold
  C:2EEDH         LINE#         63
  C:2EEFH         LINE#         64
  C:2EEFH         LINE#         65
  C:2EF5H         LINE#         66
  C:2EF8H         LINE#         67
  C:2EF8H         LINE#         69
  C:2F00H         LINE#         70
  C:2F03H         LINE#         71
  C:2F03H         LINE#         73
  C:2F08H         LINE#         74
  C:2F0EH         LINE#         75
  C:2F10H         LINE#         76
  -------         ENDPROC       _NVTEMPTHRESHOLDWRITE
  -------         PROC          _NVTEMPTHRESHOLDUPDATE
  D:0073H         SYMBOL        carId
  D:0074H         SYMBOL        threshold
  -------         DO            
  X:01B7H         SYMBOL        current
BL51 BANKED LINKER/LOCATER V6.22.4.0                                                  09/15/2025  23:58:24  PAGE 32


  -------         ENDDO         
  C:2C3BH         LINE#         82
  C:2C3FH         LINE#         83
  C:2C3FH         LINE#         86
  C:2C45H         LINE#         87
  C:2C48H         LINE#         88
  C:2C48H         LINE#         90
  C:2C50H         LINE#         91
  C:2C55H         LINE#         92
  C:2C55H         LINE#         94
  C:2C5FH         LINE#         95
  C:2C62H         LINE#         96
  C:2C66H         LINE#         97
  C:2C66H         LINE#         99
  C:2C79H         LINE#         100
  -------         ENDPROC       _NVTEMPTHRESHOLDUPDATE
  -------         ENDMOD        NV_TEMP_THRESHOLD

  -------         MODULE        MY_UART1
  C:0000H         SYMBOL        _ICE_DUMMY_
  D:0080H         PUBLIC        P0
  D:0090H         PUBLIC        P1
  D:00A0H         PUBLIC        P2
  C:1A4CH         SYMBOL        _my_utoa
  D:00B0H         PUBLIC        P3
  D:00C0H         PUBLIC        P4
  D:00C8H         PUBLIC        P5
  D:00E8H         PUBLIC        P6
  D:00F8H         PUBLIC        P7
  D:00A8H         PUBLIC        IE
  X:006EH         PUBLIC        g_rxBuffer
  C:2D2AH         SYMBOL        Uart1RxdCallback
  X:008EH         PUBLIC        g_txBuffer
  C:0E22H         PUBLIC        MyUart1SendCurrentStatus
  D:00B8H         PUBLIC        IP
  D:00D8H         PUBLIC        CCON
  C:000EH         PUBLIC        MyUart1ClearRxBuffer
  C:2963H         PUBLIC        MyUart1Init
  X:00AEH         SYMBOL        s_headerMatch
  D:0098H         PUBLIC        SCON
  D:0088H         PUBLIC        TCON
  C:11DFH         SYMBOL        _ParseCommand
  C:31BDH         PUBLIC        MyUart1ProcessRxData
  X:00B2H         SYMBOL        s_rxStatus
  C:2FD8H         PUBLIC        _MyUart1LoadTempThreshold
  D:00D0H         PUBLIC        PSW
  -------         PROC          UART1RXDCALLBACK
  -------         DO            
  D:0082H         SYMBOL        newlinePos
  -------         ENDDO         
  C:2D2AH         LINE#         26
  C:2D2AH         LINE#         27
  C:2D3DH         LINE#         29
  C:2D41H         LINE#         30
  C:2D43H         LINE#         31
  C:2D49H         LINE#         34
  C:2D52H         LINE#         37
BL51 BANKED LINKER/LOCATER V6.22.4.0                                                  09/15/2025  23:58:24  PAGE 33


  C:2D55H         LINE#         38
  C:2D55H         LINE#         39
  C:2D5BH         LINE#         40
  C:2D5BH         LINE#         41
  -------         ENDPROC       UART1RXDCALLBACK
  -------         PROC          MYUART1INIT
  C:2963H         LINE#         46
  C:2963H         LINE#         47
  C:296EH         LINE#         48
  C:297DH         LINE#         49
  C:298CH         LINE#         50
  C:2997H         LINE#         51
  C:29B3H         LINE#         52
  C:29B8H         LINE#         55
  -------         ENDPROC       MYUART1INIT
  -------         PROC          MYUART1CLEARRXBUFFER
  C:000EH         LINE#         61
  C:000EH         LINE#         62
  C:001DH         LINE#         63
  C:0022H         LINE#         64
  -------         ENDPROC       MYUART1CLEARRXBUFFER
  -------         PROC          MYUART1PROCESSRXDATA
  C:31BDH         LINE#         69
  C:31BDH         LINE#         71
  C:31C4H         LINE#         73
  C:31C7H         LINE#         74
  C:31C7H         LINE#         75
  -------         ENDPROC       MYUART1PROCESSRXDATA
  -------         PROC          _PARSECOMMAND
  D:0055H         SYMBOL        cmdStr
  -------         DO            
  X:00B3H         SYMBOL        tempBuffer
  D:0058H         SYMBOL        token
  X:00D3H         SYMBOL        fieldIndex
  X:00D5H         SYMBOL        tempCarId
  X:00D7H         SYMBOL        tempTemp
  X:00D9H         SYMBOL        tempTempThresholds
  X:00DBH         SYMBOL        tempSpeed
  X:00DDH         SYMBOL        tempEtaMin
  X:00DFH         SYMBOL        tempEtaSec
  X:00E1H         SYMBOL        tempDoor
[...]
  C:22E1H         LINE#         156
  C:22E6H         LINE#         157
  C:22E9H         LINE#         158
  C:22E9H         LINE#         159
  C:22E9H         LINE#         160
  C:22EFH         LINE#         161
  C:22F9H         LINE#         162
  C:2303H         LINE#         163
  C:2303H         LINE#         164
  C:2303H         LINE#         165
  C:2305H         LINE#         166
  C:2312H         LINE#         167
  C:2314H         LINE#         168
  C:2319H         LINE#         169
  C:2320H         LINE#         170
  C:232AH         LINE#         171
  C:232FH         LINE#         172
  C:2334H         LINE#         173
  C:233CH         LINE#         174
  C:2344H         LINE#         175
  C:234CH         LINE#         176
  C:2354H         LINE#         177
  C:235BH         LINE#         178
  C:235BH         LINE#         179
  -------         ENDPROC       _?SYS_DS1302_DRV
  -------         PROC          DS1302INIT
  D:0048H         SYMBOL        t
  C:1B53H         LINE#         181
  C:1B53H         LINE#         182
  C:1B53H         LINE#         183
  C:1B5DH         LINE#         184
  C:1B64H         LINE#         185
  C:1B64H         LINE#         186
  C:1B64H         LINE#         187
  C:1B6AH         LINE#         188
  C:1B72H         LINE#         189
  C:1B7AH         LINE#         191
  C:1B81H         LINE#         193
  C:1C04H         LINE#         201
  C:1C1AH         LINE#         202
  C:1C21H         LINE#         203
  C:1C34H         LINE#         204
  C:1C34H         LINE#         205
  C:1C3BH         LINE#         206
  C:1C42H         LINE#         207
  C:1C50H         LINE#         208
  -------         ENDPROC       DS1302INIT
  -------         ENDMOD        DS1302
BL51 BANKED LINKER/LOCATER V6.22.4.0                                                  09/15/2025  23:58:24  PAGE 40



  -------         MODULE        M24C02
  C:0000H         SYMBOL        _ICE_DUMMY_
  D:0080H         PUBLIC        P0
  D:0090H         PUBLIC        P1
  D:00A0H         PUBLIC        P2
  D:00B0H         PUBLIC        P3
  D:00C0H         PUBLIC        P4
  D:00C8H         PUBLIC        P5
  D:00E8H         PUBLIC        P6
  D:00F8H         PUBLIC        P7
  D:00A8H         PUBLIC        IE
  C:2F1CH         PUBLIC        respons
  D:00B8H         PUBLIC        IP
  B:00D0H.7       PUBLIC        CY
  D:00D8H         PUBLIC        CCON
  C:313EH         PUBLIC        start
  D:0098H         PUBLIC        SCON
  D:0088H         PUBLIC        TCON
  C:2FF5H         PUBLIC        _M24C02_Read
  C:31A5H         PUBLIC        stop
  C:30AAH         PUBLIC        _M24C02_Write
  C:2F59H         PUBLIC        readbyte
  B:00C0H.0       PUBLIC        SDA
  B:00C8H.5       PUBLIC        SCL
  C:2F35H         PUBLIC        _writebyte
  D:00D0H         PUBLIC        PSW
  -------         PROC          START
  C:313EH         LINE#         9
  C:313EH         LINE#         10
  C:3140H         LINE#         11
  C:3141H         LINE#         12
  C:3142H         LINE#         13
  C:3143H         LINE#         14
  C:3145H         LINE#         15
  C:3146H         LINE#         16
  C:3147H         LINE#         17
  C:3148H         LINE#         18
  C:314AH         LINE#         19
  C:314BH         LINE#         20
  C:314CH         LINE#         21
  C:314DH         LINE#         22
  -------         ENDPROC       START
  -------         PROC          STOP
  C:31A5H         LINE#         24
  C:31A5H         LINE#         25
  C:31A7H         LINE#         26
  C:31A8H         LINE#         27
  C:31A9H         LINE#         28
  C:31AAH         LINE#         29
  C:31ACH         LINE#         30
  C:31ADH         LINE#         31
  C:31AEH         LINE#         32
  C:31AFH         LINE#         33
  C:31B1H         LINE#         34
  -------         ENDPROC       STOP
  -------         PROC          L?0016
BL51 BANKED LINKER/LOCATER V6.22.4.0                                                  09/15/2025  23:58:24  PAGE 41


  -------         ENDPROC       L?0016
  -------         PROC          RESPONS
  -------         DO            
  D:0007H         SYMBOL        i
  -------         ENDDO         
  C:2F1CH         LINE#         36
  C:2F1CH         LINE#         37
  C:2F1EH         LINE#         38
  C:2F20H         LINE#         39
  C:2F2CH         LINE#         40
  C:2F2DH         LINE#         41
  C:2F2EH         LINE#         42
  C:2F2FH         LINE#         43
  C:2F31H         LINE#         44
  C:2F32H         LINE#         45
  C:2F33H         LINE#         46
  C:2F34H         LINE#         47
  -------         ENDPROC       RESPONS
  -------         PROC          _WRITEBYTE
  D:0007H         SYMBOL        date
  -------         DO            
  D:0006H         SYMBOL        i
  D:0007H         SYMBOL        temp
  -------         ENDDO         
  C:2F35H         LINE#         49
  C:2F35H         LINE#         50
  C:2F35H         LINE#         51
  C:2F35H         LINE#         52
  C:2F37H         LINE#         53
  C:2F3BH         LINE#         54
  C:2F3DH         LINE#         55
  C:2F3EH         LINE#         56
  C:2F3FH         LINE#         57
  C:2F40H         LINE#         58
  C:2F42H         LINE#         59
  C:2F43H         LINE#         60
  C:2F44H         LINE#         61
  C:2F45H         LINE#         62
  C:2F47H         LINE#         63
  C:2F48H         LINE#         64
  C:2F49H         LINE#         65
  C:2F4AH         LINE#         66
  C:2F4EH         LINE#         67
  C:2F50H         LINE#         68
  C:2F51H         LINE#         69
  C:2F52H         LINE#         70
  C:2F53H         LINE#         71
  C:2F55H         LINE#         72
  C:2F56H         LINE#         73
  C:2F57H         LINE#         74
  C:2F58H         LINE#         75
  -------         ENDPROC       _WRITEBYTE
  -------         PROC          READBYTE
  -------         DO            
  D:0006H         SYMBOL        i
  D:0007H         SYMBOL        k
  -------         ENDDO         
BL51 BANKED LINKER/LOCATER V6.22.4.0                                                  09/15/2025  23:58:24  PAGE 42


  C:2F59H         LINE#         77
  C:2F59H         LINE#         78
  C:2F59H         LINE#         79
  C:2F5BH         LINE#         80
  C:2F5CH         LINE#         81
  C:2F5DH         LINE#         82
  C:2F5EH         LINE#         83
  C:2F60H         LINE#         84
  C:2F61H         LINE#         85
  C:2F63H         LINE#         86
  C:2F65H         LINE#         87
  C:2F66H         LINE#         88
  C:2F67H         LINE#         89
  C:2F71H         LINE#         90
  C:2F72H         LINE#         91
  C:2F73H         LINE#         92
  C:2F75H         LINE#         93
  C:2F76H         LINE#         94
  C:2F7AH         LINE#         95
  C:2F7AH         LINE#         96
  -------         ENDPROC       READBYTE
  -------         PROC          _M24C02_WRITE
  D:0004H         SYMBOL        NVM_addr
  D:0005H         SYMBOL        NVM_data
  C:30AAH         LINE#         98
  C:30ACH         LINE#         99
  C:30AFH         LINE#         100
  C:30B4H         LINE#         101
  C:30B7H         LINE#         102
  C:30B9H         LINE#         103
  C:30B9H         LINE#         104
  C:30B9H         LINE#         105
  C:30BCH         LINE#         106
  -------         ENDPROC       _M24C02_WRITE
  -------         PROC          _M24C02_READ
  D:0005H         SYMBOL        NVM_addr
  -------         DO            
  D:0007H         SYMBOL        date
  -------         ENDDO         
  C:2FF5H         LINE#         109
  C:2FF7H         LINE#         110
  C:2FF7H         LINE#         111
  C:2FFAH         LINE#         112
  C:2FFCH         LINE#         113
  C:2FFCH         LINE#         114
  C:2FFCH         LINE#         115
  C:2FFFH         LINE#         116
  C:3002H         LINE#         117
  C:3007H         LINE#         118
  C:300AH         LINE#         119
  C:300DH         LINE#         120
  C:3010H         LINE#         121
  C:3010H         LINE#         122
  -------         ENDPROC       _M24C02_READ
  -------         ENDMOD        M24C02

  -------         MODULE        UART1
BL51 BANKED LINKER/LOCATER V6.22.4.0                                                  09/15/2025  23:58:24  PAGE 43


  C:0000H         SYMBOL        _ICE_DUMMY_
  C:16BBH         PUBLIC        Uart1_isr
  D:0080H         PUBLIC        P0
  D:0090H         PUBLIC        P1
  D:00A0H         PUBLIC        P2
  D:00B0H         PUBLIC        P3
  D:00C0H         PUBLIC        P4
  D:00C8H         PUBLIC        P5
  D:00E8H         PUBLIC        P6
  D:00F8H         PUBLIC        P7
  D:00A8H         PUBLIC        IE
  B:00A8H.4       PUBLIC        ES
  D:00B8H         PUBLIC        IP
  B:0098H.0       PUBLIC        RI
  B:0098H.1       PUBLIC        TI
  D:00D8H         PUBLIC        CCON
  C:2DBEH         PUBLIC        _SetUart1Rxd
  D:0099H         PUBLIC        SBUF
  D:0098H         PUBLIC        SCON
  D:0089H         PUBLIC        TMOD
  D:0088H         PUBLIC        TCON
  D:008EH         PUBLIC        AUXR
  C:31C8H         PUBLIC        GetUart1TxStatus
  B:00A8H.3       PUBLIC        ET1
  D:008DH         PUBLIC        TH1
  D:008BH         PUBLIC        TL1
  B:0088H.6       PUBLIC        TR1
  C:2EA0H         PUBLIC        _Uart1Print
  C:2711H         PUBLIC        _Uart1Init
  C:315DH         PUBLIC        _?sys_get_Uart1RxdEvent
  X:014EH         PUBLIC        com1
  D:00D0H         PUBLIC        PSW
  -------         PROC          UART1_ISR
  C:16BBH         LINE#         10
  C:16D8H         LINE#         11
  C:16DBH         LINE#         12
  C:16DDH         LINE#         13
  C:1711H         LINE#         14
  C:1716H         LINE#         15
  C:1716H         LINE#         16
  C:171CH         LINE#         17
  C:171EH         LINE#         18
  C:1721H         LINE#         19
  C:1723H         LINE#         20
  C:172AH         LINE#         21
  C:172AH         LINE#         22
  C:173EH         LINE#         23
  C:1752H         LINE#         24
  C:1761H         LINE#         25
  C:176FH         LINE#         26
  C:17A7H         LINE#         27
  C:17B5H         LINE#         28
  C:17B5H         LINE#         29
  C:17D0H         LINE#         30
  C:17D0H         LINE#         31
  -------         ENDPROC       UART1_ISR
  -------         PROC          _?SYS_GET_UART1RXDEVENT
BL51 BANKED LINKER/LOCATER V6.22.4.0                                                  09/15/2025  23:58:24  PAGE 44


  -------         DO            
  i:0000H         SYMBOL        a
  -------         ENDDO         
  C:315DH         LINE#         33
  C:315FH         LINE#         35
  C:3167H         LINE#         36
  C:3169H         LINE#         37
  C:3169H         LINE#         38
  -------         ENDPROC       _?SYS_GET_UART1RXDEVENT
  -------         PROC          _UART1INIT
  D:0063H         SYMBOL        band
  C:2711H         LINE#         40
  C:2719H         LINE#         41
  C:2719H         LINE#         43
  C:271CH         LINE#         44
  C:271FH         LINE#         45
  C:2722H         LINE#         46
  C:2725H         LINE#         47
  C:2744H         LINE#         48
  C:2773H         LINE#         49
  C:2775H         LINE#         50
  C:2777H         LINE#         51
  C:2779H         LINE#         52
  C:2787H         LINE#         53
  -------         ENDPROC       _UART1INIT
  -------         PROC          _SETUART1RXD
  D:0001H         SYMBOL        RxdPt
  D:0004H         SYMBOL        Nmax
  D:0028H         SYMBOL        matchhead
  D:002BH         SYMBOL        matchheadsize
  C:2DBEH         LINE#         55
  C:2DBEH         LINE#         56
  C:2DC9H         LINE#         57
  C:2DCFH         LINE#         58
  C:2DD9H         LINE#         59
  C:2DE7H         LINE#         60
  C:2DE9H         LINE#         61
  C:2DEEH         LINE#         62
  -------         ENDPROC       _SETUART1RXD
  -------         PROC          _UART1PRINT
  D:0001H         SYMBOL        pt
  D:0004H         SYMBOL        num
  C:2EA0H         LINE#         64
  C:2EA0H         LINE#         65
  C:2EA6H         LINE#         66
  C:2EB1H         LINE#         67
  C:2EB6H         LINE#         68
  C:2EBCH         LINE#         69
  C:2EC0H         LINE#         70
  C:2EC2H         LINE#         71
  C:2EC5H         LINE#         72
  C:2EC5H         LINE#         73
  C:2EC7H         LINE#         74
  -------         ENDPROC       _UART1PRINT
  -------         PROC          GETUART1TXSTATUS
  C:31C8H         LINE#         76
  C:31C8H         LINE#         77
BL51 BANKED LINKER/LOCATER V6.22.4.0                                                  09/15/2025  23:58:24  PAGE 45


  C:31D0H         LINE#         78
  C:31D2H         LINE#         79
  -------         ENDPROC       GETUART1TXSTATUS
  -------         ENDMOD        UART1

  -------         MODULE        ?C?FPMUL
  C:0046H         PUBLIC        ?C?FPMUL
  -------         ENDMOD        ?C?FPMUL

  -------         MODULE        ?C?FPDIV
  C:014FH         PUBLIC        ?C?FPDIV
  -------         ENDMOD        ?C?FPDIV

  -------         MODULE        ?C?FCAST
  C:01F6H         PUBLIC        ?C?FCASTC
  C:01F1H         PUBLIC        ?C?FCASTI
  C:01ECH         PUBLIC        ?C?FCASTL
  -------         ENDMOD        ?C?FCAST

  -------         MODULE        ?C?CASTF
  C:022AH         PUBLIC        ?C?CASTF
  -------         ENDMOD        ?C?CASTF

  -------         MODULE        ?C?COPY
  C:037BH         PUBLIC        ?C?COPY
  -------         ENDMOD        ?C?COPY

  -------         MODULE        ?C?CLDOPTR
  C:03A1H         PUBLIC        ?C?CLDOPTR
  -------         ENDMOD        ?C?CLDOPTR

  -------         MODULE        ?C?CSTPTR
  C:03CEH         PUBLIC        ?C?CSTPTR
  -------         ENDMOD        ?C?CSTPTR

  -------         MODULE        ?C?CSTOPTR
  C:03E0H         PUBLIC        ?C?CSTOPTR
  -------         ENDMOD        ?C?CSTOPTR

  -------         MODULE        ?C?UIDIV
  C:0402H         PUBLIC        ?C?UIDIV
  -------         ENDMOD        ?C?UIDIV

  -------         MODULE        ?C?SIDIV
  C:0457H         PUBLIC        ?C?SIDIV
  -------         ENDMOD        ?C?SIDIV

  -------         MODULE        ?C?ILDIX
  C:048DH         PUBLIC        ?C?ILDIX
  -------         ENDMOD        ?C?ILDIX

  -------         MODULE        ?C?LMUL
  C:04A3H         PUBLIC        ?C?LMUL
  -------         ENDMOD        ?C?LMUL

  -------         MODULE        ?C?ULDIV
  C:052EH         PUBLIC        ?C?ULDIV
BL51 BANKED LINKER/LOCATER V6.22.4.0                                                  09/15/2025  23:58:24  PAGE 46


  -------         ENDMOD        ?C?ULDIV

  -------         MODULE        ?C?SLDIV
  C:2B38H         PUBLIC        ?C?SLDIV
  -------         ENDMOD        ?C?SLDIV

  -------         MODULE        ?C?LNEG
  C:05C0H         PUBLIC        ?C?LNEG
  -------         ENDMOD        ?C?LNEG

  -------         MODULE        ?C?ULSHR
  C:05CEH         PUBLIC        ?C?ULSHR
  -------         ENDMOD        ?C?ULSHR

  -------         MODULE        ?C?SLSHR
  C:05E1H         PUBLIC        ?C?SLSHR
  -------         ENDMOD        ?C?SLSHR

  -------         MODULE        ?C?LSHL
  C:05F5H         PUBLIC        ?C?LSHL
  -------         ENDMOD        ?C?LSHL

  -------         MODULE        ?C?LLDCODE
  C:0608H         PUBLIC        ?C?LLDCODE
  -------         ENDMOD        ?C?LLDCODE

  -------         MODULE        ?C?LSTXDATA
  C:0618H         PUBLIC        ?C?LSTXDATA
  -------         ENDMOD        ?C?LSTXDATA

  -------         MODULE        ?C?OFFXADD
  C:0624H         PUBLIC        ?C?OFFXADD
  -------         ENDMOD        ?C?OFFXADD

  -------         MODULE        ?C?ICALL
  C:0630H         PUBLIC        ?C?ICALL
  C:0634H         PUBLIC        ?C?ICALL2
  -------         ENDMOD        ?C?ICALL

  -------         MODULE        ?C_IBP
  D:0079H         PUBLIC        ?C_IBP
  -------         ENDMOD        ?C_IBP

  -------         MODULE        ?C?STRCPY
  C:0702H         PUBLIC        ?C?STRCPY
  -------         ENDMOD        ?C?STRCPY

  -------         MODULE        STRLEN
  C:30BFH         PUBLIC        _STRLEN
  -------         ENDMOD        STRLEN

  -------         MODULE        STRCHR
  C:3011H         PUBLIC        _STRCHR
  -------         ENDMOD        STRCHR

  -------         MODULE        STRTOK
  D:004FH         PUBLIC        ?_strtok?BYTE
BL51 BANKED LINKER/LOCATER V6.22.4.0                                                  09/15/2025  23:58:24  PAGE 47


  C:2598H         PUBLIC        _strtok
  -------         ENDMOD        STRTOK

  -------         MODULE        ATOI
  C:2163H         PUBLIC        _atoi
  -------         ENDMOD        ATOI

  -------         MODULE        ?C?MEMSET
  C:071FH         PUBLIC        ?C?MEMSET
  -------         ENDMOD        ?C?MEMSET

  -------         MODULE        ?C?CLDPTR
  C:074BH         PUBLIC        ?C?CLDPTR
  -------         ENDMOD        ?C?CLDPTR

  -------         MODULE        ?C?IMUL
  C:0764H         PUBLIC        ?C?IMUL
  -------         ENDMOD        ?C?IMUL

  -------         MODULE        ISDIGIT
  C:316CH         PUBLIC        _isdigit
  -------         ENDMOD        ISDIGIT

  -------         MODULE        ISSPACE
  C:30D4H         PUBLIC        _isspace
  -------         ENDMOD        ISSPACE

  -------         MODULE        STRSPN
  D:0040H         PUBLIC        ?_strspn?BYTE
  C:27F1H         PUBLIC        _strspn
  -------         ENDMOD        STRSPN

  -------         MODULE        STRPBRK
  D:0037H         PUBLIC        ?_strpbrk?BYTE
  C:2852H         PUBLIC        _strpbrk
  -------         ENDMOD        STRPBRK

*** WARNING L16: UNCALLED SEGMENT, IGNORED FOR OVERLAY PROCESS
    SEGMENT: ?PR?_LEDPRINT?DISPLAYER

*** WARNING L16: UNCALLED SEGMENT, IGNORED FOR OVERLAY PROCESS
    SEGMENT: ?PR?_GETKEYACT?KEY

*** WARNING L16: UNCALLED SEGMENT, IGNORED FOR OVERLAY PROCESS
    SEGMENT: ?PR?GETULTRASONIC?SYS

*** WARNING L16: UNCALLED SEGMENT, IGNORED FOR OVERLAY PROCESS
    SEGMENT: ?PR?GETBEEPTIMER?SYS

*** WARNING L16: UNCALLED SEGMENT, IGNORED FOR OVERLAY PROCESS
    SEGMENT: ?PR?_SETBEEPTIMER?SYS

*** WARNING L16: UNCALLED SEGMENT, IGNORED FOR OVERLAY PROCESS
    SEGMENT: ?PR?_SETCCP0?SYS

*** WARNING L16: UNCALLED SEGMENT, IGNORED FOR OVERLAY PROCESS
    SEGMENT: ?PR?CLRBEEPPIN?SYS
BL51 BANKED LINKER/LOCATER V6.22.4.0                                                  09/15/2025  23:58:24  PAGE 48



*** WARNING L16: UNCALLED SEGMENT, IGNORED FOR OVERLAY PROCESS
    SEGMENT: ?PR?GETSYSPERFORMANCE?SYS

*** WARNING L16: UNCALLED SEGMENT, IGNORED FOR OVERLAY PROCESS
    SEGMENT: ?PR?_SETPWM?EXT

*** WARNING L16: UNCALLED SEGMENT, IGNORED FOR OVERLAY PROCESS
    SEGMENT: ?PR?GETWEIGHT?EXT

*** WARNING L16: UNCALLED SEGMENT, IGNORED FOR OVERLAY PROCESS
    SEGMENT: ?PR?GETDECODE?EXT

*** WARNING L16: UNCALLED SEGMENT, IGNORED FOR OVERLAY PROCESS
    SEGMENT: ?PR?GETUART2TXSTATUS?UART2

*** WARNING L16: UNCALLED SEGMENT, IGNORED FOR OVERLAY PROCESS
    SEGMENT: ?PR?MYUART1INIT?MY_UART1

*** WARNING L16: UNCALLED SEGMENT, IGNORED FOR OVERLAY PROCESS
    SEGMENT: ?PR?MYUART1PROCESSRXDATA?MY_UART1

*** WARNING L16: UNCALLED SEGMENT, IGNORED FOR OVERLAY PROCESS
    SEGMENT: ?PR?MYUART1SENDCURRENTSTATUS?MY_UART1

*** WARNING L16: UNCALLED SEGMENT, IGNORED FOR OVERLAY PROCESS
    SEGMENT: ?PR?_MYUART1LOADTEMPTHRESHOLD?MY_UART1

*** WARNING L16: UNCALLED SEGMENT, IGNORED FOR OVERLAY PROCESS
    SEGMENT: ?PR?DS1302INIT?DS1302

*** WARNING L1: UNRESOLVED EXTERNAL SYMBOL
    SYMBOL:  DC_MOTOR
    MODULE:  .\output\main.obj (MAIN)

*** WARNING L2: REFERENCE MADE TO UNRESOLVED EXTERNAL
    SYMBOL:  DC_MOTOR
    MODULE:  .\output\main.obj (MAIN)
    ADDRESS: 27EDH

Program Size: data=122.2 xdata=441 code=12854
LINK/LOCATE RUN COMPLETE.  19 WARNING(S),  0 ERROR(S)
