BL51 BANKED LINKER/LOCATER V6.22.4.0                                                    09/17/2025  18:44:36  PAGE 1


BL51 BANKED LINKER/LOCATER V6.22.4.0, INVOKED BY:
D:\KEIL_V5\C51\BIN\BL51.EXE .\output\main.obj, .\source\STCBSP_V3.6.LIB, .\output\temp_module.obj, .\output\Nav_handler.
>> obj, .\output\time_module.obj, .\output\speed_module.obj, .\output\voice_module.obj, .\output\core.obj, .\output\deco
>> de_table.obj, .\output\nv_temp_threshold.obj, .\output\my_uart1.obj, .\output\radio_module.obj, .\output\temp_control
>> led_fan.obj, .\output\ultrasonic_module.obj, .\output\train_id_module.obj, .\output\music_module.obj TO .\output\BSP_
>> Demo PRINT (.\list\BSP_Demo.m51) RAMSIZE (256) XDATA (0X0000-0X07FF)


MEMORY MODEL: SMALL


INPUT MODULES INCLUDED:
  .\output\main.obj (MAIN)
  .\source\STCBSP_V3.6.LIB (ADC)
  .\source\STCBSP_V3.6.LIB (DISPLAYER)
  .\source\STCBSP_V3.6.LIB (KEY)
  .\source\STCBSP_V3.6.LIB (SYS)
  .\source\STCBSP_V3.6.LIB (UART2)
  .\output\temp_module.obj (TEMP_MODULE)
  .\output\Nav_handler.obj (NAV_HANDLER)
  .\output\time_module.obj (TIME_MODULE)
  .\output\speed_module.obj (SPEED_MODULE)
  .\output\voice_module.obj (VOICE_MODULE)
  .\output\core.obj (CORE)
  .\output\decode_table.obj (DECODE_TABLE)
  .\output\nv_temp_threshold.obj (NV_TEMP_THRESHOLD)
  .\output\my_uart1.obj (MY_UART1)
  .\output\radio_module.obj (RADIO_MODULE)
  .\output\temp_controlled_fan.obj (TEMP_CONTROLLED_FAN)
  .\output\ultrasonic_module.obj (ULTRASONIC_MODULE)
  .\output\train_id_module.obj (TRAIN_ID_MODULE)
  .\output\music_module.obj (MUSIC_MODULE)
  .\source\STCBSP_V3.6.LIB (MUSIC)
  .\source\STCBSP_V3.6.LIB (DS1302)
  .\source\STCBSP_V3.6.LIB (M24C02)
  .\source\STCBSP_V3.6.LIB (FM_RADIO)
  .\source\STCBSP_V3.6.LIB (EXT)
  .\source\STCBSP_V3.6.LIB (UART1)
  .\source\STCBSP_V3.6.LIB (BEEP)
  D:\KEIL_V5\C51\LIB\C51S.LIB (?C_STARTUP)
  D:\KEIL_V5\C51\LIB\C51S.LIB (?C?COPY)
  D:\KEIL_V5\C51\LIB\C51S.LIB (?C?CLDPTR)
  D:\KEIL_V5\C51\LIB\C51S.LIB (?C?CLDOPTR)
  D:\KEIL_V5\C51\LIB\C51S.LIB (?C?CSTPTR)
  D:\KEIL_V5\C51\LIB\C51S.LIB (?C?CSTOPTR)
  D:\KEIL_V5\C51\LIB\C51S.LIB (?C?IMUL)
  D:\KEIL_V5\C51\LIB\C51S.LIB (?C?UIDIV)
  D:\KEIL_V5\C51\LIB\C51S.LIB (?C?SIDIV)
  D:\KEIL_V5\C51\LIB\C51S.LIB (?C?IILDX)
  D:\KEIL_V5\C51\LIB\C51S.LIB (?C?ILDIX)
  D:\KEIL_V5\C51\LIB\C51S.LIB (?C?ILDPTR)
  D:\KEIL_V5\C51\LIB\C51S.LIB (?C?LMUL)
  D:\KEIL_V5\C51\LIB\C51S.LIB (?C?ULDIV)
  D:\KEIL_V5\C51\LIB\C51S.LIB (?C?SLDIV)
  D:\KEIL_V5\C51\LIB\C51S.LIB (?C?ULSHR)
  D:\KEIL_V5\C51\LIB\C51S.LIB (?C?SLSHR)
  D:\KEIL_V5\C51\LIB\C51S.LIB (?C?LSHL)
  D:\KEIL_V5\C51\LIB\C51S.LIB (?C?LLDCODE)
BL51 BANKED LINKER/LOCATER V6.22.4.0                                                  09/17/2025  18:44:36  PAGE 2


  D:\KEIL_V5\C51\LIB\C51S.LIB (?C?LSTXDATA)
  D:\KEIL_V5\C51\LIB\C51S.LIB (?C?OFFXADD)
  D:\KEIL_V5\C51\LIB\C51S.LIB (?C?ICALL)
  D:\KEIL_V5\C51\LIB\C51S.LIB (?C_IBP)
  D:\KEIL_V5\C51\LIB\C51S.LIB (?C?STRCPY)
  D:\KEIL_V5\C51\LIB\C51S.LIB (STRLEN)
  D:\KEIL_V5\C51\LIB\C51S.LIB (STRCHR)
  D:\KEIL_V5\C51\LIB\C51S.LIB (STRTOK)
  D:\KEIL_V5\C51\LIB\C51S.LIB (ATOI)
  D:\KEIL_V5\C51\LIB\C51S.LIB (?C?MEMSET)
  D:\KEIL_V5\C51\LIB\C51S.LIB (?C_INIT)
  D:\KEIL_V5\C51\LIB\C51S.LIB (ISDIGIT)
  D:\KEIL_V5\C51\LIB\C51S.LIB (ISSPACE)
  D:\KEIL_V5\C51\LIB\C51S.LIB (STRSPN)
  D:\KEIL_V5\C51\LIB\C51S.LIB (STRPBRK)


LINK MAP OF MODULE:  .\output\BSP_Demo (MAIN)


            TYPE    BASE      LENGTH    RELOCATION   SEGMENT NAME
            -----------------------------------------------------

            * * * * * * *   D A T A   M E M O R Y   * * * * * * *
            REG     0000H     0008H     ABSOLUTE     "REG BANK 0"
            DATA    0008H     0014H     UNIT         _DATA_GROUP_
            DATA    001CH     0004H     UNIT         ?DT?_SETPWM?EXT
            BIT     0020H.0   0001H.7   UNIT         ?BI?SYS
            BIT     0021H.7   0000H.1   UNIT         ?BI?ADC
            BIT     0022H.0   0000H.1   UNIT         ?BI?TIME_MODULE
            BIT     0022H.1   0000H.1   UNIT         ?BI?MUSIC
            BIT     0022H.2   0000H.1   UNIT         _BIT_GROUP_
                    0022H.3   0000H.5                *** GAP ***
            DATA    0023H     0012H     UNIT         ?DT?SYS
            DATA    0035H     0008H     UNIT         ?DT?_SETMUSIC?MUSIC
            DATA    003DH     0007H     UNIT         ?DT?RADIO_MODULE
            DATA    0044H     0007H     UNIT         ?DT?RTC_WRITE?DS1302
            DATA    004BH     0007H     UNIT         ?DT?DS1302INIT?DS1302
            DATA    0052H     0006H     UNIT         ?DT?_PLAYTONE?MUSIC
            DATA    0058H     0006H     UNIT         ?DT?EXT
            DATA    005EH     0005H     UNIT         ?DT?READCOUNT?EXT
            DATA    0063H     0004H     UNIT         ?DT?_SETBEEP?BEEP
            DATA    0067H     0003H     UNIT         ?DT?STRTOK
            DATA    006AH     0002H     UNIT         ?DT?ADC
            DATA    006CH     0002H     UNIT         ?DT?GETULTRASONIC?SYS
            DATA    006EH     0002H     UNIT         ?DT?UART2
            DATA    0070H     0001H     UNIT         ?DT?KEY
            DATA    0071H     0001H     UNIT         ?DT?_SETTRAINID?TRAIN_ID_MODULE
            DATA    0072H     0001H     UNIT         ?C?LIB_DATA
            IDATA   0073H     0001H     UNIT         ?STACK

            * * * * * * *  X D A T A   M E M O R Y  * * * * * * *
            XDATA   0000H     006EH     UNIT         ?XD?SYS
            XDATA   006EH     0044H     UNIT         ?XD?MY_UART1
            XDATA   00B2H     0034H     UNIT         _XDATA_GROUP_
            XDATA   00E6H     001EH     UNIT         ?XD?ADC
            XDATA   0104H     0015H     UNIT         ?XD?UART2
BL51 BANKED LINKER/LOCATER V6.22.4.0                                                  09/17/2025  18:44:36  PAGE 3


            XDATA   0119H     0015H     UNIT         ?XD?UART1
            XDATA   012EH     0014H     UNIT         ?XD?TIME_MODULE
            XDATA   0142H     0012H     UNIT         ?XD?TEMP_MODULE
            XDATA   0154H     0010H     UNIT         ?XD?MUSIC
            XDATA   0164H     000CH     UNIT         ?XD?DISPLAYER
            XDATA   0170H     000CH     UNIT         ?XD?VOICE_MODULE
            XDATA   017CH     000BH     UNIT         ?XD?EXT
            XDATA   0187H     000AH     UNIT         ?XD?KEY
            XDATA   0191H     0009H     UNIT         ?XD?CORE
            XDATA   019AH     0009H     UNIT         ?XD?DS1302
            XDATA   01A3H     0009H     UNIT         ?XD?FM_RADIO
            XDATA   01ACH     0004H     UNIT         ?XD?SPEED_MODULE
            XDATA   01B0H     0002H     UNIT         ?XD?NV_TEMP_THRESHOLD
            XDATA   01B2H     0001H     UNIT         ?XD?NAV_HANDLER

            * * * * * * *   C O D E   M E M O R Y   * * * * * * *
            CODE    0000H     0003H     ABSOLUTE     
            CODE    0003H     0007H     UNIT         ?PR?GETADC?ADC
            CODE    000AH     0001H     UNIT         ?PR?_?NULLFUNC?SYS
            CODE    000BH     0003H     ABSOLUTE     
            CODE    000EH     0015H     UNIT         ?PR?MYUART1CLEARRXBUFFER?MY_UART1
            CODE    0023H     0003H     ABSOLUTE     
            CODE    0026H     0004H     UNIT         ?CO?CORE
            CODE    002AH     0001H     UNIT         ?PR?_?NULLFUNC0?UART2
            CODE    002BH     0003H     ABSOLUTE     
            CODE    002EH     000DH     UNIT         ?PR?STOP?M24C02
            CODE    003BH     0003H     ABSOLUTE     
            CODE    003EH     0003H     UNIT         ?PR?_?RET0FUNC?SYS
                    0041H     0002H                  *** GAP ***
            CODE    0043H     0003H     ABSOLUTE     
            CODE    0046H     0A28H     UNIT         ?CO?VOICE_MODULE
            CODE    0A6EH     04FEH     UNIT         ?C?LIB_CODE
            CODE    0F6CH     02F6H     UNIT         ?PR?_?SYS_MUSIC_DRV?MUSIC
            CODE    1262H     025BH     UNIT         ?PR?MYUART1SENDCURRENTSTATUS?MY_UART1
            CODE    14BDH     0209H     UNIT         ?PR?_PARSECOMMAND?MY_UART1
            CODE    16C6H     01FCH     UNIT         ?CO?TEMP_MODULE
            CODE    18C2H     01D2H     UNIT         ?PR?UART2_ISR?UART2
            CODE    1A94H     01ACH     UNIT         ?PR?_?SYS_ADC_DRV?ADC
            CODE    1C40H     01ACH     UNIT         ?C_INITSEG
            CODE    1DECH     0130H     UNIT         ?PR?UART1_ISR?UART1
            CODE    1F1CH     0126H     UNIT         ?CO?MUSIC
            CODE    2042H     0123H     UNIT         ?PR?_?SYS_KEY_DRV?KEY
            CODE    2165H     011EH     UNIT         ?PR?_MY_UTOA?MY_UART1
            CODE    2283H     00FEH     UNIT         ?PR?DS1302INIT?DS1302
            CODE    2381H     00EDH     UNIT         ?PR?SYS_TASK_1MS?SYS
            CODE    246EH     00E9H     UNIT         ?PR?_?SYS_DISPLAY_DRV?DISPLAYER
            CODE    2557H     00E7H     UNIT         ?PR?_?SYS_EXT_DRV?EXT
            CODE    263EH     00B6H     UNIT         ?PR?SETFMRADIO?FM_RADIO
            CODE    26F4H     00B5H     UNIT         ?PR?_UART2INIT?UART2
            CODE    27A9H     00AEH     UNIT         ?PR?_ATOI?ATOI
            CODE    2857H     00AAH     UNIT         ?PR?_PLAYTONE?MUSIC
            CODE    2901H     00A8H     UNIT         ?PR?SYS_CCP_ISR?SYS
            CODE    29A9H     00A5H     UNIT         ?PR?RESETTIMER?TIME_MODULE
            CODE    2A4EH     00A5H     UNIT         ?PR?_?SYS_DS1302_DRV?DS1302
            CODE    2AF3H     00A3H     UNIT         ?PR?ONSPEEDCHANGE?TIME_MODULE
            CODE    2B96H     00A0H     UNIT         ?PR?NAVHANDLER?NAV_HANDLER
            CODE    2C36H     0094H     UNIT         ?PR?SHOWTEMP?TEMP_MODULE
BL51 BANKED LINKER/LOCATER V6.22.4.0                                                  09/17/2025  18:44:36  PAGE 4


            CODE    2CCAH     0093H     UNIT         ?PR?SYS_TASK_10MS?SYS
            CODE    2D5DH     0090H     UNIT         ?PR?_SETPWM?EXT
            CODE    2DEDH     008EH     UNIT         ?PR?CHECKCOUNTDOWNEVENT?VOICE_MODULE
            CODE    2E7BH     008CH     UNIT         ?C_C51STARTUP
            CODE    2F07H     008BH     UNIT         ?PR?SYS_TASK_IR?SYS
            CODE    2F92H     0080H     UNIT         ?PR?_STRTOK?STRTOK
            CODE    3012H     007DH     UNIT         ?PR?_SETEVENTCALLBACK?SYS
            CODE    308FH     007BH     UNIT         ?PR?MAIN?MAIN
            CODE    310AH     0078H     UNIT         ?PR?_SETBEEP?BEEP
            CODE    3182H     0077H     UNIT         ?PR?_UART1INIT?UART1
            CODE    31F9H     0061H     UNIT         ?PR?_STRSPN?STRSPN
            CODE    325AH     005DH     UNIT         ?PR?_STRPBRK?STRPBRK
            CODE    32B7H     005CH     UNIT         ?PR?GETFMRADIO?FM_RADIO
            CODE    3313H     005AH     UNIT         ?PR?UPDATETEMP?TEMP_MODULE
            CODE    336DH     005AH     UNIT         ?PR?NVTEMPTHRESHOLDINIT?NV_TEMP_THRESHOLD
            CODE    33C7H     0059H     UNIT         ?PR?READCOUNT?EXT
            CODE    3420H     0058H     UNIT         ?PR?_SETMUSIC?MUSIC
            CODE    3478H     0056H     UNIT         ?PR?MYUART1INIT?MY_UART1
            CODE    34CEH     0053H     UNIT         ?PR?GETULTRASONIC?SYS
            CODE    3521H     0052H     UNIT         ?PR?SYS_TIMER0_ISR?SYS
            CODE    3573H     0051H     UNIT         ?PR?SHOWTIME?TIME_MODULE
            CODE    35C4H     004DH     UNIT         ?PR?UPDATETIME?TIME_MODULE
            CODE    3611H     0048H     UNIT         ?PR?SHOWSPEED?SPEED_MODULE
            CODE    3659H     0047H     UNIT         ?PR?SYS_TIMER0_INIT?SYS
            CODE    36A0H     0046H     UNIT         ?PR?_GETADCNAVACT?ADC
            CODE    36E6H     0045H     UNIT         ?PR?IS_PLAY_MUSIC?MUSIC_MODULE
            CODE    372BH     0044H     UNIT         ?PR?_?SYS_FMRADIO_DRV?FM_RADIO
            CODE    376FH     0044H     UNIT         ?C?LDIV
            CODE    37B3H     0042H     UNIT         ?PR?RADIO_INIT?RADIO_MODULE
            CODE    37F5H     0040H     UNIT         ?PR?_GETKEYACT?KEY
            CODE    3835H     003FH     UNIT         ?PR?SYS_TASK_100MS?SYS
            CODE    3874H     003EH     UNIT         ?PR?MYSTC_OS?SYS
            CODE    38B2H     003CH     UNIT         ?CO?DECODE_TABLE
            CODE    38EEH     003CH     UNIT         ?PR?TEMP_CONTROLLED_MOTOR?TEMP_CONTROLLED_FAN
            CODE    392AH     0039H     UNIT         ?PR?_NVTEMPTHRESHOLDUPDATE?NV_TEMP_THRESHOLD
            CODE    3963H     0036H     UNIT         ?PR?_EXTINIT?EXT
            CODE    3999H     0032H     UNIT         ?PR?UART1RXDCALLBACK?MY_UART1
            CODE    39CBH     0031H     UNIT         ?PR?_ADCINIT?ADC
            CODE    39FCH     0031H     UNIT         ?PR?_SETUART2RXD?UART2
            CODE    3A2DH     0031H     UNIT         ?PR?_SETUART1RXD?UART1
            CODE    3A5EH     002FH     UNIT         ?PR?_UART2PRINT?UART2
            CODE    3A8DH     002EH     UNIT         ?PR?_DS1302READ?DS1302
            CODE    3ABBH     002BH     UNIT         ?PR?SYS_TASK_1S?SYS
            CODE    3AE6H     002BH     UNIT         ?PR?_NVTEMPTHRESHOLDWRITE?NV_TEMP_THRESHOLD
            CODE    3B11H     002AH     UNIT         ?PR?NVTEMPTHRESHOLDREAD?NV_TEMP_THRESHOLD
            CODE    3B3BH     0029H     UNIT         ?PR?_NVM_WRITE?DS1302
            CODE    3B64H     0028H     UNIT         ?PR?INITRTC?TIME_MODULE
            CODE    3B8CH     0028H     UNIT         ?PR?_SETPLAYERMODE?MUSIC
            CODE    3BB4H     0028H     UNIT         ?PR?_IIC_RADIO_WRITEBYTE?FM_RADIO
            CODE    3BDCH     0028H     UNIT         ?PR?_UART1PRINT?UART1
            CODE    3C04H     0028H     UNIT         ?PR?_?SYS_BEEP_DRV?BEEP
            CODE    3C2CH     0025H     UNIT         ?PR?FMRADIOINIT?FM_RADIO
            CODE    3C51H     0024H     UNIT         ?PR?RESPONS?M24C02
            CODE    3C75H     0024H     UNIT         ?PR?_WRITEBYTE?M24C02
            CODE    3C99H     0022H     UNIT         ?PR?READBYTE?M24C02
            CODE    3CBBH     0020H     UNIT         ?PR?_SEG7PRINT?DISPLAYER
            CODE    3CDBH     0020H     UNIT         ?PR?_DS1302WRITE?DS1302
BL51 BANKED LINKER/LOCATER V6.22.4.0                                                  09/17/2025  18:44:36  PAGE 5


            CODE    3CFBH     0020H     UNIT         ?PR?BEEPINIT?BEEP
            CODE    3D1BH     001EH     UNIT         ?PR?SHOWSTATUS?NAV_HANDLER
            CODE    3D39H     001DH     UNIT         ?PR?KEYINIT?KEY
            CODE    3D56H     001CH     UNIT         ?PR?_M24C02_READ?M24C02
            CODE    3D72H     001CH     UNIT         ?PR?IIC_RADIO_ACK?FM_RADIO
            CODE    3D8EH     001CH     UNIT         ?PR?_STRCHR?STRCHR
            CODE    3DAAH     001BH     UNIT         ?PR?DISPLAYERINIT?DISPLAYER
            CODE    3DC5H     001BH     UNIT         ?PR?SHOWMODE?TIME_MODULE
            CODE    3DE0H     0019H     UNIT         ?PR?_DS1302WRITEBYTE?DS1302
            CODE    3DF9H     0019H     UNIT         ?PR?RTC_WRITE?DS1302
            CODE    3E12H     0018H     UNIT         ?PR?DS1302READBYTE?DS1302
            CODE    3E2AH     0016H     UNIT         ?PR?PLAY_MUSIC?MUSIC_MODULE
            CODE    3E40H     0015H     UNIT         ?PR?_M24C02_WRITE?M24C02
            CODE    3E55H     0015H     UNIT         ?PR?_STRLEN?STRLEN
            CODE    3E6AH     0014H     UNIT         ?PR?MYUART2RXD_CALLBACK?VOICE_MODULE
            CODE    3E7EH     0013H     UNIT         ?PR?_DELAY?FM_RADIO
            CODE    3E91H     0013H     UNIT         ?PR?IIC_RADIO_START?FM_RADIO
            CODE    3EA4H     0013H     UNIT         ?PR?_ISSPACE?ISSPACE
            CODE    3EB7H     0012H     UNIT         ?PR?_NVISVALIDTHRESHOLD?NV_TEMP_THRESHOLD
            CODE    3EC9H     0012H     UNIT         ?PR?_NVM_READ?DS1302
            CODE    3EDBH     0011H     UNIT         ?PR?_SETCCP0?SYS
            CODE    3EECH     0010H     UNIT         ?PR?_SETTRAINID?TRAIN_ID_MODULE
            CODE    3EFCH     0010H     UNIT         ?CO?MUSIC_MODULE
            CODE    3F0CH     0010H     UNIT         ?PR?START?M24C02
            CODE    3F1CH     0010H     UNIT         ?PR?GETDECODE?EXT
            CODE    3F2CH     000FH     UNIT         ?PR?_?SYS_GET_UART2RXDEVENT?UART2
            CODE    3F3BH     000FH     UNIT         ?PR?MY1S_CALLBACK?CORE
            CODE    3F4AH     000FH     UNIT         ?PR?MUSICPLAYERINIT?MUSIC
            CODE    3F59H     000FH     UNIT         ?PR?_?SYS_GET_UART1RXDEVENT?UART1
            CODE    3F68H     000FH     UNIT         ?PR?_ISDIGIT?ISDIGIT
            CODE    3F77H     000EH     UNIT         ?PR?_?SYS_GET_KNEVENT?ADC
            CODE    3F85H     000EH     UNIT         ?PR?_?SYS_GET_EXTADCEVENT?ADC
            CODE    3F93H     000EH     UNIT         ?PR?_?SYS_GET_KEYEVENT?KEY
            CODE    3FA1H     000CH     UNIT         ?PR?IIC_RADIO_STOP?FM_RADIO
            CODE    3FADH     000CH     UNIT         ?PR?GETBEEPSTATUS?BEEP
            CODE    3FB9H     000BH     UNIT         ?PR?GETUART2TXSTATUS?UART2
            CODE    3FC4H     000BH     UNIT         ?PR?MYUART1PROCESSRXDATA?MY_UART1
            CODE    3FCFH     000BH     UNIT         ?PR?INITTRAINID?TRAIN_ID_MODULE
            CODE    3FDAH     000BH     UNIT         ?PR?GETUART1TXSTATUS?UART1
            CODE    3FE5H     0009H     UNIT         ?CO?ADC
            CODE    3FEEH     0009H     UNIT         ?PR?_SETDISPLAYERAREA?DISPLAYER
            CODE    3FF7H     0009H     UNIT         ?PR?GETBEEPTIMER?SYS
            CODE    4000H     0009H     UNIT         ?PR?_SETBEEPTIMER?SYS
            CODE    4009H     0009H     UNIT         ?PR?GETWEIGHT?EXT
            CODE    4012H     0007H     UNIT         ?PR?GETSYSPERFORMANCE?SYS
            CODE    4019H     0007H     UNIT         ?PR?RTC_READ?DS1302
            CODE    4020H     0006H     UNIT         ?PR?ADC_ISR?ADC
            CODE    4026H     0006H     UNIT         ?PR?_LEDPRINT?DISPLAYER
            CODE    402CH     0006H     UNIT         ?PR?MYSTC_INIT?SYS
            CODE    4032H     0006H     UNIT         ?CO?MY_UART1
            CODE    4038H     0006H     UNIT         ?PR?GETPLAYERMODE?MUSIC
            CODE    403EH     0003H     UNIT         ?PR?CLRBEEPPIN?SYS
            CODE    4041H     0003H     UNIT         ?PR?MY100MS_CALLBACK?CORE



OVERLAY MAP OF MODULE:   .\output\BSP_Demo (MAIN)
BL51 BANKED LINKER/LOCATER V6.22.4.0                                                  09/17/2025  18:44:36  PAGE 6




SEGMENT                                             BIT_GROUP          DATA_GROUP          XDATA_GROUP
  +--> CALLED SEGMENT                            START    LENGTH     START    LENGTH     START    LENGTH
--------------------------------------------------------------------------------------------------------
?C_C51STARTUP                                    -----    -----      -----    -----      -----    -----
  +--> ?PR?MAIN?MAIN
  +--> ?C_INITSEG

?PR?MAIN?MAIN                                    -----    -----      -----    -----      -----    -----
  +--> ?PR?_ADCINIT?ADC
  +--> ?PR?DISPLAYERINIT?DISPLAYER
  +--> ?PR?KEYINIT?KEY
  +--> ?PR?_SETDISPLAYERAREA?DISPLAYER
  +--> ?PR?_UART2INIT?UART2
  +--> ?PR?MYUART1INIT?MY_UART1
  +--> ?PR?NVTEMPTHRESHOLDINIT?NV_TEMP_THRES...
  +--> ?PR?INITRTC?TIME_MODULE
  +--> ?PR?RADIO_INIT?RADIO_MODULE
  +--> ?PR?INITTRAINID?TRAIN_ID_MODULE
  +--> ?PR?_SETUART2RXD?UART2
  +--> ?PR?MYUART2RXD_CALLBACK?VOICE_MODULE
  +--> ?PR?_SETEVENTCALLBACK?SYS
  +--> ?PR?MY1S_CALLBACK?CORE
  +--> ?PR?MY100MS_CALLBACK?CORE
  +--> ?PR?NAVHANDLER?NAV_HANDLER
  +--> ?PR?MYSTC_INIT?SYS
  +--> ?PR?MYSTC_OS?SYS

?PR?_ADCINIT?ADC                                 -----    -----      -----    -----      -----    -----
  +--> ?PR?_?SYS_ADC_DRV?ADC
  +--> ?PR?_?SYS_GET_KNEVENT?ADC
  +--> ?PR?_?SYS_GET_EXTADCEVENT?ADC

?PR?_?SYS_ADC_DRV?ADC                            -----    -----      -----    -----      -----    -----
  +--> ?CO?ADC

?PR?DISPLAYERINIT?DISPLAYER                      -----    -----      -----    -----      -----    -----
  +--> ?PR?_?SYS_DISPLAY_DRV?DISPLAYER

?PR?_?SYS_DISPLAY_DRV?DISPLAYER                  -----    -----      -----    -----      -----    -----
  +--> ?CO?DECODE_TABLE

?PR?KEYINIT?KEY                                  -----    -----      -----    -----      -----    -----
  +--> ?PR?_?SYS_GET_KEYEVENT?KEY
  +--> ?PR?_?SYS_KEY_DRV?KEY

?PR?_UART2INIT?UART2                             -----    -----      0008H    0005H      -----    -----
  +--> ?PR?_?NULLFUNC0?UART2
  +--> ?CO?CORE
  +--> ?PR?_?SYS_GET_UART2RXDEVENT?UART2

?PR?MYUART1INIT?MY_UART1                         -----    -----      -----    -----      -----    -----
  +--> ?PR?_UART1INIT?UART1
  +--> ?PR?UART1RXDCALLBACK?MY_UART1
  +--> ?PR?_SETEVENTCALLBACK?SYS
  +--> ?PR?_SETUART1RXD?UART1
BL51 BANKED LINKER/LOCATER V6.22.4.0                                                  09/17/2025  18:44:36  PAGE 7



?PR?_UART1INIT?UART1                             -----    -----      0008H    0004H      -----    -----
  +--> ?CO?CORE
  +--> ?PR?_?SYS_GET_UART1RXDEVENT?UART1

?PR?UART1RXDCALLBACK?MY_UART1                    -----    -----      -----    -----      -----    -----
  +--> ?PR?_STRCHR?STRCHR
  +--> ?PR?_PARSECOMMAND?MY_UART1
  +--> ?PR?MYUART1CLEARRXBUFFER?MY_UART1

?PR?_PARSECOMMAND?MY_UART1                       -----    -----      0008H    0005H      00B2H    0031H
  +--> ?PR?_STRLEN?STRLEN
  +--> ?CO?MY_UART1
  +--> ?PR?_ATOI?ATOI
  +--> ?PR?_STRTOK?STRTOK
  +--> ?PR?_NVTEMPTHRESHOLDUPDATE?NV_TEMP_TH...
  +--> ?PR?ONSPEEDCHANGE?TIME_MODULE

?PR?_ATOI?ATOI                                   0022H.2  0000H.1    000DH    0005H      -----    -----
  +--> ?PR?_ISSPACE?ISSPACE
  +--> ?PR?_ISDIGIT?ISDIGIT

?PR?_STRTOK?STRTOK                               -----    -----      000DH    0006H      -----    -----
  +--> ?PR?_STRSPN?STRSPN
  +--> ?PR?_STRPBRK?STRPBRK

?PR?_STRSPN?STRSPN                               -----    -----      0013H    0008H      -----    -----

?PR?_STRPBRK?STRPBRK                             -----    -----      0013H    0009H      -----    -----

?PR?_NVTEMPTHRESHOLDUPDATE?NV_TEMP_TH...         -----    -----      000DH    0001H      00E3H    0001H
  +--> ?PR?NVTEMPTHRESHOLDINIT?NV_TEMP_THRES...
  +--> ?PR?_NVISVALIDTHRESHOLD?NV_TEMP_THRES...
  +--> ?PR?NVTEMPTHRESHOLDREAD?NV_TEMP_THRES...
  +--> ?PR?_NVTEMPTHRESHOLDWRITE?NV_TEMP_THR...

?PR?NVTEMPTHRESHOLDINIT?NV_TEMP_THRES...         -----    -----      000FH    0001H      00E5H    0001H
  +--> ?PR?_M24C02_READ?M24C02
  +--> ?PR?_NVISVALIDTHRESHOLD?NV_TEMP_THRES...

?PR?_M24C02_READ?M24C02                          -----    -----      -----    -----      -----    -----
  +--> ?PR?START?M24C02
  +--> ?PR?RESPONS?M24C02
  +--> ?PR?_WRITEBYTE?M24C02
  +--> ?PR?READBYTE?M24C02
  +--> ?PR?STOP?M24C02

?PR?RESPONS?M24C02                               -----    -----      -----    -----      -----    -----
  +--> ?PR?_WRITEBYTE?M24C02

?PR?NVTEMPTHRESHOLDREAD?NV_TEMP_THRES...         -----    -----      -----    -----      00E4H    0001H
  +--> ?PR?NVTEMPTHRESHOLDINIT?NV_TEMP_THRES...
  +--> ?PR?_M24C02_READ?M24C02
  +--> ?PR?_NVISVALIDTHRESHOLD?NV_TEMP_THRES...

?PR?_NVTEMPTHRESHOLDWRITE?NV_TEMP_THR...         -----    -----      000EH    0001H      -----    -----
  +--> ?PR?NVTEMPTHRESHOLDINIT?NV_TEMP_THRES...
BL51 BANKED LINKER/LOCATER V6.22.4.0                                                  09/17/2025  18:44:36  PAGE 8


  +--> ?PR?_NVISVALIDTHRESHOLD?NV_TEMP_THRES...
  +--> ?PR?_M24C02_WRITE?M24C02

?PR?_M24C02_WRITE?M24C02                         -----    -----      -----    -----      -----    -----
  +--> ?PR?START?M24C02
  +--> ?PR?_WRITEBYTE?M24C02
  +--> ?PR?RESPONS?M24C02
  +--> ?PR?STOP?M24C02

?PR?_SETEVENTCALLBACK?SYS                        -----    -----      0008H    0003H      -----    -----

?PR?_SETUART1RXD?UART1                           -----    -----      0008H    000AH      -----    -----

?PR?RADIO_INIT?RADIO_MODULE                      -----    -----      -----    -----      -----    -----
  +--> ?PR?FMRADIOINIT?FM_RADIO
  +--> ?PR?SETFMRADIO?FM_RADIO

?PR?FMRADIOINIT?FM_RADIO                         -----    -----      0008H    0006H      -----    -----
  +--> ?PR?SETFMRADIO?FM_RADIO
  +--> ?PR?_?SYS_FMRADIO_DRV?FM_RADIO

?PR?SETFMRADIO?FM_RADIO                          -----    -----      000EH    0006H      -----    -----
  +--> ?PR?GETFMRADIO?FM_RADIO

?PR?GETFMRADIO?FM_RADIO                          -----    -----      0014H    0006H      -----    -----

?PR?_?SYS_FMRADIO_DRV?FM_RADIO                   -----    -----      -----    -----      -----    -----
  +--> ?PR?IIC_RADIO_START?FM_RADIO
  +--> ?PR?_IIC_RADIO_WRITEBYTE?FM_RADIO
  +--> ?PR?IIC_RADIO_ACK?FM_RADIO
  +--> ?PR?IIC_RADIO_STOP?FM_RADIO

?PR?IIC_RADIO_START?FM_RADIO                     -----    -----      -----    -----      -----    -----
  +--> ?PR?_DELAY?FM_RADIO

?PR?_IIC_RADIO_WRITEBYTE?FM_RADIO                -----    -----      -----    -----      -----    -----
  +--> ?PR?_DELAY?FM_RADIO

?PR?IIC_RADIO_ACK?FM_RADIO                       -----    -----      -----    -----      -----    -----
  +--> ?PR?_DELAY?FM_RADIO

?PR?IIC_RADIO_STOP?FM_RADIO                      -----    -----      -----    -----      -----    -----
  +--> ?PR?_DELAY?FM_RADIO

?PR?INITTRAINID?TRAIN_ID_MODULE                  -----    -----      -----    -----      -----    -----
  +--> ?PR?_NVM_READ?DS1302

?PR?_NVM_READ?DS1302                             -----    -----      -----    -----      -----    -----
  +--> ?PR?_DS1302READ?DS1302

?PR?_DS1302READ?DS1302                           -----    -----      -----    -----      -----    -----
  +--> ?PR?_DS1302WRITEBYTE?DS1302
  +--> ?PR?DS1302READBYTE?DS1302

?PR?_SETUART2RXD?UART2                           -----    -----      0008H    000AH      -----    -----

?PR?MY1S_CALLBACK?CORE                           -----    -----      -----    -----      -----    -----
BL51 BANKED LINKER/LOCATER V6.22.4.0                                                  09/17/2025  18:44:36  PAGE 9


  +--> ?PR?UPDATETIME?TIME_MODULE
  +--> ?PR?UPDATETEMP?TEMP_MODULE
  +--> ?PR?CHECKCOUNTDOWNEVENT?VOICE_MODULE
  +--> ?PR?IS_PLAY_MUSIC?MUSIC_MODULE
  +--> ?PR?MYUART1SENDCURRENTSTATUS?MY_UART1

?PR?UPDATETIME?TIME_MODULE                       -----    -----      -----    -----      -----    -----
  +--> ?PR?RESETTIMER?TIME_MODULE

?PR?UPDATETEMP?TEMP_MODULE                       -----    -----      -----    -----      -----    -----
  +--> ?PR?GETADC?ADC
  +--> ?CO?TEMP_MODULE

?PR?CHECKCOUNTDOWNEVENT?VOICE_MODULE             -----    -----      -----    -----      -----    -----
  +--> ?CO?VOICE_MODULE
  +--> ?PR?_UART2PRINT?UART2

?PR?IS_PLAY_MUSIC?MUSIC_MODULE                   -----    -----      0008H    0001H      -----    -----
  +--> ?PR?GETPLAYERMODE?MUSIC
  +--> ?PR?_SETPLAYERMODE?MUSIC

?PR?MYUART1SENDCURRENTSTATUS?MY_UART1            -----    -----      -----    -----      00B2H    0002H
  +--> ?PR?GETUART1TXSTATUS?UART1
  +--> ?CO?MY_UART1
  +--> ?PR?_STRLEN?STRLEN
  +--> ?PR?_MY_UTOA?MY_UART1
  +--> ?PR?_UART1PRINT?UART1

?PR?_MY_UTOA?MY_UART1                            -----    -----      0008H    0003H      00B4H    0012H

?PR?MY100MS_CALLBACK?CORE                        -----    -----      -----    -----      -----    -----
  +--> ?PR?SHOWSTATUS?NAV_HANDLER

?PR?SHOWSTATUS?NAV_HANDLER                       -----    -----      -----    -----      -----    -----
  +--> ?PR?SHOWTIME?TIME_MODULE
  +--> ?PR?SHOWTEMP?TEMP_MODULE
  +--> ?PR?SHOWSPEED?SPEED_MODULE
  +--> ?PR?SHOWMODE?TIME_MODULE

?PR?SHOWTIME?TIME_MODULE                         -----    -----      -----    -----      -----    -----
  +--> ?PR?_SEG7PRINT?DISPLAYER

?PR?_SEG7PRINT?DISPLAYER                         -----    -----      0008H    0008H      -----    -----

?PR?SHOWTEMP?TEMP_MODULE                         -----    -----      -----    -----      -----    -----
  +--> ?PR?_SEG7PRINT?DISPLAYER

?PR?SHOWSPEED?SPEED_MODULE                       -----    -----      -----    -----      -----    -----
  +--> ?PR?_SEG7PRINT?DISPLAYER

?PR?SHOWMODE?TIME_MODULE                         -----    -----      -----    -----      -----    -----
  +--> ?PR?_SEG7PRINT?DISPLAYER

?PR?NAVHANDLER?NAV_HANDLER                       -----    -----      -----    -----      00B2H    0004H
  +--> ?PR?_GETADCNAVACT?ADC
  +--> ?PR?SETFMRADIO?FM_RADIO

BL51 BANKED LINKER/LOCATER V6.22.4.0                                                  09/17/2025  18:44:36  PAGE 10


?PR?MYSTC_INIT?SYS                               -----    -----      -----    -----      -----    -----
  +--> ?PR?SYS_TIMER0_INIT?SYS

?PR?SYS_TIMER0_INIT?SYS                          -----    -----      -----    -----      -----    -----
  +--> ?CO?CORE

?PR?MYSTC_OS?SYS                                 -----    -----      -----    -----      -----    -----
  +--> ?PR?SYS_TASK_IR?SYS
  +--> ?PR?SYS_TASK_1MS?SYS
  +--> ?PR?SYS_TASK_10MS?SYS
  +--> ?PR?SYS_TASK_100MS?SYS
  +--> ?PR?SYS_TASK_1S?SYS

?C_INITSEG                                       -----    -----      -----    -----      -----    -----
  +--> ?PR?_?NULLFUNC?SYS
  +--> ?PR?_?RET0FUNC?SYS



SYMBOL TABLE OF MODULE:  .\output\BSP_Demo (MAIN)

  VALUE           TYPE          NAME
  ----------------------------------

  -------         MODULE        MAIN
  C:0000H         SYMBOL        _ICE_DUMMY_
  D:0080H         PUBLIC        P0
  D:0090H         PUBLIC        P1
  D:00A0H         PUBLIC        P2
  D:00B0H         PUBLIC        P3
  D:00C0H         PUBLIC        P4
  D:00C8H         PUBLIC        P5
  D:00E8H         PUBLIC        P6
  D:00F8H         PUBLIC        P7
  D:00A8H         PUBLIC        IE
  D:00B8H         PUBLIC        IP
  D:00D8H         PUBLIC        CCON
  C:308FH         PUBLIC        main
  D:0098H         PUBLIC        SCON
  D:0088H         PUBLIC        TCON
  D:00D0H         PUBLIC        PSW
  -------         PROC          MAIN
  C:308FH         LINE#         3
  C:308FH         LINE#         4
  C:3094H         LINE#         5
  C:3097H         LINE#         6
  C:309AH         LINE#         8
  C:30A1H         LINE#         9
  C:30ADH         LINE#         10
  C:30B0H         LINE#         11
  C:30B3H         LINE#         12
  C:30B6H         LINE#         15
  C:30B9H         LINE#         16
  C:30BCH         LINE#         17
  C:30D6H         LINE#         18
  C:30E1H         LINE#         19
  C:30ECH         LINE#         20
BL51 BANKED LINKER/LOCATER V6.22.4.0                                                  09/17/2025  18:44:36  PAGE 11


  C:30F7H         LINE#         21
  C:3102H         LINE#         22
  C:3105H         LINE#         24
  C:3105H         LINE#         25
  C:3108H         LINE#         26
  -------         ENDPROC       MAIN
  -------         ENDMOD        MAIN

  -------         MODULE        ADC
  C:0000H         SYMBOL        _ICE_DUMMY_
  D:0080H         PUBLIC        P0
  D:0090H         PUBLIC        P1
  D:00A0H         PUBLIC        P2
  C:3F77H         PUBLIC        _?sys_get_KNEvent
  D:006AH         PUBLIC        sys_EXTADCEvent
  D:00B0H         PUBLIC        P3
  D:00C0H         PUBLIC        P4
  D:00C8H         PUBLIC        P5
  D:00E8H         PUBLIC        P6
  D:00F8H         PUBLIC        P7
  B:00A8H.5       PUBLIC        EADC
  D:00A8H         PUBLIC        IE
  D:00BDH         PUBLIC        ADC_RES
  D:00B8H         PUBLIC        IP
  D:0097H         PUBLIC        CLK_DIV
  C:39CBH         PUBLIC        _AdcInit
  D:00D8H         PUBLIC        CCON
  C:3F85H         PUBLIC        _?sys_get_EXTADCEvent
  X:00E8H         PUBLIC        AD_res
  D:00BCH         PUBLIC        ADC_CONTR
  D:0098H         PUBLIC        SCON
  D:0088H         PUBLIC        TCON
  C:1A94H         PUBLIC        _?sys_ADC_drv
  B:0021H.7       PUBLIC        flag_ADC
  X:00F2H         PUBLIC        sys_KN
  D:009DH         PUBLIC        P1ASF
  D:006BH         PUBLIC        sys_KNEvent
  D:00BEH         PUBLIC        ADC_RESL
  C:0003H         PUBLIC        GetADC
  C:36A0H         PUBLIC        _GetAdcNavAct
  C:4020H         PUBLIC        ADC_isr
  D:00D0H         PUBLIC        PSW
  -------         PROC          ADC_ISR
  C:4020H         LINE#         26
  C:4020H         LINE#         27
  C:4023H         LINE#         28
  C:4025H         LINE#         29
  -------         ENDPROC       ADC_ISR
  -------         PROC          _?SYS_ADC_DRV
  -------         DO            
  X:00E6H         SYMBOL        pc
  X:00E7H         SYMBOL        counter
  i:0000H         SYMBOL        i
  C:3FE5H         SYMBOL        ADC_ch
  -------         ENDDO         
  C:1A94H         LINE#         31
  C:1A96H         LINE#         35
BL51 BANKED LINKER/LOCATER V6.22.4.0                                                  09/17/2025  18:44:36  PAGE 12


  C:1A9CH         LINE#         36
  C:1A9EH         LINE#         37
  C:1ACCH         LINE#         38
  C:1ACCH         LINE#         39
  C:1ACCH         LINE#         40
  C:1ADCH         LINE#         41
  C:1ADEH         LINE#         42
  C:1ADEH         LINE#         43
  C:1ADEH         LINE#         44
  C:1AF2H         LINE#         45
  C:1AF5H         LINE#         46
  C:1AF8H         LINE#         47
  C:1B08H         LINE#         48
  C:1B0AH         LINE#         49
  C:1B1EH         LINE#         50
  C:1B21H         LINE#         51
  C:1B35H         LINE#         52
  C:1B48H         LINE#         53
  C:1B60H         LINE#         54
  C:1B6BH         LINE#         55
  C:1B6EH         LINE#         56
  C:1B7EH         LINE#         57
  C:1B92H         LINE#         58
  C:1BA7H         LINE#         59
  C:1BB8H         LINE#         60
  C:1BBAH         LINE#         61
  C:1BBAH         LINE#         62
  C:1BBCH         LINE#         64
  C:1BD3H         LINE#         65
  C:1BE4H         LINE#         66
  C:1BE7H         LINE#         67
  C:1BE7H         LINE#         68
  C:1BE7H         LINE#         69
  C:1C0AH         LINE#         70
  C:1C1BH         LINE#         71
  C:1C1FH         LINE#         72
  C:1C1FH         LINE#         73
  C:1C1FH         LINE#         74
  C:1C25H         LINE#         75
  C:1C25H         LINE#         76
  C:1C25H         LINE#         77
  C:1C31H         LINE#         78
  C:1C3DH         LINE#         79
  C:1C3DH         LINE#         80
  -------         ENDPROC       _?SYS_ADC_DRV
  -------         PROC          _?SYS_GET_KNEVENT
  -------         DO            
  i:0000H         SYMBOL        a
  -------         ENDDO         
  C:3F77H         LINE#         82
  C:3F79H         LINE#         84
  C:3F7DH         LINE#         85
  C:3F80H         LINE#         86
  C:3F82H         LINE#         87
  -------         ENDPROC       _?SYS_GET_KNEVENT
  -------         PROC          _?SYS_GET_EXTADCEVENT
  -------         DO            
BL51 BANKED LINKER/LOCATER V6.22.4.0                                                  09/17/2025  18:44:36  PAGE 13


  i:0000H         SYMBOL        a
  -------         ENDDO         
  C:3F85H         LINE#         89
  C:3F87H         LINE#         91
  C:3F8BH         LINE#         92
  C:3F8EH         LINE#         93
  C:3F90H         LINE#         94
  -------         ENDPROC       _?SYS_GET_EXTADCEVENT
  -------         PROC          _ADCINIT
  D:0007H         SYMBOL        ADCsel
  C:39CBH         LINE#         96
  C:39CBH         LINE#         97
  C:39CBH         LINE#         98
  C:39CDH         LINE#         99
  C:39D0H         LINE#         100
  C:39D3H         LINE#         101
  C:39D5H         LINE#         102
  C:39E3H         LINE#         103
  C:39EFH         LINE#         104
  C:39FBH         LINE#         105
  -------         ENDPROC       _ADCINIT
  -------         PROC          GETADC
  C:0003H         LINE#         107
  C:0003H         LINE#         108
  C:0009H         LINE#         109
  -------         ENDPROC       GETADC
  -------         PROC          _GETADCNAVACT
  D:0007H         SYMBOL        Nav_button
  -------         DO            
  D:0006H         SYMBOL        a
  -------         ENDDO         
  C:36A0H         LINE#         111
  C:36A0H         LINE#         112
  C:36A0H         LINE#         113
  C:36B0H         LINE#         114
  C:36CBH         LINE#         115
  C:36E0H         LINE#         116
  C:36E3H         LINE#         117
  C:36E3H         LINE#         118
  C:36E5H         LINE#         119
  -------         ENDPROC       _GETADCNAVACT
  -------         ENDMOD        ADC

  -------         MODULE        DISPLAYER
  C:0000H         SYMBOL        _ICE_DUMMY_
  D:0093H         PUBLIC        P0M1
  D:0096H         PUBLIC        P2M0
  D:0080H         PUBLIC        P0
  D:0095H         PUBLIC        P2M1
  D:0090H         PUBLIC        P1
  D:00A0H         PUBLIC        P2
  D:00B0H         PUBLIC        P3
  D:00C0H         PUBLIC        P4
  D:00C8H         PUBLIC        P5
  D:00E8H         PUBLIC        P6
  D:00F8H         PUBLIC        P7
  D:00A8H         PUBLIC        IE
BL51 BANKED LINKER/LOCATER V6.22.4.0                                                  09/17/2025  18:44:36  PAGE 14


  D:00B8H         PUBLIC        IP
  D:00D8H         PUBLIC        CCON
  C:4026H         PUBLIC        _LedPrint
  B:00A0H.0       PUBLIC        P20
  B:00A0H.1       PUBLIC        P21
  D:0098H         PUBLIC        SCON
  B:00A0H.2       PUBLIC        P22
  D:0088H         PUBLIC        TCON
  B:00A0H.3       PUBLIC        P23
  C:3DAAH         PUBLIC        DisplayerInit
  X:0164H         PUBLIC        sys_Disp
  C:3FEEH         PUBLIC        _SetDisplayerArea
  C:3CBBH         PUBLIC        _Seg7Print
  C:246EH         PUBLIC        _?sys_display_drv
  D:00D0H         PUBLIC        PSW
  D:0094H         PUBLIC        P0M0
  -------         PROC          _?SYS_DISPLAY_DRV
  C:246EH         LINE#         16
  C:246EH         LINE#         18
  C:2471H         LINE#         19
  C:249AH         LINE#         20
  C:24A0H         LINE#         21
  C:24A6H         LINE#         22
  C:24ACH         LINE#         23
  C:24B2H         LINE#         24
  C:24BCH         LINE#         25
  C:24C6H         LINE#         26
  C:24D0H         LINE#         27
  C:24DAH         LINE#         28
  C:24DCH         LINE#         29
  C:24DCH         LINE#         30
  C:24E4H         LINE#         31
  C:250DH         LINE#         33
  C:2528H         LINE#         34
  C:252BH         LINE#         35
  C:252BH         LINE#         36
  C:2542H         LINE#         37
  C:254EH         LINE#         39
  C:2556H         LINE#         40
  -------         ENDPROC       _?SYS_DISPLAY_DRV
  -------         PROC          DISPLAYERINIT
  C:3DAAH         LINE#         42
  C:3DAAH         LINE#         43
  C:3DAAH         LINE#         44
  C:3DADH         LINE#         45
  C:3DB0H         LINE#         46
  C:3DB3H         LINE#         47
  C:3DB6H         LINE#         48
  C:3DC4H         LINE#         49
  -------         ENDPROC       DISPLAYERINIT
  -------         PROC          _SETDISPLAYERAREA
  D:0007H         SYMBOL        Begin_of_scan
  D:0005H         SYMBOL        Ending_of_Scan
  C:3FEEH         LINE#         51
  C:3FEEH         LINE#         52
  C:3FF3H         LINE#         53
  C:3FF6H         LINE#         54
BL51 BANKED LINKER/LOCATER V6.22.4.0                                                  09/17/2025  18:44:36  PAGE 15


  -------         ENDPROC       _SETDISPLAYERAREA
  -------         PROC          _SEG7PRINT
  D:0007H         SYMBOL        d0
  D:0005H         SYMBOL        d1
  D:0003H         SYMBOL        d2
  D:000BH         SYMBOL        d3
  D:000CH         SYMBOL        d4
  D:000DH         SYMBOL        d5
  D:000EH         SYMBOL        d6
  D:000FH         SYMBOL        d7
  C:3CBBH         LINE#         56
  C:3CBBH         LINE#         57
  C:3CC0H         LINE#         58
  C:3CC3H         LINE#         59
  C:3CC6H         LINE#         60
  C:3CCAH         LINE#         61
  C:3CCEH         LINE#         62
  C:3CD2H         LINE#         63
  C:3CD6H         LINE#         64
  C:3CDAH         LINE#         65
  -------         ENDPROC       _SEG7PRINT
  -------         PROC          _LEDPRINT
  D:0007H         SYMBOL        led_val
  C:4026H         LINE#         67
  C:4026H         LINE#         68
  C:402BH         LINE#         69
  -------         ENDPROC       _LEDPRINT
  -------         ENDMOD        DISPLAYER

  -------         MODULE        KEY
  C:0000H         SYMBOL        _ICE_DUMMY_
  D:0080H         PUBLIC        P0
  D:0090H         PUBLIC        P1
  D:00A0H         PUBLIC        P2
  D:00B0H         PUBLIC        P3
  D:00C0H         PUBLIC        P4
  D:00C8H         PUBLIC        P5
  D:00E8H         PUBLIC        P6
  D:00F8H         PUBLIC        P7
  D:00A8H         PUBLIC        IE
  D:0070H         PUBLIC        sys_keyEvent
  D:00B8H         PUBLIC        IP
  D:00D8H         PUBLIC        CCON
  C:3F93H         PUBLIC        _?sys_get_keyEvent
  D:0098H         PUBLIC        SCON
  D:0088H         PUBLIC        TCON
  C:2042H         PUBLIC        _?sys_key_drv
  C:3D39H         PUBLIC        KeyInit
  B:00B0H.2       PUBLIC        IO_Key1
  B:00B0H.3       PUBLIC        IO_Key2
  B:0090H.7       PUBLIC        IO_Key3
  C:37F5H         PUBLIC        _GetKeyAct
  X:0188H         PUBLIC        sys_Key
  D:00D0H         PUBLIC        PSW
  -------         PROC          _?SYS_KEY_DRV
  -------         DO            
  i:0000H         SYMBOL        i
BL51 BANKED LINKER/LOCATER V6.22.4.0                                                  09/17/2025  18:44:36  PAGE 16


  X:0187H         SYMBOL        counter
  -------         ENDDO         
  C:2042H         LINE#         28
  C:2044H         LINE#         31
  C:204DH         LINE#         32
  C:2056H         LINE#         33
  C:205FH         LINE#         34
  C:206AH         LINE#         35
  C:206DH         LINE#         36
  C:207FH         LINE#         37
  C:209DH         LINE#         38
  C:20B6H         LINE#         39
  C:20D2H         LINE#         40
  C:20D4H         LINE#         41
  C:20D4H         LINE#         42
  C:20D6H         LINE#         44
  C:20F7H         LINE#         45
  C:210DH         LINE#         46
  C:2110H         LINE#         47
  C:2110H         LINE#         48
  C:2110H         LINE#         49
  C:2143H         LINE#         50
  C:215EH         LINE#         51
  C:2162H         LINE#         52
  C:2162H         LINE#         53
  -------         ENDPROC       _?SYS_KEY_DRV
  -------         PROC          _?SYS_GET_KEYEVENT
  -------         DO            
  i:0000H         SYMBOL        a
  -------         ENDDO         
  C:3F93H         LINE#         55
  C:3F95H         LINE#         57
  C:3F99H         LINE#         58
  C:3F9CH         LINE#         59
  C:3F9EH         LINE#         60
  -------         ENDPROC       _?SYS_GET_KEYEVENT
  -------         PROC          KEYINIT
  C:3D39H         LINE#         62
  C:3D39H         LINE#         63
  C:3D39H         LINE#         64
  C:3D47H         LINE#         65
  C:3D55H         LINE#         66
  -------         ENDPROC       KEYINIT
  -------         PROC          _GETKEYACT
  D:0007H         SYMBOL        Key
  -------         DO            
  D:0006H         SYMBOL        a
  -------         ENDDO         
  C:37F5H         LINE#         68
  C:37F5H         LINE#         69
  C:37F5H         LINE#         70
  C:37FFH         LINE#         71
  C:381AH         LINE#         72
  C:382FH         LINE#         73
  C:3832H         LINE#         74
  C:3832H         LINE#         75
  C:3834H         LINE#         76
BL51 BANKED LINKER/LOCATER V6.22.4.0                                                  09/17/2025  18:44:36  PAGE 17


  -------         ENDPROC       _GETKEYACT
  -------         ENDMOD        KEY

  -------         MODULE        SYS
  C:0000H         SYMBOL        _ICE_DUMMY_
  X:0000H         PUBLIC        count_1mS
  B:00D8H.2       PUBLIC        CCF2
  D:0080H         PUBLIC        P0
  B:0020H.1       PUBLIC        flag_1S
  D:0090H         PUBLIC        P1
  D:00A0H         PUBLIC        P2
  D:00B0H         PUBLIC        P3
  D:00C0H         PUBLIC        P4
  X:0001H         PUBLIC        T1
  D:00C8H         PUBLIC        P5
  X:0003H         PUBLIC        T2
  B:00A8H.7       PUBLIC        EA
  D:00E8H         PUBLIC        P6
  D:00F8H         PUBLIC        P7
  D:0024H         PUBLIC        IrDatNum
  B:00D8H.7       PUBLIC        CF
  B:0020H.2       PUBLIC        Ir_Coder
  B:0020H.3       PUBLIC        Ir_RxBusy
  D:00A8H         PUBLIC        IE
  B:0020H.4       PUBLIC        Ir_TxBusy
  X:0005H         PUBLIC        userfunccall
  D:00FAH         PUBLIC        CCAP0H
  D:00FBH         PUBLIC        CCAP1H
  C:2F07H         PUBLIC        sys_task_Ir
  D:0025H         PUBLIC        IrCount_j
  D:0026H         PUBLIC        IrRx_count
  D:0027H         PUBLIC        IrProtocol
  D:00EAH         PUBLIC        CCAP0L
  D:0028H         PUBLIC        IrTx_count
  D:00EBH         PUBLIC        CCAP1L
  D:00DAH         PUBLIC        CCAPM0
  D:00DBH         PUBLIC        CCAPM1
  D:0029H         PUBLIC        MainLoops
  D:00B8H         PUBLIC        IP
  B:00D0H.7       PUBLIC        CY
  B:0020H.5       PUBLIC        flag_10mS
  D:00D8H         PUBLIC        CCON
  C:3FF7H         PUBLIC        GetBeepTimer
  C:3521H         PUBLIC        sys_Timer0_isr
  C:3012H         PUBLIC        _SetEventCallBack
  C:402CH         PUBLIC        MySTC_Init
  C:3835H         PUBLIC        sys_task_100mS
  D:002DH         PUBLIC        ModBus_interval_time
  C:003EH         PUBLIC        _?ret0func
  C:34CEH         PUBLIC        GetUltraSonic
  X:0029H         PUBLIC        count_10mS
  X:002AH         PUBLIC        stcDrivers
  C:4000H         PUBLIC        _SetBeepTimer
  B:0020H.6       PUBLIC        flag_IrRxFinished
  D:0098H         PUBLIC        SCON
  C:3EDBH         PUBLIC        _SetCCP0
  C:3874H         PUBLIC        MySTC_OS
BL51 BANKED LINKER/LOCATER V6.22.4.0                                                  09/17/2025  18:44:36  PAGE 18


  D:0089H         PUBLIC        TMOD
  D:0088H         PUBLIC        TCON
  B:0020H.7       PUBLIC        flag_Ir
  B:00B0H.5       PUBLIC        P35
  D:002EH         PUBLIC        IrRxNum
  X:0060H         PUBLIC        SysPerformance
  D:008EH         PUBLIC        AUXR
  C:2901H         PUBLIC        sys_CCP_isr
  C:2381H         PUBLIC        sys_task_1mS
  B:00A8H.1       PUBLIC        ET0
  C:403EH         PUBLIC        ClrBeepPin
  D:008CH         PUBLIC        TH0
  B:0021H.0       PUBLIC        flag_100mS
  X:0065H         PUBLIC        distance
  D:008AH         PUBLIC        TL0
  D:002FH         PUBLIC        PollingMisses
  X:0067H         PUBLIC        sys_BP
  B:0088H.4       PUBLIC        TR0
  C:3ABBH         PUBLIC        sys_task_1S
  C:4012H         PUBLIC        GetSysPerformance
  B:0021H.1       PUBLIC        matchModBus
  X:006DH         PUBLIC        count_100mS
  B:0021H.2       PUBLIC        Ir_BitBusy
  D:0030H         PUBLIC        IrDat_count
  D:0031H         PUBLIC        IrMute_count
  B:0021H.3       PUBLIC        newFrame1
  C:3659H         PUBLIC        sys_Timer0_Init
  B:0021H.4       PUBLIC        newFrame2
  D:0032H         PUBLIC        IrDataPc
  C:000AH         PUBLIC        _?nullfunc
  B:0021H.5       PUBLIC        flag_1mS
  B:0021H.6       PUBLIC        newUS
  D:008FH         PUBLIC        INT_CLKO
  C:2CCAH         PUBLIC        sys_task_10mS
  D:00D0H         PUBLIC        PSW
  B:00D8H.0       PUBLIC        CCF0
  B:00B0H.4       PUBLIC        Beep
  B:00D8H.1       PUBLIC        CCF1
  -------         PROC          _?NULLFUNC
  C:000AH         LINE#         13
  -------         ENDPROC       _?NULLFUNC
  -------         PROC          _?RET0FUNC
  C:003EH         LINE#         14
  -------         ENDPROC       _?RET0FUNC
  -------         PROC          SYS_TIMER0_INIT
  C:3659H         LINE#         96
  C:3659H         LINE#         97
  C:365CH         LINE#         98
  C:365FH         LINE#         99
  C:3675H         LINE#         100
  C:369BH         LINE#         101
  C:369DH         LINE#         102
  C:369FH         LINE#         103
  -------         ENDPROC       SYS_TIMER0_INIT
  -------         PROC          SYS_TIMER0_ISR
  -------         DO            
  D:0023H         SYMBOL        i
BL51 BANKED LINKER/LOCATER V6.22.4.0                                                  09/17/2025  18:44:36  PAGE 19


  -------         ENDDO         
  C:3521H         LINE#         105
  C:3525H         LINE#         107
  C:3528H         LINE#         108
  C:352BH         LINE#         109
  C:3530H         LINE#         110
  C:3532H         LINE#         111
  C:3532H         LINE#         112
  C:3538H         LINE#         113
  C:353EH         LINE#         114
  C:3541H         LINE#         115
  C:3543H         LINE#         116
  C:3546H         LINE#         117
  C:354AH         LINE#         118
  C:354CH         LINE#         119
  C:354FH         LINE#         120
  C:3551H         LINE#         122
  C:3554H         LINE#         123
  C:3556H         LINE#         124
  C:355BH         LINE#         125
  C:355BH         LINE#         126
  C:355DH         LINE#         128
  C:3566H         LINE#         129
  C:3568H         LINE#         130
  C:356EH         LINE#         131
  C:356EH         LINE#         132
  C:356EH         LINE#         133
  C:356EH         LINE#         134
  -------         ENDPROC       SYS_TIMER0_ISR
  -------         PROC          GETULTRASONIC
  -------         DO            
  D:006CH         SYMBOL        a
  -------         ENDDO         
  C:34CEH         LINE#         138
  C:34CEH         LINE#         139
  C:34CEH         LINE#         140
  C:34D1H         LINE#         141
  C:34D3H         LINE#         142
  C:34E2H         LINE#         143
  C:3518H         LINE#         144
  C:3518H         LINE#         145
  C:3520H         LINE#         146
  -------         ENDPROC       GETULTRASONIC
  -------         PROC          GETBEEPTIMER
  C:3FF7H         LINE#         148
  C:3FF7H         LINE#         149
  C:3FFFH         LINE#         150
  -------         ENDPROC       GETBEEPTIMER
  -------         PROC          _SETBEEPTIMER
  D:0006H         SYMBOL        a
  C:4000H         LINE#         152
  C:4000H         LINE#         153
  C:4008H         LINE#         154
  -------         ENDPROC       _SETBEEPTIMER
  -------         PROC          _SETCCP0
  D:0006H         SYMBOL        step
  D:0004H         SYMBOL        next
BL51 BANKED LINKER/LOCATER V6.22.4.0                                                  09/17/2025  18:44:36  PAGE 20


  C:3EDBH         LINE#         156
  C:3EDBH         LINE#         157
  C:3EE3H         LINE#         158
  C:3EEBH         LINE#         159
  -------         ENDPROC       _SETCCP0
  -------         PROC          CLRBEEPPIN
  C:403EH         LINE#         161
  C:403EH         LINE#         162
  C:4040H         LINE#         163
  -------         ENDPROC       CLRBEEPPIN
  -------         PROC          SYS_CCP_ISR
  -------         DO            
  B:0020H.0       SYMBOL        a
  -------         ENDDO         
  C:2901H         LINE#         165
  C:2914H         LINE#         167
  C:291BH         LINE#         168
  C:2922H         LINE#         169
  C:2925H         LINE#         170
  C:2927H         LINE#         171
  C:2937H         LINE#         172
  C:293EH         LINE#         173
  C:2941H         LINE#         174
  C:2943H         LINE#         175
  C:2945H         LINE#         177
  C:2959H         LINE#         178
  C:295CH         LINE#         179
  C:295EH         LINE#         180
  C:2960H         LINE#         181
  C:2962H         LINE#         183
  C:2962H         LINE#         184
  C:2965H         LINE#         185
  C:2967H         LINE#         186
  C:2971H         LINE#         187
  C:2973H         LINE#         188
  C:297CH         LINE#         189
  C:297FH         LINE#         190
  C:2991H         LINE#         191
  C:2993H         LINE#         193
  C:2995H         LINE#         194
  C:2998H         LINE#         195
  C:2998H         LINE#         196
  C:2998H         LINE#         197
  -------         ENDPROC       SYS_CCP_ISR
  -------         PROC          MYSTC_INIT
  C:402CH         LINE#         199
  C:402CH         LINE#         200
  C:402FH         LINE#         201
  C:4031H         LINE#         202
  -------         ENDPROC       MYSTC_INIT
  -------         PROC          SYS_TASK_IR
  -------         DO            
  D:0007H         SYMBOL        a
  -------         ENDDO         
  C:2F07H         LINE#         204
  C:2F07H         LINE#         205
  C:2F07H         LINE#         206
BL51 BANKED LINKER/LOCATER V6.22.4.0                                                  09/17/2025  18:44:36  PAGE 21


  C:2F1DH         LINE#         207
  C:2F24H         LINE#         208
  C:2F27H         LINE#         209
  C:2F2AH         LINE#         210
  C:2F40H         LINE#         211
  C:2F50H         LINE#         212
  C:2F58H         LINE#         213
  C:2F5BH         LINE#         214
  C:2F5DH         LINE#         216
  C:2F73H         LINE#         217
  C:2F87H         LINE#         218
  C:2F87H         LINE#         219
  C:2F89H         LINE#         220
  C:2F8CH         LINE#         222
  C:2F8CH         LINE#         224
  C:2F8EH         LINE#         225
  C:2F91H         LINE#         226
  C:2F91H         LINE#         227
  -------         ENDPROC       SYS_TASK_IR
  -------         PROC          SYS_TASK_1MS
  C:2381H         LINE#         229
  C:2381H         LINE#         230
  C:2389H         LINE#         231
  C:238CH         LINE#         232
  C:238EH         LINE#         233
  C:2396H         LINE#         234
  C:2399H         LINE#         235
  C:239BH         LINE#         236
  C:23A3H         LINE#         237
  C:23A6H         LINE#         238
  C:23A8H         LINE#         239
  C:23A8H         LINE#         240
  C:23A8H         LINE#         241
  C:23A8H         LINE#         242
  C:23B4H         LINE#         243
  C:23C0H         LINE#         244
  C:23CCH         LINE#         245
  C:23D8H         LINE#         246
  C:23E4H         LINE#         247
  C:23F0H         LINE#         248
  C:240BH         LINE#         249
  C:241AH         LINE#         250
  C:2426H         LINE#         251
  C:2428H         LINE#         252
  C:2428H         LINE#         253
  C:242FH         LINE#         254
  C:2432H         LINE#         255
  C:2441H         LINE#         256
  C:2443H         LINE#         257
  C:2443H         LINE#         258
  C:2445H         LINE#         260
  C:2454H         LINE#         261
  C:2460H         LINE#         262
  C:2462H         LINE#         263
  C:2462H         LINE#         264
  C:2462H         LINE#         265
  -------         ENDPROC       SYS_TASK_1MS
BL51 BANKED LINKER/LOCATER V6.22.4.0                                                  09/17/2025  18:44:36  PAGE 22


  -------         PROC          SYS_TASK_10MS
  C:2CCAH         LINE#         268
  C:2CCAH         LINE#         269
  C:2CD6H         LINE#         270
  C:2CE2H         LINE#         271
  C:2CEEH         LINE#         272
  C:2CFAH         LINE#         273
  C:2D15H         LINE#         274
  C:2D30H         LINE#         275
  C:2D4BH         LINE#         276
  C:2D4EH         LINE#         277
  C:2D50H         LINE#         278
  C:2D5CH         LINE#         279
  C:2D5CH         LINE#         280
  -------         ENDPROC       SYS_TASK_10MS
  -------         PROC          SYS_TASK_100MS
  C:3835H         LINE#         282
  C:3835H         LINE#         283
  C:3841H         LINE#         284
  C:385CH         LINE#         285
  C:3868H         LINE#         286
  -------         ENDPROC       SYS_TASK_100MS
  -------         PROC          SYS_TASK_1S
  C:3ABBH         LINE#         289
  C:3ABBH         LINE#         290
  C:3AC9H         LINE#         291
  C:3ACFH         LINE#         292
  C:3AD8H         LINE#         293
  C:3ADAH         LINE#         294
  -------         ENDPROC       SYS_TASK_1S
  -------         PROC          MYSTC_OS
  C:3874H         LINE#         297
  C:3874H         LINE#         298
  C:387CH         LINE#         299
  C:3884H         LINE#         300
  C:388CH         LINE#         301
  C:3894H         LINE#         302
  C:389CH         LINE#         303
  C:38B1H         LINE#         306
  -------         ENDPROC       MYSTC_OS
  -------         PROC          _SETEVENTCALLBACK
  D:0007H         SYMBOL        event
  D:0008H         SYMBOL        user_callback
  C:3012H         LINE#         308
  C:3018H         LINE#         309
  C:3049H         LINE#         310
  C:304CH         LINE#         311
  C:304EH         LINE#         312
  C:3051H         LINE#         313
  C:3053H         LINE#         314
  C:3056H         LINE#         315
  C:3058H         LINE#         316
  C:305BH         LINE#         317
  C:305DH         LINE#         318
  C:3060H         LINE#         319
  C:3062H         LINE#         320
  C:3065H         LINE#         321
BL51 BANKED LINKER/LOCATER V6.22.4.0                                                  09/17/2025  18:44:36  PAGE 23


  C:3067H         LINE#         322
  C:306AH         LINE#         323
  C:306CH         LINE#         324
  C:306FH         LINE#         325
  C:3071H         LINE#         326
  C:3074H         LINE#         327
  C:3076H         LINE#         328
  C:3079H         LINE#         329
  C:307BH         LINE#         330
  C:307EH         LINE#         331
  C:3080H         LINE#         332
  C:308EH         LINE#         333
  C:308EH         LINE#         334
  C:308EH         LINE#         335
  C:308EH         LINE#         336
  -------         ENDPROC       _SETEVENTCALLBACK
  -------         PROC          GETSYSPERFORMANCE
  C:4012H         LINE#         338
  C:4012H         LINE#         339
  C:4018H         LINE#         340
  -------         ENDPROC       GETSYSPERFORMANCE
  -------         ENDMOD        SYS

  -------         MODULE        UART2
  C:0000H         SYMBOL        _ICE_DUMMY_
  D:006EH         PUBLIC        ModBus_Interval_Min
  D:0080H         PUBLIC        P0
  C:18C2H         PUBLIC        Uart2_isr
  D:0090H         PUBLIC        P1
  D:00A0H         PUBLIC        P2
  D:00B0H         PUBLIC        P3
  D:00C0H         PUBLIC        P4
  D:00C8H         PUBLIC        P5
  D:00E8H         PUBLIC        P6
  D:00F8H         PUBLIC        P7
  D:00BAH         PUBLIC        P_SW2
  D:00A8H         PUBLIC        IE
  D:00DBH         PUBLIC        CCAPM1
  D:00B8H         PUBLIC        IP
  C:002AH         PUBLIC        _?nullfunc0
  D:00D8H         PUBLIC        CCON
  C:39FCH         PUBLIC        _SetUart2Rxd
  B:0090H.0       PUBLIC        P10
  B:0090H.1       PUBLIC        P11
  D:0098H         PUBLIC        SCON
  D:0088H         PUBLIC        TCON
  D:00AFH         PUBLIC        IE2
  D:008EH         PUBLIC        AUXR
  C:3FB9H         PUBLIC        GetUart2TxStatus
  D:00D6H         PUBLIC        T2H
  B:00B0H.7       PUBLIC        M485_TxEn
  D:00D7H         PUBLIC        T2L
  C:3A5EH         PUBLIC        _Uart2Print
  D:009BH         PUBLIC        S2BUF
  D:009AH         PUBLIC        S2CON
  C:26F4H         PUBLIC        _Uart2Init
  D:006FH         PUBLIC        Uart2usage
BL51 BANKED LINKER/LOCATER V6.22.4.0                                                  09/17/2025  18:44:36  PAGE 24


  C:3F2CH         PUBLIC        _?sys_get_Uart2RxdEvent
  X:0104H         PUBLIC        com2
  D:00D0H         PUBLIC        PSW
  -------         PROC          UART2_ISR
  C:18C2H         LINE#         19
  C:18DFH         LINE#         20
  C:18E4H         LINE#         21
  C:18E7H         LINE#         22
  C:191BH         LINE#         24
  C:1920H         LINE#         25
  C:1926H         LINE#         26
  C:1926H         LINE#         27
  C:1926H         LINE#         29
  C:192EH         LINE#         30
  C:1931H         LINE#         31
  C:1934H         LINE#         32
  C:1936H         LINE#         33
  C:193DH         LINE#         34
  C:193FH         LINE#         35
  C:193FH         LINE#         36
  C:1948H         LINE#         37
  C:195CH         LINE#         38
  C:1970H         LINE#         39
  C:197FH         LINE#         40
  C:198DH         LINE#         41
  C:19BFH         LINE#         42
  C:19CDH         LINE#         43
  C:19CDH         LINE#         44
  C:19D0H         LINE#         45
  C:19D3H         LINE#         47
  C:19E7H         LINE#         48
  C:19FBH         LINE#         49
  C:1A0AH         LINE#         50
  C:1A18H         LINE#         51
  C:1A50H         LINE#         52
  C:1A5EH         LINE#         53
  C:1A5EH         LINE#         54
  C:1A79H         LINE#         55
  C:1A79H         LINE#         56
  C:1A79H         LINE#         57
  -------         ENDPROC       UART2_ISR
  -------         PROC          _?SYS_GET_UART2RXDEVENT
  -------         DO            
  i:0000H         SYMBOL        a
  -------         ENDDO         
  C:3F2CH         LINE#         59
  C:3F2EH         LINE#         61
  C:3F36H         LINE#         62
  C:3F38H         LINE#         63
  C:3F38H         LINE#         64
  -------         ENDPROC       _?SYS_GET_UART2RXDEVENT
  -------         PROC          _?NULLFUNC0
  C:002AH         LINE#         66
  -------         ENDPROC       _?NULLFUNC0
  -------         PROC          _UART2INIT
  D:0008H         SYMBOL        band
  D:000CH         SYMBOL        Uart2mode
BL51 BANKED LINKER/LOCATER V6.22.4.0                                                  09/17/2025  18:44:36  PAGE 25


  C:26F4H         LINE#         68
  C:26FCH         LINE#         69
  C:26FCH         LINE#         72
  C:26FFH         LINE#         73
  C:2705H         LINE#         74
  C:2708H         LINE#         75
  C:270CH         LINE#         76
  C:271AH         LINE#         77
  C:271DH         LINE#         78
  C:271FH         LINE#         79
  C:2721H         LINE#         80
  C:2723H         LINE#         82
  C:2725H         LINE#         83
  C:2739H         LINE#         84
  C:2740H         LINE#         85
  C:2743H         LINE#         86
  C:2743H         LINE#         88
  C:2746H         LINE#         89
  C:2765H         LINE#         90
  C:2794H         LINE#         91
  C:2797H         LINE#         92
  C:279AH         LINE#         93
  C:27A8H         LINE#         94
  -------         ENDPROC       _UART2INIT
  -------         PROC          _SETUART2RXD
  D:0001H         SYMBOL        RxdPt
  D:0004H         SYMBOL        Nmax
  D:000DH         SYMBOL        matchhead
  D:0010H         SYMBOL        matchheadsize
  C:39FCH         LINE#         96
  C:39FCH         LINE#         97
  C:3A07H         LINE#         98
  C:3A0DH         LINE#         99
  C:3A17H         LINE#         100
  C:3A25H         LINE#         101
  C:3A27H         LINE#         102
  C:3A2CH         LINE#         103
  -------         ENDPROC       _SETUART2RXD
  -------         PROC          _UART2PRINT
  D:0001H         SYMBOL        pt
  D:0004H         SYMBOL        num
  C:3A5EH         LINE#         105
  C:3A5EH         LINE#         106
  C:3A64H         LINE#         107
  C:3A6FH         LINE#         108
  C:3A74H         LINE#         109
  C:3A7AH         LINE#         110
  C:3A7EH         LINE#         112
  C:3A84H         LINE#         113
  C:3A87H         LINE#         114
  C:3A8AH         LINE#         115
  C:3A8AH         LINE#         116
  C:3A8CH         LINE#         117
  -------         ENDPROC       _UART2PRINT
  -------         PROC          GETUART2TXSTATUS
  C:3FB9H         LINE#         119
  C:3FB9H         LINE#         120
BL51 BANKED LINKER/LOCATER V6.22.4.0                                                  09/17/2025  18:44:36  PAGE 26


  C:3FC1H         LINE#         121
  C:3FC3H         LINE#         122
  -------         ENDPROC       GETUART2TXSTATUS
  -------         ENDMOD        UART2

  -------         MODULE        TEMP_MODULE
  C:0000H         SYMBOL        _ICE_DUMMY_
  C:3313H         PUBLIC        UpdateTemp
  D:0080H         PUBLIC        P0
  D:0090H         PUBLIC        P1
  D:00A0H         PUBLIC        P2
  D:00B0H         PUBLIC        P3
  D:00C0H         PUBLIC        P4
  D:00C8H         PUBLIC        P5
  D:00E8H         PUBLIC        P6
  D:00F8H         PUBLIC        P7
  D:00A8H         PUBLIC        IE
  D:00B8H         PUBLIC        IP
  D:00D8H         PUBLIC        CCON
  D:0098H         PUBLIC        SCON
  D:0088H         PUBLIC        TCON
  X:0142H         PUBLIC        temperature
  C:2C36H         PUBLIC        ShowTemp
  X:0144H         PUBLIC        adc_temp
  C:16C6H         PUBLIC        tempdata
  X:014EH         PUBLIC        tempThresholds
  X:0152H         PUBLIC        rt
  D:00D0H         PUBLIC        PSW
  -------         PROC          UPDATETEMP
  C:3313H         LINE#         23
  C:3313H         LINE#         24
  C:3323H         LINE#         25
  C:3332H         LINE#         26
  C:3349H         LINE#         27
  C:336CH         LINE#         28
  -------         ENDPROC       UPDATETEMP
  -------         PROC          SHOWTEMP
  C:2C36H         LINE#         29
  C:2C36H         LINE#         30
  C:2C36H         LINE#         31
  C:2C46H         LINE#         32
  C:2C77H         LINE#         34
  C:2CC9H         LINE#         35
  -------         ENDPROC       SHOWTEMP
  -------         ENDMOD        TEMP_MODULE

  -------         MODULE        NAV_HANDLER
  C:0000H         SYMBOL        _ICE_DUMMY_
  D:0080H         PUBLIC        P0
  D:0090H         PUBLIC        P1
  D:00A0H         PUBLIC        P2
  X:01B2H         PUBLIC        displayMode
  D:00B0H         PUBLIC        P3
  D:00C0H         PUBLIC        P4
  D:00C8H         PUBLIC        P5
  D:00E8H         PUBLIC        P6
  D:00F8H         PUBLIC        P7
BL51 BANKED LINKER/LOCATER V6.22.4.0                                                  09/17/2025  18:44:36  PAGE 27


  D:00A8H         PUBLIC        IE
  D:00B8H         PUBLIC        IP
  D:00D8H         PUBLIC        CCON
  C:3D1BH         PUBLIC        ShowStatus
  D:0098H         PUBLIC        SCON
  D:0088H         PUBLIC        TCON
  C:2B96H         PUBLIC        NavHandler
  D:00D0H         PUBLIC        PSW
  -------         PROC          NAVHANDLER
  -------         DO            
  X:00B2H         SYMBOL        navUp
  X:00B3H         SYMBOL        navDown
  X:00B4H         SYMBOL        navLeft
  X:00B5H         SYMBOL        navRight
  -------         ENDDO         
  C:2B96H         LINE#         6
  C:2B96H         LINE#         7
  C:2B96H         LINE#         8
  C:2BA0H         LINE#         9
  C:2BAAH         LINE#         10
  C:2BB4H         LINE#         11
  C:2BBEH         LINE#         13
  C:2BC5H         LINE#         14
  C:2BCBH         LINE#         15
  C:2BD3H         LINE#         16
  C:2BD3H         LINE#         17
  C:2BDAH         LINE#         18
  C:2BE0H         LINE#         19
  C:2BE9H         LINE#         20
  C:2BE9H         LINE#         21
  C:2BF0H         LINE#         22
  C:2BF7H         LINE#         23
  C:2BF9H         LINE#         24
  C:2C0FH         LINE#         25
  C:2C0FH         LINE#         26
  C:2C0FH         LINE#         29
  C:2C16H         LINE#         30
  C:2C1DH         LINE#         31
  C:2C1FH         LINE#         32
  C:2C35H         LINE#         33
  C:2C35H         LINE#         34
  C:2C35H         LINE#         35
  -------         ENDPROC       NAVHANDLER
  -------         PROC          SHOWSTATUS
  C:3D1BH         LINE#         37
  C:3D1BH         LINE#         38
  C:3D1BH         LINE#         39
  C:3D2CH         LINE#         40
  C:3D2FH         LINE#         41
  C:3D32H         LINE#         42
  C:3D35H         LINE#         43
  C:3D38H         LINE#         44
  C:3D38H         LINE#         45
  C:3D38H         LINE#         46
  -------         ENDPROC       SHOWSTATUS
  -------         ENDMOD        NAV_HANDLER

BL51 BANKED LINKER/LOCATER V6.22.4.0                                                  09/17/2025  18:44:36  PAGE 28


  -------         MODULE        TIME_MODULE
  C:0000H         SYMBOL        _ICE_DUMMY_
  D:0080H         PUBLIC        P0
  C:3B64H         PUBLIC        InitRTC
  D:0090H         PUBLIC        P1
  D:00A0H         PUBLIC        P2
  D:00B0H         PUBLIC        P3
  D:00C0H         PUBLIC        P4
  D:00C8H         PUBLIC        P5
  D:00E8H         PUBLIC        P6
  D:00F8H         PUBLIC        P7
  C:29A9H         PUBLIC        ResetTimer
  D:00A8H         PUBLIC        IE
  X:012EH         PUBLIC        rest_arrive_second
  D:00B8H         PUBLIC        IP
  C:2AF3H         PUBLIC        onSpeedChange
  X:0130H         PUBLIC        rest_total_seconds
  D:00D8H         PUBLIC        CCON
  X:0132H         PUBLIC        rest_arrive_minute
  B:0022H.0       PUBLIC        mode
  C:3DC5H         PUBLIC        ShowMode
  X:0134H         PUBLIC        remain_distance
  D:0098H         PUBLIC        SCON
  C:3573H         PUBLIC        ShowTime
  X:0136H         PUBLIC        station_id
  D:0088H         PUBLIC        TCON
  X:0138H         PUBLIC        dist
  C:35C4H         PUBLIC        UpdateTime
  D:00D0H         PUBLIC        PSW
  -------         PROC          INITRTC
  C:3B64H         LINE#         10
  C:3B64H         LINE#         11
  C:3B64H         LINE#         12
  C:3B7BH         LINE#         13
  C:3B7DH         LINE#         14
  C:3B84H         LINE#         15
  C:3B8BH         LINE#         16
  -------         ENDPROC       INITRTC
  -------         PROC          RESETTIMER
  C:29A9H         LINE#         17
  C:29A9H         LINE#         18
  C:29A9H         LINE#         20
  C:29BDH         LINE#         21
  C:29BDH         LINE#         22
  C:29C9H         LINE#         23
  C:29ECH         LINE#         24
  C:2A06H         LINE#         25
  C:2A06H         LINE#         26
  C:2A1DH         LINE#         27
  C:2A1DH         LINE#         28
  C:2A1EH         LINE#         29
  C:2A32H         LINE#         30
  C:2A32H         LINE#         31
  C:2A3CH         LINE#         32
  C:2A43H         LINE#         33
  C:2A44H         LINE#         35
  C:2A44H         LINE#         36
BL51 BANKED LINKER/LOCATER V6.22.4.0                                                  09/17/2025  18:44:36  PAGE 29


  C:2A4DH         LINE#         38
  C:2A4DH         LINE#         39
  -------         ENDPROC       RESETTIMER
  -------         PROC          UPDATETIME
  C:35C4H         LINE#         41
  C:35C4H         LINE#         42
  C:35C4H         LINE#         43
  C:35D2H         LINE#         45
  C:35E7H         LINE#         46
  C:35FAH         LINE#         49
  C:360BH         LINE#         50
  C:360BH         LINE#         51
  C:360DH         LINE#         52
  C:3610H         LINE#         54
  C:3610H         LINE#         56
  -------         ENDPROC       UPDATETIME
  -------         PROC          SHOWTIME
  C:3573H         LINE#         57
  C:3573H         LINE#         58
  C:3573H         LINE#         59
  -------         ENDPROC       SHOWTIME
  -------         PROC          SHOWMODE
  C:3DC5H         LINE#         62
  C:3DC5H         LINE#         63
  C:3DC5H         LINE#         64
  -------         ENDPROC       SHOWMODE
  -------         PROC          ONSPEEDCHANGE
  C:2AF3H         LINE#         67
  C:2AF3H         LINE#         68
  C:2AF3H         LINE#         69
  C:2B0BH         LINE#         70
  C:2B0BH         LINE#         71
  C:2B25H         LINE#         72
  C:2B25H         LINE#         74
  C:2B34H         LINE#         75
  C:2B34H         LINE#         76
  C:2B57H         LINE#         77
  C:2B59H         LINE#         79
  C:2B59H         LINE#         80
  C:2B60H         LINE#         81
  C:2B60H         LINE#         83
  C:2B8AH         LINE#         84
  C:2B8BH         LINE#         86
  C:2B8BH         LINE#         89
  C:2B95H         LINE#         90
  C:2B95H         LINE#         91
  C:2B95H         LINE#         92
  -------         ENDPROC       ONSPEEDCHANGE
  -------         ENDMOD        TIME_MODULE

  -------         MODULE        SPEED_MODULE
  C:0000H         SYMBOL        _ICE_DUMMY_
  D:0080H         PUBLIC        P0
  D:0090H         PUBLIC        P1
  D:00A0H         PUBLIC        P2
  D:00B0H         PUBLIC        P3
  D:00C0H         PUBLIC        P4
BL51 BANKED LINKER/LOCATER V6.22.4.0                                                  09/17/2025  18:44:36  PAGE 30


  D:00C8H         PUBLIC        P5
  D:00E8H         PUBLIC        P6
  D:00F8H         PUBLIC        P7
  D:00A8H         PUBLIC        IE
  X:01ACH         PUBLIC        speed
  C:3611H         PUBLIC        ShowSpeed
  D:00B8H         PUBLIC        IP
  D:00D8H         PUBLIC        CCON
  D:0098H         PUBLIC        SCON
  D:0088H         PUBLIC        TCON
  D:00D0H         PUBLIC        PSW
  -------         PROC          SHOWSPEED
  C:3611H         LINE#         5
  C:3611H         LINE#         6
  C:3611H         LINE#         7
  -------         ENDPROC       SHOWSPEED
  -------         ENDMOD        SPEED_MODULE

  -------         MODULE        VOICE_MODULE
  C:0000H         SYMBOL        _ICE_DUMMY_
  D:0080H         PUBLIC        P0
  D:0090H         PUBLIC        P1
  D:00A0H         PUBLIC        P2
  D:00B0H         PUBLIC        P3
  D:00C0H         PUBLIC        P4
  D:00C8H         PUBLIC        P5
  D:00E8H         PUBLIC        P6
  D:00F8H         PUBLIC        P7
  D:00A8H         PUBLIC        IE
  D:00B8H         PUBLIC        IP
  D:00D8H         PUBLIC        CCON
  C:2DEDH         PUBLIC        CheckCountdownEvent
  D:0098H         PUBLIC        SCON
  D:0088H         PUBLIC        TCON
  X:0170H         PUBLIC        Uart2RxBuf
  X:0171H         PUBLIC        voice_time_1
  C:0046H         PUBLIC        VOICE_STRING_1
  C:0622H         PUBLIC        VOICE_STRING_2
  C:0686H         PUBLIC        VOICE_STRING_3
  X:017BH         PUBLIC        Uart2Busy
  D:00D0H         PUBLIC        PSW
  C:3E6AH         PUBLIC        myUart2Rxd_callback
  -------         PROC          MYUART2RXD_CALLBACK
  C:3E6AH         LINE#         35
  C:3E6AH         LINE#         36
  C:3E6AH         LINE#         37
  C:3E71H         LINE#         38
  C:3E78H         LINE#         40
  C:3E7DH         LINE#         41
  -------         ENDPROC       MYUART2RXD_CALLBACK
  -------         PROC          CHECKCOUNTDOWNEVENT
  C:2DEDH         LINE#         44
  C:2DEDH         LINE#         45
  C:2DEDH         LINE#         47
  C:2DF8H         LINE#         51
  C:2E24H         LINE#         52
  C:2E24H         LINE#         53
BL51 BANKED LINKER/LOCATER V6.22.4.0                                                  09/17/2025  18:44:36  PAGE 31


  C:2E35H         LINE#         54
  C:2E37H         LINE#         55
  C:2E46H         LINE#         56
  C:2E46H         LINE#         57
  C:2E4FH         LINE#         58
  C:2E51H         LINE#         59
  C:2E5EH         LINE#         60
  C:2E5EH         LINE#         61
  C:2E7AH         LINE#         62
  C:2E7AH         LINE#         63
  -------         ENDPROC       CHECKCOUNTDOWNEVENT
  -------         ENDMOD        VOICE_MODULE

  -------         MODULE        CORE
  C:0000H         SYMBOL        _ICE_DUMMY_
  C:3F3BH         PUBLIC        my1S_callback
  D:0080H         PUBLIC        P0
  D:0090H         PUBLIC        P1
  D:00A0H         PUBLIC        P2
  D:00B0H         PUBLIC        P3
  D:00C0H         PUBLIC        P4
  D:00C8H         PUBLIC        P5
  D:00E8H         PUBLIC        P6
  D:00F8H         PUBLIC        P7
  X:0191H         PUBLIC        is_door_open
  D:00A8H         PUBLIC        IE
  D:00B8H         PUBLIC        IP
  D:00D8H         PUBLIC        CCON
  C:0026H         PUBLIC        SysClock
  D:0098H         PUBLIC        SCON
  D:0088H         PUBLIC        TCON
  X:0195H         PUBLIC        id
  X:0196H         PUBLIC        is_alarm
  C:4041H         PUBLIC        my100ms_callback
  D:00D0H         PUBLIC        PSW
  -------         PROC          MY1S_CALLBACK
  C:3F3BH         LINE#         8
  C:3F3BH         LINE#         9
  C:3F3BH         LINE#         10
  C:3F3EH         LINE#         11
  C:3F41H         LINE#         12
  C:3F44H         LINE#         14
  C:3F47H         LINE#         15
  -------         ENDPROC       MY1S_CALLBACK
  -------         PROC          MY100MS_CALLBACK
  C:4041H         LINE#         18
  C:4041H         LINE#         19
  -------         ENDPROC       MY100MS_CALLBACK
  -------         ENDMOD        CORE

  -------         MODULE        DECODE_TABLE
  C:0000H         SYMBOL        _ICE_DUMMY_
  C:38B2H         PUBLIC        decode_table
  -------         ENDMOD        DECODE_TABLE

  -------         MODULE        NV_TEMP_THRESHOLD
  C:0000H         SYMBOL        _ICE_DUMMY_
BL51 BANKED LINKER/LOCATER V6.22.4.0                                                  09/17/2025  18:44:36  PAGE 32


  D:0080H         PUBLIC        P0
  C:3AE6H         PUBLIC        _NVTempThresholdWrite
  D:0090H         PUBLIC        P1
  D:00A0H         PUBLIC        P2
  D:00B0H         PUBLIC        P3
  D:00C0H         PUBLIC        P4
  D:00C8H         PUBLIC        P5
  D:00E8H         PUBLIC        P6
  D:00F8H         PUBLIC        P7
  C:336DH         PUBLIC        NVTempThresholdInit
  C:3EB7H         SYMBOL        _NVIsValidThreshold
  D:00A8H         PUBLIC        IE
  D:00B8H         PUBLIC        IP
  D:00D8H         PUBLIC        CCON
  X:01B0H         SYMBOL        s_nv_lastWriteCarId
  D:0098H         PUBLIC        SCON
  D:0088H         PUBLIC        TCON
  C:392AH         PUBLIC        _NVTempThresholdUpdate
  C:3B11H         PUBLIC        NVTempThresholdRead
  X:01B1H         SYMBOL        s_nv_isInitialized
  D:00D0H         PUBLIC        PSW
  -------         PROC          _NVISVALIDTHRESHOLD
  D:0007H         SYMBOL        threshold
  C:3EB7H         LINE#         21
  C:3EB7H         LINE#         22
  C:3EB7H         LINE#         23
  C:3EC8H         LINE#         24
  -------         ENDPROC       _NVISVALIDTHRESHOLD
  -------         PROC          NVTEMPTHRESHOLDINIT
  -------         DO            
  X:00E5H         SYMBOL        threshold
  D:000FH         SYMBOL        i
  -------         ENDDO         
  C:336DH         LINE#         30
  C:336DH         LINE#         31
  C:336DH         LINE#         33
  C:3370H         LINE#         35
  C:3375H         LINE#         36
  C:337BH         LINE#         39
  C:337EH         LINE#         40
  C:3388H         LINE#         43
  C:339DH         LINE#         46
  C:33A7H         LINE#         47
  C:33BBH         LINE#         48
  C:33BBH         LINE#         49
  C:33C6H         LINE#         50
  -------         ENDPROC       NVTEMPTHRESHOLDINIT
  -------         PROC          NVTEMPTHRESHOLDREAD
  -------         DO            
  X:00E4H         SYMBOL        storedValue
  -------         ENDDO         
  C:3B11H         LINE#         57
  C:3B11H         LINE#         58
  C:3B11H         LINE#         61
[...]
  C:26E4H         LINE#         118
  C:26EBH         LINE#         119
  C:26EDH         LINE#         120
  C:26F3H         LINE#         121
  C:26F3H         LINE#         122
  -------         ENDPROC       SETFMRADIO
  -------         PROC          FMRADIOINIT
  D:0008H         SYMBOL        FM
  C:3C2CH         LINE#         124
  C:3C2CH         LINE#         125
  C:3C2CH         LINE#         126
  C:3C42H         LINE#         127
  C:3C50H         LINE#         128
  -------         ENDPROC       FMRADIOINIT
  -------         ENDMOD        FM_RADIO

  -------         MODULE        EXT
  C:0000H         SYMBOL        _ICE_DUMMY_
  D:0080H         PUBLIC        P0
  D:0090H         PUBLIC        P1
  D:00A0H         PUBLIC        P2
  D:00B0H         PUBLIC        P3
  D:00C0H         PUBLIC        P4
  D:00C8H         PUBLIC        P5
  D:00E8H         PUBLIC        P6
  X:017CH         PUBLIC        EXTmodel
  D:00F8H         PUBLIC        P7
  C:3963H         PUBLIC        _EXTInit
  C:33C7H         PUBLIC        ReadCount
  D:00A2H         PUBLIC        P_SW1
  C:4009H         PUBLIC        GetWeight
  D:00A8H         PUBLIC        IE
  X:017DH         PUBLIC        T_Pout1
  X:017FH         PUBLIC        T_Pout2
  B:00D8H.6       PUBLIC        CR
  X:0181H         PUBLIC        resultEXT
  D:00DBH         PUBLIC        CCAPM1
  D:00B8H         PUBLIC        IP
  C:2D5DH         PUBLIC        _SetPWM
  D:00D9H         PUBLIC        CMOD
  D:00D8H         PUBLIC        CCON
  D:0098H         PUBLIC        SCON
  D:0088H         PUBLIC        TCON
  B:0090H.0       PUBLIC        DOUT
  D:00E0H         PUBLIC        ACC
  B:0090H.1       PUBLIC        PD_SCK
  X:0183H         PUBLIC        T_PWM1
  X:0185H         PUBLIC        T_PWM2
  C:2557H         PUBLIC        _?sys_EXT_drv
  C:3F1CH         PUBLIC        GetDecode
  D:00D0H         PUBLIC        PSW
  -------         PROC          _SETPWM
  D:0002H         SYMBOL        PWM1
BL51 BANKED LINKER/LOCATER V6.22.4.0                                                  09/17/2025  18:44:36  PAGE 53


  D:0005H         SYMBOL        freq1
  D:001EH         SYMBOL        PWM2
  D:001FH         SYMBOL        freq2
  C:2D5DH         LINE#         25
  C:2D61H         LINE#         26
  C:2D72H         LINE#         27
  C:2D84H         LINE#         28
  C:2DB8H         LINE#         29
  C:2DECH         LINE#         30
  -------         ENDPROC       _SETPWM
  -------         PROC          READCOUNT
  -------         DO            
  D:005EH         SYMBOL        Count
  D:0062H         SYMBOL        i
  -------         ENDDO         
  C:33C7H         LINE#         35
  C:33C7H         LINE#         36
  C:33C7H         LINE#         38
  C:33D0H         LINE#         39
  C:33D2H         LINE#         40
  C:33D4H         LINE#         41
  C:33E9H         LINE#         42
  C:33EAH         LINE#         43
  C:33ECH         LINE#         44
  C:3404H         LINE#         45
  C:340BH         LINE#         46
  C:340CH         LINE#         47
  C:340EH         LINE#         48
  C:340FH         LINE#         49
  C:3410H         LINE#         50
  C:3412H         LINE#         51
  C:341FH         LINE#         52
  -------         ENDPROC       READCOUNT
  -------         PROC          GETWEIGHT
  C:4009H         LINE#         54
  C:4009H         LINE#         55
  C:4011H         LINE#         56
  -------         ENDPROC       GETWEIGHT
  -------         PROC          GETDECODE
  -------         DO            
  D:0006H         SYMBOL        a
  -------         ENDDO         
  C:3F1CH         LINE#         58
  C:3F1CH         LINE#         59
  C:3F1CH         LINE#         60
  C:3F24H         LINE#         61
  C:3F2BH         LINE#         62
  C:3F2BH         LINE#         63
  -------         ENDPROC       GETDECODE
  -------         PROC          _?SYS_EXT_DRV
  -------         DO            
  D:0058H         SYMBOL        i
  D:005AH         SYMBOL        j
  D:005CH         SYMBOL        oldPin1
  D:005DH         SYMBOL        UStimer
  -------         ENDDO         
  C:2557H         LINE#         65
BL51 BANKED LINKER/LOCATER V6.22.4.0                                                  09/17/2025  18:44:36  PAGE 54


  C:2557H         LINE#         69
  C:255DH         LINE#         70
  C:2561H         LINE#         71
  C:256CH         LINE#         72
  C:256CH         LINE#         73
  C:2575H         LINE#         74
  C:2591H         LINE#         75
  C:25A6H         LINE#         76
  C:25C2H         LINE#         77
  C:25D7H         LINE#         78
  C:25D7H         LINE#         79
  C:25DCH         LINE#         80
  C:25F3H         LINE#         81
  C:2614H         LINE#         82
  C:261AH         LINE#         83
  C:261AH         LINE#         84
  C:2621H         LINE#         85
  C:2627H         LINE#         86
  C:262CH         LINE#         87
  C:262EH         LINE#         88
  C:2631H         LINE#         89
  C:2631H         LINE#         90
  C:263AH         LINE#         91
  C:263DH         LINE#         92
  C:263DH         LINE#         93
  -------         ENDPROC       _?SYS_EXT_DRV
  -------         PROC          _EXTINIT
  D:0007H         SYMBOL        EXTfunction
  C:3963H         LINE#         95
  C:3963H         LINE#         96
  C:3963H         LINE#         97
  C:3968H         LINE#         98
  C:396EH         LINE#         99
  C:3970H         LINE#         100
  C:3977H         LINE#         101
  C:3979H         LINE#         102
  C:397BH         LINE#         103
  C:397DH         LINE#         104
  C:3980H         LINE#         105
  C:3983H         LINE#         106
  C:3985H         LINE#         107
  C:3987H         LINE#         108
  C:398AH         LINE#         109
  C:3998H         LINE#         110
  -------         ENDPROC       _EXTINIT
  -------         ENDMOD        EXT

  -------         MODULE        UART1
  C:0000H         SYMBOL        _ICE_DUMMY_
  C:1DECH         PUBLIC        Uart1_isr
  D:0080H         PUBLIC        P0
  D:0090H         PUBLIC        P1
  D:00A0H         PUBLIC        P2
  D:00B0H         PUBLIC        P3
  D:00C0H         PUBLIC        P4
  D:00C8H         PUBLIC        P5
  D:00E8H         PUBLIC        P6
BL51 BANKED LINKER/LOCATER V6.22.4.0                                                  09/17/2025  18:44:36  PAGE 55


  D:00F8H         PUBLIC        P7
  D:00A8H         PUBLIC        IE
  B:00A8H.4       PUBLIC        ES
  D:00B8H         PUBLIC        IP
  B:0098H.0       PUBLIC        RI
  B:0098H.1       PUBLIC        TI
  D:00D8H         PUBLIC        CCON
  C:3A2DH         PUBLIC        _SetUart1Rxd
  D:0099H         PUBLIC        SBUF
  D:0098H         PUBLIC        SCON
  D:0089H         PUBLIC        TMOD
  D:0088H         PUBLIC        TCON
  D:008EH         PUBLIC        AUXR
  C:3FDAH         PUBLIC        GetUart1TxStatus
  B:00A8H.3       PUBLIC        ET1
  D:008DH         PUBLIC        TH1
  D:008BH         PUBLIC        TL1
  B:0088H.6       PUBLIC        TR1
  C:3BDCH         PUBLIC        _Uart1Print
  C:3182H         PUBLIC        _Uart1Init
  C:3F59H         PUBLIC        _?sys_get_Uart1RxdEvent
  X:0119H         PUBLIC        com1
  D:00D0H         PUBLIC        PSW
  -------         PROC          UART1_ISR
  C:1DECH         LINE#         10
  C:1E09H         LINE#         11
  C:1E0CH         LINE#         12
  C:1E0EH         LINE#         13
  C:1E42H         LINE#         14
  C:1E47H         LINE#         15
  C:1E47H         LINE#         16
  C:1E4DH         LINE#         17
  C:1E4FH         LINE#         18
  C:1E52H         LINE#         19
  C:1E54H         LINE#         20
  C:1E5BH         LINE#         21
  C:1E5BH         LINE#         22
  C:1E6FH         LINE#         23
  C:1E83H         LINE#         24
  C:1E92H         LINE#         25
  C:1EA0H         LINE#         26
  C:1ED8H         LINE#         27
  C:1EE6H         LINE#         28
  C:1EE6H         LINE#         29
  C:1F01H         LINE#         30
  C:1F01H         LINE#         31
  -------         ENDPROC       UART1_ISR
  -------         PROC          _?SYS_GET_UART1RXDEVENT
  -------         DO            
  i:0000H         SYMBOL        a
  -------         ENDDO         
  C:3F59H         LINE#         33
  C:3F5BH         LINE#         35
  C:3F63H         LINE#         36
  C:3F65H         LINE#         37
  C:3F65H         LINE#         38
  -------         ENDPROC       _?SYS_GET_UART1RXDEVENT
BL51 BANKED LINKER/LOCATER V6.22.4.0                                                  09/17/2025  18:44:36  PAGE 56


  -------         PROC          _UART1INIT
  D:0008H         SYMBOL        band
  C:3182H         LINE#         40
  C:318AH         LINE#         41
  C:318AH         LINE#         43
  C:318DH         LINE#         44
  C:3190H         LINE#         45
  C:3193H         LINE#         46
  C:3196H         LINE#         47
  C:31B5H         LINE#         48
  C:31E4H         LINE#         49
  C:31E6H         LINE#         50
  C:31E8H         LINE#         51
  C:31EAH         LINE#         52
  C:31F8H         LINE#         53
  -------         ENDPROC       _UART1INIT
  -------         PROC          _SETUART1RXD
  D:0001H         SYMBOL        RxdPt
  D:0004H         SYMBOL        Nmax
  D:000DH         SYMBOL        matchhead
  D:0010H         SYMBOL        matchheadsize
  C:3A2DH         LINE#         55
  C:3A2DH         LINE#         56
  C:3A38H         LINE#         57
  C:3A3EH         LINE#         58
  C:3A48H         LINE#         59
  C:3A56H         LINE#         60
  C:3A58H         LINE#         61
  C:3A5DH         LINE#         62
  -------         ENDPROC       _SETUART1RXD
  -------         PROC          _UART1PRINT
  D:0001H         SYMBOL        pt
  D:0004H         SYMBOL        num
  C:3BDCH         LINE#         64
  C:3BDCH         LINE#         65
  C:3BE2H         LINE#         66
  C:3BEDH         LINE#         67
  C:3BF2H         LINE#         68
  C:3BF8H         LINE#         69
  C:3BFCH         LINE#         70
  C:3BFEH         LINE#         71
  C:3C01H         LINE#         72
  C:3C01H         LINE#         73
  C:3C03H         LINE#         74
  -------         ENDPROC       _UART1PRINT
  -------         PROC          GETUART1TXSTATUS
  C:3FDAH         LINE#         76
  C:3FDAH         LINE#         77
  C:3FE2H         LINE#         78
  C:3FE4H         LINE#         79
  -------         ENDPROC       GETUART1TXSTATUS
  -------         ENDMOD        UART1

  -------         MODULE        BEEP
  C:0000H         SYMBOL        _ICE_DUMMY_
  D:0080H         PUBLIC        P0
  D:00B2H         PUBLIC        P3M0
BL51 BANKED LINKER/LOCATER V6.22.4.0                                                  09/17/2025  18:44:36  PAGE 57


  D:0090H         PUBLIC        P1
  D:00B1H         PUBLIC        P3M1
  D:00A0H         PUBLIC        P2
  D:00B0H         PUBLIC        P3
  D:00C0H         PUBLIC        P4
  D:00C8H         PUBLIC        P5
  D:00E8H         PUBLIC        P6
  D:00F8H         PUBLIC        P7
  D:00F9H         PUBLIC        CH
  C:3C04H         PUBLIC        _?sys_beep_drv
  D:00A8H         PUBLIC        IE
  D:00E9H         PUBLIC        CL
  C:3CFBH         PUBLIC        BeepInit
  B:00D8H.6       PUBLIC        CR
  D:00DAH         PUBLIC        CCAPM0
  D:00B8H         PUBLIC        IP
  D:00D9H         PUBLIC        CMOD
  D:00D8H         PUBLIC        CCON
  C:3FADH         PUBLIC        GetBeepStatus
  C:310AH         PUBLIC        _SetBeep
  D:0098H         PUBLIC        SCON
  D:0088H         PUBLIC        TCON
  D:00D0H         PUBLIC        PSW
  B:00D8H.0       PUBLIC        CCF0
  -------         PROC          _?SYS_BEEP_DRV
  -------         DO            
  i:0000H         SYMBOL        a
  -------         ENDDO         
  C:3C04H         LINE#         11
  C:3C08H         LINE#         13
  C:3C12H         LINE#         14
  C:3C27H         LINE#         15
  -------         ENDPROC       _?SYS_BEEP_DRV
  -------         PROC          BEEPINIT
  C:3CFBH         LINE#         17
  C:3CFBH         LINE#         18
  C:3CFBH         LINE#         19
  C:3CFEH         LINE#         20
  C:3D01H         LINE#         21
  C:3D04H         LINE#         22
  C:3D07H         LINE#         23
  C:3D0AH         LINE#         24
  C:3D0CH         LINE#         25
  C:3D1AH         LINE#         26
  -------         ENDPROC       BEEPINIT
  -------         PROC          _SETBEEP
  D:0063H         SYMBOL        Beep_freq
  D:0065H         SYMBOL        Beep_time
  -------         DO            
  D:0002H         SYMBOL        a
  D:0004H         SYMBOL        b
  -------         ENDDO         
  C:310AH         LINE#         28
  C:3112H         LINE#         29
  C:3112H         LINE#         31
  C:3119H         LINE#         32
  C:3120H         LINE#         33
BL51 BANKED LINKER/LOCATER V6.22.4.0                                                  09/17/2025  18:44:36  PAGE 58


  C:312BH         LINE#         34
  C:3154H         LINE#         35
  C:3168H         LINE#         36
  C:316FH         LINE#         37
  C:3171H         LINE#         38
  C:3174H         LINE#         39
  C:3176H         LINE#         41
  C:3179H         LINE#         42
  C:317CH         LINE#         43
  C:317CH         LINE#         44
  C:317FH         LINE#         45
  C:317FH         LINE#         46
  C:3181H         LINE#         47
  -------         ENDPROC       _SETBEEP
  -------         PROC          GETBEEPSTATUS
  C:3FADH         LINE#         49
  C:3FADH         LINE#         50
  C:3FB6H         LINE#         51
  C:3FB8H         LINE#         52
  -------         ENDPROC       GETBEEPSTATUS
  -------         ENDMOD        BEEP

  -------         MODULE        ?C?COPY
  C:0B3EH         PUBLIC        ?C?COPY
  -------         ENDMOD        ?C?COPY

  -------         MODULE        ?C?CLDPTR
  C:0B64H         PUBLIC        ?C?CLDPTR
  -------         ENDMOD        ?C?CLDPTR

  -------         MODULE        ?C?CLDOPTR
  C:0B7DH         PUBLIC        ?C?CLDOPTR
  -------         ENDMOD        ?C?CLDOPTR

  -------         MODULE        ?C?CSTPTR
  C:0BAAH         PUBLIC        ?C?CSTPTR
  -------         ENDMOD        ?C?CSTPTR

  -------         MODULE        ?C?CSTOPTR
  C:0BBCH         PUBLIC        ?C?CSTOPTR
  -------         ENDMOD        ?C?CSTOPTR

  -------         MODULE        ?C?IMUL
  C:0BDEH         PUBLIC        ?C?IMUL
  -------         ENDMOD        ?C?IMUL

  -------         MODULE        ?C?UIDIV
  C:0BF0H         PUBLIC        ?C?UIDIV
  -------         ENDMOD        ?C?UIDIV

  -------         MODULE        ?C?SIDIV
  C:0C45H         PUBLIC        ?C?SIDIV
  -------         ENDMOD        ?C?SIDIV

  -------         MODULE        ?C?IILDX
  C:0C7BH         PUBLIC        ?C?IILDX
  -------         ENDMOD        ?C?IILDX
BL51 BANKED LINKER/LOCATER V6.22.4.0                                                  09/17/2025  18:44:36  PAGE 59



  -------         MODULE        ?C?ILDIX
  C:0C91H         PUBLIC        ?C?ILDIX
  -------         ENDMOD        ?C?ILDIX

  -------         MODULE        ?C?ILDPTR
  C:0CA7H         PUBLIC        ?C?ILDPTR
  -------         ENDMOD        ?C?ILDPTR

  -------         MODULE        ?C?LMUL
  C:0CD2H         PUBLIC        ?C?LMUL
  -------         ENDMOD        ?C?LMUL

  -------         MODULE        ?C?ULDIV
  C:0D5DH         PUBLIC        ?C?ULDIV
  -------         ENDMOD        ?C?ULDIV

  -------         MODULE        ?C?SLDIV
  C:376FH         PUBLIC        ?C?SLDIV
  -------         ENDMOD        ?C?SLDIV

  -------         MODULE        ?C?ULSHR
  C:0DEFH         PUBLIC        ?C?ULSHR
  -------         ENDMOD        ?C?ULSHR

  -------         MODULE        ?C?SLSHR
  C:0E02H         PUBLIC        ?C?SLSHR
  -------         ENDMOD        ?C?SLSHR

  -------         MODULE        ?C?LSHL
  C:0E16H         PUBLIC        ?C?LSHL
  -------         ENDMOD        ?C?LSHL

  -------         MODULE        ?C?LLDCODE
  C:0E29H         PUBLIC        ?C?LLDCODE
  -------         ENDMOD        ?C?LLDCODE

  -------         MODULE        ?C?LSTXDATA
  C:0E39H         PUBLIC        ?C?LSTXDATA
  -------         ENDMOD        ?C?LSTXDATA

  -------         MODULE        ?C?OFFXADD
  C:0E45H         PUBLIC        ?C?OFFXADD
  -------         ENDMOD        ?C?OFFXADD

  -------         MODULE        ?C?ICALL
  C:0E51H         PUBLIC        ?C?ICALL
  C:0E55H         PUBLIC        ?C?ICALL2
  -------         ENDMOD        ?C?ICALL

  -------         MODULE        ?C_IBP
  D:0072H         PUBLIC        ?C_IBP
  -------         ENDMOD        ?C_IBP

  -------         MODULE        ?C?STRCPY
  C:0F23H         PUBLIC        ?C?STRCPY
  -------         ENDMOD        ?C?STRCPY
BL51 BANKED LINKER/LOCATER V6.22.4.0                                                  09/17/2025  18:44:36  PAGE 60



  -------         MODULE        STRLEN
  C:3E55H         PUBLIC        _STRLEN
  -------         ENDMOD        STRLEN

  -------         MODULE        STRCHR
  C:3D8EH         PUBLIC        _STRCHR
  -------         ENDMOD        STRCHR

  -------         MODULE        STRTOK
  D:000DH         PUBLIC        ?_strtok?BYTE
  C:2F92H         PUBLIC        _strtok
  -------         ENDMOD        STRTOK

  -------         MODULE        ATOI
  C:27A9H         PUBLIC        _atoi
  -------         ENDMOD        ATOI

  -------         MODULE        ?C?MEMSET
  C:0F40H         PUBLIC        ?C?MEMSET
  -------         ENDMOD        ?C?MEMSET

  -------         MODULE        ISDIGIT
  C:3F68H         PUBLIC        _isdigit
  -------         ENDMOD        ISDIGIT

  -------         MODULE        ISSPACE
  C:3EA4H         PUBLIC        _isspace
  -------         ENDMOD        ISSPACE

  -------         MODULE        STRSPN
  D:0013H         PUBLIC        ?_strspn?BYTE
  C:31F9H         PUBLIC        _strspn
  -------         ENDMOD        STRSPN

  -------         MODULE        STRPBRK
  D:0013H         PUBLIC        ?_strpbrk?BYTE
  C:325AH         PUBLIC        _strpbrk
  -------         ENDMOD        STRPBRK

*** WARNING L16: UNCALLED SEGMENT, IGNORED FOR OVERLAY PROCESS
    SEGMENT: ?PR?_GETKEYACT?KEY

*** WARNING L16: UNCALLED SEGMENT, IGNORED FOR OVERLAY PROCESS
    SEGMENT: ?PR?GETULTRASONIC?SYS

*** WARNING L16: UNCALLED SEGMENT, IGNORED FOR OVERLAY PROCESS
    SEGMENT: ?PR?GETSYSPERFORMANCE?SYS

*** WARNING L16: UNCALLED SEGMENT, IGNORED FOR OVERLAY PROCESS
    SEGMENT: ?PR?GETUART2TXSTATUS?UART2

*** WARNING L16: UNCALLED SEGMENT, IGNORED FOR OVERLAY PROCESS
    SEGMENT: ?PR?MYUART1PROCESSRXDATA?MY_UART1

*** WARNING L16: UNCALLED SEGMENT, IGNORED FOR OVERLAY PROCESS
    SEGMENT: ?PR?TEMP_CONTROLLED_MOTOR?TEMP_CONTROLLED_FAN
BL51 BANKED LINKER/LOCATER V6.22.4.0                                                  09/17/2025  18:44:36  PAGE 61



*** WARNING L16: UNCALLED SEGMENT, IGNORED FOR OVERLAY PROCESS
    SEGMENT: ?PR?_SETTRAINID?TRAIN_ID_MODULE

*** WARNING L16: UNCALLED SEGMENT, IGNORED FOR OVERLAY PROCESS
    SEGMENT: ?PR?PLAY_MUSIC?MUSIC_MODULE

*** WARNING L16: UNCALLED SEGMENT, IGNORED FOR OVERLAY PROCESS
    SEGMENT: ?PR?MUSICPLAYERINIT?MUSIC

*** WARNING L16: UNCALLED SEGMENT, IGNORED FOR OVERLAY PROCESS
    SEGMENT: ?PR?RTC_READ?DS1302

*** WARNING L16: UNCALLED SEGMENT, IGNORED FOR OVERLAY PROCESS
    SEGMENT: ?PR?DS1302INIT?DS1302

*** WARNING L16: UNCALLED SEGMENT, IGNORED FOR OVERLAY PROCESS
    SEGMENT: ?PR?GETWEIGHT?EXT

*** WARNING L16: UNCALLED SEGMENT, IGNORED FOR OVERLAY PROCESS
    SEGMENT: ?PR?GETDECODE?EXT

*** WARNING L16: UNCALLED SEGMENT, IGNORED FOR OVERLAY PROCESS
    SEGMENT: ?PR?_EXTINIT?EXT

*** WARNING L16: UNCALLED SEGMENT, IGNORED FOR OVERLAY PROCESS
    SEGMENT: ?PR?BEEPINIT?BEEP

Program Size: data=115.3 xdata=435 code=16450
LINK/LOCATE RUN COMPLETE.  15 WARNING(S),  0 ERROR(S)
