BL51 BANKED LINKER/LOCATER V6.22.4.0                                                    09/17/2025  11:10:29  PAGE 1


BL51 BANKED LINKER/LOCATER V6.22.4.0, INVOKED BY:
D:\KEIL_V5\C51\BIN\BL51.EXE .\output\main.obj, .\source\STCBSP_V3.6.LIB, .\output\temp_module.obj, .\output\Nav_handler.
>> obj, .\output\time_module.obj, .\output\speed_module.obj, .\output\voice_module.obj, .\output\core.obj, .\output\deco
>> de_table.obj, .\output\nv_temp_threshold.obj, .\output\my_uart1.obj, .\output\radio_module.obj, .\output\temp_control
>> led_fan.obj, .\output\ultrasonic_module.obj, .\output\train_id_module.obj TO .\output\BSP_Demo PRINT (.\list\BSP_Demo
>> .m51) RAMSIZE (256) XDATA (0X0000-0X07FF)


MEMORY MODEL: SMALL WITH FLOATING POINT ARITHMETIC


INPUT MODULES INCLUDED:
  .\output\main.obj (MAIN)
  .\source\STCBSP_V3.6.LIB (ADC)
  .\source\STCBSP_V3.6.LIB (BEEP)
  .\source\STCBSP_V3.6.LIB (DISPLAYER)
  .\source\STCBSP_V3.6.LIB (KEY)
  .\source\STCBSP_V3.6.LIB (SYS)
  .\source\STCBSP_V3.6.LIB (EXT)
  .\source\STCBSP_V3.6.LIB (UART2)
  .\output\temp_module.obj (TEMP_MODULE)
  .\output\Nav_handler.obj (NAV_HANDLER)
  .\output\time_module.obj (TIME_MODULE)
  .\output\speed_module.obj (SPEED_MODULE)
  .\output\voice_module.obj (VOICE_MODULE)
  .\output\core.obj (CORE)
  .\output\decode_table.obj (DECODE_TABLE)
  .\output\nv_temp_threshold.obj (NV_TEMP_THRESHOLD)
  .\output\my_uart1.obj (MY_UART1)
  .\output\radio_module.obj (RADIO_MODULE)
  .\output\temp_controlled_fan.obj (TEMP_CONTROLLED_FAN)
  .\output\ultrasonic_module.obj (ULTRASONIC_MODULE)
  .\output\train_id_module.obj (TRAIN_ID_MODULE)
  .\source\STCBSP_V3.6.LIB (STEPMOTOR)
  .\source\STCBSP_V3.6.LIB (DS1302)
  .\source\STCBSP_V3.6.LIB (M24C02)
  .\source\STCBSP_V3.6.LIB (FM_RADIO)
  .\source\STCBSP_V3.6.LIB (UART1)
  D:\KEIL_V5\C51\LIB\C51FPS.LIB (?C?FPMUL)
  D:\KEIL_V5\C51\LIB\C51FPS.LIB (?C?FPDIV)
  D:\KEIL_V5\C51\LIB\C51FPS.LIB (?C?FCAST)
  D:\KEIL_V5\C51\LIB\C51FPS.LIB (?C?CASTF)
  D:\KEIL_V5\C51\LIB\C51FPS.LIB (?C?FPGETOPN)
  D:\KEIL_V5\C51\LIB\C51S.LIB (?C_STARTUP)
  D:\KEIL_V5\C51\LIB\C51S.LIB (?C?COPY)
  D:\KEIL_V5\C51\LIB\C51S.LIB (?C?CLDPTR)
  D:\KEIL_V5\C51\LIB\C51S.LIB (?C?CLDOPTR)
  D:\KEIL_V5\C51\LIB\C51S.LIB (?C?CSTPTR)
  D:\KEIL_V5\C51\LIB\C51S.LIB (?C?CSTOPTR)
  D:\KEIL_V5\C51\LIB\C51S.LIB (?C?IMUL)
  D:\KEIL_V5\C51\LIB\C51S.LIB (?C?UIDIV)
  D:\KEIL_V5\C51\LIB\C51S.LIB (?C?SIDIV)
  D:\KEIL_V5\C51\LIB\C51S.LIB (?C?IILDX)
  D:\KEIL_V5\C51\LIB\C51S.LIB (?C?ILDIX)
  D:\KEIL_V5\C51\LIB\C51S.LIB (?C?ILDPTR)
  D:\KEIL_V5\C51\LIB\C51S.LIB (?C?LMUL)
  D:\KEIL_V5\C51\LIB\C51S.LIB (?C?ULDIV)
  D:\KEIL_V5\C51\LIB\C51S.LIB (?C?SLDIV)
BL51 BANKED LINKER/LOCATER V6.22.4.0                                                  09/17/2025  11:10:29  PAGE 2


  D:\KEIL_V5\C51\LIB\C51S.LIB (?C?LNEG)
  D:\KEIL_V5\C51\LIB\C51S.LIB (?C?ULSHR)
  D:\KEIL_V5\C51\LIB\C51S.LIB (?C?SLSHR)
  D:\KEIL_V5\C51\LIB\C51S.LIB (?C?LSHL)
  D:\KEIL_V5\C51\LIB\C51S.LIB (?C?LLDCODE)
  D:\KEIL_V5\C51\LIB\C51S.LIB (?C?LSTXDATA)
  D:\KEIL_V5\C51\LIB\C51S.LIB (?C?OFFXADD)
  D:\KEIL_V5\C51\LIB\C51S.LIB (?C?ICALL)
  D:\KEIL_V5\C51\LIB\C51S.LIB (?C_IBP)
  D:\KEIL_V5\C51\LIB\C51S.LIB (?C?STRCPY)
  D:\KEIL_V5\C51\LIB\C51S.LIB (STRLEN)
  D:\KEIL_V5\C51\LIB\C51S.LIB (STRCHR)
  D:\KEIL_V5\C51\LIB\C51S.LIB (STRTOK)
  D:\KEIL_V5\C51\LIB\C51S.LIB (ATOI)
  D:\KEIL_V5\C51\LIB\C51S.LIB (?C?MEMSET)
  D:\KEIL_V5\C51\LIB\C51S.LIB (?C_INIT)
  D:\KEIL_V5\C51\LIB\C51S.LIB (ISDIGIT)
  D:\KEIL_V5\C51\LIB\C51S.LIB (ISSPACE)
  D:\KEIL_V5\C51\LIB\C51S.LIB (STRSPN)
  D:\KEIL_V5\C51\LIB\C51S.LIB (STRPBRK)


LINK MAP OF MODULE:  .\output\BSP_Demo (MAIN)


            TYPE    BASE      LENGTH    RELOCATION   SEGMENT NAME
            -----------------------------------------------------

            * * * * * * *   D A T A   M E M O R Y   * * * * * * *
            REG     0000H     0008H     ABSOLUTE     "REG BANK 0"
            DATA    0008H     0014H     UNIT         _DATA_GROUP_
            DATA    001CH     0004H     UNIT         ?DT?_SETBEEP?BEEP
            BIT     0020H.0   0001H.7   UNIT         ?BI?SYS
            BIT     0021H.7   0000H.2   UNIT         ?BI?TIME_MODULE
            BIT     0022H.1   0000H.1   UNIT         ?BI?ADC
            BIT     0022H.2   0000H.1   UNIT         _BIT_GROUP_
                    0022H.3   0000H.5                *** GAP ***
            DATA    0023H     0012H     UNIT         ?DT?SYS
            DATA    0035H     0007H     UNIT         ?DT?RADIO_MODULE
            DATA    003CH     0006H     UNIT         ?DT?EXT
            DATA    0042H     0004H     UNIT         ?DT?_SETPWM?EXT
            DATA    0046H     0003H     UNIT         ?DT?STRTOK
            DATA    0049H     0002H     UNIT         ?DT?ADC
            DATA    004BH     0002H     UNIT         ?DT?UART2
            DATA    004DH     0002H     UNIT         ?DT?ULTRASONIC_MODULE
            DATA    004FH     0001H     UNIT         ?DT?KEY
            DATA    0050H     0001H     UNIT         ?DT?CORE
            DATA    0051H     0001H     UNIT         ?C?LIB_DATA
            IDATA   0052H     0001H     UNIT         ?STACK

            * * * * * * *  X D A T A   M E M O R Y  * * * * * * *
            XDATA   0000H     006EH     UNIT         ?XD?SYS
            XDATA   006EH     0044H     UNIT         ?XD?MY_UART1
            XDATA   00B2H     0034H     UNIT         _XDATA_GROUP_
            XDATA   00E6H     001EH     UNIT         ?XD?ADC
            XDATA   0104H     0018H     UNIT         ?XD?TIME_MODULE
            XDATA   011CH     0016H     UNIT         ?XD?STEPMOTOR
BL51 BANKED LINKER/LOCATER V6.22.4.0                                                  09/17/2025  11:10:29  PAGE 3


            XDATA   0132H     0015H     UNIT         ?XD?UART2
            XDATA   0147H     0015H     UNIT         ?XD?UART1
            XDATA   015CH     0012H     UNIT         ?XD?TEMP_MODULE
            XDATA   016EH     000CH     UNIT         ?XD?DISPLAYER
            XDATA   017AH     000BH     UNIT         ?XD?EXT
            XDATA   0185H     000AH     UNIT         ?XD?KEY
            XDATA   018FH     0009H     UNIT         ?XD?CORE
            XDATA   0198H     0009H     UNIT         ?XD?DS1302
            XDATA   01A1H     0009H     UNIT         ?XD?FM_RADIO
            XDATA   01AAH     0007H     UNIT         ?XD?VOICE_MODULE
            XDATA   01B1H     0004H     UNIT         ?XD?SPEED_MODULE
            XDATA   01B5H     0002H     UNIT         ?XD?NV_TEMP_THRESHOLD
            XDATA   01B7H     0001H     UNIT         ?XD?NAV_HANDLER

            * * * * * * *   C O D E   M E M O R Y   * * * * * * *
            CODE    0000H     0003H     ABSOLUTE     
            CODE    0003H     0007H     UNIT         ?PR?GETADC?ADC
            CODE    000AH     0001H     UNIT         ?PR?_?NULLFUNC?SYS
            CODE    000BH     0003H     ABSOLUTE     
            CODE    000EH     0015H     UNIT         ?PR?MY1S_CALLBACK?CORE
            CODE    0023H     0003H     ABSOLUTE     
            CODE    0026H     0005H     UNIT         ?PR?AUTODOOR_EMERGENCYSTOP?ULTRASONIC_MODULE
            CODE    002BH     0003H     ABSOLUTE     
            CODE    002EH     000DH     UNIT         ?PR?STOP?M24C02
            CODE    003BH     0003H     ABSOLUTE     
            CODE    003EH     0004H     UNIT         ?CO?CORE
            CODE    0042H     0001H     UNIT         ?PR?_?NULLFUNC0?UART2
            CODE    0043H     0003H     ABSOLUTE     
            CODE    0046H     0A28H     UNIT         ?CO?VOICE_MODULE
            CODE    0A6EH     0771H     UNIT         ?C?LIB_CODE
            CODE    11DFH     0274H     UNIT         ?PR?_?SYS_STEPMOTOR_DRV?STEPMOTOR
            CODE    1453H     020AH     UNIT         ?PR?MYUART1SENDCURRENTSTATUS?MY_UART1
            CODE    165DH     01FCH     UNIT         ?CO?TEMP_MODULE
            CODE    1859H     01DFH     UNIT         ?PR?_PARSECOMMAND?MY_UART1
            CODE    1A38H     01D2H     UNIT         ?PR?UART2_ISR?UART2
            CODE    1C0AH     01C6H     UNIT         ?C_INITSEG
            CODE    1DD0H     01ACH     UNIT         ?PR?_?SYS_ADC_DRV?ADC
            CODE    1F7CH     0151H     UNIT         ?PR?UPDATETIME?TIME_MODULE
            CODE    20CDH     0130H     UNIT         ?PR?UART1_ISR?UART1
            CODE    21FDH     0123H     UNIT         ?PR?_?SYS_KEY_DRV?KEY
            CODE    2320H     011DH     UNIT         ?PR?_MY_UTOA?MY_UART1
            CODE    243DH     00FEH     UNIT         ?PR?DS1302INIT?DS1302
            CODE    253BH     00F6H     UNIT         ?PR?RESETTIMER?TIME_MODULE
            CODE    2631H     00EDH     UNIT         ?PR?SYS_TASK_1MS?SYS
            CODE    271EH     00E9H     UNIT         ?PR?_?SYS_DISPLAY_DRV?DISPLAYER
            CODE    2807H     00E7H     UNIT         ?PR?_?SYS_EXT_DRV?EXT
            CODE    28EEH     00B6H     UNIT         ?PR?SETFMRADIO?FM_RADIO
            CODE    29A4H     00B5H     UNIT         ?PR?_UART2INIT?UART2
            CODE    2A59H     00AEH     UNIT         ?PR?_ATOI?ATOI
            CODE    2B07H     00ABH     UNIT         ?PR?_SETSTEPMOTOR?STEPMOTOR
            CODE    2BB2H     00A8H     UNIT         ?PR?SYS_CCP_ISR?SYS
            CODE    2C5AH     00A5H     UNIT         ?PR?_?SYS_DS1302_DRV?DS1302
            CODE    2CFFH     00A0H     UNIT         ?PR?NAVHANDLER?NAV_HANDLER
            CODE    2D9FH     0098H     UNIT         ?PR?CHECKCOUNTDOWNEVENT?VOICE_MODULE
            CODE    2E37H     0094H     UNIT         ?PR?SHOWTEMP?TEMP_MODULE
            CODE    2ECBH     0093H     UNIT         ?PR?SYS_TASK_10MS?SYS
            CODE    2F5EH     0090H     UNIT         ?PR?_SETPWM?EXT
BL51 BANKED LINKER/LOCATER V6.22.4.0                                                  09/17/2025  11:10:29  PAGE 4


            CODE    2FEEH     008CH     UNIT         ?C_C51STARTUP
            CODE    307AH     008BH     UNIT         ?PR?SYS_TASK_IR?SYS
            CODE    3105H     0080H     UNIT         ?PR?MAIN?MAIN
            CODE    3185H     0080H     UNIT         ?PR?_STRTOK?STRTOK
            CODE    3205H     007DH     UNIT         ?PR?_SETEVENTCALLBACK?SYS
            CODE    3282H     0078H     UNIT         ?PR?_SETBEEP?BEEP
            CODE    32FAH     0077H     UNIT         ?PR?_UART1INIT?UART1
            CODE    3371H     0061H     UNIT         ?PR?_STRSPN?STRSPN
            CODE    33D2H     005DH     UNIT         ?PR?_STRPBRK?STRPBRK
            CODE    342FH     005CH     UNIT         ?PR?GETFMRADIO?FM_RADIO
            CODE    348BH     005AH     UNIT         ?PR?UPDATETEMP?TEMP_MODULE
            CODE    34E5H     005AH     UNIT         ?PR?NVTEMPTHRESHOLDINIT?NV_TEMP_THRESHOLD
            CODE    353FH     0059H     UNIT         ?PR?READCOUNT?EXT
            CODE    3598H     0057H     UNIT         ?PR?ULTRASONICUPDATEANDDISPLAY?ULTRASONIC_MODULE
            CODE    35EFH     0056H     UNIT         ?PR?MYUART1INIT?MY_UART1
            CODE    3645H     0053H     UNIT         ?PR?GETULTRASONIC?SYS
            CODE    3698H     0052H     UNIT         ?PR?SYS_TIMER0_ISR?SYS
            CODE    36EAH     0048H     UNIT         ?PR?_EMSTOP?STEPMOTOR
            CODE    3732H     0047H     UNIT         ?PR?SYS_TIMER0_INIT?SYS
            CODE    3779H     0046H     UNIT         ?PR?_GETADCNAVACT?ADC
            CODE    37BFH     0044H     UNIT         ?PR?_?SYS_FMRADIO_DRV?FM_RADIO
            CODE    3803H     0044H     UNIT         ?C?LDIV
            CODE    3847H     0043H     UNIT         ?PR?SHOWSPEED?SPEED_MODULE
            CODE    388AH     0042H     UNIT         ?PR?RADIO_INIT?RADIO_MODULE
            CODE    38CCH     0041H     UNIT         ?PR?SHOWTIME?TIME_MODULE
            CODE    390DH     0040H     UNIT         ?PR?_GETKEYACT?KEY
            CODE    394DH     003FH     UNIT         ?PR?SYS_TASK_100MS?SYS
            CODE    398CH     003EH     UNIT         ?PR?MYSTC_OS?SYS
            CODE    39CAH     003CH     UNIT         ?CO?DECODE_TABLE
            CODE    3A06H     0039H     UNIT         ?PR?_NVTEMPTHRESHOLDUPDATE?NV_TEMP_THRESHOLD
            CODE    3A3FH     0036H     UNIT         ?PR?_EXTINIT?EXT
            CODE    3A75H     0036H     UNIT         ?PR?TEMP_CONTROLLED_MOTOR?TEMP_CONTROLLED_FAN
            CODE    3AABH     0032H     UNIT         ?PR?INITRTC?TIME_MODULE
            CODE    3ADDH     0032H     UNIT         ?PR?UART1RXDCALLBACK?MY_UART1
            CODE    3B0FH     0032H     UNIT         ?PR?_GETSTEPMOTORSTATUS?STEPMOTOR
            CODE    3B41H     0031H     UNIT         ?PR?_ADCINIT?ADC
            CODE    3B72H     0031H     UNIT         ?PR?_SETUART2RXD?UART2
            CODE    3BA3H     0031H     UNIT         ?PR?_SETUART1RXD?UART1
            CODE    3BD4H     002FH     UNIT         ?PR?_UART2PRINT?UART2
            CODE    3C03H     002EH     UNIT         ?PR?_DS1302READ?DS1302
            CODE    3C31H     002BH     UNIT         ?PR?SYS_TASK_1S?SYS
            CODE    3C5CH     002BH     UNIT         ?PR?_NVTEMPTHRESHOLDWRITE?NV_TEMP_THRESHOLD
            CODE    3C87H     002AH     UNIT         ?PR?NVTEMPTHRESHOLDREAD?NV_TEMP_THRESHOLD
            CODE    3CB1H     0029H     UNIT         ?PR?_NVM_WRITE?DS1302
            CODE    3CDAH     0028H     UNIT         ?PR?_?SYS_BEEP_DRV?BEEP
            CODE    3D02H     0028H     UNIT         ?PR?_IIC_RADIO_WRITEBYTE?FM_RADIO
            CODE    3D2AH     0028H     UNIT         ?PR?_UART1PRINT?UART1
            CODE    3D52H     0025H     UNIT         ?PR?FMRADIOINIT?FM_RADIO
            CODE    3D77H     0024H     UNIT         ?PR?RESPONS?M24C02
            CODE    3D9BH     0024H     UNIT         ?PR?_WRITEBYTE?M24C02
            CODE    3DBFH     0023H     UNIT         ?PR?AUTODOOR_OPEN?ULTRASONIC_MODULE
            CODE    3DE2H     0023H     UNIT         ?PR?AUTODOOR_CLOSE?ULTRASONIC_MODULE
            CODE    3E05H     0022H     UNIT         ?PR?READBYTE?M24C02
            CODE    3E27H     0020H     UNIT         ?PR?BEEPINIT?BEEP
            CODE    3E47H     0020H     UNIT         ?PR?_SEG7PRINT?DISPLAYER
            CODE    3E67H     0020H     UNIT         ?PR?_DS1302WRITE?DS1302
            CODE    3E87H     001EH     UNIT         ?PR?SHOWSTATUS?NAV_HANDLER
BL51 BANKED LINKER/LOCATER V6.22.4.0                                                  09/17/2025  11:10:29  PAGE 5


            CODE    3EA5H     001DH     UNIT         ?PR?KEYINIT?KEY
            CODE    3EC2H     001CH     UNIT         ?PR?_M24C02_READ?M24C02
            CODE    3EDEH     001CH     UNIT         ?PR?IIC_RADIO_ACK?FM_RADIO
            CODE    3EFAH     001CH     UNIT         ?PR?_STRCHR?STRCHR
            CODE    3F16H     001BH     UNIT         ?PR?DISPLAYERINIT?DISPLAYER
            CODE    3F31H     001BH     UNIT         ?PR?SHOWMODE?TIME_MODULE
            CODE    3F4CH     0019H     UNIT         ?PR?_DS1302WRITEBYTE?DS1302
            CODE    3F65H     0019H     UNIT         ?PR?RTC_WRITE?DS1302
            CODE    3F7EH     0018H     UNIT         ?PR?STEPMOTORINIT?STEPMOTOR
            CODE    3F96H     0018H     UNIT         ?PR?DS1302READBYTE?DS1302
            CODE    3FAEH     0017H     UNIT         ?PR?ULTRASONICINIT?ULTRASONIC_MODULE
            CODE    3FC5H     0015H     UNIT         ?PR?MYUART1CLEARRXBUFFER?MY_UART1
            CODE    3FDAH     0015H     UNIT         ?PR?_M24C02_WRITE?M24C02
            CODE    3FEFH     0015H     UNIT         ?PR?_STRLEN?STRLEN
            CODE    4004H     0014H     UNIT         ?PR?MYUART2RXD_CALLBACK?VOICE_MODULE
            CODE    4018H     0013H     UNIT         ?PR?_DELAY?FM_RADIO
            CODE    402BH     0013H     UNIT         ?PR?IIC_RADIO_START?FM_RADIO
            CODE    403EH     0013H     UNIT         ?PR?_ISSPACE?ISSPACE
            CODE    4051H     0012H     UNIT         ?PR?GETSPEED?SPEED_MODULE
            CODE    4063H     0012H     UNIT         ?PR?_NVISVALIDTHRESHOLD?NV_TEMP_THRESHOLD
            CODE    4075H     0012H     UNIT         ?PR?_NVM_READ?DS1302
            CODE    4087H     0011H     UNIT         ?PR?_SETCCP0?SYS
            CODE    4098H     0010H     UNIT         ?PR?GETDECODE?EXT
            CODE    40A8H     0010H     UNIT         ?PR?_SETTRAINID?TRAIN_ID_MODULE
            CODE    40B8H     0010H     UNIT         ?PR?START?M24C02
            CODE    40C8H     000FH     UNIT         ?PR?_?SYS_GET_UART2RXDEVENT?UART2
            CODE    40D7H     000FH     UNIT         ?PR?GETULTRASONICDISTANCE?ULTRASONIC_MODULE
            CODE    40E6H     000FH     UNIT         ?PR?_?SYS_GET_UART1RXDEVENT?UART1
            CODE    40F5H     000FH     UNIT         ?PR?_ISDIGIT?ISDIGIT
            CODE    4104H     000EH     UNIT         ?PR?_?SYS_GET_KNEVENT?ADC
            CODE    4112H     000EH     UNIT         ?PR?_?SYS_GET_EXTADCEVENT?ADC
            CODE    4120H     000EH     UNIT         ?PR?_?SYS_GET_KEYEVENT?KEY
            CODE    412EH     000EH     UNIT         ?PR?AUTODOOR_ISMOTORFREE?ULTRASONIC_MODULE
            CODE    413CH     000CH     UNIT         ?PR?GETBEEPSTATUS?BEEP
            CODE    4148H     000CH     UNIT         ?PR?IIC_RADIO_STOP?FM_RADIO
            CODE    4154H     000BH     UNIT         ?PR?GETUART2TXSTATUS?UART2
            CODE    415FH     000BH     UNIT         ?PR?MYUART1PROCESSRXDATA?MY_UART1
            CODE    416AH     000BH     UNIT         ?PR?INITTRAINID?TRAIN_ID_MODULE
            CODE    4175H     000BH     UNIT         ?PR?GETUART1TXSTATUS?UART1
            CODE    4180H     0009H     UNIT         ?CO?ADC
            CODE    4189H     0009H     UNIT         ?PR?_SETDISPLAYERAREA?DISPLAYER
            CODE    4192H     0009H     UNIT         ?PR?GETBEEPTIMER?SYS
            CODE    419BH     0009H     UNIT         ?PR?_SETBEEPTIMER?SYS
            CODE    41A4H     0009H     UNIT         ?PR?GETWEIGHT?EXT
            CODE    41ADH     0007H     UNIT         ?PR?GETSYSPERFORMANCE?SYS
            CODE    41B4H     0007H     UNIT         ?PR?RTC_READ?DS1302
            CODE    41BBH     0006H     UNIT         ?PR?ADC_ISR?ADC
            CODE    41C1H     0006H     UNIT         ?PR?_LEDPRINT?DISPLAYER
            CODE    41C7H     0006H     UNIT         ?PR?MYSTC_INIT?SYS
            CODE    41CDH     0006H     UNIT         ?CO?MY_UART1
            CODE    41D3H     0003H     UNIT         ?PR?_?RET0FUNC?SYS
            CODE    41D6H     0003H     UNIT         ?PR?CLRBEEPPIN?SYS



OVERLAY MAP OF MODULE:   .\output\BSP_Demo (MAIN)

BL51 BANKED LINKER/LOCATER V6.22.4.0                                                  09/17/2025  11:10:29  PAGE 6



SEGMENT                                             BIT_GROUP          DATA_GROUP          XDATA_GROUP
  +--> CALLED SEGMENT                            START    LENGTH     START    LENGTH     START    LENGTH
--------------------------------------------------------------------------------------------------------
?C_C51STARTUP                                    -----    -----      -----    -----      -----    -----
  +--> ?PR?MAIN?MAIN
  +--> ?C_INITSEG

?PR?MAIN?MAIN                                    -----    -----      -----    -----      -----    -----
  +--> ?PR?_ADCINIT?ADC
  +--> ?PR?DISPLAYERINIT?DISPLAYER
  +--> ?PR?KEYINIT?KEY
  +--> ?PR?BEEPINIT?BEEP
  +--> ?PR?_SETDISPLAYERAREA?DISPLAYER
  +--> ?PR?_UART2INIT?UART2
  +--> ?PR?MYUART1INIT?MY_UART1
  +--> ?PR?NVTEMPTHRESHOLDINIT?NV_TEMP_THRES...
  +--> ?PR?INITRTC?TIME_MODULE
  +--> ?PR?_EXTINIT?EXT
  +--> ?PR?ULTRASONICINIT?ULTRASONIC_MODULE
  +--> ?PR?RADIO_INIT?RADIO_MODULE
  +--> ?PR?_SETTRAINID?TRAIN_ID_MODULE
  +--> ?PR?INITTRAINID?TRAIN_ID_MODULE
  +--> ?PR?_SETUART2RXD?UART2
  +--> ?PR?MYUART2RXD_CALLBACK?VOICE_MODULE
  +--> ?PR?_SETEVENTCALLBACK?SYS
  +--> ?PR?MY1S_CALLBACK?CORE
  +--> ?PR?NAVHANDLER?NAV_HANDLER
  +--> ?PR?MYSTC_INIT?SYS
  +--> ?PR?MYSTC_OS?SYS

?PR?_ADCINIT?ADC                                 -----    -----      -----    -----      -----    -----
  +--> ?PR?_?SYS_ADC_DRV?ADC
  +--> ?PR?_?SYS_GET_KNEVENT?ADC
  +--> ?PR?_?SYS_GET_EXTADCEVENT?ADC

?PR?_?SYS_ADC_DRV?ADC                            -----    -----      -----    -----      -----    -----
  +--> ?CO?ADC

?PR?DISPLAYERINIT?DISPLAYER                      -----    -----      -----    -----      -----    -----
  +--> ?PR?_?SYS_DISPLAY_DRV?DISPLAYER

?PR?_?SYS_DISPLAY_DRV?DISPLAYER                  -----    -----      -----    -----      -----    -----
  +--> ?CO?DECODE_TABLE

?PR?KEYINIT?KEY                                  -----    -----      -----    -----      -----    -----
  +--> ?PR?_?SYS_GET_KEYEVENT?KEY
  +--> ?PR?_?SYS_KEY_DRV?KEY

?PR?BEEPINIT?BEEP                                -----    -----      -----    -----      -----    -----
  +--> ?PR?CLRBEEPPIN?SYS
  +--> ?PR?_?SYS_BEEP_DRV?BEEP

?PR?_?SYS_BEEP_DRV?BEEP                          -----    -----      -----    -----      -----    -----
  +--> ?PR?GETBEEPTIMER?SYS
  +--> ?PR?_SETBEEPTIMER?SYS

BL51 BANKED LINKER/LOCATER V6.22.4.0                                                  09/17/2025  11:10:29  PAGE 7


?PR?_UART2INIT?UART2                             -----    -----      0008H    0005H      -----    -----
  +--> ?PR?_?NULLFUNC0?UART2
  +--> ?CO?CORE
  +--> ?PR?_?SYS_GET_UART2RXDEVENT?UART2

?PR?MYUART1INIT?MY_UART1                         -----    -----      -----    -----      -----    -----
  +--> ?PR?_UART1INIT?UART1
  +--> ?PR?UART1RXDCALLBACK?MY_UART1
  +--> ?PR?_SETEVENTCALLBACK?SYS
  +--> ?PR?_SETUART1RXD?UART1

?PR?_UART1INIT?UART1                             -----    -----      0008H    0004H      -----    -----
  +--> ?CO?CORE
  +--> ?PR?_?SYS_GET_UART1RXDEVENT?UART1

?PR?UART1RXDCALLBACK?MY_UART1                    -----    -----      -----    -----      -----    -----
  +--> ?PR?_STRCHR?STRCHR
  +--> ?PR?_PARSECOMMAND?MY_UART1
  +--> ?PR?MYUART1CLEARRXBUFFER?MY_UART1

?PR?_PARSECOMMAND?MY_UART1                       -----    -----      0008H    0005H      00B2H    0031H
  +--> ?PR?_STRLEN?STRLEN
  +--> ?CO?MY_UART1
  +--> ?PR?_ATOI?ATOI
  +--> ?PR?_STRTOK?STRTOK
  +--> ?PR?_NVTEMPTHRESHOLDUPDATE?NV_TEMP_TH...

?PR?_ATOI?ATOI                                   0022H.2  0000H.1    000DH    0005H      -----    -----
  +--> ?PR?_ISSPACE?ISSPACE
  +--> ?PR?_ISDIGIT?ISDIGIT

?PR?_STRTOK?STRTOK                               -----    -----      000DH    0006H      -----    -----
  +--> ?PR?_STRSPN?STRSPN
  +--> ?PR?_STRPBRK?STRPBRK

?PR?_STRSPN?STRSPN                               -----    -----      0013H    0008H      -----    -----

?PR?_STRPBRK?STRPBRK                             -----    -----      0013H    0009H      -----    -----

?PR?_NVTEMPTHRESHOLDUPDATE?NV_TEMP_TH...         -----    -----      000DH    0001H      00E3H    0001H
  +--> ?PR?NVTEMPTHRESHOLDINIT?NV_TEMP_THRES...
  +--> ?PR?_NVISVALIDTHRESHOLD?NV_TEMP_THRES...
  +--> ?PR?NVTEMPTHRESHOLDREAD?NV_TEMP_THRES...
  +--> ?PR?_NVTEMPTHRESHOLDWRITE?NV_TEMP_THR...

?PR?NVTEMPTHRESHOLDINIT?NV_TEMP_THRES...         -----    -----      000FH    0001H      00E5H    0001H
  +--> ?PR?_M24C02_READ?M24C02
  +--> ?PR?_NVISVALIDTHRESHOLD?NV_TEMP_THRES...

?PR?_M24C02_READ?M24C02                          -----    -----      -----    -----      -----    -----
  +--> ?PR?START?M24C02
  +--> ?PR?RESPONS?M24C02
  +--> ?PR?_WRITEBYTE?M24C02
  +--> ?PR?READBYTE?M24C02
  +--> ?PR?STOP?M24C02

?PR?RESPONS?M24C02                               -----    -----      -----    -----      -----    -----
BL51 BANKED LINKER/LOCATER V6.22.4.0                                                  09/17/2025  11:10:29  PAGE 8


  +--> ?PR?_WRITEBYTE?M24C02

?PR?NVTEMPTHRESHOLDREAD?NV_TEMP_THRES...         -----    -----      -----    -----      00E4H    0001H
  +--> ?PR?NVTEMPTHRESHOLDINIT?NV_TEMP_THRES...
  +--> ?PR?_M24C02_READ?M24C02
  +--> ?PR?_NVISVALIDTHRESHOLD?NV_TEMP_THRES...

?PR?_NVTEMPTHRESHOLDWRITE?NV_TEMP_THR...         -----    -----      000EH    0001H      -----    -----
  +--> ?PR?NVTEMPTHRESHOLDINIT?NV_TEMP_THRES...
  +--> ?PR?_NVISVALIDTHRESHOLD?NV_TEMP_THRES...
  +--> ?PR?_M24C02_WRITE?M24C02

?PR?_M24C02_WRITE?M24C02                         -----    -----      -----    -----      -----    -----
  +--> ?PR?START?M24C02
  +--> ?PR?_WRITEBYTE?M24C02
  +--> ?PR?RESPONS?M24C02
  +--> ?PR?STOP?M24C02

?PR?_SETEVENTCALLBACK?SYS                        -----    -----      0008H    0003H      -----    -----

?PR?_SETUART1RXD?UART1                           -----    -----      0008H    000AH      -----    -----

?PR?INITRTC?TIME_MODULE                          -----    -----      -----    -----      -----    -----
  +--> ?PR?DS1302INIT?DS1302

?PR?DS1302INIT?DS1302                            -----    -----      0008H    0007H      -----    -----
  +--> ?PR?_DS1302READ?DS1302
  +--> ?PR?_DS1302WRITE?DS1302
  +--> ?PR?_NVM_READ?DS1302
  +--> ?PR?RTC_WRITE?DS1302
  +--> ?PR?_NVM_WRITE?DS1302
  +--> ?PR?_?SYS_DS1302_DRV?DS1302

?PR?_DS1302READ?DS1302                           -----    -----      -----    -----      -----    -----
  +--> ?PR?_DS1302WRITEBYTE?DS1302
  +--> ?PR?DS1302READBYTE?DS1302

?PR?_DS1302WRITE?DS1302                          -----    -----      -----    -----      -----    -----
  +--> ?PR?_DS1302WRITEBYTE?DS1302

?PR?_NVM_READ?DS1302                             -----    -----      -----    -----      -----    -----
  +--> ?PR?_DS1302READ?DS1302

?PR?RTC_WRITE?DS1302                             -----    -----      000FH    0007H      -----    -----

?PR?_NVM_WRITE?DS1302                            -----    -----      -----    -----      -----    -----
  +--> ?PR?_DS1302WRITE?DS1302

?PR?_?SYS_DS1302_DRV?DS1302                      -----    -----      -----    -----      -----    -----
  +--> ?PR?_DS1302READ?DS1302
  +--> ?PR?_DS1302WRITE?DS1302

?PR?_EXTINIT?EXT                                 -----    -----      -----    -----      -----    -----
  +--> ?PR?_?SYS_EXT_DRV?EXT

?PR?_?SYS_EXT_DRV?EXT                            -----    -----      -----    -----      -----    -----
  +--> ?PR?READCOUNT?EXT
BL51 BANKED LINKER/LOCATER V6.22.4.0                                                  09/17/2025  11:10:29  PAGE 9



?PR?READCOUNT?EXT                                -----    -----      0008H    0005H      -----    -----

?PR?ULTRASONICINIT?ULTRASONIC_MODULE             -----    -----      -----    -----      -----    -----
  +--> ?PR?STEPMOTORINIT?STEPMOTOR

?PR?STEPMOTORINIT?STEPMOTOR                      -----    -----      -----    -----      -----    -----
  +--> ?PR?_?SYS_STEPMOTOR_DRV?STEPMOTOR

?PR?_?SYS_STEPMOTOR_DRV?STEPMOTOR                -----    -----      -----    -----      -----    -----
  +--> ?PR?_LEDPRINT?DISPLAYER

?PR?RADIO_INIT?RADIO_MODULE                      -----    -----      -----    -----      -----    -----
  +--> ?PR?FMRADIOINIT?FM_RADIO
  +--> ?PR?SETFMRADIO?FM_RADIO

?PR?FMRADIOINIT?FM_RADIO                         -----    -----      0008H    0006H      -----    -----
  +--> ?PR?SETFMRADIO?FM_RADIO
  +--> ?PR?_?SYS_FMRADIO_DRV?FM_RADIO

?PR?SETFMRADIO?FM_RADIO                          -----    -----      000EH    0006H      -----    -----
  +--> ?PR?GETFMRADIO?FM_RADIO

?PR?GETFMRADIO?FM_RADIO                          -----    -----      0014H    0006H      -----    -----

?PR?_?SYS_FMRADIO_DRV?FM_RADIO                   -----    -----      -----    -----      -----    -----
  +--> ?PR?IIC_RADIO_START?FM_RADIO
  +--> ?PR?_IIC_RADIO_WRITEBYTE?FM_RADIO
  +--> ?PR?IIC_RADIO_ACK?FM_RADIO
  +--> ?PR?IIC_RADIO_STOP?FM_RADIO

?PR?IIC_RADIO_START?FM_RADIO                     -----    -----      -----    -----      -----    -----
  +--> ?PR?_DELAY?FM_RADIO

?PR?_IIC_RADIO_WRITEBYTE?FM_RADIO                -----    -----      -----    -----      -----    -----
  +--> ?PR?_DELAY?FM_RADIO

?PR?IIC_RADIO_ACK?FM_RADIO                       -----    -----      -----    -----      -----    -----
  +--> ?PR?_DELAY?FM_RADIO

?PR?IIC_RADIO_STOP?FM_RADIO                      -----    -----      -----    -----      -----    -----
  +--> ?PR?_DELAY?FM_RADIO

?PR?_SETTRAINID?TRAIN_ID_MODULE                  -----    -----      0008H    0001H      -----    -----
  +--> ?PR?_NVM_WRITE?DS1302

?PR?INITTRAINID?TRAIN_ID_MODULE                  -----    -----      -----    -----      -----    -----
  +--> ?PR?_NVM_READ?DS1302

?PR?_SETUART2RXD?UART2                           -----    -----      0008H    000AH      -----    -----

?PR?MY1S_CALLBACK?CORE                           -----    -----      -----    -----      -----    -----
  +--> ?PR?UPDATETIME?TIME_MODULE
  +--> ?PR?UPDATETEMP?TEMP_MODULE
  +--> ?PR?SHOWSTATUS?NAV_HANDLER
  +--> ?PR?CHECKCOUNTDOWNEVENT?VOICE_MODULE
  +--> ?PR?ULTRASONICUPDATEANDDISPLAY?ULTRAS...
BL51 BANKED LINKER/LOCATER V6.22.4.0                                                  09/17/2025  11:10:29  PAGE 10


  +--> ?PR?MYUART1SENDCURRENTSTATUS?MY_UART1

?PR?UPDATETIME?TIME_MODULE                       -----    -----      -----    -----      00B2H    0005H
  +--> ?PR?RTC_READ?DS1302
  +--> ?PR?RESETTIMER?TIME_MODULE
  +--> ?PR?GETSPEED?SPEED_MODULE
  +--> ?PR?RTC_WRITE?DS1302

?PR?RESETTIMER?TIME_MODULE                       -----    -----      -----    -----      00B7H    0002H
  +--> ?PR?GETSPEED?SPEED_MODULE
  +--> ?PR?RTC_WRITE?DS1302

?PR?UPDATETEMP?TEMP_MODULE                       -----    -----      -----    -----      -----    -----
  +--> ?PR?GETADC?ADC
  +--> ?CO?TEMP_MODULE

?PR?SHOWSTATUS?NAV_HANDLER                       -----    -----      -----    -----      -----    -----
  +--> ?PR?SHOWTIME?TIME_MODULE
  +--> ?PR?SHOWTEMP?TEMP_MODULE
  +--> ?PR?SHOWSPEED?SPEED_MODULE
  +--> ?PR?SHOWMODE?TIME_MODULE

?PR?SHOWTIME?TIME_MODULE                         -----    -----      -----    -----      -----    -----
  +--> ?PR?RTC_READ?DS1302
  +--> ?PR?_SEG7PRINT?DISPLAYER

?PR?_SEG7PRINT?DISPLAYER                         -----    -----      0008H    0008H      -----    -----

?PR?SHOWTEMP?TEMP_MODULE                         -----    -----      -----    -----      -----    -----
  +--> ?PR?_SEG7PRINT?DISPLAYER

?PR?SHOWSPEED?SPEED_MODULE                       -----    -----      -----    -----      -----    -----
  +--> ?PR?_SEG7PRINT?DISPLAYER

?PR?SHOWMODE?TIME_MODULE                         -----    -----      -----    -----      -----    -----
  +--> ?PR?_SEG7PRINT?DISPLAYER

?PR?CHECKCOUNTDOWNEVENT?VOICE_MODULE             -----    -----      -----    -----      00B2H    0002H
  +--> ?CO?VOICE_MODULE
  +--> ?PR?_UART2PRINT?UART2

?PR?ULTRASONICUPDATEANDDISPLAY?ULTRAS...         -----    -----      -----    -----      -----    -----
  +--> ?PR?GETULTRASONICDISTANCE?ULTRASONIC_...
  +--> ?PR?AUTODOOR_OPEN?ULTRASONIC_MODULE
  +--> ?PR?AUTODOOR_CLOSE?ULTRASONIC_MODULE

?PR?GETULTRASONICDISTANCE?ULTRASONIC_...         -----    -----      -----    -----      -----    -----
  +--> ?PR?GETULTRASONIC?SYS

?PR?GETULTRASONIC?SYS                            -----    -----      0008H    0002H      -----    -----
  +--> ?CO?CORE

?PR?AUTODOOR_OPEN?ULTRASONIC_MODULE              -----    -----      -----    -----      -----    -----
  +--> ?PR?_GETSTEPMOTORSTATUS?STEPMOTOR
  +--> ?PR?_SETSTEPMOTOR?STEPMOTOR

?PR?_SETSTEPMOTOR?STEPMOTOR                      -----    -----      0008H    0001H      -----    -----
BL51 BANKED LINKER/LOCATER V6.22.4.0                                                  09/17/2025  11:10:29  PAGE 11



?PR?AUTODOOR_CLOSE?ULTRASONIC_MODULE             -----    -----      -----    -----      -----    -----
  +--> ?PR?_GETSTEPMOTORSTATUS?STEPMOTOR
  +--> ?PR?_SETSTEPMOTOR?STEPMOTOR

?PR?MYUART1SENDCURRENTSTATUS?MY_UART1            -----    -----      -----    -----      00B2H    0002H
  +--> ?PR?GETUART1TXSTATUS?UART1
  +--> ?CO?MY_UART1
  +--> ?PR?_STRLEN?STRLEN
  +--> ?PR?_MY_UTOA?MY_UART1
  +--> ?PR?_UART1PRINT?UART1

?PR?_MY_UTOA?MY_UART1                            -----    -----      0008H    0003H      00B4H    0012H

?PR?NAVHANDLER?NAV_HANDLER                       -----    -----      -----    -----      00B2H    0004H
  +--> ?PR?_GETADCNAVACT?ADC
  +--> ?PR?SETFMRADIO?FM_RADIO

?PR?MYSTC_INIT?SYS                               -----    -----      -----    -----      -----    -----
  +--> ?PR?SYS_TIMER0_INIT?SYS

?PR?SYS_TIMER0_INIT?SYS                          -----    -----      -----    -----      -----    -----
  +--> ?CO?CORE

?PR?MYSTC_OS?SYS                                 -----    -----      -----    -----      -----    -----
  +--> ?PR?SYS_TASK_IR?SYS
  +--> ?PR?SYS_TASK_1MS?SYS
  +--> ?PR?SYS_TASK_10MS?SYS
  +--> ?PR?SYS_TASK_100MS?SYS
  +--> ?PR?SYS_TASK_1S?SYS

?C_INITSEG                                       -----    -----      -----    -----      -----    -----
  +--> ?PR?_?NULLFUNC?SYS
  +--> ?PR?_?RET0FUNC?SYS



UNRESOLVED EXTERNAL SYMBOLS:
   IS_PLAY_MUSIC



SYMBOL TABLE OF MODULE:  .\output\BSP_Demo (MAIN)

  VALUE           TYPE          NAME
  ----------------------------------

  -------         MODULE        MAIN
  C:0000H         SYMBOL        _ICE_DUMMY_
  D:0080H         PUBLIC        P0
  D:0090H         PUBLIC        P1
  D:00A0H         PUBLIC        P2
  D:00B0H         PUBLIC        P3
  D:00C0H         PUBLIC        P4
  D:00C8H         PUBLIC        P5
  D:00E8H         PUBLIC        P6
  D:00F8H         PUBLIC        P7
BL51 BANKED LINKER/LOCATER V6.22.4.0                                                  09/17/2025  11:10:29  PAGE 12


  D:00A8H         PUBLIC        IE
  D:00B8H         PUBLIC        IP
  D:00D8H         PUBLIC        CCON
  C:3105H         PUBLIC        main
  D:0098H         PUBLIC        SCON
  D:0088H         PUBLIC        TCON
  D:00D0H         PUBLIC        PSW
  -------         PROC          MAIN
  C:3105H         LINE#         3
  C:3105H         LINE#         4
  C:310AH         LINE#         5
  C:310DH         LINE#         6
  C:3110H         LINE#         7
  C:3113H         LINE#         8
  C:311AH         LINE#         9
  C:3126H         LINE#         10
  C:3129H         LINE#         11
  C:312CH         LINE#         12
  C:312FH         LINE#         13
  C:3134H         LINE#         14
  C:3137H         LINE#         15
  C:313AH         LINE#         16
  C:313FH         LINE#         17
  C:3142H         LINE#         18
  C:315CH         LINE#         19
  C:3167H         LINE#         20
  C:3172H         LINE#         21
  C:317DH         LINE#         22
  C:3180H         LINE#         24
  C:3180H         LINE#         25
  C:3183H         LINE#         26
  -------         ENDPROC       MAIN
  -------         ENDMOD        MAIN

  -------         MODULE        ADC
  C:0000H         SYMBOL        _ICE_DUMMY_
  D:0080H         PUBLIC        P0
  D:0090H         PUBLIC        P1
  D:00A0H         PUBLIC        P2
  C:4104H         PUBLIC        _?sys_get_KNEvent
  D:0049H         PUBLIC        sys_EXTADCEvent
  D:00B0H         PUBLIC        P3
  D:00C0H         PUBLIC        P4
  D:00C8H         PUBLIC        P5
  D:00E8H         PUBLIC        P6
  D:00F8H         PUBLIC        P7
  B:00A8H.5       PUBLIC        EADC
  D:00A8H         PUBLIC        IE
  D:00BDH         PUBLIC        ADC_RES
  D:00B8H         PUBLIC        IP
  D:0097H         PUBLIC        CLK_DIV
  C:3B41H         PUBLIC        _AdcInit
  D:00D8H         PUBLIC        CCON
  C:4112H         PUBLIC        _?sys_get_EXTADCEvent
  X:00E8H         PUBLIC        AD_res
  D:00BCH         PUBLIC        ADC_CONTR
  D:0098H         PUBLIC        SCON
BL51 BANKED LINKER/LOCATER V6.22.4.0                                                  09/17/2025  11:10:29  PAGE 13


  D:0088H         PUBLIC        TCON
  C:1DD0H         PUBLIC        _?sys_ADC_drv
  B:0022H.1       PUBLIC        flag_ADC
  X:00F2H         PUBLIC        sys_KN
  D:009DH         PUBLIC        P1ASF
  D:004AH         PUBLIC        sys_KNEvent
  D:00BEH         PUBLIC        ADC_RESL
  C:0003H         PUBLIC        GetADC
  C:3779H         PUBLIC        _GetAdcNavAct
  C:41BBH         PUBLIC        ADC_isr
  D:00D0H         PUBLIC        PSW
  -------         PROC          ADC_ISR
  C:41BBH         LINE#         26
  C:41BBH         LINE#         27
  C:41BEH         LINE#         28
  C:41C0H         LINE#         29
  -------         ENDPROC       ADC_ISR
  -------         PROC          _?SYS_ADC_DRV
  -------         DO            
  X:00E6H         SYMBOL        pc
  X:00E7H         SYMBOL        counter
  i:0000H         SYMBOL        i
  C:4180H         SYMBOL        ADC_ch
  -------         ENDDO         
  C:1DD0H         LINE#         31
  C:1DD2H         LINE#         35
  C:1DD8H         LINE#         36
  C:1DDAH         LINE#         37
  C:1E08H         LINE#         38
  C:1E08H         LINE#         39
  C:1E08H         LINE#         40
  C:1E18H         LINE#         41
  C:1E1AH         LINE#         42
  C:1E1AH         LINE#         43
  C:1E1AH         LINE#         44
  C:1E2EH         LINE#         45
  C:1E31H         LINE#         46
  C:1E34H         LINE#         47
  C:1E44H         LINE#         48
  C:1E46H         LINE#         49
  C:1E5AH         LINE#         50
  C:1E5DH         LINE#         51
  C:1E71H         LINE#         52
  C:1E84H         LINE#         53
  C:1E9CH         LINE#         54
  C:1EA7H         LINE#         55
  C:1EAAH         LINE#         56
  C:1EBAH         LINE#         57
  C:1ECEH         LINE#         58
  C:1EE3H         LINE#         59
  C:1EF4H         LINE#         60
  C:1EF6H         LINE#         61
  C:1EF6H         LINE#         62
  C:1EF8H         LINE#         64
  C:1F0FH         LINE#         65
  C:1F20H         LINE#         66
  C:1F23H         LINE#         67
BL51 BANKED LINKER/LOCATER V6.22.4.0                                                  09/17/2025  11:10:29  PAGE 14


  C:1F23H         LINE#         68
  C:1F23H         LINE#         69
  C:1F46H         LINE#         70
  C:1F57H         LINE#         71
  C:1F5BH         LINE#         72
  C:1F5BH         LINE#         73
  C:1F5BH         LINE#         74
  C:1F61H         LINE#         75
  C:1F61H         LINE#         76
  C:1F61H         LINE#         77
  C:1F6DH         LINE#         78
  C:1F79H         LINE#         79
  C:1F79H         LINE#         80
  -------         ENDPROC       _?SYS_ADC_DRV
  -------         PROC          _?SYS_GET_KNEVENT
  -------         DO            
  i:0000H         SYMBOL        a
  -------         ENDDO         
  C:4104H         LINE#         82
  C:4106H         LINE#         84
  C:410AH         LINE#         85
  C:410DH         LINE#         86
  C:410FH         LINE#         87
  -------         ENDPROC       _?SYS_GET_KNEVENT
  -------         PROC          _?SYS_GET_EXTADCEVENT
  -------         DO            
  i:0000H         SYMBOL        a
  -------         ENDDO         
  C:4112H         LINE#         89
  C:4114H         LINE#         91
  C:4118H         LINE#         92
  C:411BH         LINE#         93
  C:411DH         LINE#         94
  -------         ENDPROC       _?SYS_GET_EXTADCEVENT
  -------         PROC          _ADCINIT
  D:0007H         SYMBOL        ADCsel
  C:3B41H         LINE#         96
  C:3B41H         LINE#         97
  C:3B41H         LINE#         98
  C:3B43H         LINE#         99
  C:3B46H         LINE#         100
  C:3B49H         LINE#         101
  C:3B4BH         LINE#         102
  C:3B59H         LINE#         103
  C:3B65H         LINE#         104
  C:3B71H         LINE#         105
  -------         ENDPROC       _ADCINIT
  -------         PROC          GETADC
  C:0003H         LINE#         107
  C:0003H         LINE#         108
  C:0009H         LINE#         109
  -------         ENDPROC       GETADC
  -------         PROC          _GETADCNAVACT
  D:0007H         SYMBOL        Nav_button
  -------         DO            
  D:0006H         SYMBOL        a
  -------         ENDDO         
BL51 BANKED LINKER/LOCATER V6.22.4.0                                                  09/17/2025  11:10:29  PAGE 15


  C:3779H         LINE#         111
  C:3779H         LINE#         112
  C:3779H         LINE#         113
  C:3789H         LINE#         114
  C:37A4H         LINE#         115
  C:37B9H         LINE#         116
  C:37BCH         LINE#         117
  C:37BCH         LINE#         118
  C:37BEH         LINE#         119
  -------         ENDPROC       _GETADCNAVACT
  -------         ENDMOD        ADC

  -------         MODULE        BEEP
  C:0000H         SYMBOL        _ICE_DUMMY_
  D:0080H         PUBLIC        P0
  D:00B2H         PUBLIC        P3M0
  D:0090H         PUBLIC        P1
  D:00B1H         PUBLIC        P3M1
  D:00A0H         PUBLIC        P2
  D:00B0H         PUBLIC        P3
  D:00C0H         PUBLIC        P4
  D:00C8H         PUBLIC        P5
  D:00E8H         PUBLIC        P6
  D:00F8H         PUBLIC        P7
  D:00F9H         PUBLIC        CH
  C:3CDAH         PUBLIC        _?sys_beep_drv
  D:00A8H         PUBLIC        IE
  D:00E9H         PUBLIC        CL
  C:3E27H         PUBLIC        BeepInit
  B:00D8H.6       PUBLIC        CR
  D:00DAH         PUBLIC        CCAPM0
  D:00B8H         PUBLIC        IP
  D:00D9H         PUBLIC        CMOD
  D:00D8H         PUBLIC        CCON
  C:413CH         PUBLIC        GetBeepStatus
  C:3282H         PUBLIC        _SetBeep
  D:0098H         PUBLIC        SCON
  D:0088H         PUBLIC        TCON
  D:00D0H         PUBLIC        PSW
  B:00D8H.0       PUBLIC        CCF0
  -------         PROC          _?SYS_BEEP_DRV
  -------         DO            
  i:0000H         SYMBOL        a
  -------         ENDDO         
  C:3CDAH         LINE#         11
  C:3CDEH         LINE#         13
  C:3CE8H         LINE#         14
  C:3CFDH         LINE#         15
  -------         ENDPROC       _?SYS_BEEP_DRV
  -------         PROC          BEEPINIT
  C:3E27H         LINE#         17
  C:3E27H         LINE#         18
  C:3E27H         LINE#         19
  C:3E2AH         LINE#         20
  C:3E2DH         LINE#         21
  C:3E30H         LINE#         22
  C:3E33H         LINE#         23
BL51 BANKED LINKER/LOCATER V6.22.4.0                                                  09/17/2025  11:10:29  PAGE 16


  C:3E36H         LINE#         24
  C:3E38H         LINE#         25
  C:3E46H         LINE#         26
  -------         ENDPROC       BEEPINIT
  -------         PROC          _SETBEEP
  D:001CH         SYMBOL        Beep_freq
  D:001EH         SYMBOL        Beep_time
  -------         DO            
  D:0002H         SYMBOL        a
  D:0004H         SYMBOL        b
  -------         ENDDO         
  C:3282H         LINE#         28
  C:328AH         LINE#         29
  C:328AH         LINE#         31
  C:3291H         LINE#         32
  C:3298H         LINE#         33
  C:32A3H         LINE#         34
  C:32CCH         LINE#         35
  C:32E0H         LINE#         36
  C:32E7H         LINE#         37
  C:32E9H         LINE#         38
  C:32ECH         LINE#         39
  C:32EEH         LINE#         41
  C:32F1H         LINE#         42
  C:32F4H         LINE#         43
  C:32F4H         LINE#         44
  C:32F7H         LINE#         45
  C:32F7H         LINE#         46
  C:32F9H         LINE#         47
  -------         ENDPROC       _SETBEEP
  -------         PROC          GETBEEPSTATUS
  C:413CH         LINE#         49
  C:413CH         LINE#         50
  C:4145H         LINE#         51
  C:4147H         LINE#         52
  -------         ENDPROC       GETBEEPSTATUS
  -------         ENDMOD        BEEP

  -------         MODULE        DISPLAYER
  C:0000H         SYMBOL        _ICE_DUMMY_
  D:0093H         PUBLIC        P0M1
  D:0096H         PUBLIC        P2M0
  D:0080H         PUBLIC        P0
  D:0095H         PUBLIC        P2M1
  D:0090H         PUBLIC        P1
  D:00A0H         PUBLIC        P2
  D:00B0H         PUBLIC        P3
  D:00C0H         PUBLIC        P4
  D:00C8H         PUBLIC        P5
  D:00E8H         PUBLIC        P6
  D:00F8H         PUBLIC        P7
  D:00A8H         PUBLIC        IE
  D:00B8H         PUBLIC        IP
  D:00D8H         PUBLIC        CCON
  C:41C1H         PUBLIC        _LedPrint
  B:00A0H.0       PUBLIC        P20
  B:00A0H.1       PUBLIC        P21
BL51 BANKED LINKER/LOCATER V6.22.4.0                                                  09/17/2025  11:10:29  PAGE 17


  D:0098H         PUBLIC        SCON
  B:00A0H.2       PUBLIC        P22
  D:0088H         PUBLIC        TCON
  B:00A0H.3       PUBLIC        P23
  C:3F16H         PUBLIC        DisplayerInit
  X:016EH         PUBLIC        sys_Disp
  C:4189H         PUBLIC        _SetDisplayerArea
  C:3E47H         PUBLIC        _Seg7Print
  C:271EH         PUBLIC        _?sys_display_drv
  D:00D0H         PUBLIC        PSW
  D:0094H         PUBLIC        P0M0
  -------         PROC          _?SYS_DISPLAY_DRV
  C:271EH         LINE#         16
  C:271EH         LINE#         18
  C:2721H         LINE#         19
  C:274AH         LINE#         20
  C:2750H         LINE#         21
  C:2756H         LINE#         22
  C:275CH         LINE#         23
  C:2762H         LINE#         24
  C:276CH         LINE#         25
  C:2776H         LINE#         26
  C:2780H         LINE#         27
  C:278AH         LINE#         28
  C:278CH         LINE#         29
  C:278CH         LINE#         30
  C:2794H         LINE#         31
  C:27BDH         LINE#         33
  C:27D8H         LINE#         34
  C:27DBH         LINE#         35
  C:27DBH         LINE#         36
  C:27F2H         LINE#         37
  C:27FEH         LINE#         39
  C:2806H         LINE#         40
  -------         ENDPROC       _?SYS_DISPLAY_DRV
  -------         PROC          DISPLAYERINIT
  C:3F16H         LINE#         42
  C:3F16H         LINE#         43
  C:3F16H         LINE#         44
  C:3F19H         LINE#         45
  C:3F1CH         LINE#         46
  C:3F1FH         LINE#         47
  C:3F22H         LINE#         48
  C:3F30H         LINE#         49
  -------         ENDPROC       DISPLAYERINIT
  -------         PROC          _SETDISPLAYERAREA
  D:0007H         SYMBOL        Begin_of_scan
  D:0005H         SYMBOL        Ending_of_Scan
  C:4189H         LINE#         51
  C:4189H         LINE#         52
  C:418EH         LINE#         53
  C:4191H         LINE#         54
  -------         ENDPROC       _SETDISPLAYERAREA
  -------         PROC          _SEG7PRINT
  D:0007H         SYMBOL        d0
  D:0005H         SYMBOL        d1
  D:0003H         SYMBOL        d2
BL51 BANKED LINKER/LOCATER V6.22.4.0                                                  09/17/2025  11:10:29  PAGE 18


  D:000BH         SYMBOL        d3
  D:000CH         SYMBOL        d4
  D:000DH         SYMBOL        d5
  D:000EH         SYMBOL        d6
  D:000FH         SYMBOL        d7
  C:3E47H         LINE#         56
  C:3E47H         LINE#         57
  C:3E4CH         LINE#         58
  C:3E4FH         LINE#         59
  C:3E52H         LINE#         60
  C:3E56H         LINE#         61
  C:3E5AH         LINE#         62
  C:3E5EH         LINE#         63
  C:3E62H         LINE#         64
  C:3E66H         LINE#         65
  -------         ENDPROC       _SEG7PRINT
  -------         PROC          _LEDPRINT
  D:0007H         SYMBOL        led_val
  C:41C1H         LINE#         67
  C:41C1H         LINE#         68
  C:41C6H         LINE#         69
  -------         ENDPROC       _LEDPRINT
  -------         ENDMOD        DISPLAYER

  -------         MODULE        KEY
  C:0000H         SYMBOL        _ICE_DUMMY_
  D:0080H         PUBLIC        P0
  D:0090H         PUBLIC        P1
  D:00A0H         PUBLIC        P2
  D:00B0H         PUBLIC        P3
  D:00C0H         PUBLIC        P4
  D:00C8H         PUBLIC        P5
  D:00E8H         PUBLIC        P6
  D:00F8H         PUBLIC        P7
  D:00A8H         PUBLIC        IE
  D:004FH         PUBLIC        sys_keyEvent
  D:00B8H         PUBLIC        IP
  D:00D8H         PUBLIC        CCON
  C:4120H         PUBLIC        _?sys_get_keyEvent
  D:0098H         PUBLIC        SCON
  D:0088H         PUBLIC        TCON
  C:21FDH         PUBLIC        _?sys_key_drv
  C:3EA5H         PUBLIC        KeyInit
  B:00B0H.2       PUBLIC        IO_Key1
  B:00B0H.3       PUBLIC        IO_Key2
  B:0090H.7       PUBLIC        IO_Key3
  C:390DH         PUBLIC        _GetKeyAct
  X:0186H         PUBLIC        sys_Key
  D:00D0H         PUBLIC        PSW
  -------         PROC          _?SYS_KEY_DRV
  -------         DO            
  i:0000H         SYMBOL        i
  X:0185H         SYMBOL        counter
  -------         ENDDO         
  C:21FDH         LINE#         28
  C:21FFH         LINE#         31
  C:2208H         LINE#         32
BL51 BANKED LINKER/LOCATER V6.22.4.0                                                  09/17/2025  11:10:29  PAGE 19


  C:2211H         LINE#         33
  C:221AH         LINE#         34
  C:2225H         LINE#         35
  C:2228H         LINE#         36
  C:223AH         LINE#         37
  C:2258H         LINE#         38
  C:2271H         LINE#         39
  C:228DH         LINE#         40
  C:228FH         LINE#         41
  C:228FH         LINE#         42
  C:2291H         LINE#         44
  C:22B2H         LINE#         45
  C:22C8H         LINE#         46
  C:22CBH         LINE#         47
  C:22CBH         LINE#         48
  C:22CBH         LINE#         49
  C:22FEH         LINE#         50
  C:2319H         LINE#         51
  C:231DH         LINE#         52
  C:231DH         LINE#         53
  -------         ENDPROC       _?SYS_KEY_DRV
  -------         PROC          _?SYS_GET_KEYEVENT
  -------         DO            
  i:0000H         SYMBOL        a
  -------         ENDDO         
  C:4120H         LINE#         55
  C:4122H         LINE#         57
  C:4126H         LINE#         58
  C:4129H         LINE#         59
  C:412BH         LINE#         60
  -------         ENDPROC       _?SYS_GET_KEYEVENT
  -------         PROC          KEYINIT
  C:3EA5H         LINE#         62
  C:3EA5H         LINE#         63
  C:3EA5H         LINE#         64
  C:3EB3H         LINE#         65
  C:3EC1H         LINE#         66
  -------         ENDPROC       KEYINIT
  -------         PROC          _GETKEYACT
  D:0007H         SYMBOL        Key
  -------         DO            
  D:0006H         SYMBOL        a
  -------         ENDDO         
  C:390DH         LINE#         68
  C:390DH         LINE#         69
  C:390DH         LINE#         70
  C:3917H         LINE#         71
  C:3932H         LINE#         72
  C:3947H         LINE#         73
  C:394AH         LINE#         74
  C:394AH         LINE#         75
  C:394CH         LINE#         76
  -------         ENDPROC       _GETKEYACT
  -------         ENDMOD        KEY

  -------         MODULE        SYS
  C:0000H         SYMBOL        _ICE_DUMMY_
BL51 BANKED LINKER/LOCATER V6.22.4.0                                                  09/17/2025  11:10:29  PAGE 20


  X:0000H         PUBLIC        count_1mS
  B:00D8H.2       PUBLIC        CCF2
  D:0080H         PUBLIC        P0
  B:0020H.1       PUBLIC        flag_1S
  D:0090H         PUBLIC        P1
  D:00A0H         PUBLIC        P2
  D:00B0H         PUBLIC        P3
  D:00C0H         PUBLIC        P4
  X:0001H         PUBLIC        T1
  D:00C8H         PUBLIC        P5
  X:0003H         PUBLIC        T2
  B:00A8H.7       PUBLIC        EA
  D:00E8H         PUBLIC        P6
  D:00F8H         PUBLIC        P7
  D:0024H         PUBLIC        IrDatNum
  B:00D8H.7       PUBLIC        CF
  B:0020H.2       PUBLIC        Ir_Coder
  B:0020H.3       PUBLIC        Ir_RxBusy
  D:00A8H         PUBLIC        IE
  B:0020H.4       PUBLIC        Ir_TxBusy
  X:0005H         PUBLIC        userfunccall
  D:00FAH         PUBLIC        CCAP0H
  D:00FBH         PUBLIC        CCAP1H
  C:307AH         PUBLIC        sys_task_Ir
  D:0025H         PUBLIC        IrCount_j
  D:0026H         PUBLIC        IrRx_count
  D:0027H         PUBLIC        IrProtocol
  D:00EAH         PUBLIC        CCAP0L
  D:0028H         PUBLIC        IrTx_count
  D:00EBH         PUBLIC        CCAP1L
  D:00DAH         PUBLIC        CCAPM0
  D:00DBH         PUBLIC        CCAPM1
  D:0029H         PUBLIC        MainLoops
  D:00B8H         PUBLIC        IP
  B:00D0H.7       PUBLIC        CY
  B:0020H.5       PUBLIC        flag_10mS
  D:00D8H         PUBLIC        CCON
  C:4192H         PUBLIC        GetBeepTimer
  C:3698H         PUBLIC        sys_Timer0_isr
  C:3205H         PUBLIC        _SetEventCallBack
  C:41C7H         PUBLIC        MySTC_Init
  C:394DH         PUBLIC        sys_task_100mS
  D:002DH         PUBLIC        ModBus_interval_time
  C:41D3H         PUBLIC        _?ret0func
  C:3645H         PUBLIC        GetUltraSonic
  X:0029H         PUBLIC        count_10mS
  X:002AH         PUBLIC        stcDrivers
  C:419BH         PUBLIC        _SetBeepTimer
  B:0020H.6       PUBLIC        flag_IrRxFinished
  D:0098H         PUBLIC        SCON
  C:4087H         PUBLIC        _SetCCP0
  C:398CH         PUBLIC        MySTC_OS
  D:0089H         PUBLIC        TMOD
  D:0088H         PUBLIC        TCON
  B:0020H.7       PUBLIC        flag_Ir
  B:00B0H.5       PUBLIC        P35
  D:002EH         PUBLIC        IrRxNum
BL51 BANKED LINKER/LOCATER V6.22.4.0                                                  09/17/2025  11:10:29  PAGE 21


  X:0060H         PUBLIC        SysPerformance
  D:008EH         PUBLIC        AUXR
  C:2BB2H         PUBLIC        sys_CCP_isr
  C:2631H         PUBLIC        sys_task_1mS
  B:00A8H.1       PUBLIC        ET0
  C:41D6H         PUBLIC        ClrBeepPin
  D:008CH         PUBLIC        TH0
  B:0021H.0       PUBLIC        flag_100mS
  X:0065H         PUBLIC        distance
  D:008AH         PUBLIC        TL0
  D:002FH         PUBLIC        PollingMisses
  X:0067H         PUBLIC        sys_BP
  B:0088H.4       PUBLIC        TR0
  C:3C31H         PUBLIC        sys_task_1S
  C:41ADH         PUBLIC        GetSysPerformance
  B:0021H.1       PUBLIC        matchModBus
  X:006DH         PUBLIC        count_100mS
  B:0021H.2       PUBLIC        Ir_BitBusy
  D:0030H         PUBLIC        IrDat_count
  D:0031H         PUBLIC        IrMute_count
  B:0021H.3       PUBLIC        newFrame1
  C:3732H         PUBLIC        sys_Timer0_Init
  B:0021H.4       PUBLIC        newFrame2
  D:0032H         PUBLIC        IrDataPc
  C:000AH         PUBLIC        _?nullfunc
  B:0021H.5       PUBLIC        flag_1mS
  B:0021H.6       PUBLIC        newUS
  D:008FH         PUBLIC        INT_CLKO
  C:2ECBH         PUBLIC        sys_task_10mS
  D:00D0H         PUBLIC        PSW
  B:00D8H.0       PUBLIC        CCF0
  B:00B0H.4       PUBLIC        Beep
  B:00D8H.1       PUBLIC        CCF1
  -------         PROC          _?NULLFUNC
  C:000AH         LINE#         13
  -------         ENDPROC       _?NULLFUNC
  -------         PROC          _?RET0FUNC
  C:41D3H         LINE#         14
  -------         ENDPROC       _?RET0FUNC
  -------         PROC          SYS_TIMER0_INIT
  C:3732H         LINE#         96
  C:3732H         LINE#         97
  C:3735H         LINE#         98
  C:3738H         LINE#         99
  C:374EH         LINE#         100
  C:3774H         LINE#         101
  C:3776H         LINE#         102
  C:3778H         LINE#         103
  -------         ENDPROC       SYS_TIMER0_INIT
  -------         PROC          SYS_TIMER0_ISR
  -------         DO            
  D:0023H         SYMBOL        i
  -------         ENDDO         
  C:3698H         LINE#         105
  C:369CH         LINE#         107
  C:369FH         LINE#         108
  C:36A2H         LINE#         109
BL51 BANKED LINKER/LOCATER V6.22.4.0                                                  09/17/2025  11:10:29  PAGE 22


  C:36A7H         LINE#         110
  C:36A9H         LINE#         111
  C:36A9H         LINE#         112
  C:36AFH         LINE#         113
  C:36B5H         LINE#         114
  C:36B8H         LINE#         115
  C:36BAH         LINE#         116
  C:36BDH         LINE#         117
  C:36C1H         LINE#         118
  C:36C3H         LINE#         119
  C:36C6H         LINE#         120
  C:36C8H         LINE#         122
  C:36CBH         LINE#         123
  C:36CDH         LINE#         124
  C:36D2H         LINE#         125
  C:36D2H         LINE#         126
  C:36D4H         LINE#         128
  C:36DDH         LINE#         129
  C:36DFH         LINE#         130
  C:36E5H         LINE#         131
  C:36E5H         LINE#         132
  C:36E5H         LINE#         133
  C:36E5H         LINE#         134
  -------         ENDPROC       SYS_TIMER0_ISR
  -------         PROC          GETULTRASONIC
  -------         DO            
  D:0008H         SYMBOL        a
  -------         ENDDO         
  C:3645H         LINE#         138
  C:3645H         LINE#         139
  C:3645H         LINE#         140
  C:3648H         LINE#         141
  C:364AH         LINE#         142
  C:3659H         LINE#         143
  C:368FH         LINE#         144
  C:368FH         LINE#         145
  C:3697H         LINE#         146
  -------         ENDPROC       GETULTRASONIC
  -------         PROC          GETBEEPTIMER
  C:4192H         LINE#         148
  C:4192H         LINE#         149
  C:419AH         LINE#         150
  -------         ENDPROC       GETBEEPTIMER
  -------         PROC          _SETBEEPTIMER
  D:0006H         SYMBOL        a
  C:419BH         LINE#         152
  C:419BH         LINE#         153
  C:41A3H         LINE#         154
  -------         ENDPROC       _SETBEEPTIMER
  -------         PROC          _SETCCP0
  D:0006H         SYMBOL        step
  D:0004H         SYMBOL        next
  C:4087H         LINE#         156
  C:4087H         LINE#         157
  C:408FH         LINE#         158
  C:4097H         LINE#         159
  -------         ENDPROC       _SETCCP0
BL51 BANKED LINKER/LOCATER V6.22.4.0                                                  09/17/2025  11:10:29  PAGE 23


  -------         PROC          CLRBEEPPIN
  C:41D6H         LINE#         161
  C:41D6H         LINE#         162
  C:41D8H         LINE#         163
  -------         ENDPROC       CLRBEEPPIN
  -------         PROC          SYS_CCP_ISR
  -------         DO            
  B:0020H.0       SYMBOL        a
  -------         ENDDO         
  C:2BB2H         LINE#         165
  C:2BC5H         LINE#         167
  C:2BCCH         LINE#         168
  C:2BD3H         LINE#         169
  C:2BD6H         LINE#         170
  C:2BD8H         LINE#         171
  C:2BE8H         LINE#         172
  C:2BEFH         LINE#         173
  C:2BF2H         LINE#         174
  C:2BF4H         LINE#         175
  C:2BF6H         LINE#         177
  C:2C0AH         LINE#         178
  C:2C0DH         LINE#         179
  C:2C0FH         LINE#         180
  C:2C11H         LINE#         181
  C:2C13H         LINE#         183
  C:2C13H         LINE#         184
  C:2C16H         LINE#         185
  C:2C18H         LINE#         186
  C:2C22H         LINE#         187
  C:2C24H         LINE#         188
  C:2C2DH         LINE#         189
  C:2C30H         LINE#         190
  C:2C42H         LINE#         191
  C:2C44H         LINE#         193
  C:2C46H         LINE#         194
  C:2C49H         LINE#         195
  C:2C49H         LINE#         196
  C:2C49H         LINE#         197
  -------         ENDPROC       SYS_CCP_ISR
  -------         PROC          MYSTC_INIT
  C:41C7H         LINE#         199
  C:41C7H         LINE#         200
  C:41CAH         LINE#         201
  C:41CCH         LINE#         202
  -------         ENDPROC       MYSTC_INIT
  -------         PROC          SYS_TASK_IR
  -------         DO            
  D:0007H         SYMBOL        a
  -------         ENDDO         
  C:307AH         LINE#         204
  C:307AH         LINE#         205
  C:307AH         LINE#         206
  C:3090H         LINE#         207
  C:3097H         LINE#         208
  C:309AH         LINE#         209
  C:309DH         LINE#         210
  C:30B3H         LINE#         211
BL51 BANKED LINKER/LOCATER V6.22.4.0                                                  09/17/2025  11:10:29  PAGE 24


  C:30C3H         LINE#         212
  C:30CBH         LINE#         213
  C:30CEH         LINE#         214
  C:30D0H         LINE#         216
  C:30E6H         LINE#         217
  C:30FAH         LINE#         218
  C:30FAH         LINE#         219
  C:30FCH         LINE#         220
  C:30FFH         LINE#         222
  C:30FFH         LINE#         224
  C:3101H         LINE#         225
  C:3104H         LINE#         226
  C:3104H         LINE#         227
  -------         ENDPROC       SYS_TASK_IR
  -------         PROC          SYS_TASK_1MS
  C:2631H         LINE#         229
  C:2631H         LINE#         230
  C:2639H         LINE#         231
  C:263CH         LINE#         232
  C:263EH         LINE#         233
  C:2646H         LINE#         234
  C:2649H         LINE#         235
  C:264BH         LINE#         236
  C:2653H         LINE#         237
  C:2656H         LINE#         238
  C:2658H         LINE#         239
  C:2658H         LINE#         240
  C:2658H         LINE#         241
  C:2658H         LINE#         242
  C:2664H         LINE#         243
  C:2670H         LINE#         244
  C:267CH         LINE#         245
  C:2688H         LINE#         246
  C:2694H         LINE#         247
  C:26A0H         LINE#         248
  C:26BBH         LINE#         249
  C:26CAH         LINE#         250
  C:26D6H         LINE#         251
  C:26D8H         LINE#         252
  C:26D8H         LINE#         253
  C:26DFH         LINE#         254
  C:26E2H         LINE#         255
  C:26F1H         LINE#         256
  C:26F3H         LINE#         257
  C:26F3H         LINE#         258
  C:26F5H         LINE#         260
  C:2704H         LINE#         261
  C:2710H         LINE#         262
  C:2712H         LINE#         263
  C:2712H         LINE#         264
  C:2712H         LINE#         265
  -------         ENDPROC       SYS_TASK_1MS
  -------         PROC          SYS_TASK_10MS
  C:2ECBH         LINE#         268
  C:2ECBH         LINE#         269
  C:2ED7H         LINE#         270
  C:2EE3H         LINE#         271
BL51 BANKED LINKER/LOCATER V6.22.4.0                                                  09/17/2025  11:10:29  PAGE 25


  C:2EEFH         LINE#         272
  C:2EFBH         LINE#         273
  C:2F16H         LINE#         274
  C:2F31H         LINE#         275
  C:2F4CH         LINE#         276
  C:2F4FH         LINE#         277
  C:2F51H         LINE#         278
  C:2F5DH         LINE#         279
  C:2F5DH         LINE#         280
  -------         ENDPROC       SYS_TASK_10MS
  -------         PROC          SYS_TASK_100MS
  C:394DH         LINE#         282
  C:394DH         LINE#         283
  C:3959H         LINE#         284
  C:3974H         LINE#         285
  C:3980H         LINE#         286
  -------         ENDPROC       SYS_TASK_100MS
  -------         PROC          SYS_TASK_1S
  C:3C31H         LINE#         289
  C:3C31H         LINE#         290
  C:3C3FH         LINE#         291
  C:3C45H         LINE#         292
  C:3C4EH         LINE#         293
  C:3C50H         LINE#         294
  -------         ENDPROC       SYS_TASK_1S
  -------         PROC          MYSTC_OS
  C:398CH         LINE#         297
  C:398CH         LINE#         298
  C:3994H         LINE#         299
  C:399CH         LINE#         300
  C:39A4H         LINE#         301
  C:39ACH         LINE#         302
  C:39B4H         LINE#         303
  C:39C9H         LINE#         306
  -------         ENDPROC       MYSTC_OS
  -------         PROC          _SETEVENTCALLBACK
  D:0007H         SYMBOL        event
  D:0008H         SYMBOL        user_callback
  C:3205H         LINE#         308
  C:320BH         LINE#         309
  C:323CH         LINE#         310
  C:323FH         LINE#         311
  C:3241H         LINE#         312
  C:3244H         LINE#         313
  C:3246H         LINE#         314
  C:3249H         LINE#         315
  C:324BH         LINE#         316
  C:324EH         LINE#         317
  C:3250H         LINE#         318
  C:3253H         LINE#         319
  C:3255H         LINE#         320
  C:3258H         LINE#         321
  C:325AH         LINE#         322
  C:325DH         LINE#         323
  C:325FH         LINE#         324
  C:3262H         LINE#         325
  C:3264H         LINE#         326
BL51 BANKED LINKER/LOCATER V6.22.4.0                                                  09/17/2025  11:10:29  PAGE 26


  C:3267H         LINE#         327
  C:3269H         LINE#         328
  C:326CH         LINE#         329
  C:326EH         LINE#         330
  C:3271H         LINE#         331
  C:3273H         LINE#         332
  C:3281H         LINE#         333
  C:3281H         LINE#         334
  C:3281H         LINE#         335
  C:3281H         LINE#         336
  -------         ENDPROC       _SETEVENTCALLBACK
  -------         PROC          GETSYSPERFORMANCE
  C:41ADH         LINE#         338
  C:41ADH         LINE#         339
  C:41B3H         LINE#         340
  -------         ENDPROC       GETSYSPERFORMANCE
  -------         ENDMOD        SYS

  -------         MODULE        EXT
  C:0000H         SYMBOL        _ICE_DUMMY_
  D:0080H         PUBLIC        P0
  D:0090H         PUBLIC        P1
  D:00A0H         PUBLIC        P2
  D:00B0H         PUBLIC        P3
  D:00C0H         PUBLIC        P4
  D:00C8H         PUBLIC        P5
  D:00E8H         PUBLIC        P6
  X:017AH         PUBLIC        EXTmodel
  D:00F8H         PUBLIC        P7
  C:3A3FH         PUBLIC        _EXTInit
  C:353FH         PUBLIC        ReadCount
  D:00A2H         PUBLIC        P_SW1
  C:41A4H         PUBLIC        GetWeight
  D:00A8H         PUBLIC        IE
  X:017BH         PUBLIC        T_Pout1
  X:017DH         PUBLIC        T_Pout2
  B:00D8H.6       PUBLIC        CR
  X:017FH         PUBLIC        resultEXT
  D:00DBH         PUBLIC        CCAPM1
  D:00B8H         PUBLIC        IP
  C:2F5EH         PUBLIC        _SetPWM
  D:00D9H         PUBLIC        CMOD
  D:00D8H         PUBLIC        CCON
  D:0098H         PUBLIC        SCON
  D:0088H         PUBLIC        TCON
  B:0090H.0       PUBLIC        DOUT
  D:00E0H         PUBLIC        ACC
  B:0090H.1       PUBLIC        PD_SCK
  X:0181H         PUBLIC        T_PWM1
  X:0183H         PUBLIC        T_PWM2
  C:2807H         PUBLIC        _?sys_EXT_drv
  C:4098H         PUBLIC        GetDecode
  D:00D0H         PUBLIC        PSW
  -------         PROC          _SETPWM
  D:0002H         SYMBOL        PWM1
  D:0005H         SYMBOL        freq1
  D:0044H         SYMBOL        PWM2
BL51 BANKED LINKER/LOCATER V6.22.4.0                                                  09/17/2025  11:10:29  PAGE 27


  D:0045H         SYMBOL        freq2
  C:2F5EH         LINE#         25
  C:2F62H         LINE#         26
  C:2F73H         LINE#         27
  C:2F85H         LINE#         28
  C:2FB9H         LINE#         29
  C:2FEDH         LINE#         30
  -------         ENDPROC       _SETPWM
  -------         PROC          READCOUNT
  -------         DO            
  D:0008H         SYMBOL        Count
  D:000CH         SYMBOL        i
  -------         ENDDO         
  C:353FH         LINE#         35
  C:353FH         LINE#         36
  C:353FH         LINE#         38
  C:3548H         LINE#         39
  C:354AH         LINE#         40
  C:354CH         LINE#         41
  C:3561H         LINE#         42
  C:3562H         LINE#         43
  C:3564H         LINE#         44
  C:357CH         LINE#         45
  C:3583H         LINE#         46
  C:3584H         LINE#         47
  C:3586H         LINE#         48
  C:3587H         LINE#         49
  C:3588H         LINE#         50
  C:358AH         LINE#         51
  C:3597H         LINE#         52
  -------         ENDPROC       READCOUNT
  -------         PROC          GETWEIGHT
  C:41A4H         LINE#         54
  C:41A4H         LINE#         55
  C:41ACH         LINE#         56
  -------         ENDPROC       GETWEIGHT
  -------         PROC          GETDECODE
  -------         DO            
  D:0006H         SYMBOL        a
  -------         ENDDO         
  C:4098H         LINE#         58
  C:4098H         LINE#         59
  C:4098H         LINE#         60
  C:40A0H         LINE#         61
  C:40A7H         LINE#         62
  C:40A7H         LINE#         63
  -------         ENDPROC       GETDECODE
  -------         PROC          _?SYS_EXT_DRV
  -------         DO            
  D:003CH         SYMBOL        i
  D:003EH         SYMBOL        j
  D:0040H         SYMBOL        oldPin1
  D:0041H         SYMBOL        UStimer
  -------         ENDDO         
  C:2807H         LINE#         65
  C:2807H         LINE#         69
  C:280DH         LINE#         70
BL51 BANKED LINKER/LOCATER V6.22.4.0                                                  09/17/2025  11:10:29  PAGE 28


  C:2811H         LINE#         71
  C:281CH         LINE#         72
  C:281CH         LINE#         73
  C:2825H         LINE#         74
  C:2841H         LINE#         75
  C:2856H         LINE#         76
  C:2872H         LINE#         77
  C:2887H         LINE#         78
  C:2887H         LINE#         79
  C:288CH         LINE#         80
  C:28A3H         LINE#         81
  C:28C4H         LINE#         82
  C:28CAH         LINE#         83
  C:28CAH         LINE#         84
  C:28D1H         LINE#         85
  C:28D7H         LINE#         86
  C:28DCH         LINE#         87
  C:28DEH         LINE#         88
  C:28E1H         LINE#         89
  C:28E1H         LINE#         90
  C:28EAH         LINE#         91
  C:28EDH         LINE#         92
  C:28EDH         LINE#         93
  -------         ENDPROC       _?SYS_EXT_DRV
  -------         PROC          _EXTINIT
  D:0007H         SYMBOL        EXTfunction
  C:3A3FH         LINE#         95
  C:3A3FH         LINE#         96
  C:3A3FH         LINE#         97
  C:3A44H         LINE#         98
  C:3A4AH         LINE#         99
  C:3A4CH         LINE#         100
  C:3A53H         LINE#         101
  C:3A55H         LINE#         102
  C:3A57H         LINE#         103
  C:3A59H         LINE#         104
  C:3A5CH         LINE#         105
  C:3A5FH         LINE#         106
  C:3A61H         LINE#         107
  C:3A63H         LINE#         108
  C:3A66H         LINE#         109
  C:3A74H         LINE#         110
  -------         ENDPROC       _EXTINIT
  -------         ENDMOD        EXT

  -------         MODULE        UART2
  C:0000H         SYMBOL        _ICE_DUMMY_
  D:004BH         PUBLIC        ModBus_Interval_Min
  D:0080H         PUBLIC        P0
  C:1A38H         PUBLIC        Uart2_isr
  D:0090H         PUBLIC        P1
  D:00A0H         PUBLIC        P2
  D:00B0H         PUBLIC        P3
  D:00C0H         PUBLIC        P4
  D:00C8H         PUBLIC        P5
  D:00E8H         PUBLIC        P6
  D:00F8H         PUBLIC        P7
BL51 BANKED LINKER/LOCATER V6.22.4.0                                                  09/17/2025  11:10:29  PAGE 29


  D:00BAH         PUBLIC        P_SW2
  D:00A8H         PUBLIC        IE
  D:00DBH         PUBLIC        CCAPM1
  D:00B8H         PUBLIC        IP
  C:0042H         PUBLIC        _?nullfunc0
  D:00D8H         PUBLIC        CCON
  C:3B72H         PUBLIC        _SetUart2Rxd
  B:0090H.0       PUBLIC        P10
  B:0090H.1       PUBLIC        P11
  D:0098H         PUBLIC        SCON
  D:0088H         PUBLIC        TCON
  D:00AFH         PUBLIC        IE2
  D:008EH         PUBLIC        AUXR
  C:4154H         PUBLIC        GetUart2TxStatus
  D:00D6H         PUBLIC        T2H
  B:00B0H.7       PUBLIC        M485_TxEn
  D:00D7H         PUBLIC        T2L
  C:3BD4H         PUBLIC        _Uart2Print
  D:009BH         PUBLIC        S2BUF
  D:009AH         PUBLIC        S2CON
  C:29A4H         PUBLIC        _Uart2Init
  D:004CH         PUBLIC        Uart2usage
  C:40C8H         PUBLIC        _?sys_get_Uart2RxdEvent
  X:0132H         PUBLIC        com2
  D:00D0H         PUBLIC        PSW
  -------         PROC          UART2_ISR
  C:1A38H         LINE#         19
  C:1A55H         LINE#         20
  C:1A5AH         LINE#         21
  C:1A5DH         LINE#         22
  C:1A91H         LINE#         24
  C:1A96H         LINE#         25
  C:1A9CH         LINE#         26
  C:1A9CH         LINE#         27
  C:1A9CH         LINE#         29
  C:1AA4H         LINE#         30
  C:1AA7H         LINE#         31
  C:1AAAH         LINE#         32
  C:1AACH         LINE#         33
  C:1AB3H         LINE#         34
  C:1AB5H         LINE#         35
  C:1AB5H         LINE#         36
  C:1ABEH         LINE#         37
  C:1AD2H         LINE#         38
  C:1AE6H         LINE#         39
  C:1AF5H         LINE#         40
  C:1B03H         LINE#         41
  C:1B35H         LINE#         42
  C:1B43H         LINE#         43
  C:1B43H         LINE#         44
  C:1B46H         LINE#         45
  C:1B49H         LINE#         47
  C:1B5DH         LINE#         48
  C:1B71H         LINE#         49
  C:1B80H         LINE#         50
  C:1B8EH         LINE#         51
  C:1BC6H         LINE#         52
BL51 BANKED LINKER/LOCATER V6.22.4.0                                                  09/17/2025  11:10:29  PAGE 30


  C:1BD4H         LINE#         53
  C:1BD4H         LINE#         54
  C:1BEFH         LINE#         55
  C:1BEFH         LINE#         56
  C:1BEFH         LINE#         57
  -------         ENDPROC       UART2_ISR
  -------         PROC          _?SYS_GET_UART2RXDEVENT
  -------         DO            
  i:0000H         SYMBOL        a
  -------         ENDDO         
  C:40C8H         LINE#         59
  C:40CAH         LINE#         61
  C:40D2H         LINE#         62
  C:40D4H         LINE#         63
  C:40D4H         LINE#         64
  -------         ENDPROC       _?SYS_GET_UART2RXDEVENT
  -------         PROC          _?NULLFUNC0
  C:0042H         LINE#         66
  -------         ENDPROC       _?NULLFUNC0
  -------         PROC          _UART2INIT
  D:0008H         SYMBOL        band
  D:000CH         SYMBOL        Uart2mode
  C:29A4H         LINE#         68
  C:29ACH         LINE#         69
  C:29ACH         LINE#         72
  C:29AFH         LINE#         73
  C:29B5H         LINE#         74
  C:29B8H         LINE#         75
  C:29BCH         LINE#         76
  C:29CAH         LINE#         77
  C:29CDH         LINE#         78
  C:29CFH         LINE#         79
  C:29D1H         LINE#         80
  C:29D3H         LINE#         82
  C:29D5H         LINE#         83
  C:29E9H         LINE#         84
  C:29F0H         LINE#         85
  C:29F3H         LINE#         86
  C:29F3H         LINE#         88
  C:29F6H         LINE#         89
  C:2A15H         LINE#         90
  C:2A44H         LINE#         91
  C:2A47H         LINE#         92
  C:2A4AH         LINE#         93
  C:2A58H         LINE#         94
  -------         ENDPROC       _UART2INIT
  -------         PROC          _SETUART2RXD
  D:0001H         SYMBOL        RxdPt
  D:0004H         SYMBOL        Nmax
  D:000DH         SYMBOL        matchhead
  D:0010H         SYMBOL        matchheadsize
  C:3B72H         LINE#         96
  C:3B72H         LINE#         97
  C:3B7DH         LINE#         98
  C:3B83H         LINE#         99
  C:3B8DH         LINE#         100
  C:3B9BH         LINE#         101
BL51 BANKED LINKER/LOCATER V6.22.4.0                                                  09/17/2025  11:10:29  PAGE 31


  C:3B9DH         LINE#         102
  C:3BA2H         LINE#         103
  -------         ENDPROC       _SETUART2RXD
  -------         PROC          _UART2PRINT
  D:0001H         SYMBOL        pt
  D:0004H         SYMBOL        num
  C:3BD4H         LINE#         105
  C:3BD4H         LINE#         106
  C:3BDAH         LINE#         107
  C:3BE5H         LINE#         108
  C:3BEAH         LINE#         109
  C:3BF0H         LINE#         110
  C:3BF4H         LINE#         112
  C:3BFAH         LINE#         113
  C:3BFDH         LINE#         114
  C:3C00H         LINE#         115
  C:3C00H         LINE#         116
  C:3C02H         LINE#         117
  -------         ENDPROC       _UART2PRINT
  -------         PROC          GETUART2TXSTATUS
  C:4154H         LINE#         119
  C:4154H         LINE#         120
  C:415CH         LINE#         121
  C:415EH         LINE#         122
  -------         ENDPROC       GETUART2TXSTATUS
  -------         ENDMOD        UART2

  -------         MODULE        TEMP_MODULE
  C:0000H         SYMBOL        _ICE_DUMMY_
  C:348BH         PUBLIC        UpdateTemp
  D:0080H         PUBLIC        P0
  D:0090H         PUBLIC        P1
  D:00A0H         PUBLIC        P2
  D:00B0H         PUBLIC        P3
  D:00C0H         PUBLIC        P4
  D:00C8H         PUBLIC        P5
  D:00E8H         PUBLIC        P6
  D:00F8H         PUBLIC        P7
  D:00A8H         PUBLIC        IE
  D:00B8H         PUBLIC        IP
  D:00D8H         PUBLIC        CCON
  D:0098H         PUBLIC        SCON
  D:0088H         PUBLIC        TCON
  X:015CH         PUBLIC        temperature
  C:2E37H         PUBLIC        ShowTemp
  X:015EH         PUBLIC        adc_temp
  C:165DH         PUBLIC        tempdata
  X:0168H         PUBLIC        tempThresholds
  X:016CH         PUBLIC        rt
  D:00D0H         PUBLIC        PSW
  -------         PROC          UPDATETEMP
  C:348BH         LINE#         23
  C:348BH         LINE#         24
  C:349BH         LINE#         25
  C:34AAH         LINE#         26
  C:34C1H         LINE#         27
  C:34E4H         LINE#         28
BL51 BANKED LINKER/LOCATER V6.22.4.0                                                  09/17/2025  11:10:29  PAGE 32


  -------         ENDPROC       UPDATETEMP
  -------         PROC          SHOWTEMP
  C:2E37H         LINE#         29
  C:2E37H         LINE#         30
  C:2E37H         LINE#         31
  C:2E47H         LINE#         32
  C:2E78H         LINE#         34
  C:2ECAH         LINE#         35
  -------         ENDPROC       SHOWTEMP
  -------         ENDMOD        TEMP_MODULE

  -------         MODULE        NAV_HANDLER
  C:0000H         SYMBOL        _ICE_DUMMY_
  D:0080H         PUBLIC        P0
  D:0090H         PUBLIC        P1
  D:00A0H         PUBLIC        P2
  X:01B7H         PUBLIC        displayMode
  D:00B0H         PUBLIC        P3
  D:00C0H         PUBLIC        P4
  D:00C8H         PUBLIC        P5
  D:00E8H         PUBLIC        P6
  D:00F8H         PUBLIC        P7
  D:00A8H         PUBLIC        IE
  D:00B8H         PUBLIC        IP
  D:00D8H         PUBLIC        CCON
  C:3E87H         PUBLIC        ShowStatus
  D:0098H         PUBLIC        SCON
  D:0088H         PUBLIC        TCON
  C:2CFFH         PUBLIC        NavHandler
  D:00D0H         PUBLIC        PSW
  -------         PROC          NAVHANDLER
  -------         DO            
  X:00B2H         SYMBOL        navUp
  X:00B3H         SYMBOL        navDown
  X:00B4H         SYMBOL        navLeft
  X:00B5H         SYMBOL        navRight
  -------         ENDDO         
  C:2CFFH         LINE#         6
  C:2CFFH         LINE#         7
  C:2CFFH         LINE#         8
  C:2D09H         LINE#         9
  C:2D13H         LINE#         10
  C:2D1DH         LINE#         11
  C:2D27H         LINE#         13
  C:2D2EH         LINE#         14
  C:2D34H         LINE#         15
  C:2D3CH         LINE#         16
  C:2D3CH         LINE#         17
  C:2D43H         LINE#         18
  C:2D49H         LINE#         19
  C:2D52H         LINE#         20
  C:2D52H         LINE#         21
  C:2D59H         LINE#         22
  C:2D60H         LINE#         23
[...]
  C:3E08H         LINE#         81
  C:3E09H         LINE#         82
  C:3E0AH         LINE#         83
  C:3E0CH         LINE#         84
  C:3E0DH         LINE#         85
  C:3E0FH         LINE#         86
  C:3E11H         LINE#         87
  C:3E12H         LINE#         88
  C:3E13H         LINE#         89
  C:3E1DH         LINE#         90
  C:3E1EH         LINE#         91
  C:3E1FH         LINE#         92
  C:3E21H         LINE#         93
  C:3E22H         LINE#         94
  C:3E26H         LINE#         95
  C:3E26H         LINE#         96
  -------         ENDPROC       READBYTE
BL51 BANKED LINKER/LOCATER V6.22.4.0                                                  09/17/2025  11:10:29  PAGE 55


  -------         PROC          _M24C02_WRITE
  D:0004H         SYMBOL        NVM_addr
  D:0005H         SYMBOL        NVM_data
  C:3FDAH         LINE#         98
  C:3FDCH         LINE#         99
  C:3FDFH         LINE#         100
  C:3FE4H         LINE#         101
  C:3FE7H         LINE#         102
  C:3FE9H         LINE#         103
  C:3FE9H         LINE#         104
  C:3FE9H         LINE#         105
  C:3FECH         LINE#         106
  -------         ENDPROC       _M24C02_WRITE
  -------         PROC          _M24C02_READ
  D:0005H         SYMBOL        NVM_addr
  -------         DO            
  D:0007H         SYMBOL        date
  -------         ENDDO         
  C:3EC2H         LINE#         109
  C:3EC4H         LINE#         110
  C:3EC4H         LINE#         111
  C:3EC7H         LINE#         112
  C:3EC9H         LINE#         113
  C:3EC9H         LINE#         114
  C:3EC9H         LINE#         115
  C:3ECCH         LINE#         116
  C:3ECFH         LINE#         117
  C:3ED4H         LINE#         118
  C:3ED7H         LINE#         119
  C:3EDAH         LINE#         120
  C:3EDDH         LINE#         121
  C:3EDDH         LINE#         122
  -------         ENDPROC       _M24C02_READ
  -------         ENDMOD        M24C02

  -------         MODULE        FM_RADIO
  C:0000H         SYMBOL        _ICE_DUMMY_
  D:0080H         PUBLIC        P0
  D:0090H         PUBLIC        P1
  D:00A0H         PUBLIC        P2
  D:00B0H         PUBLIC        P3
  D:00C0H         PUBLIC        P4
  D:00C8H         PUBLIC        P5
  D:00E8H         PUBLIC        P6
  D:00F8H         PUBLIC        P7
  D:00A8H         PUBLIC        IE
  B:00A0H.7       PUBLIC        FM_DATA
  C:4021H         PUBLIC        _delay
  D:00B8H         PUBLIC        IP
  C:402BH         PUBLIC        IIC_Radio_Start
  C:3D52H         PUBLIC        FMRadioInit
  D:00D8H         PUBLIC        CCON
  C:342FH         PUBLIC        GetFMRadio
  C:3D02H         PUBLIC        _IIC_Radio_WriteByte
  C:4148H         PUBLIC        IIC_Radio_Stop
  C:28EEH         PUBLIC        SetFMRadio
  D:0098H         PUBLIC        SCON
BL51 BANKED LINKER/LOCATER V6.22.4.0                                                  09/17/2025  11:10:29  PAGE 56


  D:0088H         PUBLIC        TCON
  X:01A1H         PUBLIC        Radio_Write_Data
  X:01A9H         PUBLIC        flag_SetFM
  C:3EDEH         PUBLIC        IIC_Radio_ACK
  B:00C0H.5       PUBLIC        FM_CLOCK
  C:37BFH         PUBLIC        _?sys_FMRadio_drv
  D:00D0H         PUBLIC        PSW
  C:4018H         SYMBOL        L?0043
  -------         PROC          L?0042
  -------         ENDPROC       L?0042
  C:4018H         SYMBOL        L?0043
  -------         PROC          _DELAY
  D:0007H         SYMBOL        i
  C:4021H         LINE#         22
  C:4021H         LINE#         23
  C:4027H         LINE#         24
  C:402AH         LINE#         25
  -------         ENDPROC       _DELAY
  -------         PROC          IIC_RADIO_START
  C:402BH         LINE#         28
  C:402BH         LINE#         29
  C:402DH         LINE#         30
  C:402DH         LINE#         31
  C:402DH         LINE#         32
  C:4030H         LINE#         33
  C:4032H         LINE#         34
  C:4037H         LINE#         35
  C:4039H         LINE#         36
  -------         ENDPROC       IIC_RADIO_START
  -------         PROC          IIC_RADIO_STOP
  C:4148H         LINE#         39
  C:4148H         LINE#         40
  C:414AH         LINE#         41
  C:414AH         LINE#         42
  C:414AH         LINE#         43
  C:414DH         LINE#         44
  C:414FH         LINE#         45
  -------         ENDPROC       IIC_RADIO_STOP
  -------         PROC          IIC_RADIO_ACK
  -------         DO            
  D:0007H         SYMBOL        i
  -------         ENDDO         
  C:3EDEH         LINE#         48
  C:3EDEH         LINE#         49
  C:3EE0H         LINE#         50
  C:3EE2H         LINE#         51
  C:3EEEH         LINE#         52
  C:3EF3H         LINE#         53
  C:3EF5H         LINE#         54
  -------         ENDPROC       IIC_RADIO_ACK
  -------         PROC          _IIC_RADIO_WRITEBYTE
  D:0005H         SYMBOL        Data
  -------         DO            
  D:0003H         SYMBOL        i
  -------         ENDDO         
  C:3D02H         LINE#         57
  C:3D04H         LINE#         58
BL51 BANKED LINKER/LOCATER V6.22.4.0                                                  09/17/2025  11:10:29  PAGE 57


  C:3D04H         LINE#         59
  C:3D06H         LINE#         60
  C:3D08H         LINE#         61
  C:3D0DH         LINE#         62
  C:3D11H         LINE#         63
  C:3D15H         LINE#         64
  C:3D15H         LINE#         65
  C:3D15H         LINE#         66
  C:3D18H         LINE#         67
  C:3D1CH         LINE#         68
  C:3D1EH         LINE#         69
  C:3D23H         LINE#         70
  C:3D25H         LINE#         71
  -------         ENDPROC       _IIC_RADIO_WRITEBYTE
  -------         PROC          _?SYS_FMRADIO_DRV
  -------         DO            
  i:0000H         SYMBOL        i
  -------         ENDDO         
  C:37BFH         LINE#         74
  C:37C1H         LINE#         76
  C:37C9H         LINE#         77
  C:37CCH         LINE#         78
  C:37D1H         LINE#         79
  C:37D4H         LINE#         80
  C:37E1H         LINE#         81
  C:37F0H         LINE#         82
  C:37F3H         LINE#         83
  C:37F8H         LINE#         84
  C:37FBH         LINE#         85
  C:3800H         LINE#         86
  C:3800H         LINE#         87
  -------         ENDPROC       _?SYS_FMRADIO_DRV
  -------         PROC          GETFMRADIO
  -------         DO            
  D:0014H         SYMBOL        FM
  D:0007H         SYMBOL        chan
  -------         ENDDO         
  C:342FH         LINE#         89
  C:342FH         LINE#         90
  C:342FH         LINE#         92
  C:3440H         LINE#         93
  C:3449H         LINE#         94
  C:3451H         LINE#         95
  C:3458H         LINE#         96
  C:3466H         LINE#         97
  C:3475H         LINE#         98
  C:3484H         LINE#         99
  C:348AH         LINE#         100
  -------         ENDPROC       GETFMRADIO
  -------         PROC          SETFMRADIO
  D:000EH         SYMBOL        FM
  -------         DO            
  D:0005H         SYMBOL        a
  -------         ENDDO         
  C:28EEH         LINE#         102
  C:28EEH         LINE#         103
  C:28EEH         LINE#         104
BL51 BANKED LINKER/LOCATER V6.22.4.0                                                  09/17/2025  11:10:29  PAGE 58


  C:2924H         LINE#         105
  C:2929H         LINE#         106
  C:2931H         LINE#         107
  C:293EH         LINE#         108
  C:2944H         LINE#         109
  C:2944H         LINE#         110
  C:296CH         LINE#         111
  C:2979H         LINE#         112
  C:297DH         LINE#         113
  C:297DH         LINE#         114
  C:297FH         LINE#         115
  C:2986H         LINE#         116
  C:298DH         LINE#         117
  C:2994H         LINE#         118
  C:299BH         LINE#         119
  C:299DH         LINE#         120
  C:29A3H         LINE#         121
  C:29A3H         LINE#         122
  -------         ENDPROC       SETFMRADIO
  -------         PROC          FMRADIOINIT
  D:0008H         SYMBOL        FM
  C:3D52H         LINE#         124
  C:3D52H         LINE#         125
  C:3D52H         LINE#         126
  C:3D68H         LINE#         127
  C:3D76H         LINE#         128
  -------         ENDPROC       FMRADIOINIT
  -------         ENDMOD        FM_RADIO

  -------         MODULE        UART1
  C:0000H         SYMBOL        _ICE_DUMMY_
  C:20CDH         PUBLIC        Uart1_isr
  D:0080H         PUBLIC        P0
  D:0090H         PUBLIC        P1
  D:00A0H         PUBLIC        P2
  D:00B0H         PUBLIC        P3
  D:00C0H         PUBLIC        P4
  D:00C8H         PUBLIC        P5
  D:00E8H         PUBLIC        P6
  D:00F8H         PUBLIC        P7
  D:00A8H         PUBLIC        IE
  B:00A8H.4       PUBLIC        ES
  D:00B8H         PUBLIC        IP
  B:0098H.0       PUBLIC        RI
  B:0098H.1       PUBLIC        TI
  D:00D8H         PUBLIC        CCON
  C:3BA3H         PUBLIC        _SetUart1Rxd
  D:0099H         PUBLIC        SBUF
  D:0098H         PUBLIC        SCON
  D:0089H         PUBLIC        TMOD
  D:0088H         PUBLIC        TCON
  D:008EH         PUBLIC        AUXR
  C:4175H         PUBLIC        GetUart1TxStatus
  B:00A8H.3       PUBLIC        ET1
  D:008DH         PUBLIC        TH1
  D:008BH         PUBLIC        TL1
  B:0088H.6       PUBLIC        TR1
BL51 BANKED LINKER/LOCATER V6.22.4.0                                                  09/17/2025  11:10:29  PAGE 59


  C:3D2AH         PUBLIC        _Uart1Print
  C:32FAH         PUBLIC        _Uart1Init
  C:40E6H         PUBLIC        _?sys_get_Uart1RxdEvent
  X:0147H         PUBLIC        com1
  D:00D0H         PUBLIC        PSW
  -------         PROC          UART1_ISR
  C:20CDH         LINE#         10
  C:20EAH         LINE#         11
  C:20EDH         LINE#         12
  C:20EFH         LINE#         13
  C:2123H         LINE#         14
  C:2128H         LINE#         15
  C:2128H         LINE#         16
  C:212EH         LINE#         17
  C:2130H         LINE#         18
  C:2133H         LINE#         19
  C:2135H         LINE#         20
  C:213CH         LINE#         21
  C:213CH         LINE#         22
  C:2150H         LINE#         23
  C:2164H         LINE#         24
  C:2173H         LINE#         25
  C:2181H         LINE#         26
  C:21B9H         LINE#         27
  C:21C7H         LINE#         28
  C:21C7H         LINE#         29
  C:21E2H         LINE#         30
  C:21E2H         LINE#         31
  -------         ENDPROC       UART1_ISR
  -------         PROC          _?SYS_GET_UART1RXDEVENT
  -------         DO            
  i:0000H         SYMBOL        a
  -------         ENDDO         
  C:40E6H         LINE#         33
  C:40E8H         LINE#         35
  C:40F0H         LINE#         36
  C:40F2H         LINE#         37
  C:40F2H         LINE#         38
  -------         ENDPROC       _?SYS_GET_UART1RXDEVENT
  -------         PROC          _UART1INIT
  D:0008H         SYMBOL        band
  C:32FAH         LINE#         40
  C:3302H         LINE#         41
  C:3302H         LINE#         43
  C:3305H         LINE#         44
  C:3308H         LINE#         45
  C:330BH         LINE#         46
  C:330EH         LINE#         47
  C:332DH         LINE#         48
  C:335CH         LINE#         49
  C:335EH         LINE#         50
  C:3360H         LINE#         51
  C:3362H         LINE#         52
  C:3370H         LINE#         53
  -------         ENDPROC       _UART1INIT
  -------         PROC          _SETUART1RXD
  D:0001H         SYMBOL        RxdPt
BL51 BANKED LINKER/LOCATER V6.22.4.0                                                  09/17/2025  11:10:29  PAGE 60


  D:0004H         SYMBOL        Nmax
  D:000DH         SYMBOL        matchhead
  D:0010H         SYMBOL        matchheadsize
  C:3BA3H         LINE#         55
  C:3BA3H         LINE#         56
  C:3BAEH         LINE#         57
  C:3BB4H         LINE#         58
  C:3BBEH         LINE#         59
  C:3BCCH         LINE#         60
  C:3BCEH         LINE#         61
  C:3BD3H         LINE#         62
  -------         ENDPROC       _SETUART1RXD
  -------         PROC          _UART1PRINT
  D:0001H         SYMBOL        pt
  D:0004H         SYMBOL        num
  C:3D2AH         LINE#         64
  C:3D2AH         LINE#         65
  C:3D30H         LINE#         66
  C:3D3BH         LINE#         67
  C:3D40H         LINE#         68
  C:3D46H         LINE#         69
  C:3D4AH         LINE#         70
  C:3D4CH         LINE#         71
  C:3D4FH         LINE#         72
  C:3D4FH         LINE#         73
  C:3D51H         LINE#         74
  -------         ENDPROC       _UART1PRINT
  -------         PROC          GETUART1TXSTATUS
  C:4175H         LINE#         76
  C:4175H         LINE#         77
  C:417DH         LINE#         78
  C:417FH         LINE#         79
  -------         ENDPROC       GETUART1TXSTATUS
  -------         ENDMOD        UART1

  -------         MODULE        ?C?FPMUL
  C:0A6EH         PUBLIC        ?C?FPMUL
  -------         ENDMOD        ?C?FPMUL

  -------         MODULE        ?C?FPDIV
  C:0B77H         PUBLIC        ?C?FPDIV
  -------         ENDMOD        ?C?FPDIV

  -------         MODULE        ?C?FCAST
  C:0C1EH         PUBLIC        ?C?FCASTC
  C:0C19H         PUBLIC        ?C?FCASTI
  C:0C14H         PUBLIC        ?C?FCASTL
  -------         ENDMOD        ?C?FCAST

  -------         MODULE        ?C?CASTF
  C:0C52H         PUBLIC        ?C?CASTF
  -------         ENDMOD        ?C?CASTF

  -------         MODULE        ?C?COPY
  C:0DA3H         PUBLIC        ?C?COPY
  -------         ENDMOD        ?C?COPY

BL51 BANKED LINKER/LOCATER V6.22.4.0                                                  09/17/2025  11:10:29  PAGE 61


  -------         MODULE        ?C?CLDPTR
  C:0DC9H         PUBLIC        ?C?CLDPTR
  -------         ENDMOD        ?C?CLDPTR

  -------         MODULE        ?C?CLDOPTR
  C:0DE2H         PUBLIC        ?C?CLDOPTR
  -------         ENDMOD        ?C?CLDOPTR

  -------         MODULE        ?C?CSTPTR
  C:0E0FH         PUBLIC        ?C?CSTPTR
  -------         ENDMOD        ?C?CSTPTR

  -------         MODULE        ?C?CSTOPTR
  C:0E21H         PUBLIC        ?C?CSTOPTR
  -------         ENDMOD        ?C?CSTOPTR

  -------         MODULE        ?C?IMUL
  C:0E43H         PUBLIC        ?C?IMUL
  -------         ENDMOD        ?C?IMUL

  -------         MODULE        ?C?UIDIV
  C:0E55H         PUBLIC        ?C?UIDIV
  -------         ENDMOD        ?C?UIDIV

  -------         MODULE        ?C?SIDIV
  C:0EAAH         PUBLIC        ?C?SIDIV
  -------         ENDMOD        ?C?SIDIV

  -------         MODULE        ?C?IILDX
  C:0EE0H         PUBLIC        ?C?IILDX
  -------         ENDMOD        ?C?IILDX

  -------         MODULE        ?C?ILDIX
  C:0EF6H         PUBLIC        ?C?ILDIX
  -------         ENDMOD        ?C?ILDIX

  -------         MODULE        ?C?ILDPTR
  C:0F0CH         PUBLIC        ?C?ILDPTR
  -------         ENDMOD        ?C?ILDPTR

  -------         MODULE        ?C?LMUL
  C:0F37H         PUBLIC        ?C?LMUL
  -------         ENDMOD        ?C?LMUL

  -------         MODULE        ?C?ULDIV
  C:0FC2H         PUBLIC        ?C?ULDIV
  -------         ENDMOD        ?C?ULDIV

  -------         MODULE        ?C?SLDIV
  C:3803H         PUBLIC        ?C?SLDIV
  -------         ENDMOD        ?C?SLDIV

  -------         MODULE        ?C?LNEG
  C:1054H         PUBLIC        ?C?LNEG
  -------         ENDMOD        ?C?LNEG

  -------         MODULE        ?C?ULSHR
BL51 BANKED LINKER/LOCATER V6.22.4.0                                                  09/17/2025  11:10:29  PAGE 62


  C:1062H         PUBLIC        ?C?ULSHR
  -------         ENDMOD        ?C?ULSHR

  -------         MODULE        ?C?SLSHR
  C:1075H         PUBLIC        ?C?SLSHR
  -------         ENDMOD        ?C?SLSHR

  -------         MODULE        ?C?LSHL
  C:1089H         PUBLIC        ?C?LSHL
  -------         ENDMOD        ?C?LSHL

  -------         MODULE        ?C?LLDCODE
  C:109CH         PUBLIC        ?C?LLDCODE
  -------         ENDMOD        ?C?LLDCODE

  -------         MODULE        ?C?LSTXDATA
  C:10ACH         PUBLIC        ?C?LSTXDATA
  -------         ENDMOD        ?C?LSTXDATA

  -------         MODULE        ?C?OFFXADD
  C:10B8H         PUBLIC        ?C?OFFXADD
  -------         ENDMOD        ?C?OFFXADD

  -------         MODULE        ?C?ICALL
  C:10C4H         PUBLIC        ?C?ICALL
  C:10C8H         PUBLIC        ?C?ICALL2
  -------         ENDMOD        ?C?ICALL

  -------         MODULE        ?C_IBP
  D:0051H         PUBLIC        ?C_IBP
  -------         ENDMOD        ?C_IBP

  -------         MODULE        ?C?STRCPY
  C:1196H         PUBLIC        ?C?STRCPY
  -------         ENDMOD        ?C?STRCPY

  -------         MODULE        STRLEN
  C:3FEFH         PUBLIC        _STRLEN
  -------         ENDMOD        STRLEN

  -------         MODULE        STRCHR
  C:3EFAH         PUBLIC        _STRCHR
  -------         ENDMOD        STRCHR

  -------         MODULE        STRTOK
  D:000DH         PUBLIC        ?_strtok?BYTE
  C:3185H         PUBLIC        _strtok
  -------         ENDMOD        STRTOK

  -------         MODULE        ATOI
  C:2A59H         PUBLIC        _atoi
  -------         ENDMOD        ATOI

  -------         MODULE        ?C?MEMSET
  C:11B3H         PUBLIC        ?C?MEMSET
  -------         ENDMOD        ?C?MEMSET

BL51 BANKED LINKER/LOCATER V6.22.4.0                                                  09/17/2025  11:10:29  PAGE 63


  -------         MODULE        ISDIGIT
  C:40F5H         PUBLIC        _isdigit
  -------         ENDMOD        ISDIGIT

  -------         MODULE        ISSPACE
  C:403EH         PUBLIC        _isspace
  -------         ENDMOD        ISSPACE

  -------         MODULE        STRSPN
  D:0013H         PUBLIC        ?_strspn?BYTE
  C:3371H         PUBLIC        _strspn
  -------         ENDMOD        STRSPN

  -------         MODULE        STRPBRK
  D:0013H         PUBLIC        ?_strpbrk?BYTE
  C:33D2H         PUBLIC        _strpbrk
  -------         ENDMOD        STRPBRK

*** WARNING L16: UNCALLED SEGMENT, IGNORED FOR OVERLAY PROCESS
    SEGMENT: ?PR?_SETBEEP?BEEP

*** WARNING L16: UNCALLED SEGMENT, IGNORED FOR OVERLAY PROCESS
    SEGMENT: ?PR?GETBEEPSTATUS?BEEP

*** WARNING L16: UNCALLED SEGMENT, IGNORED FOR OVERLAY PROCESS
    SEGMENT: ?PR?_GETKEYACT?KEY

*** WARNING L16: UNCALLED SEGMENT, IGNORED FOR OVERLAY PROCESS
    SEGMENT: ?PR?GETSYSPERFORMANCE?SYS

*** WARNING L16: UNCALLED SEGMENT, IGNORED FOR OVERLAY PROCESS
    SEGMENT: ?PR?GETWEIGHT?EXT

*** WARNING L16: UNCALLED SEGMENT, IGNORED FOR OVERLAY PROCESS
    SEGMENT: ?PR?GETDECODE?EXT

*** WARNING L16: UNCALLED SEGMENT, IGNORED FOR OVERLAY PROCESS
    SEGMENT: ?PR?GETUART2TXSTATUS?UART2

*** WARNING L16: UNCALLED SEGMENT, IGNORED FOR OVERLAY PROCESS
    SEGMENT: ?PR?MYUART1PROCESSRXDATA?MY_UART1

*** WARNING L16: UNCALLED SEGMENT, IGNORED FOR OVERLAY PROCESS
    SEGMENT: ?PR?TEMP_CONTROLLED_MOTOR?TEMP_CONTROLLED_FAN

*** WARNING L16: UNCALLED SEGMENT, IGNORED FOR OVERLAY PROCESS
    SEGMENT: ?PR?AUTODOOR_EMERGENCYSTOP?ULTRASONIC_MODULE

*** WARNING L16: UNCALLED SEGMENT, IGNORED FOR OVERLAY PROCESS
    SEGMENT: ?PR?AUTODOOR_ISMOTORFREE?ULTRASONIC_MODULE

*** WARNING L1: UNRESOLVED EXTERNAL SYMBOL
    SYMBOL:  IS_PLAY_MUSIC
    MODULE:  .\output\core.obj (CORE)

*** WARNING L2: REFERENCE MADE TO UNRESOLVED EXTERNAL
    SYMBOL:  IS_PLAY_MUSIC
BL51 BANKED LINKER/LOCATER V6.22.4.0                                                  09/17/2025  11:10:29  PAGE 64


    MODULE:  .\output\core.obj (CORE)
    ADDRESS: 001EH

Program Size: data=82.3 xdata=440 code=16857
LINK/LOCATE RUN COMPLETE.  13 WARNING(S),  0 ERROR(S)
