BL51 BANKED LINKER/LOCATER V6.22.4.0                                                    09/18/2025  10:47:53  PAGE 1


BL51 BANKED LINKER/LOCATER V6.22.4.0, INVOKED BY:
D:\SOFTWARE\KEIL5\CORE\C51\BIN\BL51.EXE .\output\main.obj, .\source\STCBSP_V3.6.LIB, .\output\temp_module.obj, .\output\
>> Nav_handler.obj, .\output\time_module.obj, .\output\speed_module.obj, .\output\voice_module.obj, .\output\core.obj, .
>> \output\decode_table.obj, .\output\nv_temp_threshold.obj, .\output\my_uart1.obj, .\output\radio_module.obj, .\output\
>> temp_controlled_fan.obj, .\output\ultrasonic_module.obj, .\output\train_id_module.obj, .\output\music_module.obj, .\o
>> utput\real_time_module.obj TO .\output\BSP_Demo PRINT (.\list\BSP_Demo.m51) RAMSIZE (256) XDATA (0X0000-0X07FF)


MEMORY MODEL: SMALL


INPUT MODULES INCLUDED:
  .\output\main.obj (MAIN)
  .\source\STCBSP_V3.6.LIB (ADC)
  .\source\STCBSP_V3.6.LIB (DISPLAYER)
  .\source\STCBSP_V3.6.LIB (KEY)
  .\source\STCBSP_V3.6.LIB (SYS)
  .\source\STCBSP_V3.6.LIB (MUSIC)
  .\source\STCBSP_V3.6.LIB (EXT)
  .\source\STCBSP_V3.6.LIB (UART2)
  .\source\STCBSP_V3.6.LIB (BEEP)
  .\output\temp_module.obj (TEMP_MODULE)
  .\output\Nav_handler.obj (NAV_HANDLER)
  .\output\time_module.obj (TIME_MODULE)
  .\output\speed_module.obj (SPEED_MODULE)
  .\output\voice_module.obj (VOICE_MODULE)
  .\output\core.obj (CORE)
  .\output\decode_table.obj (DECODE_TABLE)
  .\output\nv_temp_threshold.obj (NV_TEMP_THRESHOLD)
  .\output\my_uart1.obj (MY_UART1)
  .\output\radio_module.obj (RADIO_MODULE)
  .\output\temp_controlled_fan.obj (TEMP_CONTROLLED_FAN)
  .\output\ultrasonic_module.obj (ULTRASONIC_MODULE)
  .\output\train_id_module.obj (TRAIN_ID_MODULE)
  .\output\music_module.obj (MUSIC_MODULE)
  .\output\real_time_module.obj (REAL_TIME_MODULE)
  .\source\STCBSP_V3.6.LIB (STEPMOTOR)
  .\source\STCBSP_V3.6.LIB (M24C02)
  .\source\STCBSP_V3.6.LIB (FM_RADIO)
  .\source\STCBSP_V3.6.LIB (UART1)
  D:\SOFTWARE\KEIL5\CORE\C51\LIB\C51S.LIB (?C_STARTUP)
  D:\SOFTWARE\KEIL5\CORE\C51\LIB\C51S.LIB (?C?COPY)
  D:\SOFTWARE\KEIL5\CORE\C51\LIB\C51S.LIB (?C?CLDPTR)
  D:\SOFTWARE\KEIL5\CORE\C51\LIB\C51S.LIB (?C?CLDOPTR)
  D:\SOFTWARE\KEIL5\CORE\C51\LIB\C51S.LIB (?C?CSTPTR)
  D:\SOFTWARE\KEIL5\CORE\C51\LIB\C51S.LIB (?C?CSTOPTR)
  D:\SOFTWARE\KEIL5\CORE\C51\LIB\C51S.LIB (?C?IMUL)
  D:\SOFTWARE\KEIL5\CORE\C51\LIB\C51S.LIB (?C?UIDIV)
  D:\SOFTWARE\KEIL5\CORE\C51\LIB\C51S.LIB (?C?SIDIV)
  D:\SOFTWARE\KEIL5\CORE\C51\LIB\C51S.LIB (?C?IILDX)
  D:\SOFTWARE\KEIL5\CORE\C51\LIB\C51S.LIB (?C?ILDIX)
  D:\SOFTWARE\KEIL5\CORE\C51\LIB\C51S.LIB (?C?ILDPTR)
  D:\SOFTWARE\KEIL5\CORE\C51\LIB\C51S.LIB (?C?LMUL)
  D:\SOFTWARE\KEIL5\CORE\C51\LIB\C51S.LIB (?C?ULDIV)
  D:\SOFTWARE\KEIL5\CORE\C51\LIB\C51S.LIB (?C?SLDIV)
  D:\SOFTWARE\KEIL5\CORE\C51\LIB\C51S.LIB (?C?SLCMP)
  D:\SOFTWARE\KEIL5\CORE\C51\LIB\C51S.LIB (?C?ULSHR)
  D:\SOFTWARE\KEIL5\CORE\C51\LIB\C51S.LIB (?C?SLSHR)
BL51 BANKED LINKER/LOCATER V6.22.4.0                                                  09/18/2025  10:47:53  PAGE 2


  D:\SOFTWARE\KEIL5\CORE\C51\LIB\C51S.LIB (?C?LSHL)
  D:\SOFTWARE\KEIL5\CORE\C51\LIB\C51S.LIB (?C?LLDCODE)
  D:\SOFTWARE\KEIL5\CORE\C51\LIB\C51S.LIB (?C?LSTXDATA)
  D:\SOFTWARE\KEIL5\CORE\C51\LIB\C51S.LIB (?C?OFFXADD)
  D:\SOFTWARE\KEIL5\CORE\C51\LIB\C51S.LIB (?C?ICALL)
  D:\SOFTWARE\KEIL5\CORE\C51\LIB\C51S.LIB (?C_IBP)
  D:\SOFTWARE\KEIL5\CORE\C51\LIB\C51S.LIB (?C?STRCPY)
  D:\SOFTWARE\KEIL5\CORE\C51\LIB\C51S.LIB (STRLEN)
  D:\SOFTWARE\KEIL5\CORE\C51\LIB\C51S.LIB (STRCHR)
  D:\SOFTWARE\KEIL5\CORE\C51\LIB\C51S.LIB (STRTOK)
  D:\SOFTWARE\KEIL5\CORE\C51\LIB\C51S.LIB (ATOI)
  D:\SOFTWARE\KEIL5\CORE\C51\LIB\C51S.LIB (?C?MEMSET)
  D:\SOFTWARE\KEIL5\CORE\C51\LIB\C51S.LIB (?C_INIT)
  D:\SOFTWARE\KEIL5\CORE\C51\LIB\C51S.LIB (ISDIGIT)
  D:\SOFTWARE\KEIL5\CORE\C51\LIB\C51S.LIB (ISSPACE)
  D:\SOFTWARE\KEIL5\CORE\C51\LIB\C51S.LIB (STRSPN)
  D:\SOFTWARE\KEIL5\CORE\C51\LIB\C51S.LIB (STRPBRK)


LINK MAP OF MODULE:  .\output\BSP_Demo (MAIN)


            TYPE    BASE      LENGTH    RELOCATION   SEGMENT NAME
            -----------------------------------------------------

            * * * * * * *   D A T A   M E M O R Y   * * * * * * *
            REG     0000H     0008H     ABSOLUTE     "REG BANK 0"
            DATA    0008H     0014H     UNIT         _DATA_GROUP_
            DATA    001CH     0003H     UNIT         ?DT?STRTOK
            DATA    001FH     0001H     UNIT         ?DT?KEY
            BIT     0020H.0   0001H.7   UNIT         ?BI?SYS
            BIT     0021H.7   0000H.1   UNIT         ?BI?ADC
            BIT     0022H.0   0000H.1   UNIT         ?BI?MUSIC
            BIT     0022H.1   0000H.1   UNIT         ?BI?TIME_MODULE
            BIT     0022H.2   0000H.1   UNIT         _BIT_GROUP_
                    0022H.3   0000H.5                *** GAP ***
            DATA    0023H     0012H     UNIT         ?DT?SYS
            DATA    0035H     0007H     UNIT         ?DT?RADIO_MODULE
            DATA    003CH     0006H     UNIT         ?DT?EXT
            DATA    0042H     0002H     UNIT         ?DT?ADC
            DATA    0044H     0002H     UNIT         ?DT?UART2
            DATA    0046H     0002H     UNIT         ?DT?ULTRASONIC_MODULE
            DATA    0048H     0001H     UNIT         ?DT?_SETTRAINID?TRAIN_ID_MODULE
            DATA    0049H     0001H     UNIT         ?C?LIB_DATA
            IDATA   004AH     0001H     UNIT         ?STACK

            * * * * * * *  X D A T A   M E M O R Y  * * * * * * *
            XDATA   0000H     006EH     UNIT         ?XD?SYS
            XDATA   006EH     0068H     UNIT         ?XD?MY_UART1
            XDATA   00D6H     004CH     UNIT         _XDATA_GROUP_
            XDATA   0122H     001EH     UNIT         ?XD?ADC
            XDATA   0140H     0016H     UNIT         ?XD?STEPMOTOR
            XDATA   0156H     0015H     UNIT         ?XD?UART2
            XDATA   016BH     0015H     UNIT         ?XD?UART1
            XDATA   0180H     0014H     UNIT         ?XD?TIME_MODULE
            XDATA   0194H     0012H     UNIT         ?XD?TEMP_MODULE
            XDATA   01A6H     0010H     UNIT         ?XD?MUSIC
BL51 BANKED LINKER/LOCATER V6.22.4.0                                                  09/18/2025  10:47:53  PAGE 3


            XDATA   01B6H     000CH     UNIT         ?XD?DISPLAYER
            XDATA   01C2H     000CH     UNIT         ?XD?ULTRASONIC_MODULE
            XDATA   01CEH     000BH     UNIT         ?XD?EXT
            XDATA   01D9H     000AH     UNIT         ?XD?KEY
            XDATA   01E3H     0009H     UNIT         ?XD?CORE
            XDATA   01ECH     0009H     UNIT         ?XD?FM_RADIO
            XDATA   01F5H     0007H     UNIT         ?XD?VOICE_MODULE
            XDATA   01FCH     0006H     UNIT         ?XD?REAL_TIME_MODULE
            XDATA   0202H     0004H     UNIT         ?XD?SPEED_MODULE
            XDATA   0206H     0002H     UNIT         ?XD?NV_TEMP_THRESHOLD
            XDATA   0208H     0001H     UNIT         ?XD?NAV_HANDLER

            * * * * * * *   C O D E   M E M O R Y   * * * * * * *
            CODE    0000H     0003H     ABSOLUTE     
            CODE    0003H     0007H     UNIT         ?PR?GETADC?ADC
            CODE    000AH     0001H     UNIT         ?PR?_?NULLFUNC?SYS
            CODE    000BH     0003H     ABSOLUTE     
            CODE    000EH     0015H     UNIT         ?PR?MYUART1CLEARRXBUFFER?MY_UART1
            CODE    0023H     0003H     ABSOLUTE     
            CODE    0026H     0005H     UNIT         ?PR?AUTODOOR_EMERGENCYSTOP?ULTRASONIC_MODULE
            CODE    002BH     0003H     ABSOLUTE     
            CODE    002EH     000DH     UNIT         ?PR?STOP?M24C02
            CODE    003BH     0003H     ABSOLUTE     
            CODE    003EH     0004H     UNIT         ?CO?CORE
            CODE    0042H     0001H     UNIT         ?PR?_?NULLFUNC0?UART2
            CODE    0043H     0003H     ABSOLUTE     
            CODE    0046H     0834H     UNIT         ?CO?VOICE_MODULE
            CODE    087AH     0514H     UNIT         ?C?LIB_CODE
            CODE    0D8EH     02F6H     UNIT         ?PR?_?SYS_MUSIC_DRV?MUSIC
            CODE    1084H     02B2H     UNIT         ?PR?MYUART1SENDCURRENTSTATUS?MY_UART1
            CODE    1336H     02A4H     UNIT         ?PR?_PARSECOMMAND?MY_UART1
            CODE    15DAH     0274H     UNIT         ?PR?_?SYS_STEPMOTOR_DRV?STEPMOTOR
            CODE    184EH     01FCH     UNIT         ?C_INITSEG
            CODE    1A4AH     01FCH     UNIT         ?CO?TEMP_MODULE
            CODE    1C46H     01D2H     UNIT         ?PR?UART2_ISR?UART2
            CODE    1E18H     01ACH     UNIT         ?PR?_?SYS_ADC_DRV?ADC
            CODE    1FC4H     0130H     UNIT         ?PR?UART1_ISR?UART1
            CODE    20F4H     0126H     UNIT         ?CO?MUSIC
            CODE    221AH     0123H     UNIT         ?PR?_?SYS_KEY_DRV?KEY
            CODE    233DH     011CH     UNIT         ?PR?_MY_UTOA?MY_UART1
            CODE    2459H     00EDH     UNIT         ?PR?SYS_TASK_1MS?SYS
            CODE    2546H     00E9H     UNIT         ?PR?_?SYS_DISPLAY_DRV?DISPLAYER
            CODE    262FH     00E7H     UNIT         ?PR?_?SYS_EXT_DRV?EXT
            CODE    2716H     00B6H     UNIT         ?PR?SETFMRADIO?FM_RADIO
            CODE    27CCH     00B5H     UNIT         ?PR?_UART2INIT?UART2
            CODE    2881H     00AEH     UNIT         ?PR?_ATOI?ATOI
            CODE    292FH     00ABH     UNIT         ?PR?_SETSTEPMOTOR?STEPMOTOR
            CODE    29DAH     00AAH     UNIT         ?PR?_PLAYTONE?MUSIC
            CODE    2A84H     00A8H     UNIT         ?PR?SYS_CCP_ISR?SYS
            CODE    2B2CH     00A5H     UNIT         ?PR?RESETTIMER?TIME_MODULE
            CODE    2BD1H     00A5H     UNIT         ?PR?GETULTRASONICDISTANCE?ULTRASONIC_MODULE
            CODE    2C76H     00A4H     UNIT         ?PR?NAVHANDLER?NAV_HANDLER
            CODE    2D1AH     00A3H     UNIT         ?PR?ONSPEEDCHANGE?TIME_MODULE
            CODE    2DBDH     00A2H     UNIT         ?PR?ULTRASONICUPDATEANDDISPLAY?ULTRASONIC_MODULE
            CODE    2E5FH     0094H     UNIT         ?PR?SHOWTEMP?TEMP_MODULE
            CODE    2EF3H     0094H     UNIT         ?PR?CHECKCOUNTDOWNEVENT?VOICE_MODULE
            CODE    2F87H     0093H     UNIT         ?PR?SYS_TASK_10MS?SYS
BL51 BANKED LINKER/LOCATER V6.22.4.0                                                  09/18/2025  10:47:53  PAGE 4


            CODE    301AH     0090H     UNIT         ?PR?_SETPWM?EXT
            CODE    30AAH     008CH     UNIT         ?C_C51STARTUP
            CODE    3136H     008BH     UNIT         ?PR?SYS_TASK_IR?SYS
            CODE    31C1H     0089H     UNIT         ?PR?MAIN?MAIN
            CODE    324AH     0080H     UNIT         ?PR?UPDATETIME?TIME_MODULE
            CODE    32CAH     0080H     UNIT         ?PR?_STRTOK?STRTOK
            CODE    334AH     007DH     UNIT         ?PR?_SETEVENTCALLBACK?SYS
            CODE    33C7H     0078H     UNIT         ?PR?_SETBEEP?BEEP
            CODE    343FH     0077H     UNIT         ?PR?_UART1INIT?UART1
            CODE    34B6H     0074H     UNIT         ?PR?SHOWREALTIME?REAL_TIME_MODULE
            CODE    352AH     0067H     UNIT         ?PR?ULTRASONICINIT?ULTRASONIC_MODULE
            CODE    3591H     0064H     UNIT         ?PR?UPDATEREALTIMEPERSECOND?REAL_TIME_MODULE
            CODE    35F5H     0061H     UNIT         ?PR?_STRSPN?STRSPN
            CODE    3656H     005DH     UNIT         ?PR?_STRPBRK?STRPBRK
            CODE    36B3H     005CH     UNIT         ?PR?GETFMRADIO?FM_RADIO
            CODE    370FH     005AH     UNIT         ?PR?UPDATETEMP?TEMP_MODULE
            CODE    3769H     005AH     UNIT         ?PR?NVTEMPTHRESHOLDINIT?NV_TEMP_THRESHOLD
            CODE    37C3H     0059H     UNIT         ?PR?READCOUNT?EXT
            CODE    381CH     0058H     UNIT         ?PR?_SETMUSIC?MUSIC
            CODE    3874H     0056H     UNIT         ?PR?MYUART1INIT?MY_UART1
            CODE    38CAH     0053H     UNIT         ?PR?GETULTRASONIC?SYS
            CODE    391DH     0052H     UNIT         ?PR?SYS_TIMER0_ISR?SYS
            CODE    396FH     0051H     UNIT         ?PR?SHOWTIME?TIME_MODULE
            CODE    39C0H     004DH     UNIT         ?CO?TIME_MODULE
            CODE    3A0DH     0048H     UNIT         ?PR?SHOWSPEED?SPEED_MODULE
            CODE    3A55H     0048H     UNIT         ?PR?_EMSTOP?STEPMOTOR
            CODE    3A9DH     0047H     UNIT         ?PR?SYS_TIMER0_INIT?SYS
            CODE    3AE4H     0046H     UNIT         ?PR?_GETADCNAVACT?ADC
            CODE    3B2AH     0045H     UNIT         ?PR?IS_PLAY_MUSIC?MUSIC_MODULE
            CODE    3B6FH     0044H     UNIT         ?PR?_?SYS_FMRADIO_DRV?FM_RADIO
            CODE    3BB3H     0044H     UNIT         ?C?LDIV
            CODE    3BF7H     0042H     UNIT         ?PR?RADIO_INIT?RADIO_MODULE
            CODE    3C39H     0040H     UNIT         ?PR?_GETKEYACT?KEY
            CODE    3C79H     003FH     UNIT         ?PR?SYS_TASK_100MS?SYS
            CODE    3CB8H     003EH     UNIT         ?PR?MYSTC_OS?SYS
            CODE    3CF6H     003CH     UNIT         ?CO?DECODE_TABLE
            CODE    3D32H     003CH     UNIT         ?PR?TEMP_CONTROLLED_MOTOR?TEMP_CONTROLLED_FAN
            CODE    3D6EH     0039H     UNIT         ?PR?_NVTEMPTHRESHOLDUPDATE?NV_TEMP_THRESHOLD
            CODE    3DA7H     0036H     UNIT         ?PR?_EXTINIT?EXT
            CODE    3DDDH     0033H     UNIT         ?PR?SHOWMODE?TIME_MODULE
            CODE    3E10H     0032H     UNIT         ?PR?UART1RXDCALLBACK?MY_UART1
            CODE    3E42H     0032H     UNIT         ?PR?_GETSTEPMOTORSTATUS?STEPMOTOR
            CODE    3E74H     0031H     UNIT         ?PR?_ADCINIT?ADC
            CODE    3EA5H     0031H     UNIT         ?PR?_SETUART2RXD?UART2
            CODE    3ED6H     0031H     UNIT         ?PR?_SETUART1RXD?UART1
            CODE    3F07H     002FH     UNIT         ?PR?_UART2PRINT?UART2
            CODE    3F36H     002BH     UNIT         ?PR?SYS_TASK_1S?SYS
            CODE    3F61H     002BH     UNIT         ?PR?_NVTEMPTHRESHOLDWRITE?NV_TEMP_THRESHOLD
            CODE    3F8CH     002AH     UNIT         ?PR?NVTEMPTHRESHOLDREAD?NV_TEMP_THRESHOLD
            CODE    3FB6H     002AH     UNIT         ?PR?AUTODOOR_OPEN?ULTRASONIC_MODULE
            CODE    3FE0H     0028H     UNIT         ?PR?_SETPLAYERMODE?MUSIC
            CODE    4008H     0028H     UNIT         ?PR?_?SYS_BEEP_DRV?BEEP
            CODE    4030H     0028H     UNIT         ?PR?INITRTC?TIME_MODULE
            CODE    4058H     0028H     UNIT         ?PR?AUTODOOR_CLOSE?ULTRASONIC_MODULE
            CODE    4080H     0028H     UNIT         ?PR?_IIC_RADIO_WRITEBYTE?FM_RADIO
            CODE    40A8H     0028H     UNIT         ?PR?_UART1PRINT?UART1
            CODE    40D0H     0025H     UNIT         ?PR?FMRADIOINIT?FM_RADIO
BL51 BANKED LINKER/LOCATER V6.22.4.0                                                  09/18/2025  10:47:53  PAGE 5


            CODE    40F5H     0024H     UNIT         ?PR?SHOWSTATUS?NAV_HANDLER
            CODE    4119H     0024H     UNIT         ?PR?RESPONS?M24C02
            CODE    413DH     0024H     UNIT         ?PR?_WRITEBYTE?M24C02
            CODE    4161H     0022H     UNIT         ?PR?READBYTE?M24C02
            CODE    4183H     0020H     UNIT         ?PR?_SEG7PRINT?DISPLAYER
            CODE    41A3H     0020H     UNIT         ?PR?BEEPINIT?BEEP
            CODE    41C3H     001DH     UNIT         ?PR?KEYINIT?KEY
            CODE    41E0H     001CH     UNIT         ?PR?_M24C02_READ?M24C02
            CODE    41FCH     001CH     UNIT         ?PR?IIC_RADIO_ACK?FM_RADIO
            CODE    4218H     001CH     UNIT         ?PR?_STRCHR?STRCHR
            CODE    4234H     001BH     UNIT         ?PR?DISPLAYERINIT?DISPLAYER
            CODE    424FH     0018H     UNIT         ?PR?MY1S_CALLBACK?CORE
            CODE    4267H     0018H     UNIT         ?PR?STEPMOTORINIT?STEPMOTOR
            CODE    427FH     0016H     UNIT         ?PR?SET_MUSIC?MUSIC_MODULE
            CODE    4295H     0015H     UNIT         ?PR?_M24C02_WRITE?M24C02
            CODE    42AAH     0015H     UNIT         ?PR?_STRLEN?STRLEN
            CODE    42BFH     0014H     UNIT         ?PR?MYUART2RXD_CALLBACK?VOICE_MODULE
            CODE    42D3H     0013H     UNIT         ?PR?_DELAY?FM_RADIO
            CODE    42E6H     0013H     UNIT         ?PR?IIC_RADIO_START?FM_RADIO
            CODE    42F9H     0013H     UNIT         ?PR?_ISSPACE?ISSPACE
            CODE    430CH     0012H     UNIT         ?PR?_NVISVALIDTHRESHOLD?NV_TEMP_THRESHOLD
            CODE    431EH     0011H     UNIT         ?PR?_SETCCP0?SYS
            CODE    432FH     0010H     UNIT         ?PR?GETDECODE?EXT
            CODE    433FH     0010H     UNIT         ?PR?_SETTRAINID?TRAIN_ID_MODULE
            CODE    434FH     0010H     UNIT         ?CO?MUSIC_MODULE
            CODE    435FH     0010H     UNIT         ?PR?START?M24C02
            CODE    436FH     000FH     UNIT         ?PR?MUSICPLAYERINIT?MUSIC
            CODE    437EH     000FH     UNIT         ?PR?_?SYS_GET_UART2RXDEVENT?UART2
            CODE    438DH     000FH     UNIT         ?PR?_?SYS_GET_UART1RXDEVENT?UART1
            CODE    439CH     000FH     UNIT         ?PR?_ISDIGIT?ISDIGIT
            CODE    43ABH     000EH     UNIT         ?PR?_?SYS_GET_KNEVENT?ADC
            CODE    43B9H     000EH     UNIT         ?PR?_?SYS_GET_EXTADCEVENT?ADC
            CODE    43C7H     000EH     UNIT         ?PR?_?SYS_GET_KEYEVENT?KEY
            CODE    43D5H     000EH     UNIT         ?PR?AUTODOOR_ISMOTORFREE?ULTRASONIC_MODULE
            CODE    43E3H     000CH     UNIT         ?PR?GETBEEPSTATUS?BEEP
            CODE    43EFH     000CH     UNIT         ?PR?IIC_RADIO_STOP?FM_RADIO
            CODE    43FBH     000BH     UNIT         ?PR?GETUART2TXSTATUS?UART2
            CODE    4406H     000BH     UNIT         ?PR?MYUART1PROCESSRXDATA?MY_UART1
            CODE    4411H     000BH     UNIT         ?PR?INITTRAINID?TRAIN_ID_MODULE
            CODE    441CH     000BH     UNIT         ?PR?GETUART1TXSTATUS?UART1
            CODE    4427H     0009H     UNIT         ?CO?ADC
            CODE    4430H     0009H     UNIT         ?PR?_SETDISPLAYERAREA?DISPLAYER
            CODE    4439H     0009H     UNIT         ?PR?GETBEEPTIMER?SYS
            CODE    4442H     0009H     UNIT         ?PR?_SETBEEPTIMER?SYS
            CODE    444BH     0009H     UNIT         ?PR?GETWEIGHT?EXT
            CODE    4454H     0007H     UNIT         ?PR?GETSYSPERFORMANCE?SYS
            CODE    445BH     0006H     UNIT         ?PR?ADC_ISR?ADC
            CODE    4461H     0006H     UNIT         ?PR?_LEDPRINT?DISPLAYER
            CODE    4467H     0006H     UNIT         ?PR?MYSTC_INIT?SYS
            CODE    446DH     0006H     UNIT         ?PR?GETPLAYERMODE?MUSIC
            CODE    4473H     0006H     UNIT         ?CO?MY_UART1
            CODE    4479H     0006H     UNIT         ?PR?ISULTRASONICVALID?ULTRASONIC_MODULE
            CODE    447FH     0003H     UNIT         ?PR?_?RET0FUNC?SYS
            CODE    4482H     0003H     UNIT         ?PR?CLRBEEPPIN?SYS
            CODE    4485H     0003H     UNIT         ?PR?MY100MS_CALLBACK?CORE


BL51 BANKED LINKER/LOCATER V6.22.4.0                                                  09/18/2025  10:47:53  PAGE 6



OVERLAY MAP OF MODULE:   .\output\BSP_Demo (MAIN)


SEGMENT                                             BIT_GROUP          DATA_GROUP          XDATA_GROUP
  +--> CALLED SEGMENT                            START    LENGTH     START    LENGTH     START    LENGTH
--------------------------------------------------------------------------------------------------------
?C_C51STARTUP                                    -----    -----      -----    -----      -----    -----
  +--> ?PR?MAIN?MAIN
  +--> ?C_INITSEG

?PR?MAIN?MAIN                                    -----    -----      -----    -----      -----    -----
  +--> ?PR?_ADCINIT?ADC
  +--> ?PR?DISPLAYERINIT?DISPLAYER
  +--> ?PR?KEYINIT?KEY
  +--> ?PR?_SETDISPLAYERAREA?DISPLAYER
  +--> ?PR?_UART2INIT?UART2
  +--> ?PR?MYUART1INIT?MY_UART1
  +--> ?PR?NVTEMPTHRESHOLDINIT?NV_TEMP_THRES...
  +--> ?PR?INITTRAINID?TRAIN_ID_MODULE
  +--> ?PR?INITRTC?TIME_MODULE
  +--> ?PR?_EXTINIT?EXT
  +--> ?PR?ULTRASONICINIT?ULTRASONIC_MODULE
  +--> ?PR?RADIO_INIT?RADIO_MODULE
  +--> ?PR?MUSICPLAYERINIT?MUSIC
  +--> ?PR?SET_MUSIC?MUSIC_MODULE
  +--> ?PR?_SETUART2RXD?UART2
  +--> ?PR?MYUART2RXD_CALLBACK?VOICE_MODULE
  +--> ?PR?_SETEVENTCALLBACK?SYS
  +--> ?PR?MY1S_CALLBACK?CORE
  +--> ?PR?MY100MS_CALLBACK?CORE
  +--> ?PR?NAVHANDLER?NAV_HANDLER
  +--> ?PR?MYSTC_INIT?SYS
  +--> ?PR?MYSTC_OS?SYS

?PR?_ADCINIT?ADC                                 -----    -----      -----    -----      -----    -----
  +--> ?PR?_?SYS_ADC_DRV?ADC
  +--> ?PR?_?SYS_GET_KNEVENT?ADC
  +--> ?PR?_?SYS_GET_EXTADCEVENT?ADC

?PR?_?SYS_ADC_DRV?ADC                            -----    -----      -----    -----      -----    -----
  +--> ?CO?ADC

?PR?DISPLAYERINIT?DISPLAYER                      -----    -----      -----    -----      -----    -----
  +--> ?PR?_?SYS_DISPLAY_DRV?DISPLAYER

?PR?_?SYS_DISPLAY_DRV?DISPLAYER                  -----    -----      -----    -----      -----    -----
  +--> ?CO?DECODE_TABLE

?PR?KEYINIT?KEY                                  -----    -----      -----    -----      -----    -----
  +--> ?PR?_?SYS_GET_KEYEVENT?KEY
  +--> ?PR?_?SYS_KEY_DRV?KEY

?PR?_UART2INIT?UART2                             -----    -----      0008H    0005H      -----    -----
  +--> ?PR?_?NULLFUNC0?UART2
  +--> ?CO?CORE
  +--> ?PR?_?SYS_GET_UART2RXDEVENT?UART2
BL51 BANKED LINKER/LOCATER V6.22.4.0                                                  09/18/2025  10:47:53  PAGE 7



?PR?MYUART1INIT?MY_UART1                         -----    -----      -----    -----      -----    -----
  +--> ?PR?_UART1INIT?UART1
  +--> ?PR?UART1RXDCALLBACK?MY_UART1
  +--> ?PR?_SETEVENTCALLBACK?SYS
  +--> ?PR?_SETUART1RXD?UART1

?PR?_UART1INIT?UART1                             -----    -----      0008H    0004H      -----    -----
  +--> ?CO?CORE
  +--> ?PR?_?SYS_GET_UART1RXDEVENT?UART1

?PR?UART1RXDCALLBACK?MY_UART1                    -----    -----      -----    -----      -----    -----
  +--> ?PR?_STRCHR?STRCHR
  +--> ?PR?_PARSECOMMAND?MY_UART1
  +--> ?PR?MYUART1CLEARRXBUFFER?MY_UART1

?PR?_PARSECOMMAND?MY_UART1                       -----    -----      0008H    0005H      00D6H    0049H
  +--> ?PR?_STRLEN?STRLEN
  +--> ?CO?MY_UART1
  +--> ?PR?_ATOI?ATOI
  +--> ?PR?_STRTOK?STRTOK
  +--> ?PR?_NVTEMPTHRESHOLDUPDATE?NV_TEMP_TH...
  +--> ?PR?ONSPEEDCHANGE?TIME_MODULE

?PR?_ATOI?ATOI                                   0022H.2  0000H.1    000DH    0005H      -----    -----
  +--> ?PR?_ISSPACE?ISSPACE
  +--> ?PR?_ISDIGIT?ISDIGIT

?PR?_STRTOK?STRTOK                               -----    -----      000DH    0006H      -----    -----
  +--> ?PR?_STRSPN?STRSPN
  +--> ?PR?_STRPBRK?STRPBRK

?PR?_STRSPN?STRSPN                               -----    -----      0013H    0008H      -----    -----

?PR?_STRPBRK?STRPBRK                             -----    -----      0013H    0009H      -----    -----

?PR?_NVTEMPTHRESHOLDUPDATE?NV_TEMP_TH...         -----    -----      000DH    0001H      011FH    0001H
  +--> ?PR?NVTEMPTHRESHOLDINIT?NV_TEMP_THRES...
  +--> ?PR?_NVISVALIDTHRESHOLD?NV_TEMP_THRES...
  +--> ?PR?NVTEMPTHRESHOLDREAD?NV_TEMP_THRES...
  +--> ?PR?_NVTEMPTHRESHOLDWRITE?NV_TEMP_THR...

?PR?NVTEMPTHRESHOLDINIT?NV_TEMP_THRES...         -----    -----      000FH    0001H      0121H    0001H
  +--> ?PR?_M24C02_READ?M24C02
  +--> ?PR?_NVISVALIDTHRESHOLD?NV_TEMP_THRES...

?PR?_M24C02_READ?M24C02                          -----    -----      -----    -----      -----    -----
  +--> ?PR?START?M24C02
  +--> ?PR?RESPONS?M24C02
  +--> ?PR?_WRITEBYTE?M24C02
  +--> ?PR?READBYTE?M24C02
  +--> ?PR?STOP?M24C02

?PR?RESPONS?M24C02                               -----    -----      -----    -----      -----    -----
  +--> ?PR?_WRITEBYTE?M24C02

?PR?NVTEMPTHRESHOLDREAD?NV_TEMP_THRES...         -----    -----      -----    -----      0120H    0001H
BL51 BANKED LINKER/LOCATER V6.22.4.0                                                  09/18/2025  10:47:53  PAGE 8


  +--> ?PR?NVTEMPTHRESHOLDINIT?NV_TEMP_THRES...
  +--> ?PR?_M24C02_READ?M24C02
  +--> ?PR?_NVISVALIDTHRESHOLD?NV_TEMP_THRES...

?PR?_NVTEMPTHRESHOLDWRITE?NV_TEMP_THR...         -----    -----      000EH    0001H      -----    -----
  +--> ?PR?NVTEMPTHRESHOLDINIT?NV_TEMP_THRES...
  +--> ?PR?_NVISVALIDTHRESHOLD?NV_TEMP_THRES...
  +--> ?PR?_M24C02_WRITE?M24C02

?PR?_M24C02_WRITE?M24C02                         -----    -----      -----    -----      -----    -----
  +--> ?PR?START?M24C02
  +--> ?PR?_WRITEBYTE?M24C02
  +--> ?PR?RESPONS?M24C02
  +--> ?PR?STOP?M24C02

?PR?_SETEVENTCALLBACK?SYS                        -----    -----      0008H    0003H      -----    -----

?PR?_SETUART1RXD?UART1                           -----    -----      0008H    000AH      -----    -----

?PR?INITTRAINID?TRAIN_ID_MODULE                  -----    -----      -----    -----      -----    -----
  +--> ?PR?_M24C02_READ?M24C02

?PR?_EXTINIT?EXT                                 -----    -----      -----    -----      -----    -----
  +--> ?PR?_?SYS_EXT_DRV?EXT

?PR?_?SYS_EXT_DRV?EXT                            -----    -----      -----    -----      -----    -----
  +--> ?PR?READCOUNT?EXT

?PR?READCOUNT?EXT                                -----    -----      0008H    0005H      -----    -----

?PR?ULTRASONICINIT?ULTRASONIC_MODULE             -----    -----      -----    -----      00D6H    0001H
  +--> ?PR?_EXTINIT?EXT
  +--> ?PR?STEPMOTORINIT?STEPMOTOR
  +--> ?PR?_GETSTEPMOTORSTATUS?STEPMOTOR
  +--> ?PR?_SETSTEPMOTOR?STEPMOTOR

?PR?STEPMOTORINIT?STEPMOTOR                      -----    -----      -----    -----      -----    -----
  +--> ?PR?_?SYS_STEPMOTOR_DRV?STEPMOTOR

?PR?_?SYS_STEPMOTOR_DRV?STEPMOTOR                -----    -----      -----    -----      -----    -----
  +--> ?PR?_LEDPRINT?DISPLAYER

?PR?_SETSTEPMOTOR?STEPMOTOR                      -----    -----      0009H    0001H      -----    -----

?PR?RADIO_INIT?RADIO_MODULE                      -----    -----      -----    -----      -----    -----
  +--> ?PR?FMRADIOINIT?FM_RADIO
  +--> ?PR?SETFMRADIO?FM_RADIO

?PR?FMRADIOINIT?FM_RADIO                         -----    -----      0008H    0006H      -----    -----
  +--> ?PR?SETFMRADIO?FM_RADIO
  +--> ?PR?_?SYS_FMRADIO_DRV?FM_RADIO

?PR?SETFMRADIO?FM_RADIO                          -----    -----      000EH    0006H      -----    -----
  +--> ?PR?GETFMRADIO?FM_RADIO

?PR?GETFMRADIO?FM_RADIO                          -----    -----      0014H    0006H      -----    -----

BL51 BANKED LINKER/LOCATER V6.22.4.0                                                  09/18/2025  10:47:53  PAGE 9


?PR?_?SYS_FMRADIO_DRV?FM_RADIO                   -----    -----      -----    -----      -----    -----
  +--> ?PR?IIC_RADIO_START?FM_RADIO
  +--> ?PR?_IIC_RADIO_WRITEBYTE?FM_RADIO
  +--> ?PR?IIC_RADIO_ACK?FM_RADIO
  +--> ?PR?IIC_RADIO_STOP?FM_RADIO

?PR?IIC_RADIO_START?FM_RADIO                     -----    -----      -----    -----      -----    -----
  +--> ?PR?_DELAY?FM_RADIO

?PR?_IIC_RADIO_WRITEBYTE?FM_RADIO                -----    -----      -----    -----      -----    -----
  +--> ?PR?_DELAY?FM_RADIO

?PR?IIC_RADIO_ACK?FM_RADIO                       -----    -----      -----    -----      -----    -----
  +--> ?PR?_DELAY?FM_RADIO

?PR?IIC_RADIO_STOP?FM_RADIO                      -----    -----      -----    -----      -----    -----
  +--> ?PR?_DELAY?FM_RADIO

?PR?MUSICPLAYERINIT?MUSIC                        -----    -----      -----    -----      -----    -----
  +--> ?PR?_?SYS_MUSIC_DRV?MUSIC

?PR?_?SYS_MUSIC_DRV?MUSIC                        -----    -----      -----    -----      -----    -----
  +--> ?PR?GETBEEPSTATUS?BEEP
  +--> ?PR?_SEG7PRINT?DISPLAYER
  +--> ?PR?_LEDPRINT?DISPLAYER
  +--> ?PR?_PLAYTONE?MUSIC

?PR?GETBEEPSTATUS?BEEP                           -----    -----      -----    -----      -----    -----
  +--> ?PR?GETBEEPTIMER?SYS

?PR?_SEG7PRINT?DISPLAYER                         -----    -----      0008H    0008H      -----    -----

?PR?_PLAYTONE?MUSIC                              -----    -----      0008H    0006H      -----    -----
  +--> ?PR?GETBEEPSTATUS?BEEP
  +--> ?CO?MUSIC
  +--> ?PR?_SETBEEP?BEEP

?PR?_SETBEEP?BEEP                                -----    -----      000EH    0004H      -----    -----
  +--> ?PR?GETBEEPTIMER?SYS
  +--> ?PR?_SETBEEPTIMER?SYS
  +--> ?CO?CORE
  +--> ?PR?_SETCCP0?SYS
  +--> ?PR?CLRBEEPPIN?SYS

?PR?SET_MUSIC?MUSIC_MODULE                       -----    -----      -----    -----      -----    -----
  +--> ?CO?MUSIC_MODULE
  +--> ?PR?_SETMUSIC?MUSIC

?PR?_SETMUSIC?MUSIC                              -----    -----      0008H    0008H      -----    -----

?PR?_SETUART2RXD?UART2                           -----    -----      0008H    000AH      -----    -----

?PR?MY1S_CALLBACK?CORE                           -----    -----      -----    -----      -----    -----
  +--> ?PR?UPDATETIME?TIME_MODULE
  +--> ?PR?CHECKCOUNTDOWNEVENT?VOICE_MODULE
  +--> ?PR?UPDATETEMP?TEMP_MODULE
  +--> ?PR?ULTRASONICUPDATEANDDISPLAY?ULTRAS...
BL51 BANKED LINKER/LOCATER V6.22.4.0                                                  09/18/2025  10:47:53  PAGE 10


  +--> ?PR?IS_PLAY_MUSIC?MUSIC_MODULE
  +--> ?PR?MYUART1SENDCURRENTSTATUS?MY_UART1
  +--> ?PR?TEMP_CONTROLLED_MOTOR?TEMP_CONTRO...
  +--> ?PR?UPDATEREALTIMEPERSECOND?REAL_TIME...

?PR?UPDATETIME?TIME_MODULE                       -----    -----      -----    -----      -----    -----
  +--> ?PR?RESETTIMER?TIME_MODULE
  +--> ?CO?VOICE_MODULE
  +--> ?PR?_UART2PRINT?UART2

?PR?CHECKCOUNTDOWNEVENT?VOICE_MODULE             -----    -----      -----    -----      -----    -----
  +--> ?CO?VOICE_MODULE
  +--> ?PR?_UART2PRINT?UART2

?PR?UPDATETEMP?TEMP_MODULE                       -----    -----      -----    -----      -----    -----
  +--> ?PR?GETADC?ADC
  +--> ?CO?TEMP_MODULE

?PR?ULTRASONICUPDATEANDDISPLAY?ULTRAS...         -----    -----      0008H    0001H      -----    -----
  +--> ?PR?GETPLAYERMODE?MUSIC
  +--> ?PR?GETULTRASONICDISTANCE?ULTRASONIC_...
  +--> ?PR?AUTODOOR_CLOSE?ULTRASONIC_MODULE
  +--> ?PR?_SETPLAYERMODE?MUSIC
  +--> ?PR?AUTODOOR_OPEN?ULTRASONIC_MODULE
  +--> ?PR?_SETBEEP?BEEP

?PR?GETULTRASONICDISTANCE?ULTRASONIC_...         -----    -----      0009H    0003H      -----    -----
  +--> ?PR?GETULTRASONIC?SYS

?PR?GETULTRASONIC?SYS                            -----    -----      000CH    0002H      -----    -----
  +--> ?CO?CORE

?PR?AUTODOOR_CLOSE?ULTRASONIC_MODULE             -----    -----      -----    -----      -----    -----
  +--> ?PR?_GETSTEPMOTORSTATUS?STEPMOTOR
  +--> ?PR?_SETSTEPMOTOR?STEPMOTOR

?PR?AUTODOOR_OPEN?ULTRASONIC_MODULE              -----    -----      -----    -----      -----    -----
  +--> ?PR?_GETSTEPMOTORSTATUS?STEPMOTOR
  +--> ?PR?_SETSTEPMOTOR?STEPMOTOR

?PR?IS_PLAY_MUSIC?MUSIC_MODULE                   -----    -----      0008H    0001H      -----    -----
  +--> ?PR?GETPLAYERMODE?MUSIC
  +--> ?PR?_SETPLAYERMODE?MUSIC

?PR?MYUART1SENDCURRENTSTATUS?MY_UART1            -----    -----      -----    -----      00D6H    0002H
  +--> ?PR?GETUART1TXSTATUS?UART1
  +--> ?CO?MY_UART1
  +--> ?PR?_STRLEN?STRLEN
  +--> ?PR?_MY_UTOA?MY_UART1
  +--> ?PR?_UART1PRINT?UART1

?PR?_MY_UTOA?MY_UART1                            -----    -----      0008H    0003H      00D8H    0012H

?PR?TEMP_CONTROLLED_MOTOR?TEMP_CONTRO...         -----    -----      -----    -----      -----    -----
  +--> ?PR?_SETPWM?EXT

?PR?_SETPWM?EXT                                  -----    -----      0008H    0004H      -----    -----
BL51 BANKED LINKER/LOCATER V6.22.4.0                                                  09/18/2025  10:47:53  PAGE 11



?PR?MY100MS_CALLBACK?CORE                        -----    -----      -----    -----      -----    -----
  +--> ?PR?SHOWSTATUS?NAV_HANDLER

?PR?SHOWSTATUS?NAV_HANDLER                       -----    -----      -----    -----      -----    -----
  +--> ?PR?SHOWTIME?TIME_MODULE
  +--> ?PR?SHOWTEMP?TEMP_MODULE
  +--> ?PR?SHOWSPEED?SPEED_MODULE
  +--> ?PR?SHOWMODE?TIME_MODULE
  +--> ?PR?SHOWREALTIME?REAL_TIME_MODULE

?PR?SHOWTIME?TIME_MODULE                         -----    -----      -----    -----      -----    -----
  +--> ?PR?_SEG7PRINT?DISPLAYER

?PR?SHOWTEMP?TEMP_MODULE                         -----    -----      -----    -----      -----    -----
  +--> ?PR?_SEG7PRINT?DISPLAYER

?PR?SHOWSPEED?SPEED_MODULE                       -----    -----      -----    -----      -----    -----
  +--> ?PR?_SEG7PRINT?DISPLAYER

?PR?SHOWMODE?TIME_MODULE                         -----    -----      -----    -----      -----    -----
  +--> ?PR?_SEG7PRINT?DISPLAYER

?PR?SHOWREALTIME?REAL_TIME_MODULE                -----    -----      -----    -----      -----    -----
  +--> ?PR?_SEG7PRINT?DISPLAYER

?PR?NAVHANDLER?NAV_HANDLER                       -----    -----      -----    -----      00D6H    0004H
  +--> ?PR?_GETADCNAVACT?ADC
  +--> ?PR?SETFMRADIO?FM_RADIO

?PR?MYSTC_INIT?SYS                               -----    -----      -----    -----      -----    -----
  +--> ?PR?SYS_TIMER0_INIT?SYS

?PR?SYS_TIMER0_INIT?SYS                          -----    -----      -----    -----      -----    -----
  +--> ?CO?CORE

?PR?MYSTC_OS?SYS                                 -----    -----      -----    -----      -----    -----
  +--> ?PR?SYS_TASK_IR?SYS
  +--> ?PR?SYS_TASK_1MS?SYS
  +--> ?PR?SYS_TASK_10MS?SYS
  +--> ?PR?SYS_TASK_100MS?SYS
  +--> ?PR?SYS_TASK_1S?SYS

?C_INITSEG                                       -----    -----      -----    -----      -----    -----
  +--> ?PR?_?NULLFUNC?SYS
  +--> ?PR?_?RET0FUNC?SYS



SYMBOL TABLE OF MODULE:  .\output\BSP_Demo (MAIN)

  VALUE           TYPE          NAME
  ----------------------------------

  -------         MODULE        MAIN
  C:0000H         SYMBOL        _ICE_DUMMY_
  D:0080H         PUBLIC        P0
BL51 BANKED LINKER/LOCATER V6.22.4.0                                                  09/18/2025  10:47:53  PAGE 12


  D:0090H         PUBLIC        P1
  D:00A0H         PUBLIC        P2
  D:00B0H         PUBLIC        P3
  D:00C0H         PUBLIC        P4
  D:00C8H         PUBLIC        P5
  D:00E8H         PUBLIC        P6
  D:00F8H         PUBLIC        P7
  D:00A8H         PUBLIC        IE
  D:00B8H         PUBLIC        IP
  D:00D8H         PUBLIC        CCON
  C:31C1H         PUBLIC        main
  D:0098H         PUBLIC        SCON
  D:0088H         PUBLIC        TCON
  D:00D0H         PUBLIC        PSW
  -------         PROC          MAIN
  C:31C1H         LINE#         3
  C:31C1H         LINE#         4
  C:31C6H         LINE#         5
  C:31C9H         LINE#         6
  C:31CCH         LINE#         8
  C:31D3H         LINE#         9
  C:31DFH         LINE#         10
  C:31E2H         LINE#         11
  C:31E5H         LINE#         13
  C:31E8H         LINE#         14
  C:31EBH         LINE#         15
  C:31F0H         LINE#         16
  C:31F3H         LINE#         17
  C:31F6H         LINE#         18
  C:31F9H         LINE#         19
  C:31FCH         LINE#         20
  C:3216H         LINE#         21
  C:3221H         LINE#         22
  C:322CH         LINE#         23
  C:3237H         LINE#         24
  C:3242H         LINE#         25
  C:3245H         LINE#         27
  C:3245H         LINE#         28
  C:3248H         LINE#         29
  -------         ENDPROC       MAIN
  -------         ENDMOD        MAIN

  -------         MODULE        ADC
  C:0000H         SYMBOL        _ICE_DUMMY_
  D:0080H         PUBLIC        P0
  D:0090H         PUBLIC        P1
  D:00A0H         PUBLIC        P2
  C:43ABH         PUBLIC        _?sys_get_KNEvent
  D:0042H         PUBLIC        sys_EXTADCEvent
  D:00B0H         PUBLIC        P3
  D:00C0H         PUBLIC        P4
  D:00C8H         PUBLIC        P5
  D:00E8H         PUBLIC        P6
  D:00F8H         PUBLIC        P7
  B:00A8H.5       PUBLIC        EADC
  D:00A8H         PUBLIC        IE
  D:00BDH         PUBLIC        ADC_RES
BL51 BANKED LINKER/LOCATER V6.22.4.0                                                  09/18/2025  10:47:53  PAGE 13


  D:00B8H         PUBLIC        IP
  D:0097H         PUBLIC        CLK_DIV
  C:3E74H         PUBLIC        _AdcInit
  D:00D8H         PUBLIC        CCON
  C:43B9H         PUBLIC        _?sys_get_EXTADCEvent
  X:0124H         PUBLIC        AD_res
  D:00BCH         PUBLIC        ADC_CONTR
  D:0098H         PUBLIC        SCON
  D:0088H         PUBLIC        TCON
  C:1E18H         PUBLIC        _?sys_ADC_drv
  B:0021H.7       PUBLIC        flag_ADC
  X:012EH         PUBLIC        sys_KN
  D:009DH         PUBLIC        P1ASF
  D:0043H         PUBLIC        sys_KNEvent
  D:00BEH         PUBLIC        ADC_RESL
  C:0003H         PUBLIC        GetADC
  C:3AE4H         PUBLIC        _GetAdcNavAct
  C:445BH         PUBLIC        ADC_isr
  D:00D0H         PUBLIC        PSW
  -------         PROC          ADC_ISR
  C:445BH         LINE#         26
  C:445BH         LINE#         27
  C:445EH         LINE#         28
  C:4460H         LINE#         29
  -------         ENDPROC       ADC_ISR
  -------         PROC          _?SYS_ADC_DRV
  -------         DO            
  X:0122H         SYMBOL        pc
  X:0123H         SYMBOL        counter
  i:0000H         SYMBOL        i
  C:4427H         SYMBOL        ADC_ch
  -------         ENDDO         
  C:1E18H         LINE#         31
  C:1E1AH         LINE#         35
  C:1E20H         LINE#         36
  C:1E22H         LINE#         37
  C:1E50H         LINE#         38
  C:1E50H         LINE#         39
  C:1E50H         LINE#         40
  C:1E60H         LINE#         41
  C:1E62H         LINE#         42
  C:1E62H         LINE#         43
  C:1E62H         LINE#         44
  C:1E76H         LINE#         45
  C:1E79H         LINE#         46
  C:1E7CH         LINE#         47
  C:1E8CH         LINE#         48
  C:1E8EH         LINE#         49
  C:1EA2H         LINE#         50
  C:1EA5H         LINE#         51
  C:1EB9H         LINE#         52
  C:1ECCH         LINE#         53
  C:1EE4H         LINE#         54
  C:1EEFH         LINE#         55
  C:1EF2H         LINE#         56
  C:1F02H         LINE#         57
  C:1F16H         LINE#         58
BL51 BANKED LINKER/LOCATER V6.22.4.0                                                  09/18/2025  10:47:53  PAGE 14


  C:1F2BH         LINE#         59
  C:1F3CH         LINE#         60
  C:1F3EH         LINE#         61
  C:1F3EH         LINE#         62
  C:1F40H         LINE#         64
  C:1F57H         LINE#         65
  C:1F68H         LINE#         66
  C:1F6BH         LINE#         67
  C:1F6BH         LINE#         68
  C:1F6BH         LINE#         69
  C:1F8EH         LINE#         70
  C:1F9FH         LINE#         71
  C:1FA3H         LINE#         72
  C:1FA3H         LINE#         73
  C:1FA3H         LINE#         74
  C:1FA9H         LINE#         75
  C:1FA9H         LINE#         76
  C:1FA9H         LINE#         77
  C:1FB5H         LINE#         78
  C:1FC1H         LINE#         79
  C:1FC1H         LINE#         80
  -------         ENDPROC       _?SYS_ADC_DRV
  -------         PROC          _?SYS_GET_KNEVENT
  -------         DO            
  i:0000H         SYMBOL        a
  -------         ENDDO         
  C:43ABH         LINE#         82
  C:43ADH         LINE#         84
  C:43B1H         LINE#         85
  C:43B4H         LINE#         86
  C:43B6H         LINE#         87
  -------         ENDPROC       _?SYS_GET_KNEVENT
  -------         PROC          _?SYS_GET_EXTADCEVENT
  -------         DO            
  i:0000H         SYMBOL        a
  -------         ENDDO         
  C:43B9H         LINE#         89
  C:43BBH         LINE#         91
  C:43BFH         LINE#         92
  C:43C2H         LINE#         93
  C:43C4H         LINE#         94
  -------         ENDPROC       _?SYS_GET_EXTADCEVENT
  -------         PROC          _ADCINIT
  D:0007H         SYMBOL        ADCsel
  C:3E74H         LINE#         96
  C:3E74H         LINE#         97
  C:3E74H         LINE#         98
  C:3E76H         LINE#         99
  C:3E79H         LINE#         100
  C:3E7CH         LINE#         101
  C:3E7EH         LINE#         102
  C:3E8CH         LINE#         103
  C:3E98H         LINE#         104
  C:3EA4H         LINE#         105
  -------         ENDPROC       _ADCINIT
  -------         PROC          GETADC
  C:0003H         LINE#         107
BL51 BANKED LINKER/LOCATER V6.22.4.0                                                  09/18/2025  10:47:53  PAGE 15


  C:0003H         LINE#         108
  C:0009H         LINE#         109
  -------         ENDPROC       GETADC
  -------         PROC          _GETADCNAVACT
  D:0007H         SYMBOL        Nav_button
  -------         DO            
  D:0006H         SYMBOL        a
  -------         ENDDO         
  C:3AE4H         LINE#         111
  C:3AE4H         LINE#         112
  C:3AE4H         LINE#         113
  C:3AF4H         LINE#         114
  C:3B0FH         LINE#         115
  C:3B24H         LINE#         116
  C:3B27H         LINE#         117
  C:3B27H         LINE#         118
  C:3B29H         LINE#         119
  -------         ENDPROC       _GETADCNAVACT
  -------         ENDMOD        ADC

  -------         MODULE        DISPLAYER
  C:0000H         SYMBOL        _ICE_DUMMY_
  D:0093H         PUBLIC        P0M1
  D:0096H         PUBLIC        P2M0
  D:0080H         PUBLIC        P0
  D:0095H         PUBLIC        P2M1
  D:0090H         PUBLIC        P1
  D:00A0H         PUBLIC        P2
  D:00B0H         PUBLIC        P3
  D:00C0H         PUBLIC        P4
  D:00C8H         PUBLIC        P5
  D:00E8H         PUBLIC        P6
  D:00F8H         PUBLIC        P7
  D:00A8H         PUBLIC        IE
  D:00B8H         PUBLIC        IP
  D:00D8H         PUBLIC        CCON
  C:4461H         PUBLIC        _LedPrint
  B:00A0H.0       PUBLIC        P20
  B:00A0H.1       PUBLIC        P21
  D:0098H         PUBLIC        SCON
  B:00A0H.2       PUBLIC        P22
  D:0088H         PUBLIC        TCON
  B:00A0H.3       PUBLIC        P23
  C:4234H         PUBLIC        DisplayerInit
  X:01B6H         PUBLIC        sys_Disp
  C:4430H         PUBLIC        _SetDisplayerArea
  C:4183H         PUBLIC        _Seg7Print
  C:2546H         PUBLIC        _?sys_display_drv
  D:00D0H         PUBLIC        PSW
  D:0094H         PUBLIC        P0M0
  -------         PROC          _?SYS_DISPLAY_DRV
  C:2546H         LINE#         16
  C:2546H         LINE#         18
  C:2549H         LINE#         19
  C:2572H         LINE#         20
  C:2578H         LINE#         21
  C:257EH         LINE#         22
BL51 BANKED LINKER/LOCATER V6.22.4.0                                                  09/18/2025  10:47:53  PAGE 16


  C:2584H         LINE#         23
  C:258AH         LINE#         24
  C:2594H         LINE#         25
  C:259EH         LINE#         26
  C:25A8H         LINE#         27
  C:25B2H         LINE#         28
  C:25B4H         LINE#         29
  C:25B4H         LINE#         30
  C:25BCH         LINE#         31
  C:25E5H         LINE#         33
  C:2600H         LINE#         34
  C:2603H         LINE#         35
  C:2603H         LINE#         36
  C:261AH         LINE#         37
  C:2626H         LINE#         39
  C:262EH         LINE#         40
  -------         ENDPROC       _?SYS_DISPLAY_DRV
  -------         PROC          DISPLAYERINIT
  C:4234H         LINE#         42
  C:4234H         LINE#         43
  C:4234H         LINE#         44
  C:4237H         LINE#         45
  C:423AH         LINE#         46
  C:423DH         LINE#         47
  C:4240H         LINE#         48
  C:424EH         LINE#         49
  -------         ENDPROC       DISPLAYERINIT
  -------         PROC          _SETDISPLAYERAREA
  D:0007H         SYMBOL        Begin_of_scan
  D:0005H         SYMBOL        Ending_of_Scan
  C:4430H         LINE#         51
  C:4430H         LINE#         52
  C:4435H         LINE#         53
  C:4438H         LINE#         54
  -------         ENDPROC       _SETDISPLAYERAREA
  -------         PROC          _SEG7PRINT
  D:0007H         SYMBOL        d0
  D:0005H         SYMBOL        d1
  D:0003H         SYMBOL        d2
  D:000BH         SYMBOL        d3
  D:000CH         SYMBOL        d4
  D:000DH         SYMBOL        d5
  D:000EH         SYMBOL        d6
  D:000FH         SYMBOL        d7
  C:4183H         LINE#         56
  C:4183H         LINE#         57
  C:4188H         LINE#         58
  C:418BH         LINE#         59
  C:418EH         LINE#         60
  C:4192H         LINE#         61
  C:4196H         LINE#         62
  C:419AH         LINE#         63
  C:419EH         LINE#         64
  C:41A2H         LINE#         65
  -------         ENDPROC       _SEG7PRINT
  -------         PROC          _LEDPRINT
  D:0007H         SYMBOL        led_val
BL51 BANKED LINKER/LOCATER V6.22.4.0                                                  09/18/2025  10:47:53  PAGE 17


  C:4461H         LINE#         67
  C:4461H         LINE#         68
  C:4466H         LINE#         69
  -------         ENDPROC       _LEDPRINT
  -------         ENDMOD        DISPLAYER

  -------         MODULE        KEY
  C:0000H         SYMBOL        _ICE_DUMMY_
  D:0080H         PUBLIC        P0
  D:0090H         PUBLIC        P1
  D:00A0H         PUBLIC        P2
  D:00B0H         PUBLIC        P3
  D:00C0H         PUBLIC        P4
  D:00C8H         PUBLIC        P5
  D:00E8H         PUBLIC        P6
  D:00F8H         PUBLIC        P7
  D:00A8H         PUBLIC        IE
  D:001FH         PUBLIC        sys_keyEvent
  D:00B8H         PUBLIC        IP
  D:00D8H         PUBLIC        CCON
  C:43C7H         PUBLIC        _?sys_get_keyEvent
  D:0098H         PUBLIC        SCON
  D:0088H         PUBLIC        TCON
  C:221AH         PUBLIC        _?sys_key_drv
  C:41C3H         PUBLIC        KeyInit
  B:00B0H.2       PUBLIC        IO_Key1
  B:00B0H.3       PUBLIC        IO_Key2
  B:0090H.7       PUBLIC        IO_Key3
  C:3C39H         PUBLIC        _GetKeyAct
  X:01DAH         PUBLIC        sys_Key
  D:00D0H         PUBLIC        PSW
  -------         PROC          _?SYS_KEY_DRV
  -------         DO            
  i:0000H         SYMBOL        i
  X:01D9H         SYMBOL        counter
  -------         ENDDO         
  C:221AH         LINE#         28
  C:221CH         LINE#         31
  C:2225H         LINE#         32
  C:222EH         LINE#         33
  C:2237H         LINE#         34
  C:2242H         LINE#         35
  C:2245H         LINE#         36
  C:2257H         LINE#         37
  C:2275H         LINE#         38
  C:228EH         LINE#         39
  C:22AAH         LINE#         40
  C:22ACH         LINE#         41
  C:22ACH         LINE#         42
  C:22AEH         LINE#         44
  C:22CFH         LINE#         45
  C:22E5H         LINE#         46
  C:22E8H         LINE#         47
  C:22E8H         LINE#         48
  C:22E8H         LINE#         49
  C:231BH         LINE#         50
  C:2336H         LINE#         51
BL51 BANKED LINKER/LOCATER V6.22.4.0                                                  09/18/2025  10:47:53  PAGE 18


  C:233AH         LINE#         52
  C:233AH         LINE#         53
  -------         ENDPROC       _?SYS_KEY_DRV
  -------         PROC          _?SYS_GET_KEYEVENT
  -------         DO            
  i:0000H         SYMBOL        a
  -------         ENDDO         
  C:43C7H         LINE#         55
  C:43C9H         LINE#         57
  C:43CDH         LINE#         58
  C:43D0H         LINE#         59
  C:43D2H         LINE#         60
  -------         ENDPROC       _?SYS_GET_KEYEVENT
  -------         PROC          KEYINIT
  C:41C3H         LINE#         62
  C:41C3H         LINE#         63
  C:41C3H         LINE#         64
  C:41D1H         LINE#         65
  C:41DFH         LINE#         66
  -------         ENDPROC       KEYINIT
  -------         PROC          _GETKEYACT
  D:0007H         SYMBOL        Key
  -------         DO            
  D:0006H         SYMBOL        a
  -------         ENDDO         
  C:3C39H         LINE#         68
  C:3C39H         LINE#         69
  C:3C39H         LINE#         70
  C:3C43H         LINE#         71
  C:3C5EH         LINE#         72
  C:3C73H         LINE#         73
  C:3C76H         LINE#         74
  C:3C76H         LINE#         75
  C:3C78H         LINE#         76
  -------         ENDPROC       _GETKEYACT
  -------         ENDMOD        KEY

  -------         MODULE        SYS
  C:0000H         SYMBOL        _ICE_DUMMY_
  X:0000H         PUBLIC        count_1mS
  B:00D8H.2       PUBLIC        CCF2
  D:0080H         PUBLIC        P0
  B:0020H.1       PUBLIC        flag_1S
  D:0090H         PUBLIC        P1
  D:00A0H         PUBLIC        P2
  D:00B0H         PUBLIC        P3
  D:00C0H         PUBLIC        P4
  X:0001H         PUBLIC        T1
  D:00C8H         PUBLIC        P5
  X:0003H         PUBLIC        T2
  B:00A8H.7       PUBLIC        EA
  D:00E8H         PUBLIC        P6
  D:00F8H         PUBLIC        P7
  D:0024H         PUBLIC        IrDatNum
  B:00D8H.7       PUBLIC        CF
  B:0020H.2       PUBLIC        Ir_Coder
  B:0020H.3       PUBLIC        Ir_RxBusy
BL51 BANKED LINKER/LOCATER V6.22.4.0                                                  09/18/2025  10:47:53  PAGE 19


  D:00A8H         PUBLIC        IE
  B:0020H.4       PUBLIC        Ir_TxBusy
  X:0005H         PUBLIC        userfunccall
  D:00FAH         PUBLIC        CCAP0H
  D:00FBH         PUBLIC        CCAP1H
  C:3136H         PUBLIC        sys_task_Ir
  D:0025H         PUBLIC        IrCount_j
  D:0026H         PUBLIC        IrRx_count
  D:0027H         PUBLIC        IrProtocol
  D:00EAH         PUBLIC        CCAP0L
  D:0028H         PUBLIC        IrTx_count
  D:00EBH         PUBLIC        CCAP1L
  D:00DAH         PUBLIC        CCAPM0
  D:00DBH         PUBLIC        CCAPM1
  D:0029H         PUBLIC        MainLoops
  D:00B8H         PUBLIC        IP
  B:00D0H.7       PUBLIC        CY
  B:0020H.5       PUBLIC        flag_10mS
  D:00D8H         PUBLIC        CCON
  C:4439H         PUBLIC        GetBeepTimer
  C:391DH         PUBLIC        sys_Timer0_isr
  C:334AH         PUBLIC        _SetEventCallBack
  C:4467H         PUBLIC        MySTC_Init
  C:3C79H         PUBLIC        sys_task_100mS
  D:002DH         PUBLIC        ModBus_interval_time
  C:447FH         PUBLIC        _?ret0func
  C:38CAH         PUBLIC        GetUltraSonic
  X:0029H         PUBLIC        count_10mS
  X:002AH         PUBLIC        stcDrivers
  C:4442H         PUBLIC        _SetBeepTimer
  B:0020H.6       PUBLIC        flag_IrRxFinished
  D:0098H         PUBLIC        SCON
  C:431EH         PUBLIC        _SetCCP0
  C:3CB8H         PUBLIC        MySTC_OS
  D:0089H         PUBLIC        TMOD
  D:0088H         PUBLIC        TCON
  B:0020H.7       PUBLIC        flag_Ir
  B:00B0H.5       PUBLIC        P35
  D:002EH         PUBLIC        IrRxNum
  X:0060H         PUBLIC        SysPerformance
  D:008EH         PUBLIC        AUXR
  C:2A84H         PUBLIC        sys_CCP_isr
  C:2459H         PUBLIC        sys_task_1mS
  B:00A8H.1       PUBLIC        ET0
  C:4482H         PUBLIC        ClrBeepPin
  D:008CH         PUBLIC        TH0
  B:0021H.0       PUBLIC        flag_100mS
  X:0065H         PUBLIC        distance
  D:008AH         PUBLIC        TL0
  D:002FH         PUBLIC        PollingMisses
  X:0067H         PUBLIC        sys_BP
  B:0088H.4       PUBLIC        TR0
  C:3F36H         PUBLIC        sys_task_1S
  C:4454H         PUBLIC        GetSysPerformance
  B:0021H.1       PUBLIC        matchModBus
  X:006DH         PUBLIC        count_100mS
  B:0021H.2       PUBLIC        Ir_BitBusy
BL51 BANKED LINKER/LOCATER V6.22.4.0                                                  09/18/2025  10:47:53  PAGE 20


  D:0030H         PUBLIC        IrDat_count
  D:0031H         PUBLIC        IrMute_count
  B:0021H.3       PUBLIC        newFrame1
  C:3A9DH         PUBLIC        sys_Timer0_Init
  B:0021H.4       PUBLIC        newFrame2
  D:0032H         PUBLIC        IrDataPc
  C:000AH         PUBLIC        _?nullfunc
  B:0021H.5       PUBLIC        flag_1mS
  B:0021H.6       PUBLIC        newUS
  D:008FH         PUBLIC        INT_CLKO
  C:2F87H         PUBLIC        sys_task_10mS
  D:00D0H         PUBLIC        PSW
  B:00D8H.0       PUBLIC        CCF0
  B:00B0H.4       PUBLIC        Beep
  B:00D8H.1       PUBLIC        CCF1
  -------         PROC          _?NULLFUNC
  C:000AH         LINE#         13
  -------         ENDPROC       _?NULLFUNC
  -------         PROC          _?RET0FUNC
  C:447FH         LINE#         14
  -------         ENDPROC       _?RET0FUNC
  -------         PROC          SYS_TIMER0_INIT
  C:3A9DH         LINE#         96
  C:3A9DH         LINE#         97
  C:3AA0H         LINE#         98
  C:3AA3H         LINE#         99
  C:3AB9H         LINE#         100
  C:3ADFH         LINE#         101
  C:3AE1H         LINE#         102
  C:3AE3H         LINE#         103
  -------         ENDPROC       SYS_TIMER0_INIT
  -------         PROC          SYS_TIMER0_ISR
  -------         DO            
  D:0023H         SYMBOL        i
  -------         ENDDO         
  C:391DH         LINE#         105
  C:3921H         LINE#         107
  C:3924H         LINE#         108
  C:3927H         LINE#         109
  C:392CH         LINE#         110
  C:392EH         LINE#         111
  C:392EH         LINE#         112
  C:3934H         LINE#         113
  C:393AH         LINE#         114
  C:393DH         LINE#         115
  C:393FH         LINE#         116
  C:3942H         LINE#         117
  C:3946H         LINE#         118
  C:3948H         LINE#         119
  C:394BH         LINE#         120
  C:394DH         LINE#         122
  C:3950H         LINE#         123
  C:3952H         LINE#         124
  C:3957H         LINE#         125
  C:3957H         LINE#         126
  C:3959H         LINE#         128
  C:3962H         LINE#         129
BL51 BANKED LINKER/LOCATER V6.22.4.0                                                  09/18/2025  10:47:53  PAGE 21


  C:3964H         LINE#         130
  C:396AH         LINE#         131
  C:396AH         LINE#         132
  C:396AH         LINE#         133
  C:396AH         LINE#         134
  -------         ENDPROC       SYS_TIMER0_ISR
  -------         PROC          GETULTRASONIC
  -------         DO            
  D:000CH         SYMBOL        a
  -------         ENDDO         
  C:38CAH         LINE#         138
  C:38CAH         LINE#         139
  C:38CAH         LINE#         140
  C:38CDH         LINE#         141
  C:38CFH         LINE#         142
  C:38DEH         LINE#         143
  C:3914H         LINE#         144
  C:3914H         LINE#         145
  C:391CH         LINE#         146
  -------         ENDPROC       GETULTRASONIC
  -------         PROC          GETBEEPTIMER
  C:4439H         LINE#         148
  C:4439H         LINE#         149
  C:4441H         LINE#         150
  -------         ENDPROC       GETBEEPTIMER
  -------         PROC          _SETBEEPTIMER
  D:0006H         SYMBOL        a
  C:4442H         LINE#         152
  C:4442H         LINE#         153
  C:444AH         LINE#         154
  -------         ENDPROC       _SETBEEPTIMER
  -------         PROC          _SETCCP0
  D:0006H         SYMBOL        step
  D:0004H         SYMBOL        next
  C:431EH         LINE#         156
  C:431EH         LINE#         157
  C:4326H         LINE#         158
  C:432EH         LINE#         159
  -------         ENDPROC       _SETCCP0
  -------         PROC          CLRBEEPPIN
  C:4482H         LINE#         161
  C:4482H         LINE#         162
  C:4484H         LINE#         163
  -------         ENDPROC       CLRBEEPPIN
  -------         PROC          SYS_CCP_ISR
  -------         DO            
  B:0020H.0       SYMBOL        a
  -------         ENDDO         
  C:2A84H         LINE#         165
  C:2A97H         LINE#         167
  C:2A9EH         LINE#         168
  C:2AA5H         LINE#         169
  C:2AA8H         LINE#         170
  C:2AAAH         LINE#         171
  C:2ABAH         LINE#         172
  C:2AC1H         LINE#         173
  C:2AC4H         LINE#         174
BL51 BANKED LINKER/LOCATER V6.22.4.0                                                  09/18/2025  10:47:53  PAGE 22


  C:2AC6H         LINE#         175
  C:2AC8H         LINE#         177
  C:2ADCH         LINE#         178
  C:2ADFH         LINE#         179
  C:2AE1H         LINE#         180
  C:2AE3H         LINE#         181
  C:2AE5H         LINE#         183
  C:2AE5H         LINE#         184
  C:2AE8H         LINE#         185
  C:2AEAH         LINE#         186
  C:2AF4H         LINE#         187
  C:2AF6H         LINE#         188
  C:2AFFH         LINE#         189
  C:2B02H         LINE#         190
  C:2B14H         LINE#         191
  C:2B16H         LINE#         193
  C:2B18H         LINE#         194
  C:2B1BH         LINE#         195
  C:2B1BH         LINE#         196
  C:2B1BH         LINE#         197
  -------         ENDPROC       SYS_CCP_ISR
  -------         PROC          MYSTC_INIT
  C:4467H         LINE#         199
  C:4467H         LINE#         200
  C:446AH         LINE#         201
  C:446CH         LINE#         202
  -------         ENDPROC       MYSTC_INIT
  -------         PROC          SYS_TASK_IR
  -------         DO            
  D:0007H         SYMBOL        a
  -------         ENDDO         
  C:3136H         LINE#         204
  C:3136H         LINE#         205
  C:3136H         LINE#         206
  C:314CH         LINE#         207
  C:3153H         LINE#         208
  C:3156H         LINE#         209
  C:3159H         LINE#         210
  C:316FH         LINE#         211
  C:317FH         LINE#         212
  C:3187H         LINE#         213
  C:318AH         LINE#         214
  C:318CH         LINE#         216
  C:31A2H         LINE#         217
  C:31B6H         LINE#         218
  C:31B6H         LINE#         219
  C:31B8H         LINE#         220
  C:31BBH         LINE#         222
  C:31BBH         LINE#         224
  C:31BDH         LINE#         225
  C:31C0H         LINE#         226
  C:31C0H         LINE#         227
  -------         ENDPROC       SYS_TASK_IR
  -------         PROC          SYS_TASK_1MS
  C:2459H         LINE#         229
  C:2459H         LINE#         230
  C:2461H         LINE#         231
BL51 BANKED LINKER/LOCATER V6.22.4.0                                                  09/18/2025  10:47:53  PAGE 23


  C:2464H         LINE#         232
  C:2466H         LINE#         233
  C:246EH         LINE#         234
  C:2471H         LINE#         235
  C:2473H         LINE#         236
  C:247BH         LINE#         237
  C:247EH         LINE#         238
  C:2480H         LINE#         239
  C:2480H         LINE#         240
  C:2480H         LINE#         241
  C:2480H         LINE#         242
  C:248CH         LINE#         243
  C:2498H         LINE#         244
  C:24A4H         LINE#         245
  C:24B0H         LINE#         246
  C:24BCH         LINE#         247
  C:24C8H         LINE#         248
  C:24E3H         LINE#         249
  C:24F2H         LINE#         250
  C:24FEH         LINE#         251
  C:2500H         LINE#         252
  C:2500H         LINE#         253
  C:2507H         LINE#         254
  C:250AH         LINE#         255
  C:2519H         LINE#         256
  C:251BH         LINE#         257
  C:251BH         LINE#         258
  C:251DH         LINE#         260
  C:252CH         LINE#         261
  C:2538H         LINE#         262
  C:253AH         LINE#         263
  C:253AH         LINE#         264
  C:253AH         LINE#         265
  -------         ENDPROC       SYS_TASK_1MS
  -------         PROC          SYS_TASK_10MS
  C:2F87H         LINE#         268
  C:2F87H         LINE#         269
  C:2F93H         LINE#         270
  C:2F9FH         LINE#         271
  C:2FABH         LINE#         272
  C:2FB7H         LINE#         273
  C:2FD2H         LINE#         274
  C:2FEDH         LINE#         275
  C:3008H         LINE#         276
  C:300BH         LINE#         277
  C:300DH         LINE#         278
  C:3019H         LINE#         279
  C:3019H         LINE#         280
  -------         ENDPROC       SYS_TASK_10MS
  -------         PROC          SYS_TASK_100MS
  C:3C79H         LINE#         282
  C:3C79H         LINE#         283
  C:3C85H         LINE#         284
  C:3CA0H         LINE#         285
  C:3CACH         LINE#         286
  -------         ENDPROC       SYS_TASK_100MS
  -------         PROC          SYS_TASK_1S
BL51 BANKED LINKER/LOCATER V6.22.4.0                                                  09/18/2025  10:47:53  PAGE 24


  C:3F36H         LINE#         289
  C:3F36H         LINE#         290
  C:3F44H         LINE#         291
  C:3F4AH         LINE#         292
  C:3F53H         LINE#         293
  C:3F55H         LINE#         294
  -------         ENDPROC       SYS_TASK_1S
  -------         PROC          MYSTC_OS
  C:3CB8H         LINE#         297
  C:3CB8H         LINE#         298
  C:3CC0H         LINE#         299
  C:3CC8H         LINE#         300
  C:3CD0H         LINE#         301
  C:3CD8H         LINE#         302
  C:3CE0H         LINE#         303
  C:3CF5H         LINE#         306
  -------         ENDPROC       MYSTC_OS
  -------         PROC          _SETEVENTCALLBACK
  D:0007H         SYMBOL        event
  D:0008H         SYMBOL        user_callback
  C:334AH         LINE#         308
  C:3350H         LINE#         309
  C:3381H         LINE#         310
  C:3384H         LINE#         311
  C:3386H         LINE#         312
  C:3389H         LINE#         313
  C:338BH         LINE#         314
  C:338EH         LINE#         315
  C:3390H         LINE#         316
  C:3393H         LINE#         317
  C:3395H         LINE#         318
  C:3398H         LINE#         319
  C:339AH         LINE#         320
  C:339DH         LINE#         321
  C:339FH         LINE#         322
  C:33A2H         LINE#         323
  C:33A4H         LINE#         324
  C:33A7H         LINE#         325
  C:33A9H         LINE#         326
  C:33ACH         LINE#         327
  C:33AEH         LINE#         328
  C:33B1H         LINE#         329
  C:33B3H         LINE#         330
  C:33B6H         LINE#         331
  C:33B8H         LINE#         332
  C:33C6H         LINE#         333
  C:33C6H         LINE#         334
  C:33C6H         LINE#         335
  C:33C6H         LINE#         336
  -------         ENDPROC       _SETEVENTCALLBACK
  -------         PROC          GETSYSPERFORMANCE
  C:4454H         LINE#         338
  C:4454H         LINE#         339
  C:445AH         LINE#         340
  -------         ENDPROC       GETSYSPERFORMANCE
  -------         ENDMOD        SYS

BL51 BANKED LINKER/LOCATER V6.22.4.0                                                  09/18/2025  10:47:53  PAGE 25


  -------         MODULE        MUSIC
  C:0000H         SYMBOL        _ICE_DUMMY_
  D:0080H         PUBLIC        P0
  D:0090H         PUBLIC        P1
  D:00A0H         PUBLIC        P2
  D:00B0H         PUBLIC        P3
  D:00C0H         PUBLIC        P4
  D:00C8H         PUBLIC        P5
  D:00E8H         PUBLIC        P6
  D:00F8H         PUBLIC        P7
  C:436FH         PUBLIC        MusicPlayerInit
  D:00A8H         PUBLIC        IE
  C:0D8EH         PUBLIC        _?sys_music_drv
  D:00B8H         PUBLIC        IP
  C:446DH         PUBLIC        GetPlayerMode
  X:01A9H         PUBLIC        music
  D:00D8H         PUBLIC        CCON
  C:3FE0H         PUBLIC        _SetPlayerMode
  C:29DAH         PUBLIC        _PlayTone
  C:381CH         PUBLIC        _SetMusic
  D:0098H         PUBLIC        SCON
  D:0088H         PUBLIC        TCON
  B:0022H.0       PUBLIC        beat_dir
  D:00D0H         PUBLIC        PSW
  -------         PROC          _PLAYTONE
  D:0008H         SYMBOL        tone
  D:0009H         SYMBOL        beatsPM
  D:000AH         SYMBOL        scale
  D:000BH         SYMBOL        beats
  -------         DO            
  D:000CH         SYMBOL        freq
  D:0004H         SYMBOL        playtime
  C:20F4H         SYMBOL        sound_freq
  -------         ENDDO         
  C:29DAH         LINE#         22
  C:29E0H         LINE#         23
  C:29E0H         LINE#         34
  C:29E9H         LINE#         35
  C:2A1EH         LINE#         36
  C:2A21H         LINE#         37
  C:2A62H         LINE#         38
  C:2A67H         LINE#         39
  C:2A7CH         LINE#         40
  C:2A83H         LINE#         41
  C:2A83H         LINE#         42
  -------         ENDPROC       _PLAYTONE
  -------         PROC          _?SYS_MUSIC_DRV
  -------         DO            
  i:0000H         SYMBOL        a
  i:0001H         SYMBOL        b
  X:01A6H         SYMBOL        scale
  X:01A7H         SYMBOL        repeat_pt
  -------         ENDDO         
  C:0D8EH         LINE#         44
  C:0D92H         LINE#         48
  C:0DB3H         LINE#         49
  C:0DB7H         LINE#         50
BL51 BANKED LINKER/LOCATER V6.22.4.0                                                  09/18/2025  10:47:53  PAGE 26


  C:0DC1H         LINE#         52
  C:0DC1H         LINE#         54
  C:0DDDH         LINE#         55
  C:0E1BH         LINE#         56
  C:0E3AH         LINE#         57
  C:0E4CH         LINE#         58
  C:0E61H         LINE#         59
  C:0E78H         LINE#         60
  C:0EA4H         LINE#         61
  C:0EC7H         LINE#         62
  C:0ECFH         LINE#         63
  C:0ED1H         LINE#         64
  C:0ED8H         LINE#         65
  C:0ED8H         LINE#         67
  C:0EF0H         LINE#         68
  C:0EF9H         LINE#         69
  C:0F1BH         LINE#         70
  C:0F38H         LINE#         71
  C:0F59H         LINE#         72
  C:0F67H         LINE#         73
  C:0F69H         LINE#         74
  C:0F8AH         LINE#         75
  C:0F98H         LINE#         76
  C:0F9BH         LINE#         77
  C:0F9BH         LINE#         78
  C:0F9BH         LINE#         79
  C:0F9BH         LINE#         80
  C:0FBCH         LINE#         81
  C:0FBFH         LINE#         82
  C:0FD2H         LINE#         83
  C:0FD5H         LINE#         84
  C:0FF2H         LINE#         85
  C:1000H         LINE#         86
  C:1003H         LINE#         87
  C:1011H         LINE#         88
  C:1014H         LINE#         89
  C:1014H         LINE#         90
  C:1014H         LINE#         91
  C:1029H         LINE#         92
  C:104AH         LINE#         93
  C:1077H         LINE#         94
  C:1077H         LINE#         95
  C:1077H         LINE#         96
  C:1079H         LINE#         98
  C:107FH         LINE#         100
  C:107FH         LINE#         101
  -------         ENDPROC       _?SYS_MUSIC_DRV
  -------         PROC          MUSICPLAYERINIT
  C:436FH         LINE#         103
  C:436FH         LINE#         104
  C:436FH         LINE#         105
  C:437DH         LINE#         106
  -------         ENDPROC       MUSICPLAYERINIT
  -------         PROC          _SETMUSIC
  D:0007H         SYMBOL        beatsPM
  D:0005H         SYMBOL        tone
  D:0001H         SYMBOL        pt
BL51 BANKED LINKER/LOCATER V6.22.4.0                                                  09/18/2025  10:47:53  PAGE 27


  D:000DH         SYMBOL        datasize
  D:000FH         SYMBOL        display
  C:381CH         LINE#         108
  C:381CH         LINE#         109
  C:3823H         LINE#         110
  C:382AH         LINE#         111
  C:382EH         LINE#         112
  C:3830H         LINE#         113
  C:3830H         LINE#         114
  C:3837H         LINE#         115
  C:383EH         LINE#         116
  C:3858H         LINE#         117
  C:3863H         LINE#         118
  C:386BH         LINE#         119
  C:386BH         LINE#         120
  C:3873H         LINE#         122
  -------         ENDPROC       _SETMUSIC
  -------         PROC          _SETPLAYERMODE
  D:0007H         SYMBOL        play_ctrl
  C:3FE0H         LINE#         124
  C:3FE0H         LINE#         125
  C:4002H         LINE#         126
  C:4007H         LINE#         127
  -------         ENDPROC       _SETPLAYERMODE
  -------         PROC          GETPLAYERMODE
  C:446DH         LINE#         129
  C:446DH         LINE#         130
  C:4472H         LINE#         131
  -------         ENDPROC       GETPLAYERMODE
  -------         ENDMOD        MUSIC

  -------         MODULE        EXT
  C:0000H         SYMBOL        _ICE_DUMMY_
  D:0080H         PUBLIC        P0
  D:0090H         PUBLIC        P1
  D:00A0H         PUBLIC        P2
  D:00B0H         PUBLIC        P3
  D:00C0H         PUBLIC        P4
  D:00C8H         PUBLIC        P5
  D:00E8H         PUBLIC        P6
  X:01CEH         PUBLIC        EXTmodel
  D:00F8H         PUBLIC        P7
  C:3DA7H         PUBLIC        _EXTInit
  C:37C3H         PUBLIC        ReadCount
  D:00A2H         PUBLIC        P_SW1
  C:444BH         PUBLIC        GetWeight
  D:00A8H         PUBLIC        IE
  X:01CFH         PUBLIC        T_Pout1
  X:01D1H         PUBLIC        T_Pout2
  B:00D8H.6       PUBLIC        CR
  X:01D3H         PUBLIC        resultEXT
  D:00DBH         PUBLIC        CCAPM1
  D:00B8H         PUBLIC        IP
  C:301AH         PUBLIC        _SetPWM
  D:00D9H         PUBLIC        CMOD
  D:00D8H         PUBLIC        CCON
  D:0098H         PUBLIC        SCON
BL51 BANKED LINKER/LOCATER V6.22.4.0                                                  09/18/2025  10:47:53  PAGE 28


  D:0088H         PUBLIC        TCON
  B:0090H.0       PUBLIC        DOUT
  D:00E0H         PUBLIC        ACC
  B:0090H.1       PUBLIC        PD_SCK
  X:01D5H         PUBLIC        T_PWM1
  X:01D7H         PUBLIC        T_PWM2
  C:262FH         PUBLIC        _?sys_EXT_drv
  C:432FH         PUBLIC        GetDecode
  D:00D0H         PUBLIC        PSW
  -------         PROC          _SETPWM
  D:0002H         SYMBOL        PWM1
  D:0005H         SYMBOL        freq1
  D:000AH         SYMBOL        PWM2
  D:000BH         SYMBOL        freq2
  C:301AH         LINE#         25
  C:301EH         LINE#         26
  C:302FH         LINE#         27
  C:3041H         LINE#         28
  C:3075H         LINE#         29
  C:30A9H         LINE#         30
  -------         ENDPROC       _SETPWM
  -------         PROC          READCOUNT
  -------         DO            
  D:0008H         SYMBOL        Count
  D:000CH         SYMBOL        i
  -------         ENDDO         
  C:37C3H         LINE#         35
  C:37C3H         LINE#         36
  C:37C3H         LINE#         38
  C:37CCH         LINE#         39
  C:37CEH         LINE#         40
  C:37D0H         LINE#         41
  C:37E5H         LINE#         42
  C:37E6H         LINE#         43
  C:37E8H         LINE#         44
  C:3800H         LINE#         45
  C:3807H         LINE#         46
  C:3808H         LINE#         47
  C:380AH         LINE#         48
  C:380BH         LINE#         49
  C:380CH         LINE#         50
  C:380EH         LINE#         51
  C:381BH         LINE#         52
  -------         ENDPROC       READCOUNT
  -------         PROC          GETWEIGHT
  C:444BH         LINE#         54
  C:444BH         LINE#         55
  C:4453H         LINE#         56
  -------         ENDPROC       GETWEIGHT
  -------         PROC          GETDECODE
  -------         DO            
  D:0006H         SYMBOL        a
  -------         ENDDO         
  C:432FH         LINE#         58
  C:432FH         LINE#         59
  C:432FH         LINE#         60
  C:4337H         LINE#         61
BL51 BANKED LINKER/LOCATER V6.22.4.0                                                  09/18/2025  10:47:53  PAGE 29


  C:433EH         LINE#         62
  C:433EH         LINE#         63
  -------         ENDPROC       GETDECODE
  -------         PROC          _?SYS_EXT_DRV
  -------         DO            
  D:003CH         SYMBOL        i
  D:003EH         SYMBOL        j
  D:0040H         SYMBOL        oldPin1
  D:0041H         SYMBOL        UStimer
  -------         ENDDO         
  C:262FH         LINE#         65
  C:262FH         LINE#         69
  C:2635H         LINE#         70
  C:2639H         LINE#         71
  C:2644H         LINE#         72
  C:2644H         LINE#         73
  C:264DH         LINE#         74
  C:2669H         LINE#         75
  C:267EH         LINE#         76
  C:269AH         LINE#         77
  C:26AFH         LINE#         78
  C:26AFH         LINE#         79
  C:26B4H         LINE#         80
  C:26CBH         LINE#         81
  C:26ECH         LINE#         82
  C:26F2H         LINE#         83
  C:26F2H         LINE#         84
  C:26F9H         LINE#         85
  C:26FFH         LINE#         86
  C:2704H         LINE#         87
  C:2706H         LINE#         88
  C:2709H         LINE#         89
  C:2709H         LINE#         90
  C:2712H         LINE#         91
  C:2715H         LINE#         92
  C:2715H         LINE#         93
  -------         ENDPROC       _?SYS_EXT_DRV
  -------         PROC          _EXTINIT
  D:0007H         SYMBOL        EXTfunction
  C:3DA7H         LINE#         95
  C:3DA7H         LINE#         96
  C:3DA7H         LINE#         97
  C:3DACH         LINE#         98
  C:3DB2H         LINE#         99
  C:3DB4H         LINE#         100
  C:3DBBH         LINE#         101
  C:3DBDH         LINE#         102
  C:3DBFH         LINE#         103
  C:3DC1H         LINE#         104
  C:3DC4H         LINE#         105
  C:3DC7H         LINE#         106
  C:3DC9H         LINE#         107
  C:3DCBH         LINE#         108
  C:3DCEH         LINE#         109
  C:3DDCH         LINE#         110
  -------         ENDPROC       _EXTINIT
  -------         ENDMOD        EXT
BL51 BANKED LINKER/LOCATER V6.22.4.0                                                  09/18/2025  10:47:53  PAGE 30



  -------         MODULE        UART2
  C:0000H         SYMBOL        _ICE_DUMMY_
  D:0044H         PUBLIC        ModBus_Interval_Min
  D:0080H         PUBLIC        P0
  C:1C46H         PUBLIC        Uart2_isr
  D:0090H         PUBLIC        P1
  D:00A0H         PUBLIC        P2
  D:00B0H         PUBLIC        P3
  D:00C0H         PUBLIC        P4
  D:00C8H         PUBLIC        P5
  D:00E8H         PUBLIC        P6
  D:00F8H         PUBLIC        P7
  D:00BAH         PUBLIC        P_SW2
  D:00A8H         PUBLIC        IE
  D:00DBH         PUBLIC        CCAPM1
  D:00B8H         PUBLIC        IP
  C:0042H         PUBLIC        _?nullfunc0
  D:00D8H         PUBLIC        CCON
  C:3EA5H         PUBLIC        _SetUart2Rxd
  B:0090H.0       PUBLIC        P10
  B:0090H.1       PUBLIC        P11
  D:0098H         PUBLIC        SCON
  D:0088H         PUBLIC        TCON
  D:00AFH         PUBLIC        IE2
  D:008EH         PUBLIC        AUXR
  C:43FBH         PUBLIC        GetUart2TxStatus
  D:00D6H         PUBLIC        T2H
  B:00B0H.7       PUBLIC        M485_TxEn
  D:00D7H         PUBLIC        T2L
  C:3F07H         PUBLIC        _Uart2Print
  D:009BH         PUBLIC        S2BUF
  D:009AH         PUBLIC        S2CON
  C:27CCH         PUBLIC        _Uart2Init
  D:0045H         PUBLIC        Uart2usage
  C:437EH         PUBLIC        _?sys_get_Uart2RxdEvent
  X:0156H         PUBLIC        com2
  D:00D0H         PUBLIC        PSW
  -------         PROC          UART2_ISR
  C:1C46H         LINE#         19
  C:1C63H         LINE#         20
  C:1C68H         LINE#         21
  C:1C6BH         LINE#         22
  C:1C9FH         LINE#         24
  C:1CA4H         LINE#         25
  C:1CAAH         LINE#         26
  C:1CAAH         LINE#         27
  C:1CAAH         LINE#         29
  C:1CB2H         LINE#         30
  C:1CB5H         LINE#         31
  C:1CB8H         LINE#         32
  C:1CBAH         LINE#         33
  C:1CC1H         LINE#         34
  C:1CC3H         LINE#         35
  C:1CC3H         LINE#         36
  C:1CCCH         LINE#         37
  C:1CE0H         LINE#         38
BL51 BANKED LINKER/LOCATER V6.22.4.0                                                  09/18/2025  10:47:53  PAGE 31


  C:1CF4H         LINE#         39
  C:1D03H         LINE#         40
  C:1D11H         LINE#         41
  C:1D43H         LINE#         42
  C:1D51H         LINE#         43
  C:1D51H         LINE#         44
  C:1D54H         LINE#         45
  C:1D57H         LINE#         47
  C:1D6BH         LINE#         48
  C:1D7FH         LINE#         49
  C:1D8EH         LINE#         50
  C:1D9CH         LINE#         51
  C:1DD4H         LINE#         52
  C:1DE2H         LINE#         53
  C:1DE2H         LINE#         54
  C:1DFDH         LINE#         55
  C:1DFDH         LINE#         56
  C:1DFDH         LINE#         57
  -------         ENDPROC       UART2_ISR
  -------         PROC          _?SYS_GET_UART2RXDEVENT
  -------         DO            
  i:0000H         SYMBOL        a
  -------         ENDDO         
  C:437EH         LINE#         59
  C:4380H         LINE#         61
  C:4388H         LINE#         62
  C:438AH         LINE#         63
  C:438AH         LINE#         64
  -------         ENDPROC       _?SYS_GET_UART2RXDEVENT
  -------         PROC          _?NULLFUNC0
  C:0042H         LINE#         66
  -------         ENDPROC       _?NULLFUNC0
  -------         PROC          _UART2INIT
  D:0008H         SYMBOL        band
  D:000CH         SYMBOL        Uart2mode
  C:27CCH         LINE#         68
  C:27D4H         LINE#         69
  C:27D4H         LINE#         72
  C:27D7H         LINE#         73
  C:27DDH         LINE#         74
  C:27E0H         LINE#         75
  C:27E4H         LINE#         76
  C:27F2H         LINE#         77
  C:27F5H         LINE#         78
  C:27F7H         LINE#         79
  C:27F9H         LINE#         80
  C:27FBH         LINE#         82
  C:27FDH         LINE#         83
  C:2811H         LINE#         84
  C:2818H         LINE#         85
  C:281BH         LINE#         86
  C:281BH         LINE#         88
  C:281EH         LINE#         89
  C:283DH         LINE#         90
  C:286CH         LINE#         91
  C:286FH         LINE#         92
  C:2872H         LINE#         93
BL51 BANKED LINKER/LOCATER V6.22.4.0                                                  09/18/2025  10:47:53  PAGE 32


  C:2880H         LINE#         94
  -------         ENDPROC       _UART2INIT
  -------         PROC          _SETUART2RXD
  D:0001H         SYMBOL        RxdPt
  D:0004H         SYMBOL        Nmax
  D:000DH         SYMBOL        matchhead
  D:0010H         SYMBOL        matchheadsize
  C:3EA5H         LINE#         96
  C:3EA5H         LINE#         97
  C:3EB0H         LINE#         98
  C:3EB6H         LINE#         99
  C:3EC0H         LINE#         100
  C:3ECEH         LINE#         101
  C:3ED0H         LINE#         102
  C:3ED5H         LINE#         103
  -------         ENDPROC       _SETUART2RXD
  -------         PROC          _UART2PRINT
  D:0001H         SYMBOL        pt
  D:0004H         SYMBOL        num
  C:3F07H         LINE#         105
  C:3F07H         LINE#         106
  C:3F0DH         LINE#         107
  C:3F18H         LINE#         108
  C:3F1DH         LINE#         109
  C:3F23H         LINE#         110
  C:3F27H         LINE#         112
  C:3F2DH         LINE#         113
  C:3F30H         LINE#         114
  C:3F33H         LINE#         115
  C:3F33H         LINE#         116
[...]
  C:414DH         LINE#         62
  C:414FH         LINE#         63
  C:4150H         LINE#         64
  C:4151H         LINE#         65
  C:4152H         LINE#         66
  C:4156H         LINE#         67
  C:4158H         LINE#         68
  C:4159H         LINE#         69
  C:415AH         LINE#         70
  C:415BH         LINE#         71
  C:415DH         LINE#         72
  C:415EH         LINE#         73
  C:415FH         LINE#         74
  C:4160H         LINE#         75
  -------         ENDPROC       _WRITEBYTE
  -------         PROC          READBYTE
  -------         DO            
  D:0006H         SYMBOL        i
  D:0007H         SYMBOL        k
  -------         ENDDO         
  C:4161H         LINE#         77
  C:4161H         LINE#         78
  C:4161H         LINE#         79
  C:4163H         LINE#         80
  C:4164H         LINE#         81
  C:4165H         LINE#         82
BL51 BANKED LINKER/LOCATER V6.22.4.0                                                  09/18/2025  10:47:53  PAGE 57


  C:4166H         LINE#         83
  C:4168H         LINE#         84
  C:4169H         LINE#         85
  C:416BH         LINE#         86
  C:416DH         LINE#         87
  C:416EH         LINE#         88
  C:416FH         LINE#         89
  C:4179H         LINE#         90
  C:417AH         LINE#         91
  C:417BH         LINE#         92
  C:417DH         LINE#         93
  C:417EH         LINE#         94
  C:4182H         LINE#         95
  C:4182H         LINE#         96
  -------         ENDPROC       READBYTE
  -------         PROC          _M24C02_WRITE
  D:0004H         SYMBOL        NVM_addr
  D:0005H         SYMBOL        NVM_data
  C:4295H         LINE#         98
  C:4297H         LINE#         99
  C:429AH         LINE#         100
  C:429FH         LINE#         101
  C:42A2H         LINE#         102
  C:42A4H         LINE#         103
  C:42A4H         LINE#         104
  C:42A4H         LINE#         105
  C:42A7H         LINE#         106
  -------         ENDPROC       _M24C02_WRITE
  -------         PROC          _M24C02_READ
  D:0005H         SYMBOL        NVM_addr
  -------         DO            
  D:0007H         SYMBOL        date
  -------         ENDDO         
  C:41E0H         LINE#         109
  C:41E2H         LINE#         110
  C:41E2H         LINE#         111
  C:41E5H         LINE#         112
  C:41E7H         LINE#         113
  C:41E7H         LINE#         114
  C:41E7H         LINE#         115
  C:41EAH         LINE#         116
  C:41EDH         LINE#         117
  C:41F2H         LINE#         118
  C:41F5H         LINE#         119
  C:41F8H         LINE#         120
  C:41FBH         LINE#         121
  C:41FBH         LINE#         122
  -------         ENDPROC       _M24C02_READ
  -------         ENDMOD        M24C02

  -------         MODULE        FM_RADIO
  C:0000H         SYMBOL        _ICE_DUMMY_
  D:0080H         PUBLIC        P0
  D:0090H         PUBLIC        P1
  D:00A0H         PUBLIC        P2
  D:00B0H         PUBLIC        P3
  D:00C0H         PUBLIC        P4
BL51 BANKED LINKER/LOCATER V6.22.4.0                                                  09/18/2025  10:47:53  PAGE 58


  D:00C8H         PUBLIC        P5
  D:00E8H         PUBLIC        P6
  D:00F8H         PUBLIC        P7
  D:00A8H         PUBLIC        IE
  B:00A0H.7       PUBLIC        FM_DATA
  C:42DCH         PUBLIC        _delay
  D:00B8H         PUBLIC        IP
  C:42E6H         PUBLIC        IIC_Radio_Start
  C:40D0H         PUBLIC        FMRadioInit
  D:00D8H         PUBLIC        CCON
  C:36B3H         PUBLIC        GetFMRadio
  C:4080H         PUBLIC        _IIC_Radio_WriteByte
  C:43EFH         PUBLIC        IIC_Radio_Stop
  C:2716H         PUBLIC        SetFMRadio
  D:0098H         PUBLIC        SCON
  D:0088H         PUBLIC        TCON
  X:01ECH         PUBLIC        Radio_Write_Data
  X:01F4H         PUBLIC        flag_SetFM
  C:41FCH         PUBLIC        IIC_Radio_ACK
  B:00C0H.5       PUBLIC        FM_CLOCK
  C:3B6FH         PUBLIC        _?sys_FMRadio_drv
  D:00D0H         PUBLIC        PSW
  C:42D3H         SYMBOL        L?0043
  -------         PROC          L?0042
  -------         ENDPROC       L?0042
  C:42D3H         SYMBOL        L?0043
  -------         PROC          _DELAY
  D:0007H         SYMBOL        i
  C:42DCH         LINE#         22
  C:42DCH         LINE#         23
  C:42E2H         LINE#         24
  C:42E5H         LINE#         25
  -------         ENDPROC       _DELAY
  -------         PROC          IIC_RADIO_START
  C:42E6H         LINE#         28
  C:42E6H         LINE#         29
  C:42E8H         LINE#         30
  C:42E8H         LINE#         31
  C:42E8H         LINE#         32
  C:42EBH         LINE#         33
  C:42EDH         LINE#         34
  C:42F2H         LINE#         35
  C:42F4H         LINE#         36
  -------         ENDPROC       IIC_RADIO_START
  -------         PROC          IIC_RADIO_STOP
  C:43EFH         LINE#         39
  C:43EFH         LINE#         40
  C:43F1H         LINE#         41
  C:43F1H         LINE#         42
  C:43F1H         LINE#         43
  C:43F4H         LINE#         44
  C:43F6H         LINE#         45
  -------         ENDPROC       IIC_RADIO_STOP
  -------         PROC          IIC_RADIO_ACK
  -------         DO            
  D:0007H         SYMBOL        i
  -------         ENDDO         
BL51 BANKED LINKER/LOCATER V6.22.4.0                                                  09/18/2025  10:47:53  PAGE 59


  C:41FCH         LINE#         48
  C:41FCH         LINE#         49
  C:41FEH         LINE#         50
  C:4200H         LINE#         51
  C:420CH         LINE#         52
  C:4211H         LINE#         53
  C:4213H         LINE#         54
  -------         ENDPROC       IIC_RADIO_ACK
  -------         PROC          _IIC_RADIO_WRITEBYTE
  D:0005H         SYMBOL        Data
  -------         DO            
  D:0003H         SYMBOL        i
  -------         ENDDO         
  C:4080H         LINE#         57
  C:4082H         LINE#         58
  C:4082H         LINE#         59
  C:4084H         LINE#         60
  C:4086H         LINE#         61
  C:408BH         LINE#         62
  C:408FH         LINE#         63
  C:4093H         LINE#         64
  C:4093H         LINE#         65
  C:4093H         LINE#         66
  C:4096H         LINE#         67
  C:409AH         LINE#         68
  C:409CH         LINE#         69
  C:40A1H         LINE#         70
  C:40A3H         LINE#         71
  -------         ENDPROC       _IIC_RADIO_WRITEBYTE
  -------         PROC          _?SYS_FMRADIO_DRV
  -------         DO            
  i:0000H         SYMBOL        i
  -------         ENDDO         
  C:3B6FH         LINE#         74
  C:3B71H         LINE#         76
  C:3B79H         LINE#         77
  C:3B7CH         LINE#         78
  C:3B81H         LINE#         79
  C:3B84H         LINE#         80
  C:3B91H         LINE#         81
  C:3BA0H         LINE#         82
  C:3BA3H         LINE#         83
  C:3BA8H         LINE#         84
  C:3BABH         LINE#         85
  C:3BB0H         LINE#         86
  C:3BB0H         LINE#         87
  -------         ENDPROC       _?SYS_FMRADIO_DRV
  -------         PROC          GETFMRADIO
  -------         DO            
  D:0014H         SYMBOL        FM
  D:0007H         SYMBOL        chan
  -------         ENDDO         
  C:36B3H         LINE#         89
  C:36B3H         LINE#         90
  C:36B3H         LINE#         92
  C:36C4H         LINE#         93
  C:36CDH         LINE#         94
BL51 BANKED LINKER/LOCATER V6.22.4.0                                                  09/18/2025  10:47:53  PAGE 60


  C:36D5H         LINE#         95
  C:36DCH         LINE#         96
  C:36EAH         LINE#         97
  C:36F9H         LINE#         98
  C:3708H         LINE#         99
  C:370EH         LINE#         100
  -------         ENDPROC       GETFMRADIO
  -------         PROC          SETFMRADIO
  D:000EH         SYMBOL        FM
  -------         DO            
  D:0005H         SYMBOL        a
  -------         ENDDO         
  C:2716H         LINE#         102
  C:2716H         LINE#         103
  C:2716H         LINE#         104
  C:274CH         LINE#         105
  C:2751H         LINE#         106
  C:2759H         LINE#         107
  C:2766H         LINE#         108
  C:276CH         LINE#         109
  C:276CH         LINE#         110
  C:2794H         LINE#         111
  C:27A1H         LINE#         112
  C:27A5H         LINE#         113
  C:27A5H         LINE#         114
  C:27A7H         LINE#         115
  C:27AEH         LINE#         116
  C:27B5H         LINE#         117
  C:27BCH         LINE#         118
  C:27C3H         LINE#         119
  C:27C5H         LINE#         120
  C:27CBH         LINE#         121
  C:27CBH         LINE#         122
  -------         ENDPROC       SETFMRADIO
  -------         PROC          FMRADIOINIT
  D:0008H         SYMBOL        FM
  C:40D0H         LINE#         124
  C:40D0H         LINE#         125
  C:40D0H         LINE#         126
  C:40E6H         LINE#         127
  C:40F4H         LINE#         128
  -------         ENDPROC       FMRADIOINIT
  -------         ENDMOD        FM_RADIO

  -------         MODULE        UART1
  C:0000H         SYMBOL        _ICE_DUMMY_
  C:1FC4H         PUBLIC        Uart1_isr
  D:0080H         PUBLIC        P0
  D:0090H         PUBLIC        P1
  D:00A0H         PUBLIC        P2
  D:00B0H         PUBLIC        P3
  D:00C0H         PUBLIC        P4
  D:00C8H         PUBLIC        P5
  D:00E8H         PUBLIC        P6
  D:00F8H         PUBLIC        P7
  D:00A8H         PUBLIC        IE
  B:00A8H.4       PUBLIC        ES
BL51 BANKED LINKER/LOCATER V6.22.4.0                                                  09/18/2025  10:47:53  PAGE 61


  D:00B8H         PUBLIC        IP
  B:0098H.0       PUBLIC        RI
  B:0098H.1       PUBLIC        TI
  D:00D8H         PUBLIC        CCON
  C:3ED6H         PUBLIC        _SetUart1Rxd
  D:0099H         PUBLIC        SBUF
  D:0098H         PUBLIC        SCON
  D:0089H         PUBLIC        TMOD
  D:0088H         PUBLIC        TCON
  D:008EH         PUBLIC        AUXR
  C:441CH         PUBLIC        GetUart1TxStatus
  B:00A8H.3       PUBLIC        ET1
  D:008DH         PUBLIC        TH1
  D:008BH         PUBLIC        TL1
  B:0088H.6       PUBLIC        TR1
  C:40A8H         PUBLIC        _Uart1Print
  C:343FH         PUBLIC        _Uart1Init
  C:438DH         PUBLIC        _?sys_get_Uart1RxdEvent
  X:016BH         PUBLIC        com1
  D:00D0H         PUBLIC        PSW
  -------         PROC          UART1_ISR
  C:1FC4H         LINE#         10
  C:1FE1H         LINE#         11
  C:1FE4H         LINE#         12
  C:1FE6H         LINE#         13
  C:201AH         LINE#         14
  C:201FH         LINE#         15
  C:201FH         LINE#         16
  C:2025H         LINE#         17
  C:2027H         LINE#         18
  C:202AH         LINE#         19
  C:202CH         LINE#         20
  C:2033H         LINE#         21
  C:2033H         LINE#         22
  C:2047H         LINE#         23
  C:205BH         LINE#         24
  C:206AH         LINE#         25
  C:2078H         LINE#         26
  C:20B0H         LINE#         27
  C:20BEH         LINE#         28
  C:20BEH         LINE#         29
  C:20D9H         LINE#         30
  C:20D9H         LINE#         31
  -------         ENDPROC       UART1_ISR
  -------         PROC          _?SYS_GET_UART1RXDEVENT
  -------         DO            
  i:0000H         SYMBOL        a
  -------         ENDDO         
  C:438DH         LINE#         33
  C:438FH         LINE#         35
  C:4397H         LINE#         36
  C:4399H         LINE#         37
  C:4399H         LINE#         38
  -------         ENDPROC       _?SYS_GET_UART1RXDEVENT
  -------         PROC          _UART1INIT
  D:0008H         SYMBOL        band
  C:343FH         LINE#         40
BL51 BANKED LINKER/LOCATER V6.22.4.0                                                  09/18/2025  10:47:53  PAGE 62


  C:3447H         LINE#         41
  C:3447H         LINE#         43
  C:344AH         LINE#         44
  C:344DH         LINE#         45
  C:3450H         LINE#         46
  C:3453H         LINE#         47
  C:3472H         LINE#         48
  C:34A1H         LINE#         49
  C:34A3H         LINE#         50
  C:34A5H         LINE#         51
  C:34A7H         LINE#         52
  C:34B5H         LINE#         53
  -------         ENDPROC       _UART1INIT
  -------         PROC          _SETUART1RXD
  D:0001H         SYMBOL        RxdPt
  D:0004H         SYMBOL        Nmax
  D:000DH         SYMBOL        matchhead
  D:0010H         SYMBOL        matchheadsize
  C:3ED6H         LINE#         55
  C:3ED6H         LINE#         56
  C:3EE1H         LINE#         57
  C:3EE7H         LINE#         58
  C:3EF1H         LINE#         59
  C:3EFFH         LINE#         60
  C:3F01H         LINE#         61
  C:3F06H         LINE#         62
  -------         ENDPROC       _SETUART1RXD
  -------         PROC          _UART1PRINT
  D:0001H         SYMBOL        pt
  D:0004H         SYMBOL        num
  C:40A8H         LINE#         64
  C:40A8H         LINE#         65
  C:40AEH         LINE#         66
  C:40B9H         LINE#         67
  C:40BEH         LINE#         68
  C:40C4H         LINE#         69
  C:40C8H         LINE#         70
  C:40CAH         LINE#         71
  C:40CDH         LINE#         72
  C:40CDH         LINE#         73
  C:40CFH         LINE#         74
  -------         ENDPROC       _UART1PRINT
  -------         PROC          GETUART1TXSTATUS
  C:441CH         LINE#         76
  C:441CH         LINE#         77
  C:4424H         LINE#         78
  C:4426H         LINE#         79
  -------         ENDPROC       GETUART1TXSTATUS
  -------         ENDMOD        UART1

  -------         MODULE        ?C?COPY
  C:094AH         PUBLIC        ?C?COPY
  -------         ENDMOD        ?C?COPY

  -------         MODULE        ?C?CLDPTR
  C:0970H         PUBLIC        ?C?CLDPTR
  -------         ENDMOD        ?C?CLDPTR
BL51 BANKED LINKER/LOCATER V6.22.4.0                                                  09/18/2025  10:47:53  PAGE 63



  -------         MODULE        ?C?CLDOPTR
  C:0989H         PUBLIC        ?C?CLDOPTR
  -------         ENDMOD        ?C?CLDOPTR

  -------         MODULE        ?C?CSTPTR
  C:09B6H         PUBLIC        ?C?CSTPTR
  -------         ENDMOD        ?C?CSTPTR

  -------         MODULE        ?C?CSTOPTR
  C:09C8H         PUBLIC        ?C?CSTOPTR
  -------         ENDMOD        ?C?CSTOPTR

  -------         MODULE        ?C?IMUL
  C:09EAH         PUBLIC        ?C?IMUL
  -------         ENDMOD        ?C?IMUL

  -------         MODULE        ?C?UIDIV
  C:09FCH         PUBLIC        ?C?UIDIV
  -------         ENDMOD        ?C?UIDIV

  -------         MODULE        ?C?SIDIV
  C:0A51H         PUBLIC        ?C?SIDIV
  -------         ENDMOD        ?C?SIDIV

  -------         MODULE        ?C?IILDX
  C:0A87H         PUBLIC        ?C?IILDX
  -------         ENDMOD        ?C?IILDX

  -------         MODULE        ?C?ILDIX
  C:0A9DH         PUBLIC        ?C?ILDIX
  -------         ENDMOD        ?C?ILDIX

  -------         MODULE        ?C?ILDPTR
  C:0AB3H         PUBLIC        ?C?ILDPTR
  -------         ENDMOD        ?C?ILDPTR

  -------         MODULE        ?C?LMUL
  C:0ADEH         PUBLIC        ?C?LMUL
  -------         ENDMOD        ?C?LMUL

  -------         MODULE        ?C?ULDIV
  C:0B69H         PUBLIC        ?C?ULDIV
  -------         ENDMOD        ?C?ULDIV

  -------         MODULE        ?C?SLDIV
  C:3BB3H         PUBLIC        ?C?SLDIV
  -------         ENDMOD        ?C?SLDIV

  -------         MODULE        ?C?SLCMP
  C:0BFBH         PUBLIC        ?C?SLCMP
  -------         ENDMOD        ?C?SLCMP

  -------         MODULE        ?C?ULSHR
  C:0C11H         PUBLIC        ?C?ULSHR
  -------         ENDMOD        ?C?ULSHR

BL51 BANKED LINKER/LOCATER V6.22.4.0                                                  09/18/2025  10:47:53  PAGE 64


  -------         MODULE        ?C?SLSHR
  C:0C24H         PUBLIC        ?C?SLSHR
  -------         ENDMOD        ?C?SLSHR

  -------         MODULE        ?C?LSHL
  C:0C38H         PUBLIC        ?C?LSHL
  -------         ENDMOD        ?C?LSHL

  -------         MODULE        ?C?LLDCODE
  C:0C4BH         PUBLIC        ?C?LLDCODE
  -------         ENDMOD        ?C?LLDCODE

  -------         MODULE        ?C?LSTXDATA
  C:0C5BH         PUBLIC        ?C?LSTXDATA
  -------         ENDMOD        ?C?LSTXDATA

  -------         MODULE        ?C?OFFXADD
  C:0C67H         PUBLIC        ?C?OFFXADD
  -------         ENDMOD        ?C?OFFXADD

  -------         MODULE        ?C?ICALL
  C:0C73H         PUBLIC        ?C?ICALL
  C:0C77H         PUBLIC        ?C?ICALL2
  -------         ENDMOD        ?C?ICALL

  -------         MODULE        ?C_IBP
  D:0049H         PUBLIC        ?C_IBP
  -------         ENDMOD        ?C_IBP

  -------         MODULE        ?C?STRCPY
  C:0D45H         PUBLIC        ?C?STRCPY
  -------         ENDMOD        ?C?STRCPY

  -------         MODULE        STRLEN
  C:42AAH         PUBLIC        _STRLEN
  -------         ENDMOD        STRLEN

  -------         MODULE        STRCHR
  C:4218H         PUBLIC        _STRCHR
  -------         ENDMOD        STRCHR

  -------         MODULE        STRTOK
  D:000DH         PUBLIC        ?_strtok?BYTE
  C:32CAH         PUBLIC        _strtok
  -------         ENDMOD        STRTOK

  -------         MODULE        ATOI
  C:2881H         PUBLIC        _atoi
  -------         ENDMOD        ATOI

  -------         MODULE        ?C?MEMSET
  C:0D62H         PUBLIC        ?C?MEMSET
  -------         ENDMOD        ?C?MEMSET

  -------         MODULE        ISDIGIT
  C:439CH         PUBLIC        _isdigit
  -------         ENDMOD        ISDIGIT
BL51 BANKED LINKER/LOCATER V6.22.4.0                                                  09/18/2025  10:47:53  PAGE 65



  -------         MODULE        ISSPACE
  C:42F9H         PUBLIC        _isspace
  -------         ENDMOD        ISSPACE

  -------         MODULE        STRSPN
  D:0013H         PUBLIC        ?_strspn?BYTE
  C:35F5H         PUBLIC        _strspn
  -------         ENDMOD        STRSPN

  -------         MODULE        STRPBRK
  D:0013H         PUBLIC        ?_strpbrk?BYTE
  C:3656H         PUBLIC        _strpbrk
  -------         ENDMOD        STRPBRK

*** WARNING L16: UNCALLED SEGMENT, IGNORED FOR OVERLAY PROCESS
    SEGMENT: ?PR?_GETKEYACT?KEY

*** WARNING L16: UNCALLED SEGMENT, IGNORED FOR OVERLAY PROCESS
    SEGMENT: ?PR?GETSYSPERFORMANCE?SYS

*** WARNING L16: UNCALLED SEGMENT, IGNORED FOR OVERLAY PROCESS
    SEGMENT: ?PR?GETWEIGHT?EXT

*** WARNING L16: UNCALLED SEGMENT, IGNORED FOR OVERLAY PROCESS
    SEGMENT: ?PR?GETDECODE?EXT

*** WARNING L16: UNCALLED SEGMENT, IGNORED FOR OVERLAY PROCESS
    SEGMENT: ?PR?GETUART2TXSTATUS?UART2

*** WARNING L16: UNCALLED SEGMENT, IGNORED FOR OVERLAY PROCESS
    SEGMENT: ?PR?BEEPINIT?BEEP

*** WARNING L16: UNCALLED SEGMENT, IGNORED FOR OVERLAY PROCESS
    SEGMENT: ?CO?TIME_MODULE

*** WARNING L16: UNCALLED SEGMENT, IGNORED FOR OVERLAY PROCESS
    SEGMENT: ?PR?MYUART1PROCESSRXDATA?MY_UART1

*** WARNING L16: UNCALLED SEGMENT, IGNORED FOR OVERLAY PROCESS
    SEGMENT: ?PR?AUTODOOR_EMERGENCYSTOP?ULTRASONIC_MODULE

*** WARNING L16: UNCALLED SEGMENT, IGNORED FOR OVERLAY PROCESS
    SEGMENT: ?PR?AUTODOOR_ISMOTORFREE?ULTRASONIC_MODULE

*** WARNING L16: UNCALLED SEGMENT, IGNORED FOR OVERLAY PROCESS
    SEGMENT: ?PR?ISULTRASONICVALID?ULTRASONIC_MODULE

*** WARNING L16: UNCALLED SEGMENT, IGNORED FOR OVERLAY PROCESS
    SEGMENT: ?PR?_SETTRAINID?TRAIN_ID_MODULE

Program Size: data=74.3 xdata=521 code=17544
LINK/LOCATE RUN COMPLETE.  12 WARNING(S),  0 ERROR(S)
