BL51 BANKED LINKER/LOCATER V6.22.4.0                                                    09/16/2025  20:26:33  PAGE 1


BL51 BANKED LINKER/LOCATER V6.22.4.0, INVOKED BY:
D:\SOFTWARE\KEIL5\CORE\C51\BIN\BL51.EXE .\output\main.obj, .\source\STCBSP_V3.6.LIB, .\output\temp_module.obj, .\output\
>> Nav_handler.obj, .\output\rtc_module.obj, .\output\speed_module.obj, .\output\voice_module.obj, .\output\core.obj, .\
>> output\decode_table.obj, .\output\nv_temp_threshold.obj, .\output\my_uart1.obj, .\output\radio_module.obj, .\output\t
>> emp_controlled_fan.obj, .\output\ultrasonic_module.obj, .\output\train_id_module.obj TO .\output\BSP_Demo PRINT (.\li
>> st\BSP_Demo.m51) RAMSIZE (256) XDATA (0X0000-0X07FF)


MEMORY MODEL: SMALL WITH FLOATING POINT ARITHMETIC


INPUT MODULES INCLUDED:
  .\output\main.obj (MAIN)
  .\source\STCBSP_V3.6.LIB (ADC)
  .\source\STCBSP_V3.6.LIB (BEEP)
  .\source\STCBSP_V3.6.LIB (DISPLAYER)
  .\source\STCBSP_V3.6.LIB (KEY)
  .\source\STCBSP_V3.6.LIB (SYS)
  .\source\STCBSP_V3.6.LIB (DS1302)
  .\source\STCBSP_V3.6.LIB (EXT)
  .\source\STCBSP_V3.6.LIB (UART2)
  .\output\temp_module.obj (TEMP_MODULE)
  .\output\Nav_handler.obj (NAV_HANDLER)
  .\output\rtc_module.obj (RTC_MODULE)
  .\output\speed_module.obj (SPEED_MODULE)
  .\output\voice_module.obj (VOICE_MODULE)
  .\output\core.obj (CORE)
  .\output\decode_table.obj (DECODE_TABLE)
  .\output\nv_temp_threshold.obj (NV_TEMP_THRESHOLD)
  .\output\my_uart1.obj (MY_UART1)
  .\output\radio_module.obj (RADIO_MODULE)
  .\output\temp_controlled_fan.obj (TEMP_CONTROLLED_FAN)
  .\output\ultrasonic_module.obj (ULTRASONIC_MODULE)
  .\output\train_id_module.obj (TRAIN_ID_MODULE)
  .\source\STCBSP_V3.6.LIB (STEPMOTOR)
  .\source\STCBSP_V3.6.LIB (M24C02)
  .\source\STCBSP_V3.6.LIB (FM_RADIO)
  .\source\STCBSP_V3.6.LIB (UART1)
  D:\SOFTWARE\KEIL5\CORE\C51\LIB\C51FPS.LIB (?C?FPMUL)
  D:\SOFTWARE\KEIL5\CORE\C51\LIB\C51FPS.LIB (?C?FPDIV)
  D:\SOFTWARE\KEIL5\CORE\C51\LIB\C51FPS.LIB (?C?FCAST)
  D:\SOFTWARE\KEIL5\CORE\C51\LIB\C51FPS.LIB (?C?CASTF)
  D:\SOFTWARE\KEIL5\CORE\C51\LIB\C51FPS.LIB (?C?FPGETOPN)
  D:\SOFTWARE\KEIL5\CORE\C51\LIB\C51S.LIB (?C_STARTUP)
  D:\SOFTWARE\KEIL5\CORE\C51\LIB\C51S.LIB (?C?COPY)
  D:\SOFTWARE\KEIL5\CORE\C51\LIB\C51S.LIB (?C?CLDPTR)
  D:\SOFTWARE\KEIL5\CORE\C51\LIB\C51S.LIB (?C?CLDOPTR)
  D:\SOFTWARE\KEIL5\CORE\C51\LIB\C51S.LIB (?C?CSTPTR)
  D:\SOFTWARE\KEIL5\CORE\C51\LIB\C51S.LIB (?C?CSTOPTR)
  D:\SOFTWARE\KEIL5\CORE\C51\LIB\C51S.LIB (?C?IMUL)
  D:\SOFTWARE\KEIL5\CORE\C51\LIB\C51S.LIB (?C?UIDIV)
  D:\SOFTWARE\KEIL5\CORE\C51\LIB\C51S.LIB (?C?SIDIV)
  D:\SOFTWARE\KEIL5\CORE\C51\LIB\C51S.LIB (?C?IILDX)
  D:\SOFTWARE\KEIL5\CORE\C51\LIB\C51S.LIB (?C?ILDIX)
  D:\SOFTWARE\KEIL5\CORE\C51\LIB\C51S.LIB (?C?ILDPTR)
  D:\SOFTWARE\KEIL5\CORE\C51\LIB\C51S.LIB (?C?LMUL)
  D:\SOFTWARE\KEIL5\CORE\C51\LIB\C51S.LIB (?C?ULDIV)
  D:\SOFTWARE\KEIL5\CORE\C51\LIB\C51S.LIB (?C?SLDIV)
BL51 BANKED LINKER/LOCATER V6.22.4.0                                                  09/16/2025  20:26:33  PAGE 2


  D:\SOFTWARE\KEIL5\CORE\C51\LIB\C51S.LIB (?C?LNEG)
  D:\SOFTWARE\KEIL5\CORE\C51\LIB\C51S.LIB (?C?ULSHR)
  D:\SOFTWARE\KEIL5\CORE\C51\LIB\C51S.LIB (?C?SLSHR)
  D:\SOFTWARE\KEIL5\CORE\C51\LIB\C51S.LIB (?C?LSHL)
  D:\SOFTWARE\KEIL5\CORE\C51\LIB\C51S.LIB (?C?LLDCODE)
  D:\SOFTWARE\KEIL5\CORE\C51\LIB\C51S.LIB (?C?LSTXDATA)
  D:\SOFTWARE\KEIL5\CORE\C51\LIB\C51S.LIB (?C?OFFXADD)
  D:\SOFTWARE\KEIL5\CORE\C51\LIB\C51S.LIB (?C?ICALL)
  D:\SOFTWARE\KEIL5\CORE\C51\LIB\C51S.LIB (?C_IBP)
  D:\SOFTWARE\KEIL5\CORE\C51\LIB\C51S.LIB (?C?STRCPY)
  D:\SOFTWARE\KEIL5\CORE\C51\LIB\C51S.LIB (STRLEN)
  D:\SOFTWARE\KEIL5\CORE\C51\LIB\C51S.LIB (STRCHR)
  D:\SOFTWARE\KEIL5\CORE\C51\LIB\C51S.LIB (STRTOK)
  D:\SOFTWARE\KEIL5\CORE\C51\LIB\C51S.LIB (ATOI)
  D:\SOFTWARE\KEIL5\CORE\C51\LIB\C51S.LIB (?C?MEMSET)
  D:\SOFTWARE\KEIL5\CORE\C51\LIB\C51S.LIB (?C_INIT)
  D:\SOFTWARE\KEIL5\CORE\C51\LIB\C51S.LIB (ISDIGIT)
  D:\SOFTWARE\KEIL5\CORE\C51\LIB\C51S.LIB (ISSPACE)
  D:\SOFTWARE\KEIL5\CORE\C51\LIB\C51S.LIB (STRSPN)
  D:\SOFTWARE\KEIL5\CORE\C51\LIB\C51S.LIB (STRPBRK)


LINK MAP OF MODULE:  .\output\BSP_Demo (MAIN)


            TYPE    BASE      LENGTH    RELOCATION   SEGMENT NAME
            -----------------------------------------------------

            * * * * * * *   D A T A   M E M O R Y   * * * * * * *
            REG     0000H     0008H     ABSOLUTE     "REG BANK 0"
            DATA    0008H     0014H     UNIT         _DATA_GROUP_
            DATA    001CH     0004H     UNIT         ?DT?_SETPWM?EXT
            BIT     0020H.0   0001H.7   UNIT         ?BI?SYS
            BIT     0021H.7   0000H.1   UNIT         ?BI?ADC
            BIT     0022H.0   0000H.1   UNIT         ?BI?RTC_MODULE
            BIT     0022H.1   0000H.1   UNIT         _BIT_GROUP_
                    0022H.2   0000H.6                *** GAP ***
            DATA    0023H     0012H     UNIT         ?DT?SYS
            DATA    0035H     0007H     UNIT         ?DT?RADIO_MODULE
            DATA    003CH     0006H     UNIT         ?DT?EXT
            DATA    0042H     0003H     UNIT         ?DT?STRTOK
            DATA    0045H     0002H     UNIT         ?DT?ADC
            DATA    0047H     0002H     UNIT         ?DT?UART2
            DATA    0049H     0002H     UNIT         ?DT?ULTRASONIC_MODULE
            DATA    004BH     0001H     UNIT         ?DT?KEY
            DATA    004CH     0001H     UNIT         ?DT?CORE
            DATA    004DH     0001H     UNIT         ?C?LIB_DATA
            IDATA   004EH     0001H     UNIT         ?STACK

            * * * * * * *  X D A T A   M E M O R Y  * * * * * * *
            XDATA   0000H     006EH     UNIT         ?XD?SYS
            XDATA   006EH     0044H     UNIT         ?XD?MY_UART1
            XDATA   00B2H     0033H     UNIT         _XDATA_GROUP_
            XDATA   00E5H     001EH     UNIT         ?XD?ADC
            XDATA   0103H     0016H     UNIT         ?XD?RTC_MODULE
            XDATA   0119H     0016H     UNIT         ?XD?STEPMOTOR
            XDATA   012FH     0015H     UNIT         ?XD?UART2
BL51 BANKED LINKER/LOCATER V6.22.4.0                                                  09/16/2025  20:26:33  PAGE 3


            XDATA   0144H     0015H     UNIT         ?XD?UART1
            XDATA   0159H     0012H     UNIT         ?XD?TEMP_MODULE
            XDATA   016BH     000CH     UNIT         ?XD?DISPLAYER
            XDATA   0177H     000BH     UNIT         ?XD?EXT
            XDATA   0182H     000AH     UNIT         ?XD?KEY
            XDATA   018CH     0009H     UNIT         ?XD?DS1302
            XDATA   0195H     0009H     UNIT         ?XD?CORE
            XDATA   019EH     0009H     UNIT         ?XD?FM_RADIO
            XDATA   01A7H     0004H     UNIT         ?XD?SPEED_MODULE
            XDATA   01ABH     0002H     UNIT         ?XD?VOICE_MODULE
            XDATA   01ADH     0002H     UNIT         ?XD?NV_TEMP_THRESHOLD
            XDATA   01AFH     0001H     UNIT         ?XD?NAV_HANDLER

            * * * * * * *   C O D E   M E M O R Y   * * * * * * *
            CODE    0000H     0003H     ABSOLUTE     
            CODE    0003H     0007H     UNIT         ?PR?GETADC?ADC
            CODE    000AH     0001H     UNIT         ?PR?_?NULLFUNC?SYS
            CODE    000BH     0003H     ABSOLUTE     
            CODE    000EH     0015H     UNIT         ?PR?MY1S_CALLBACK?CORE
            CODE    0023H     0003H     ABSOLUTE     
            CODE    0026H     0005H     UNIT         ?PR?AUTODOOR_EMERGENCYSTOP?ULTRASONIC_MODULE
            CODE    002BH     0003H     ABSOLUTE     
            CODE    002EH     000DH     UNIT         ?PR?STOP?M24C02
            CODE    003BH     0003H     ABSOLUTE     
            CODE    003EH     0004H     UNIT         ?CO?CORE
            CODE    0042H     0001H     UNIT         ?PR?_?NULLFUNC0?UART2
            CODE    0043H     0003H     ABSOLUTE     
            CODE    0046H     0A28H     UNIT         ?CO?VOICE_MODULE
            CODE    0A6EH     0771H     UNIT         ?C?LIB_CODE
            CODE    11DFH     0274H     UNIT         ?PR?_?SYS_STEPMOTOR_DRV?STEPMOTOR
            CODE    1453H     01FCH     UNIT         ?CO?TEMP_MODULE
            CODE    164FH     01DFH     UNIT         ?PR?MYUART1SENDCURRENTSTATUS?MY_UART1
            CODE    182EH     01D2H     UNIT         ?PR?UART2_ISR?UART2
            CODE    1A00H     01C5H     UNIT         ?PR?_PARSECOMMAND?MY_UART1
            CODE    1BC5H     01BBH     UNIT         ?C_INITSEG
            CODE    1D80H     01ACH     UNIT         ?PR?_?SYS_ADC_DRV?ADC
            CODE    1F2CH     0130H     UNIT         ?PR?UART1_ISR?UART1
            CODE    205CH     0123H     UNIT         ?PR?_?SYS_KEY_DRV?KEY
            CODE    217FH     011DH     UNIT         ?PR?_MY_UTOA?MY_UART1
            CODE    229CH     00FEH     UNIT         ?PR?DS1302INIT?DS1302
            CODE    239AH     00EDH     UNIT         ?PR?SYS_TASK_1MS?SYS
            CODE    2487H     00E9H     UNIT         ?PR?_?SYS_DISPLAY_DRV?DISPLAYER
            CODE    2570H     00E7H     UNIT         ?PR?_?SYS_EXT_DRV?EXT
            CODE    2657H     00C6H     UNIT         ?PR?RESETTIMER?RTC_MODULE
            CODE    271DH     00B6H     UNIT         ?PR?SETFMRADIO?FM_RADIO
            CODE    27D3H     00B5H     UNIT         ?PR?_UART2INIT?UART2
            CODE    2888H     00AEH     UNIT         ?PR?_ATOI?ATOI
            CODE    2936H     00ABH     UNIT         ?PR?_SETSTEPMOTOR?STEPMOTOR
            CODE    29E1H     00A8H     UNIT         ?PR?SYS_CCP_ISR?SYS
            CODE    2A89H     00A5H     UNIT         ?PR?_?SYS_DS1302_DRV?DS1302
            CODE    2B2EH     00A0H     UNIT         ?PR?NAVHANDLER?NAV_HANDLER
            CODE    2BCEH     0094H     UNIT         ?PR?SHOWTEMP?TEMP_MODULE
            CODE    2C62H     0093H     UNIT         ?PR?SYS_TASK_10MS?SYS
            CODE    2CF5H     0090H     UNIT         ?PR?MAIN?MAIN
            CODE    2D85H     0090H     UNIT         ?PR?_SETPWM?EXT
            CODE    2E15H     008CH     UNIT         ?C_C51STARTUP
            CODE    2EA1H     008BH     UNIT         ?PR?SYS_TASK_IR?SYS
BL51 BANKED LINKER/LOCATER V6.22.4.0                                                  09/16/2025  20:26:33  PAGE 4


            CODE    2F2CH     008AH     UNIT         ?PR?CHECKCOUNTDOWNEVENT?VOICE_MODULE
            CODE    2FB6H     0080H     UNIT         ?PR?_STRTOK?STRTOK
            CODE    3036H     007DH     UNIT         ?PR?_SETEVENTCALLBACK?SYS
            CODE    30B3H     0078H     UNIT         ?PR?_SETBEEP?BEEP
            CODE    312BH     0077H     UNIT         ?PR?_UART1INIT?UART1
            CODE    31A2H     006DH     UNIT         ?PR?UPDATETIME?RTC_MODULE
            CODE    320FH     006DH     UNIT         ?PR?ULTRASONICUPDATEANDDISPLAY?ULTRASONIC_MODULE
            CODE    327CH     0061H     UNIT         ?PR?_STRSPN?STRSPN
            CODE    32DDH     005DH     UNIT         ?PR?_STRPBRK?STRPBRK
            CODE    333AH     005CH     UNIT         ?PR?GETFMRADIO?FM_RADIO
            CODE    3396H     005AH     UNIT         ?PR?UPDATETEMP?TEMP_MODULE
            CODE    33F0H     005AH     UNIT         ?PR?NVTEMPTHRESHOLDINIT?NV_TEMP_THRESHOLD
            CODE    344AH     0059H     UNIT         ?PR?READCOUNT?EXT
            CODE    34A3H     0056H     UNIT         ?PR?MYUART1INIT?MY_UART1
            CODE    34F9H     0053H     UNIT         ?PR?GETULTRASONIC?SYS
            CODE    354CH     0052H     UNIT         ?PR?SYS_TIMER0_ISR?SYS
            CODE    359EH     0048H     UNIT         ?PR?_EMSTOP?STEPMOTOR
            CODE    35E6H     0047H     UNIT         ?PR?SYS_TIMER0_INIT?SYS
            CODE    362DH     0046H     UNIT         ?PR?_GETADCNAVACT?ADC
            CODE    3673H     0045H     UNIT         ?PR?RADIO_INIT?RADIO_MODULE
            CODE    36B8H     0044H     UNIT         ?PR?_?SYS_FMRADIO_DRV?FM_RADIO
            CODE    36FCH     0044H     UNIT         ?C?LDIV
            CODE    3740H     0043H     UNIT         ?PR?SHOWSPEED?SPEED_MODULE
            CODE    3783H     0041H     UNIT         ?PR?SHOWTIME?RTC_MODULE
            CODE    37C4H     0040H     UNIT         ?PR?_GETKEYACT?KEY
            CODE    3804H     003FH     UNIT         ?PR?SYS_TASK_100MS?SYS
            CODE    3843H     003EH     UNIT         ?PR?MYSTC_OS?SYS
            CODE    3881H     003CH     UNIT         ?CO?DECODE_TABLE
            CODE    38BDH     0039H     UNIT         ?PR?_NVTEMPTHRESHOLDUPDATE?NV_TEMP_THRESHOLD
            CODE    38F6H     0036H     UNIT         ?PR?_EXTINIT?EXT
            CODE    392CH     0036H     UNIT         ?PR?TEMP_CONTROLLED_MOTOR?TEMP_CONTROLLED_FAN
            CODE    3962H     0032H     UNIT         ?PR?UART1RXDCALLBACK?MY_UART1
            CODE    3994H     0032H     UNIT         ?PR?_GETSTEPMOTORSTATUS?STEPMOTOR
            CODE    39C6H     0031H     UNIT         ?PR?_ADCINIT?ADC
            CODE    39F7H     0031H     UNIT         ?PR?_SETUART2RXD?UART2
            CODE    3A28H     0031H     UNIT         ?PR?_SETUART1RXD?UART1
            CODE    3A59H     002FH     UNIT         ?PR?_UART2PRINT?UART2
            CODE    3A88H     002EH     UNIT         ?PR?_DS1302READ?DS1302
            CODE    3AB6H     002BH     UNIT         ?PR?SYS_TASK_1S?SYS
            CODE    3AE1H     002BH     UNIT         ?PR?_NVTEMPTHRESHOLDWRITE?NV_TEMP_THRESHOLD
            CODE    3B0CH     002AH     UNIT         ?PR?NVTEMPTHRESHOLDREAD?NV_TEMP_THRESHOLD
            CODE    3B36H     0029H     UNIT         ?PR?_NVM_WRITE?DS1302
            CODE    3B5FH     0028H     UNIT         ?PR?_?SYS_BEEP_DRV?BEEP
            CODE    3B87H     0028H     UNIT         ?PR?_IIC_RADIO_WRITEBYTE?FM_RADIO
            CODE    3BAFH     0028H     UNIT         ?PR?_UART1PRINT?UART1
            CODE    3BD7H     0027H     UNIT         ?PR?ULTRASONICINIT?ULTRASONIC_MODULE
            CODE    3BFEH     0025H     UNIT         ?PR?FMRADIOINIT?FM_RADIO
            CODE    3C23H     0024H     UNIT         ?PR?RESPONS?M24C02
            CODE    3C47H     0024H     UNIT         ?PR?_WRITEBYTE?M24C02
            CODE    3C6BH     0023H     UNIT         ?PR?AUTODOOR_OPEN?ULTRASONIC_MODULE
            CODE    3C8EH     0023H     UNIT         ?PR?AUTODOOR_CLOSE?ULTRASONIC_MODULE
            CODE    3CB1H     0022H     UNIT         ?PR?READBYTE?M24C02
            CODE    3CD3H     0020H     UNIT         ?PR?BEEPINIT?BEEP
            CODE    3CF3H     0020H     UNIT         ?PR?_SEG7PRINT?DISPLAYER
            CODE    3D13H     0020H     UNIT         ?PR?_DS1302WRITE?DS1302
            CODE    3D33H     001DH     UNIT         ?PR?KEYINIT?KEY
            CODE    3D50H     001CH     UNIT         ?PR?_M24C02_READ?M24C02
BL51 BANKED LINKER/LOCATER V6.22.4.0                                                  09/16/2025  20:26:33  PAGE 5


            CODE    3D6CH     001CH     UNIT         ?PR?IIC_RADIO_ACK?FM_RADIO
            CODE    3D88H     001CH     UNIT         ?PR?_STRCHR?STRCHR
            CODE    3DA4H     001BH     UNIT         ?PR?DISPLAYERINIT?DISPLAYER
            CODE    3DBFH     0019H     UNIT         ?PR?_DS1302WRITEBYTE?DS1302
            CODE    3DD8H     0019H     UNIT         ?PR?RTC_WRITE?DS1302
            CODE    3DF1H     0018H     UNIT         ?PR?DS1302READBYTE?DS1302
            CODE    3E09H     0018H     UNIT         ?PR?SHOWSTATUS?NAV_HANDLER
            CODE    3E21H     0018H     UNIT         ?PR?STEPMOTORINIT?STEPMOTOR
            CODE    3E39H     0015H     UNIT         ?PR?MYUART1CLEARRXBUFFER?MY_UART1
            CODE    3E4EH     0015H     UNIT         ?PR?_M24C02_WRITE?M24C02
            CODE    3E63H     0015H     UNIT         ?PR?_STRLEN?STRLEN
            CODE    3E78H     0013H     UNIT         ?PR?_DELAY?FM_RADIO
            CODE    3E8BH     0013H     UNIT         ?PR?IIC_RADIO_START?FM_RADIO
            CODE    3E9EH     0013H     UNIT         ?PR?_ISSPACE?ISSPACE
            CODE    3EB1H     0012H     UNIT         ?PR?_NVM_READ?DS1302
            CODE    3EC3H     0012H     UNIT         ?PR?GETSPEED?SPEED_MODULE
            CODE    3ED5H     0012H     UNIT         ?PR?MYUART2RXD_CALLBACK?VOICE_MODULE
            CODE    3EE7H     0012H     UNIT         ?PR?_NVISVALIDTHRESHOLD?NV_TEMP_THRESHOLD
            CODE    3EF9H     0011H     UNIT         ?PR?_SETCCP0?SYS
            CODE    3F0AH     0010H     UNIT         ?PR?GETDECODE?EXT
            CODE    3F1AH     0010H     UNIT         ?PR?_SETTRAINID?TRAIN_ID_MODULE
            CODE    3F2AH     0010H     UNIT         ?PR?START?M24C02
            CODE    3F3AH     000FH     UNIT         ?PR?_?SYS_GET_UART2RXDEVENT?UART2
            CODE    3F49H     000FH     UNIT         ?PR?GETULTRASONICDISTANCE?ULTRASONIC_MODULE
            CODE    3F58H     000FH     UNIT         ?PR?_?SYS_GET_UART1RXDEVENT?UART1
            CODE    3F67H     000FH     UNIT         ?PR?_ISDIGIT?ISDIGIT
            CODE    3F76H     000EH     UNIT         ?PR?_?SYS_GET_KNEVENT?ADC
            CODE    3F84H     000EH     UNIT         ?PR?_?SYS_GET_EXTADCEVENT?ADC
            CODE    3F92H     000EH     UNIT         ?PR?_?SYS_GET_KEYEVENT?KEY
            CODE    3FA0H     000EH     UNIT         ?PR?AUTODOOR_ISMOTORFREE?ULTRASONIC_MODULE
            CODE    3FAEH     000CH     UNIT         ?PR?GETBEEPSTATUS?BEEP
            CODE    3FBAH     000CH     UNIT         ?PR?IIC_RADIO_STOP?FM_RADIO
            CODE    3FC6H     000BH     UNIT         ?PR?GETUART2TXSTATUS?UART2
            CODE    3FD1H     000BH     UNIT         ?PR?MYUART1PROCESSRXDATA?MY_UART1
            CODE    3FDCH     000BH     UNIT         ?PR?INITTRAINID?TRAIN_ID_MODULE
            CODE    3FE7H     000BH     UNIT         ?PR?GETUART1TXSTATUS?UART1
            CODE    3FF2H     0009H     UNIT         ?CO?ADC
            CODE    3FFBH     0009H     UNIT         ?PR?_SETDISPLAYERAREA?DISPLAYER
            CODE    4004H     0009H     UNIT         ?PR?GETBEEPTIMER?SYS
            CODE    400DH     0009H     UNIT         ?PR?_SETBEEPTIMER?SYS
            CODE    4016H     0009H     UNIT         ?PR?GETWEIGHT?EXT
            CODE    401FH     0007H     UNIT         ?PR?GETSYSPERFORMANCE?SYS
            CODE    4026H     0007H     UNIT         ?PR?RTC_READ?DS1302
            CODE    402DH     0006H     UNIT         ?PR?ADC_ISR?ADC
            CODE    4033H     0006H     UNIT         ?PR?_LEDPRINT?DISPLAYER
            CODE    4039H     0006H     UNIT         ?PR?MYSTC_INIT?SYS
            CODE    403FH     0006H     UNIT         ?CO?MY_UART1
            CODE    4045H     0003H     UNIT         ?PR?_?RET0FUNC?SYS
            CODE    4048H     0003H     UNIT         ?PR?CLRBEEPPIN?SYS



OVERLAY MAP OF MODULE:   .\output\BSP_Demo (MAIN)


SEGMENT                                             BIT_GROUP          DATA_GROUP          XDATA_GROUP
  +--> CALLED SEGMENT                            START    LENGTH     START    LENGTH     START    LENGTH
BL51 BANKED LINKER/LOCATER V6.22.4.0                                                  09/16/2025  20:26:33  PAGE 6


--------------------------------------------------------------------------------------------------------
?C_C51STARTUP                                    -----    -----      -----    -----      -----    -----
  +--> ?PR?MAIN?MAIN
  +--> ?C_INITSEG

?PR?MAIN?MAIN                                    -----    -----      -----    -----      -----    -----
  +--> ?PR?_ADCINIT?ADC
  +--> ?PR?DISPLAYERINIT?DISPLAYER
  +--> ?PR?KEYINIT?KEY
  +--> ?PR?BEEPINIT?BEEP
  +--> ?PR?_SETDISPLAYERAREA?DISPLAYER
  +--> ?PR?_UART2INIT?UART2
  +--> ?PR?MYUART1INIT?MY_UART1
  +--> ?PR?NVTEMPTHRESHOLDINIT?NV_TEMP_THRES...
  +--> ?PR?DS1302INIT?DS1302
  +--> ?PR?_EXTINIT?EXT
  +--> ?PR?ULTRASONICINIT?ULTRASONIC_MODULE
  +--> ?PR?RADIO_INIT?RADIO_MODULE
  +--> ?PR?_SETTRAINID?TRAIN_ID_MODULE
  +--> ?PR?_SETUART2RXD?UART2
  +--> ?PR?MYUART2RXD_CALLBACK?VOICE_MODULE
  +--> ?PR?_SETEVENTCALLBACK?SYS
  +--> ?PR?MY1S_CALLBACK?CORE
  +--> ?PR?NAVHANDLER?NAV_HANDLER
  +--> ?PR?MYSTC_INIT?SYS
  +--> ?PR?MYSTC_OS?SYS

?PR?_ADCINIT?ADC                                 -----    -----      -----    -----      -----    -----
  +--> ?PR?_?SYS_ADC_DRV?ADC
  +--> ?PR?_?SYS_GET_KNEVENT?ADC
  +--> ?PR?_?SYS_GET_EXTADCEVENT?ADC

?PR?_?SYS_ADC_DRV?ADC                            -----    -----      -----    -----      -----    -----
  +--> ?CO?ADC

?PR?DISPLAYERINIT?DISPLAYER                      -----    -----      -----    -----      -----    -----
  +--> ?PR?_?SYS_DISPLAY_DRV?DISPLAYER

?PR?_?SYS_DISPLAY_DRV?DISPLAYER                  -----    -----      -----    -----      -----    -----
  +--> ?CO?DECODE_TABLE

?PR?KEYINIT?KEY                                  -----    -----      -----    -----      -----    -----
  +--> ?PR?_?SYS_GET_KEYEVENT?KEY
  +--> ?PR?_?SYS_KEY_DRV?KEY

?PR?BEEPINIT?BEEP                                -----    -----      -----    -----      -----    -----
  +--> ?PR?CLRBEEPPIN?SYS
  +--> ?PR?_?SYS_BEEP_DRV?BEEP

?PR?_?SYS_BEEP_DRV?BEEP                          -----    -----      -----    -----      -----    -----
  +--> ?PR?GETBEEPTIMER?SYS
  +--> ?PR?_SETBEEPTIMER?SYS

?PR?_UART2INIT?UART2                             -----    -----      0008H    0005H      -----    -----
  +--> ?PR?_?NULLFUNC0?UART2
  +--> ?CO?CORE
  +--> ?PR?_?SYS_GET_UART2RXDEVENT?UART2
BL51 BANKED LINKER/LOCATER V6.22.4.0                                                  09/16/2025  20:26:33  PAGE 7



?PR?MYUART1INIT?MY_UART1                         -----    -----      -----    -----      -----    -----
  +--> ?PR?_UART1INIT?UART1
  +--> ?PR?UART1RXDCALLBACK?MY_UART1
  +--> ?PR?_SETEVENTCALLBACK?SYS
  +--> ?PR?_SETUART1RXD?UART1

?PR?_UART1INIT?UART1                             -----    -----      0008H    0004H      -----    -----
  +--> ?CO?CORE
  +--> ?PR?_?SYS_GET_UART1RXDEVENT?UART1

?PR?UART1RXDCALLBACK?MY_UART1                    -----    -----      -----    -----      -----    -----
  +--> ?PR?_STRCHR?STRCHR
  +--> ?PR?_PARSECOMMAND?MY_UART1
  +--> ?PR?MYUART1CLEARRXBUFFER?MY_UART1

?PR?_PARSECOMMAND?MY_UART1                       -----    -----      0008H    0005H      00B2H    0030H
  +--> ?PR?_STRLEN?STRLEN
  +--> ?CO?MY_UART1
  +--> ?PR?_ATOI?ATOI
  +--> ?PR?_STRTOK?STRTOK
  +--> ?PR?_NVTEMPTHRESHOLDUPDATE?NV_TEMP_TH...

?PR?_ATOI?ATOI                                   0022H.1  0000H.1    000DH    0005H      -----    -----
  +--> ?PR?_ISSPACE?ISSPACE
  +--> ?PR?_ISDIGIT?ISDIGIT

?PR?_STRTOK?STRTOK                               -----    -----      000DH    0006H      -----    -----
  +--> ?PR?_STRSPN?STRSPN
  +--> ?PR?_STRPBRK?STRPBRK

?PR?_STRSPN?STRSPN                               -----    -----      0013H    0008H      -----    -----

?PR?_STRPBRK?STRPBRK                             -----    -----      0013H    0009H      -----    -----

?PR?_NVTEMPTHRESHOLDUPDATE?NV_TEMP_TH...         -----    -----      000DH    0001H      00E2H    0001H
  +--> ?PR?NVTEMPTHRESHOLDINIT?NV_TEMP_THRES...
  +--> ?PR?_NVISVALIDTHRESHOLD?NV_TEMP_THRES...
  +--> ?PR?NVTEMPTHRESHOLDREAD?NV_TEMP_THRES...
  +--> ?PR?_NVTEMPTHRESHOLDWRITE?NV_TEMP_THR...

?PR?NVTEMPTHRESHOLDINIT?NV_TEMP_THRES...         -----    -----      000FH    0001H      00E4H    0001H
  +--> ?PR?_M24C02_READ?M24C02
  +--> ?PR?_NVISVALIDTHRESHOLD?NV_TEMP_THRES...

?PR?_M24C02_READ?M24C02                          -----    -----      -----    -----      -----    -----
  +--> ?PR?START?M24C02
  +--> ?PR?RESPONS?M24C02
  +--> ?PR?_WRITEBYTE?M24C02
  +--> ?PR?READBYTE?M24C02
  +--> ?PR?STOP?M24C02

?PR?RESPONS?M24C02                               -----    -----      -----    -----      -----    -----
  +--> ?PR?_WRITEBYTE?M24C02

?PR?NVTEMPTHRESHOLDREAD?NV_TEMP_THRES...         -----    -----      -----    -----      00E3H    0001H
  +--> ?PR?NVTEMPTHRESHOLDINIT?NV_TEMP_THRES...
BL51 BANKED LINKER/LOCATER V6.22.4.0                                                  09/16/2025  20:26:33  PAGE 8


  +--> ?PR?_M24C02_READ?M24C02
  +--> ?PR?_NVISVALIDTHRESHOLD?NV_TEMP_THRES...

?PR?_NVTEMPTHRESHOLDWRITE?NV_TEMP_THR...         -----    -----      000EH    0001H      -----    -----
  +--> ?PR?NVTEMPTHRESHOLDINIT?NV_TEMP_THRES...
  +--> ?PR?_NVISVALIDTHRESHOLD?NV_TEMP_THRES...
  +--> ?PR?_M24C02_WRITE?M24C02

?PR?_M24C02_WRITE?M24C02                         -----    -----      -----    -----      -----    -----
  +--> ?PR?START?M24C02
  +--> ?PR?_WRITEBYTE?M24C02
  +--> ?PR?RESPONS?M24C02
  +--> ?PR?STOP?M24C02

?PR?_SETEVENTCALLBACK?SYS                        -----    -----      0008H    0003H      -----    -----

?PR?_SETUART1RXD?UART1                           -----    -----      0008H    000AH      -----    -----

?PR?DS1302INIT?DS1302                            -----    -----      0008H    0007H      -----    -----
  +--> ?PR?_DS1302READ?DS1302
  +--> ?PR?_DS1302WRITE?DS1302
  +--> ?PR?_NVM_READ?DS1302
  +--> ?PR?RTC_WRITE?DS1302
  +--> ?PR?_NVM_WRITE?DS1302
  +--> ?PR?_?SYS_DS1302_DRV?DS1302

?PR?_DS1302READ?DS1302                           -----    -----      -----    -----      -----    -----
  +--> ?PR?_DS1302WRITEBYTE?DS1302
  +--> ?PR?DS1302READBYTE?DS1302

?PR?_DS1302WRITE?DS1302                          -----    -----      -----    -----      -----    -----
  +--> ?PR?_DS1302WRITEBYTE?DS1302

?PR?_NVM_READ?DS1302                             -----    -----      -----    -----      -----    -----
  +--> ?PR?_DS1302READ?DS1302

?PR?RTC_WRITE?DS1302                             -----    -----      000FH    0007H      -----    -----

?PR?_NVM_WRITE?DS1302                            -----    -----      -----    -----      -----    -----
  +--> ?PR?_DS1302WRITE?DS1302

?PR?_?SYS_DS1302_DRV?DS1302                      -----    -----      -----    -----      -----    -----
  +--> ?PR?_DS1302READ?DS1302
  +--> ?PR?_DS1302WRITE?DS1302

?PR?_EXTINIT?EXT                                 -----    -----      -----    -----      -----    -----
  +--> ?PR?_?SYS_EXT_DRV?EXT

?PR?_?SYS_EXT_DRV?EXT                            -----    -----      -----    -----      -----    -----
  +--> ?PR?READCOUNT?EXT

?PR?READCOUNT?EXT                                -----    -----      0008H    0005H      -----    -----

?PR?ULTRASONICINIT?ULTRASONIC_MODULE             -----    -----      -----    -----      -----    -----
  +--> ?PR?_EXTINIT?EXT
  +--> ?PR?STEPMOTORINIT?STEPMOTOR
  +--> ?PR?_SETBEEP?BEEP
BL51 BANKED LINKER/LOCATER V6.22.4.0                                                  09/16/2025  20:26:33  PAGE 9



?PR?STEPMOTORINIT?STEPMOTOR                      -----    -----      -----    -----      -----    -----
  +--> ?PR?_?SYS_STEPMOTOR_DRV?STEPMOTOR

?PR?_?SYS_STEPMOTOR_DRV?STEPMOTOR                -----    -----      -----    -----      -----    -----
  +--> ?PR?_LEDPRINT?DISPLAYER

?PR?_SETBEEP?BEEP                                -----    -----      0008H    0004H      -----    -----
  +--> ?PR?GETBEEPTIMER?SYS
  +--> ?PR?_SETBEEPTIMER?SYS
  +--> ?CO?CORE
  +--> ?PR?_SETCCP0?SYS
  +--> ?PR?CLRBEEPPIN?SYS

?PR?RADIO_INIT?RADIO_MODULE                      -----    -----      -----    -----      -----    -----
  +--> ?PR?BEEPINIT?BEEP
  +--> ?PR?FMRADIOINIT?FM_RADIO
  +--> ?PR?SETFMRADIO?FM_RADIO

?PR?FMRADIOINIT?FM_RADIO                         -----    -----      0008H    0006H      -----    -----
  +--> ?PR?SETFMRADIO?FM_RADIO
  +--> ?PR?_?SYS_FMRADIO_DRV?FM_RADIO

?PR?SETFMRADIO?FM_RADIO                          -----    -----      000EH    0006H      -----    -----
  +--> ?PR?GETFMRADIO?FM_RADIO

?PR?GETFMRADIO?FM_RADIO                          -----    -----      0014H    0006H      -----    -----

?PR?_?SYS_FMRADIO_DRV?FM_RADIO                   -----    -----      -----    -----      -----    -----
  +--> ?PR?IIC_RADIO_START?FM_RADIO
  +--> ?PR?_IIC_RADIO_WRITEBYTE?FM_RADIO
  +--> ?PR?IIC_RADIO_ACK?FM_RADIO
  +--> ?PR?IIC_RADIO_STOP?FM_RADIO

?PR?IIC_RADIO_START?FM_RADIO                     -----    -----      -----    -----      -----    -----
  +--> ?PR?_DELAY?FM_RADIO

?PR?_IIC_RADIO_WRITEBYTE?FM_RADIO                -----    -----      -----    -----      -----    -----
  +--> ?PR?_DELAY?FM_RADIO

?PR?IIC_RADIO_ACK?FM_RADIO                       -----    -----      -----    -----      -----    -----
  +--> ?PR?_DELAY?FM_RADIO

?PR?IIC_RADIO_STOP?FM_RADIO                      -----    -----      -----    -----      -----    -----
  +--> ?PR?_DELAY?FM_RADIO

?PR?_SETTRAINID?TRAIN_ID_MODULE                  -----    -----      0008H    0001H      -----    -----
  +--> ?PR?_NVM_WRITE?DS1302

?PR?_SETUART2RXD?UART2                           -----    -----      0008H    000AH      -----    -----

?PR?MY1S_CALLBACK?CORE                           -----    -----      -----    -----      -----    -----
  +--> ?PR?UPDATETIME?RTC_MODULE
  +--> ?PR?UPDATETEMP?TEMP_MODULE
  +--> ?PR?GETSPEED?SPEED_MODULE
  +--> ?PR?SHOWSTATUS?NAV_HANDLER
  +--> ?PR?CHECKCOUNTDOWNEVENT?VOICE_MODULE
BL51 BANKED LINKER/LOCATER V6.22.4.0                                                  09/16/2025  20:26:33  PAGE 10


  +--> ?PR?ULTRASONICUPDATEANDDISPLAY?ULTRAS...
  +--> ?PR?MYUART1SENDCURRENTSTATUS?MY_UART1

?PR?UPDATETIME?RTC_MODULE                        -----    -----      -----    -----      -----    -----
  +--> ?PR?RTC_READ?DS1302
  +--> ?PR?RESETTIMER?RTC_MODULE
  +--> ?PR?RTC_WRITE?DS1302

?PR?RESETTIMER?RTC_MODULE                        -----    -----      -----    -----      00B2H    0002H
  +--> ?PR?GETSPEED?SPEED_MODULE
  +--> ?PR?RTC_WRITE?DS1302

?PR?UPDATETEMP?TEMP_MODULE                       -----    -----      -----    -----      -----    -----
  +--> ?PR?GETADC?ADC
  +--> ?CO?TEMP_MODULE

?PR?SHOWSTATUS?NAV_HANDLER                       -----    -----      -----    -----      -----    -----
  +--> ?PR?SHOWTIME?RTC_MODULE
  +--> ?PR?SHOWTEMP?TEMP_MODULE
  +--> ?PR?SHOWSPEED?SPEED_MODULE

?PR?SHOWTIME?RTC_MODULE                          -----    -----      -----    -----      -----    -----
  +--> ?PR?RTC_READ?DS1302
  +--> ?PR?_SEG7PRINT?DISPLAYER

?PR?_SEG7PRINT?DISPLAYER                         -----    -----      0008H    0008H      -----    -----

?PR?SHOWTEMP?TEMP_MODULE                         -----    -----      -----    -----      -----    -----
  +--> ?PR?_SEG7PRINT?DISPLAYER

?PR?SHOWSPEED?SPEED_MODULE                       -----    -----      -----    -----      -----    -----
  +--> ?PR?_SEG7PRINT?DISPLAYER

?PR?CHECKCOUNTDOWNEVENT?VOICE_MODULE             -----    -----      -----    -----      00B2H    0002H
  +--> ?CO?VOICE_MODULE
  +--> ?PR?_UART2PRINT?UART2

?PR?ULTRASONICUPDATEANDDISPLAY?ULTRAS...         -----    -----      -----    -----      -----    -----
  +--> ?PR?GETULTRASONICDISTANCE?ULTRASONIC_...
  +--> ?PR?AUTODOOR_OPEN?ULTRASONIC_MODULE
  +--> ?PR?_SETBEEP?BEEP
  +--> ?PR?AUTODOOR_CLOSE?ULTRASONIC_MODULE

?PR?GETULTRASONICDISTANCE?ULTRASONIC_...         -----    -----      -----    -----      -----    -----
  +--> ?PR?GETULTRASONIC?SYS

?PR?GETULTRASONIC?SYS                            -----    -----      0008H    0002H      -----    -----
  +--> ?CO?CORE

?PR?AUTODOOR_OPEN?ULTRASONIC_MODULE              -----    -----      -----    -----      -----    -----
  +--> ?PR?_GETSTEPMOTORSTATUS?STEPMOTOR
  +--> ?PR?_SETSTEPMOTOR?STEPMOTOR

?PR?_SETSTEPMOTOR?STEPMOTOR                      -----    -----      0008H    0001H      -----    -----

?PR?AUTODOOR_CLOSE?ULTRASONIC_MODULE             -----    -----      -----    -----      -----    -----
  +--> ?PR?_GETSTEPMOTORSTATUS?STEPMOTOR
BL51 BANKED LINKER/LOCATER V6.22.4.0                                                  09/16/2025  20:26:33  PAGE 11


  +--> ?PR?_SETSTEPMOTOR?STEPMOTOR

?PR?MYUART1SENDCURRENTSTATUS?MY_UART1            -----    -----      -----    -----      00B2H    0002H
  +--> ?PR?GETUART1TXSTATUS?UART1
  +--> ?CO?MY_UART1
  +--> ?PR?_STRLEN?STRLEN
  +--> ?PR?_MY_UTOA?MY_UART1
  +--> ?PR?_UART1PRINT?UART1

?PR?_MY_UTOA?MY_UART1                            -----    -----      0008H    0003H      00B4H    0012H

?PR?NAVHANDLER?NAV_HANDLER                       -----    -----      -----    -----      00B2H    0004H
  +--> ?PR?_GETADCNAVACT?ADC
  +--> ?PR?SETFMRADIO?FM_RADIO

?PR?MYSTC_INIT?SYS                               -----    -----      -----    -----      -----    -----
  +--> ?PR?SYS_TIMER0_INIT?SYS

?PR?SYS_TIMER0_INIT?SYS                          -----    -----      -----    -----      -----    -----
  +--> ?CO?CORE

?PR?MYSTC_OS?SYS                                 -----    -----      -----    -----      -----    -----
  +--> ?PR?SYS_TASK_IR?SYS
  +--> ?PR?SYS_TASK_1MS?SYS
  +--> ?PR?SYS_TASK_10MS?SYS
  +--> ?PR?SYS_TASK_100MS?SYS
  +--> ?PR?SYS_TASK_1S?SYS

?C_INITSEG                                       -----    -----      -----    -----      -----    -----
  +--> ?PR?_?NULLFUNC?SYS
  +--> ?PR?_?RET0FUNC?SYS



SYMBOL TABLE OF MODULE:  .\output\BSP_Demo (MAIN)

  VALUE           TYPE          NAME
  ----------------------------------

  -------         MODULE        MAIN
  C:0000H         SYMBOL        _ICE_DUMMY_
  D:0080H         PUBLIC        P0
  D:0090H         PUBLIC        P1
  D:00A0H         PUBLIC        P2
  D:00B0H         PUBLIC        P3
  D:00C0H         PUBLIC        P4
  D:00C8H         PUBLIC        P5
  D:00E8H         PUBLIC        P6
  D:00F8H         PUBLIC        P7
  D:00A8H         PUBLIC        IE
  D:00B8H         PUBLIC        IP
  D:00D8H         PUBLIC        CCON
  C:2CF5H         PUBLIC        main
  D:0098H         PUBLIC        SCON
  D:0088H         PUBLIC        TCON
  D:00D0H         PUBLIC        PSW
  -------         PROC          MAIN
BL51 BANKED LINKER/LOCATER V6.22.4.0                                                  09/16/2025  20:26:33  PAGE 12


  C:2CF5H         LINE#         3
  C:2CF5H         LINE#         4
  C:2CFAH         LINE#         5
  C:2CFDH         LINE#         6
  C:2D00H         LINE#         7
  C:2D03H         LINE#         8
  C:2D0AH         LINE#         9
  C:2D16H         LINE#         10
  C:2D19H         LINE#         11
  C:2D1CH         LINE#         13
  C:2D32H         LINE#         14
  C:2D37H         LINE#         15
  C:2D3AH         LINE#         16
  C:2D3DH         LINE#         17
  C:2D42H         LINE#         18
  C:2D5CH         LINE#         19
  C:2D67H         LINE#         20
  C:2D72H         LINE#         21
  C:2D7DH         LINE#         22
  C:2D80H         LINE#         24
  C:2D80H         LINE#         25
  C:2D83H         LINE#         26
  -------         ENDPROC       MAIN
  -------         ENDMOD        MAIN

  -------         MODULE        ADC
  C:0000H         SYMBOL        _ICE_DUMMY_
  D:0080H         PUBLIC        P0
  D:0090H         PUBLIC        P1
  D:00A0H         PUBLIC        P2
  C:3F76H         PUBLIC        _?sys_get_KNEvent
  D:0045H         PUBLIC        sys_EXTADCEvent
  D:00B0H         PUBLIC        P3
  D:00C0H         PUBLIC        P4
  D:00C8H         PUBLIC        P5
  D:00E8H         PUBLIC        P6
  D:00F8H         PUBLIC        P7
  B:00A8H.5       PUBLIC        EADC
  D:00A8H         PUBLIC        IE
  D:00BDH         PUBLIC        ADC_RES
  D:00B8H         PUBLIC        IP
  D:0097H         PUBLIC        CLK_DIV
  C:39C6H         PUBLIC        _AdcInit
  D:00D8H         PUBLIC        CCON
  C:3F84H         PUBLIC        _?sys_get_EXTADCEvent
  X:00E7H         PUBLIC        AD_res
  D:00BCH         PUBLIC        ADC_CONTR
  D:0098H         PUBLIC        SCON
  D:0088H         PUBLIC        TCON
  C:1D80H         PUBLIC        _?sys_ADC_drv
  B:0021H.7       PUBLIC        flag_ADC
  X:00F1H         PUBLIC        sys_KN
  D:009DH         PUBLIC        P1ASF
  D:0046H         PUBLIC        sys_KNEvent
  D:00BEH         PUBLIC        ADC_RESL
  C:0003H         PUBLIC        GetADC
  C:362DH         PUBLIC        _GetAdcNavAct
BL51 BANKED LINKER/LOCATER V6.22.4.0                                                  09/16/2025  20:26:33  PAGE 13


  C:402DH         PUBLIC        ADC_isr
  D:00D0H         PUBLIC        PSW
  -------         PROC          ADC_ISR
  C:402DH         LINE#         26
  C:402DH         LINE#         27
  C:4030H         LINE#         28
  C:4032H         LINE#         29
  -------         ENDPROC       ADC_ISR
  -------         PROC          _?SYS_ADC_DRV
  -------         DO            
  X:00E5H         SYMBOL        pc
  X:00E6H         SYMBOL        counter
  i:0000H         SYMBOL        i
  C:3FF2H         SYMBOL        ADC_ch
  -------         ENDDO         
  C:1D80H         LINE#         31
  C:1D82H         LINE#         35
  C:1D88H         LINE#         36
  C:1D8AH         LINE#         37
  C:1DB8H         LINE#         38
  C:1DB8H         LINE#         39
  C:1DB8H         LINE#         40
  C:1DC8H         LINE#         41
  C:1DCAH         LINE#         42
  C:1DCAH         LINE#         43
  C:1DCAH         LINE#         44
  C:1DDEH         LINE#         45
  C:1DE1H         LINE#         46
  C:1DE4H         LINE#         47
  C:1DF4H         LINE#         48
  C:1DF6H         LINE#         49
  C:1E0AH         LINE#         50
  C:1E0DH         LINE#         51
  C:1E21H         LINE#         52
  C:1E34H         LINE#         53
  C:1E4CH         LINE#         54
  C:1E57H         LINE#         55
  C:1E5AH         LINE#         56
  C:1E6AH         LINE#         57
  C:1E7EH         LINE#         58
  C:1E93H         LINE#         59
  C:1EA4H         LINE#         60
  C:1EA6H         LINE#         61
  C:1EA6H         LINE#         62
  C:1EA8H         LINE#         64
  C:1EBFH         LINE#         65
  C:1ED0H         LINE#         66
  C:1ED3H         LINE#         67
  C:1ED3H         LINE#         68
  C:1ED3H         LINE#         69
  C:1EF6H         LINE#         70
  C:1F07H         LINE#         71
  C:1F0BH         LINE#         72
  C:1F0BH         LINE#         73
  C:1F0BH         LINE#         74
  C:1F11H         LINE#         75
  C:1F11H         LINE#         76
BL51 BANKED LINKER/LOCATER V6.22.4.0                                                  09/16/2025  20:26:33  PAGE 14


  C:1F11H         LINE#         77
  C:1F1DH         LINE#         78
  C:1F29H         LINE#         79
  C:1F29H         LINE#         80
  -------         ENDPROC       _?SYS_ADC_DRV
  -------         PROC          _?SYS_GET_KNEVENT
  -------         DO            
  i:0000H         SYMBOL        a
  -------         ENDDO         
  C:3F76H         LINE#         82
  C:3F78H         LINE#         84
  C:3F7CH         LINE#         85
  C:3F7FH         LINE#         86
  C:3F81H         LINE#         87
  -------         ENDPROC       _?SYS_GET_KNEVENT
  -------         PROC          _?SYS_GET_EXTADCEVENT
  -------         DO            
  i:0000H         SYMBOL        a
  -------         ENDDO         
  C:3F84H         LINE#         89
  C:3F86H         LINE#         91
  C:3F8AH         LINE#         92
  C:3F8DH         LINE#         93
  C:3F8FH         LINE#         94
  -------         ENDPROC       _?SYS_GET_EXTADCEVENT
  -------         PROC          _ADCINIT
  D:0007H         SYMBOL        ADCsel
  C:39C6H         LINE#         96
  C:39C6H         LINE#         97
  C:39C6H         LINE#         98
  C:39C8H         LINE#         99
  C:39CBH         LINE#         100
  C:39CEH         LINE#         101
  C:39D0H         LINE#         102
  C:39DEH         LINE#         103
  C:39EAH         LINE#         104
  C:39F6H         LINE#         105
  -------         ENDPROC       _ADCINIT
  -------         PROC          GETADC
  C:0003H         LINE#         107
  C:0003H         LINE#         108
  C:0009H         LINE#         109
  -------         ENDPROC       GETADC
  -------         PROC          _GETADCNAVACT
  D:0007H         SYMBOL        Nav_button
  -------         DO            
  D:0006H         SYMBOL        a
  -------         ENDDO         
  C:362DH         LINE#         111
  C:362DH         LINE#         112
  C:362DH         LINE#         113
  C:363DH         LINE#         114
  C:3658H         LINE#         115
  C:366DH         LINE#         116
  C:3670H         LINE#         117
  C:3670H         LINE#         118
  C:3672H         LINE#         119
BL51 BANKED LINKER/LOCATER V6.22.4.0                                                  09/16/2025  20:26:33  PAGE 15


  -------         ENDPROC       _GETADCNAVACT
  -------         ENDMOD        ADC

  -------         MODULE        BEEP
  C:0000H         SYMBOL        _ICE_DUMMY_
  D:0080H         PUBLIC        P0
  D:00B2H         PUBLIC        P3M0
  D:0090H         PUBLIC        P1
  D:00B1H         PUBLIC        P3M1
  D:00A0H         PUBLIC        P2
  D:00B0H         PUBLIC        P3
  D:00C0H         PUBLIC        P4
  D:00C8H         PUBLIC        P5
  D:00E8H         PUBLIC        P6
  D:00F8H         PUBLIC        P7
  D:00F9H         PUBLIC        CH
  C:3B5FH         PUBLIC        _?sys_beep_drv
  D:00A8H         PUBLIC        IE
  D:00E9H         PUBLIC        CL
  C:3CD3H         PUBLIC        BeepInit
  B:00D8H.6       PUBLIC        CR
  D:00DAH         PUBLIC        CCAPM0
  D:00B8H         PUBLIC        IP
  D:00D9H         PUBLIC        CMOD
  D:00D8H         PUBLIC        CCON
  C:3FAEH         PUBLIC        GetBeepStatus
  C:30B3H         PUBLIC        _SetBeep
  D:0098H         PUBLIC        SCON
  D:0088H         PUBLIC        TCON
  D:00D0H         PUBLIC        PSW
  B:00D8H.0       PUBLIC        CCF0
  -------         PROC          _?SYS_BEEP_DRV
  -------         DO            
  i:0000H         SYMBOL        a
  -------         ENDDO         
  C:3B5FH         LINE#         11
  C:3B63H         LINE#         13
  C:3B6DH         LINE#         14
  C:3B82H         LINE#         15
  -------         ENDPROC       _?SYS_BEEP_DRV
  -------         PROC          BEEPINIT
  C:3CD3H         LINE#         17
  C:3CD3H         LINE#         18
  C:3CD3H         LINE#         19
  C:3CD6H         LINE#         20
  C:3CD9H         LINE#         21
  C:3CDCH         LINE#         22
  C:3CDFH         LINE#         23
  C:3CE2H         LINE#         24
  C:3CE4H         LINE#         25
  C:3CF2H         LINE#         26
  -------         ENDPROC       BEEPINIT
  -------         PROC          _SETBEEP
  D:0008H         SYMBOL        Beep_freq
  D:000AH         SYMBOL        Beep_time
  -------         DO            
  D:0002H         SYMBOL        a
BL51 BANKED LINKER/LOCATER V6.22.4.0                                                  09/16/2025  20:26:33  PAGE 16


  D:0004H         SYMBOL        b
  -------         ENDDO         
  C:30B3H         LINE#         28
  C:30BBH         LINE#         29
  C:30BBH         LINE#         31
  C:30C2H         LINE#         32
  C:30C9H         LINE#         33
  C:30D4H         LINE#         34
  C:30FDH         LINE#         35
  C:3111H         LINE#         36
  C:3118H         LINE#         37
  C:311AH         LINE#         38
  C:311DH         LINE#         39
  C:311FH         LINE#         41
  C:3122H         LINE#         42
  C:3125H         LINE#         43
  C:3125H         LINE#         44
  C:3128H         LINE#         45
  C:3128H         LINE#         46
  C:312AH         LINE#         47
  -------         ENDPROC       _SETBEEP
  -------         PROC          GETBEEPSTATUS
  C:3FAEH         LINE#         49
  C:3FAEH         LINE#         50
  C:3FB7H         LINE#         51
  C:3FB9H         LINE#         52
  -------         ENDPROC       GETBEEPSTATUS
  -------         ENDMOD        BEEP

  -------         MODULE        DISPLAYER
  C:0000H         SYMBOL        _ICE_DUMMY_
  D:0093H         PUBLIC        P0M1
  D:0096H         PUBLIC        P2M0
  D:0080H         PUBLIC        P0
  D:0095H         PUBLIC        P2M1
  D:0090H         PUBLIC        P1
  D:00A0H         PUBLIC        P2
  D:00B0H         PUBLIC        P3
  D:00C0H         PUBLIC        P4
  D:00C8H         PUBLIC        P5
  D:00E8H         PUBLIC        P6
  D:00F8H         PUBLIC        P7
  D:00A8H         PUBLIC        IE
  D:00B8H         PUBLIC        IP
  D:00D8H         PUBLIC        CCON
  C:4033H         PUBLIC        _LedPrint
  B:00A0H.0       PUBLIC        P20
  B:00A0H.1       PUBLIC        P21
  D:0098H         PUBLIC        SCON
  B:00A0H.2       PUBLIC        P22
  D:0088H         PUBLIC        TCON
  B:00A0H.3       PUBLIC        P23
  C:3DA4H         PUBLIC        DisplayerInit
  X:016BH         PUBLIC        sys_Disp
  C:3FFBH         PUBLIC        _SetDisplayerArea
  C:3CF3H         PUBLIC        _Seg7Print
  C:2487H         PUBLIC        _?sys_display_drv
BL51 BANKED LINKER/LOCATER V6.22.4.0                                                  09/16/2025  20:26:33  PAGE 17


  D:00D0H         PUBLIC        PSW
  D:0094H         PUBLIC        P0M0
  -------         PROC          _?SYS_DISPLAY_DRV
  C:2487H         LINE#         16
  C:2487H         LINE#         18
  C:248AH         LINE#         19
  C:24B3H         LINE#         20
  C:24B9H         LINE#         21
  C:24BFH         LINE#         22
  C:24C5H         LINE#         23
  C:24CBH         LINE#         24
  C:24D5H         LINE#         25
  C:24DFH         LINE#         26
  C:24E9H         LINE#         27
  C:24F3H         LINE#         28
  C:24F5H         LINE#         29
  C:24F5H         LINE#         30
  C:24FDH         LINE#         31
  C:2526H         LINE#         33
  C:2541H         LINE#         34
  C:2544H         LINE#         35
  C:2544H         LINE#         36
  C:255BH         LINE#         37
  C:2567H         LINE#         39
  C:256FH         LINE#         40
  -------         ENDPROC       _?SYS_DISPLAY_DRV
  -------         PROC          DISPLAYERINIT
  C:3DA4H         LINE#         42
  C:3DA4H         LINE#         43
  C:3DA4H         LINE#         44
  C:3DA7H         LINE#         45
  C:3DAAH         LINE#         46
  C:3DADH         LINE#         47
  C:3DB0H         LINE#         48
  C:3DBEH         LINE#         49
  -------         ENDPROC       DISPLAYERINIT
  -------         PROC          _SETDISPLAYERAREA
  D:0007H         SYMBOL        Begin_of_scan
  D:0005H         SYMBOL        Ending_of_Scan
  C:3FFBH         LINE#         51
  C:3FFBH         LINE#         52
  C:4000H         LINE#         53
  C:4003H         LINE#         54
  -------         ENDPROC       _SETDISPLAYERAREA
  -------         PROC          _SEG7PRINT
  D:0007H         SYMBOL        d0
  D:0005H         SYMBOL        d1
  D:0003H         SYMBOL        d2
  D:000BH         SYMBOL        d3
  D:000CH         SYMBOL        d4
  D:000DH         SYMBOL        d5
  D:000EH         SYMBOL        d6
  D:000FH         SYMBOL        d7
  C:3CF3H         LINE#         56
  C:3CF3H         LINE#         57
  C:3CF8H         LINE#         58
  C:3CFBH         LINE#         59
BL51 BANKED LINKER/LOCATER V6.22.4.0                                                  09/16/2025  20:26:33  PAGE 18


  C:3CFEH         LINE#         60
  C:3D02H         LINE#         61
  C:3D06H         LINE#         62
  C:3D0AH         LINE#         63
  C:3D0EH         LINE#         64
  C:3D12H         LINE#         65
  -------         ENDPROC       _SEG7PRINT
  -------         PROC          _LEDPRINT
  D:0007H         SYMBOL        led_val
  C:4033H         LINE#         67
  C:4033H         LINE#         68
  C:4038H         LINE#         69
  -------         ENDPROC       _LEDPRINT
  -------         ENDMOD        DISPLAYER

  -------         MODULE        KEY
  C:0000H         SYMBOL        _ICE_DUMMY_
  D:0080H         PUBLIC        P0
  D:0090H         PUBLIC        P1
  D:00A0H         PUBLIC        P2
  D:00B0H         PUBLIC        P3
  D:00C0H         PUBLIC        P4
  D:00C8H         PUBLIC        P5
  D:00E8H         PUBLIC        P6
  D:00F8H         PUBLIC        P7
  D:00A8H         PUBLIC        IE
  D:004BH         PUBLIC        sys_keyEvent
  D:00B8H         PUBLIC        IP
  D:00D8H         PUBLIC        CCON
  C:3F92H         PUBLIC        _?sys_get_keyEvent
  D:0098H         PUBLIC        SCON
  D:0088H         PUBLIC        TCON
  C:205CH         PUBLIC        _?sys_key_drv
  C:3D33H         PUBLIC        KeyInit
  B:00B0H.2       PUBLIC        IO_Key1
  B:00B0H.3       PUBLIC        IO_Key2
  B:0090H.7       PUBLIC        IO_Key3
  C:37C4H         PUBLIC        _GetKeyAct
  X:0183H         PUBLIC        sys_Key
  D:00D0H         PUBLIC        PSW
  -------         PROC          _?SYS_KEY_DRV
  -------         DO            
  i:0000H         SYMBOL        i
  X:0182H         SYMBOL        counter
  -------         ENDDO         
  C:205CH         LINE#         28
  C:205EH         LINE#         31
  C:2067H         LINE#         32
  C:2070H         LINE#         33
  C:2079H         LINE#         34
  C:2084H         LINE#         35
  C:2087H         LINE#         36
  C:2099H         LINE#         37
  C:20B7H         LINE#         38
  C:20D0H         LINE#         39
  C:20ECH         LINE#         40
  C:20EEH         LINE#         41
BL51 BANKED LINKER/LOCATER V6.22.4.0                                                  09/16/2025  20:26:33  PAGE 19


  C:20EEH         LINE#         42
  C:20F0H         LINE#         44
  C:2111H         LINE#         45
  C:2127H         LINE#         46
  C:212AH         LINE#         47
  C:212AH         LINE#         48
  C:212AH         LINE#         49
  C:215DH         LINE#         50
  C:2178H         LINE#         51
  C:217CH         LINE#         52
  C:217CH         LINE#         53
  -------         ENDPROC       _?SYS_KEY_DRV
  -------         PROC          _?SYS_GET_KEYEVENT
  -------         DO            
  i:0000H         SYMBOL        a
  -------         ENDDO         
  C:3F92H         LINE#         55
  C:3F94H         LINE#         57
  C:3F98H         LINE#         58
  C:3F9BH         LINE#         59
  C:3F9DH         LINE#         60
  -------         ENDPROC       _?SYS_GET_KEYEVENT
  -------         PROC          KEYINIT
  C:3D33H         LINE#         62
  C:3D33H         LINE#         63
  C:3D33H         LINE#         64
  C:3D41H         LINE#         65
  C:3D4FH         LINE#         66
  -------         ENDPROC       KEYINIT
  -------         PROC          _GETKEYACT
  D:0007H         SYMBOL        Key
  -------         DO            
  D:0006H         SYMBOL        a
  -------         ENDDO         
  C:37C4H         LINE#         68
  C:37C4H         LINE#         69
  C:37C4H         LINE#         70
  C:37CEH         LINE#         71
  C:37E9H         LINE#         72
  C:37FEH         LINE#         73
  C:3801H         LINE#         74
  C:3801H         LINE#         75
  C:3803H         LINE#         76
  -------         ENDPROC       _GETKEYACT
  -------         ENDMOD        KEY

  -------         MODULE        SYS
  C:0000H         SYMBOL        _ICE_DUMMY_
  X:0000H         PUBLIC        count_1mS
  B:00D8H.2       PUBLIC        CCF2
  D:0080H         PUBLIC        P0
  B:0020H.1       PUBLIC        flag_1S
  D:0090H         PUBLIC        P1
  D:00A0H         PUBLIC        P2
  D:00B0H         PUBLIC        P3
  D:00C0H         PUBLIC        P4
  X:0001H         PUBLIC        T1
BL51 BANKED LINKER/LOCATER V6.22.4.0                                                  09/16/2025  20:26:33  PAGE 20


  D:00C8H         PUBLIC        P5
  X:0003H         PUBLIC        T2
  B:00A8H.7       PUBLIC        EA
  D:00E8H         PUBLIC        P6
  D:00F8H         PUBLIC        P7
  D:0024H         PUBLIC        IrDatNum
  B:00D8H.7       PUBLIC        CF
  B:0020H.2       PUBLIC        Ir_Coder
  B:0020H.3       PUBLIC        Ir_RxBusy
  D:00A8H         PUBLIC        IE
  B:0020H.4       PUBLIC        Ir_TxBusy
  X:0005H         PUBLIC        userfunccall
  D:00FAH         PUBLIC        CCAP0H
  D:00FBH         PUBLIC        CCAP1H
  C:2EA1H         PUBLIC        sys_task_Ir
  D:0025H         PUBLIC        IrCount_j
  D:0026H         PUBLIC        IrRx_count
  D:0027H         PUBLIC        IrProtocol
  D:00EAH         PUBLIC        CCAP0L
  D:0028H         PUBLIC        IrTx_count
  D:00EBH         PUBLIC        CCAP1L
  D:00DAH         PUBLIC        CCAPM0
  D:00DBH         PUBLIC        CCAPM1
  D:0029H         PUBLIC        MainLoops
  D:00B8H         PUBLIC        IP
  B:00D0H.7       PUBLIC        CY
  B:0020H.5       PUBLIC        flag_10mS
  D:00D8H         PUBLIC        CCON
  C:4004H         PUBLIC        GetBeepTimer
  C:354CH         PUBLIC        sys_Timer0_isr
  C:3036H         PUBLIC        _SetEventCallBack
  C:4039H         PUBLIC        MySTC_Init
  C:3804H         PUBLIC        sys_task_100mS
  D:002DH         PUBLIC        ModBus_interval_time
  C:4045H         PUBLIC        _?ret0func
  C:34F9H         PUBLIC        GetUltraSonic
  X:0029H         PUBLIC        count_10mS
  X:002AH         PUBLIC        stcDrivers
  C:400DH         PUBLIC        _SetBeepTimer
  B:0020H.6       PUBLIC        flag_IrRxFinished
  D:0098H         PUBLIC        SCON
  C:3EF9H         PUBLIC        _SetCCP0
  C:3843H         PUBLIC        MySTC_OS
  D:0089H         PUBLIC        TMOD
  D:0088H         PUBLIC        TCON
  B:0020H.7       PUBLIC        flag_Ir
  B:00B0H.5       PUBLIC        P35
  D:002EH         PUBLIC        IrRxNum
  X:0060H         PUBLIC        SysPerformance
  D:008EH         PUBLIC        AUXR
  C:29E1H         PUBLIC        sys_CCP_isr
  C:239AH         PUBLIC        sys_task_1mS
  B:00A8H.1       PUBLIC        ET0
  C:4048H         PUBLIC        ClrBeepPin
  D:008CH         PUBLIC        TH0
  B:0021H.0       PUBLIC        flag_100mS
  X:0065H         PUBLIC        distance
BL51 BANKED LINKER/LOCATER V6.22.4.0                                                  09/16/2025  20:26:33  PAGE 21


  D:008AH         PUBLIC        TL0
  D:002FH         PUBLIC        PollingMisses
  X:0067H         PUBLIC        sys_BP
  B:0088H.4       PUBLIC        TR0
  C:3AB6H         PUBLIC        sys_task_1S
  C:401FH         PUBLIC        GetSysPerformance
  B:0021H.1       PUBLIC        matchModBus
  X:006DH         PUBLIC        count_100mS
  B:0021H.2       PUBLIC        Ir_BitBusy
  D:0030H         PUBLIC        IrDat_count
  D:0031H         PUBLIC        IrMute_count
  B:0021H.3       PUBLIC        newFrame1
  C:35E6H         PUBLIC        sys_Timer0_Init
  B:0021H.4       PUBLIC        newFrame2
  D:0032H         PUBLIC        IrDataPc
  C:000AH         PUBLIC        _?nullfunc
  B:0021H.5       PUBLIC        flag_1mS
  B:0021H.6       PUBLIC        newUS
  D:008FH         PUBLIC        INT_CLKO
  C:2C62H         PUBLIC        sys_task_10mS
  D:00D0H         PUBLIC        PSW
  B:00D8H.0       PUBLIC        CCF0
  B:00B0H.4       PUBLIC        Beep
  B:00D8H.1       PUBLIC        CCF1
  -------         PROC          _?NULLFUNC
  C:000AH         LINE#         13
  -------         ENDPROC       _?NULLFUNC
  -------         PROC          _?RET0FUNC
  C:4045H         LINE#         14
  -------         ENDPROC       _?RET0FUNC
  -------         PROC          SYS_TIMER0_INIT
  C:35E6H         LINE#         96
  C:35E6H         LINE#         97
  C:35E9H         LINE#         98
  C:35ECH         LINE#         99
  C:3602H         LINE#         100
  C:3628H         LINE#         101
  C:362AH         LINE#         102
  C:362CH         LINE#         103
  -------         ENDPROC       SYS_TIMER0_INIT
  -------         PROC          SYS_TIMER0_ISR
  -------         DO            
  D:0023H         SYMBOL        i
  -------         ENDDO         
  C:354CH         LINE#         105
  C:3550H         LINE#         107
  C:3553H         LINE#         108
  C:3556H         LINE#         109
  C:355BH         LINE#         110
  C:355DH         LINE#         111
  C:355DH         LINE#         112
  C:3563H         LINE#         113
  C:3569H         LINE#         114
  C:356CH         LINE#         115
  C:356EH         LINE#         116
  C:3571H         LINE#         117
  C:3575H         LINE#         118
BL51 BANKED LINKER/LOCATER V6.22.4.0                                                  09/16/2025  20:26:33  PAGE 22


  C:3577H         LINE#         119
  C:357AH         LINE#         120
  C:357CH         LINE#         122
  C:357FH         LINE#         123
  C:3581H         LINE#         124
  C:3586H         LINE#         125
  C:3586H         LINE#         126
  C:3588H         LINE#         128
  C:3591H         LINE#         129
  C:3593H         LINE#         130
  C:3599H         LINE#         131
  C:3599H         LINE#         132
  C:3599H         LINE#         133
  C:3599H         LINE#         134
  -------         ENDPROC       SYS_TIMER0_ISR
  -------         PROC          GETULTRASONIC
  -------         DO            
  D:0008H         SYMBOL        a
  -------         ENDDO         
  C:34F9H         LINE#         138
  C:34F9H         LINE#         139
  C:34F9H         LINE#         140
  C:34FCH         LINE#         141
  C:34FEH         LINE#         142
  C:350DH         LINE#         143
  C:3543H         LINE#         144
  C:3543H         LINE#         145
  C:354BH         LINE#         146
  -------         ENDPROC       GETULTRASONIC
  -------         PROC          GETBEEPTIMER
  C:4004H         LINE#         148
  C:4004H         LINE#         149
  C:400CH         LINE#         150
  -------         ENDPROC       GETBEEPTIMER
  -------         PROC          _SETBEEPTIMER
  D:0006H         SYMBOL        a
  C:400DH         LINE#         152
  C:400DH         LINE#         153
  C:4015H         LINE#         154
  -------         ENDPROC       _SETBEEPTIMER
  -------         PROC          _SETCCP0
  D:0006H         SYMBOL        step
  D:0004H         SYMBOL        next
  C:3EF9H         LINE#         156
  C:3EF9H         LINE#         157
  C:3F01H         LINE#         158
  C:3F09H         LINE#         159
  -------         ENDPROC       _SETCCP0
  -------         PROC          CLRBEEPPIN
  C:4048H         LINE#         161
  C:4048H         LINE#         162
  C:404AH         LINE#         163
  -------         ENDPROC       CLRBEEPPIN
  -------         PROC          SYS_CCP_ISR
  -------         DO            
  B:0020H.0       SYMBOL        a
  -------         ENDDO         
BL51 BANKED LINKER/LOCATER V6.22.4.0                                                  09/16/2025  20:26:33  PAGE 23


  C:29E1H         LINE#         165
  C:29F4H         LINE#         167
  C:29FBH         LINE#         168
  C:2A02H         LINE#         169
  C:2A05H         LINE#         170
  C:2A07H         LINE#         171
  C:2A17H         LINE#         172
  C:2A1EH         LINE#         173
  C:2A21H         LINE#         174
  C:2A23H         LINE#         175
  C:2A25H         LINE#         177
  C:2A39H         LINE#         178
  C:2A3CH         LINE#         179
  C:2A3EH         LINE#         180
  C:2A40H         LINE#         181
  C:2A42H         LINE#         183
  C:2A42H         LINE#         184
  C:2A45H         LINE#         185
  C:2A47H         LINE#         186
  C:2A51H         LINE#         187
  C:2A53H         LINE#         188
  C:2A5CH         LINE#         189
  C:2A5FH         LINE#         190
  C:2A71H         LINE#         191
  C:2A73H         LINE#         193
  C:2A75H         LINE#         194
  C:2A78H         LINE#         195
  C:2A78H         LINE#         196
  C:2A78H         LINE#         197
  -------         ENDPROC       SYS_CCP_ISR
  -------         PROC          MYSTC_INIT
  C:4039H         LINE#         199
  C:4039H         LINE#         200
  C:403CH         LINE#         201
  C:403EH         LINE#         202
  -------         ENDPROC       MYSTC_INIT
  -------         PROC          SYS_TASK_IR
  -------         DO            
  D:0007H         SYMBOL        a
  -------         ENDDO         
  C:2EA1H         LINE#         204
  C:2EA1H         LINE#         205
  C:2EA1H         LINE#         206
  C:2EB7H         LINE#         207
  C:2EBEH         LINE#         208
  C:2EC1H         LINE#         209
  C:2EC4H         LINE#         210
  C:2EDAH         LINE#         211
  C:2EEAH         LINE#         212
  C:2EF2H         LINE#         213
  C:2EF5H         LINE#         214
  C:2EF7H         LINE#         216
  C:2F0DH         LINE#         217
  C:2F21H         LINE#         218
  C:2F21H         LINE#         219
  C:2F23H         LINE#         220
  C:2F26H         LINE#         222
BL51 BANKED LINKER/LOCATER V6.22.4.0                                                  09/16/2025  20:26:33  PAGE 24


  C:2F26H         LINE#         224
  C:2F28H         LINE#         225
  C:2F2BH         LINE#         226
  C:2F2BH         LINE#         227
  -------         ENDPROC       SYS_TASK_IR
  -------         PROC          SYS_TASK_1MS
  C:239AH         LINE#         229
  C:239AH         LINE#         230
  C:23A2H         LINE#         231
  C:23A5H         LINE#         232
  C:23A7H         LINE#         233
  C:23AFH         LINE#         234
  C:23B2H         LINE#         235
  C:23B4H         LINE#         236
  C:23BCH         LINE#         237
  C:23BFH         LINE#         238
  C:23C1H         LINE#         239
  C:23C1H         LINE#         240
  C:23C1H         LINE#         241
  C:23C1H         LINE#         242
  C:23CDH         LINE#         243
  C:23D9H         LINE#         244
  C:23E5H         LINE#         245
  C:23F1H         LINE#         246
  C:23FDH         LINE#         247
  C:2409H         LINE#         248
  C:2424H         LINE#         249
  C:2433H         LINE#         250
  C:243FH         LINE#         251
  C:2441H         LINE#         252
  C:2441H         LINE#         253
  C:2448H         LINE#         254
  C:244BH         LINE#         255
  C:245AH         LINE#         256
  C:245CH         LINE#         257
  C:245CH         LINE#         258
  C:245EH         LINE#         260
  C:246DH         LINE#         261
  C:2479H         LINE#         262
  C:247BH         LINE#         263
  C:247BH         LINE#         264
  C:247BH         LINE#         265
  -------         ENDPROC       SYS_TASK_1MS
  -------         PROC          SYS_TASK_10MS
  C:2C62H         LINE#         268
  C:2C62H         LINE#         269
  C:2C6EH         LINE#         270
  C:2C7AH         LINE#         271
  C:2C86H         LINE#         272
  C:2C92H         LINE#         273
  C:2CADH         LINE#         274
  C:2CC8H         LINE#         275
  C:2CE3H         LINE#         276
  C:2CE6H         LINE#         277
  C:2CE8H         LINE#         278
  C:2CF4H         LINE#         279
  C:2CF4H         LINE#         280
BL51 BANKED LINKER/LOCATER V6.22.4.0                                                  09/16/2025  20:26:33  PAGE 25


  -------         ENDPROC       SYS_TASK_10MS
  -------         PROC          SYS_TASK_100MS
  C:3804H         LINE#         282
  C:3804H         LINE#         283
  C:3810H         LINE#         284
  C:382BH         LINE#         285
  C:3837H         LINE#         286
  -------         ENDPROC       SYS_TASK_100MS
  -------         PROC          SYS_TASK_1S
  C:3AB6H         LINE#         289
  C:3AB6H         LINE#         290
  C:3AC4H         LINE#         291
  C:3ACAH         LINE#         292
  C:3AD3H         LINE#         293
  C:3AD5H         LINE#         294
  -------         ENDPROC       SYS_TASK_1S
  -------         PROC          MYSTC_OS
  C:3843H         LINE#         297
  C:3843H         LINE#         298
  C:384BH         LINE#         299
  C:3853H         LINE#         300
  C:385BH         LINE#         301
  C:3863H         LINE#         302
  C:386BH         LINE#         303
  C:3880H         LINE#         306
  -------         ENDPROC       MYSTC_OS
  -------         PROC          _SETEVENTCALLBACK
  D:0007H         SYMBOL        event
  D:0008H         SYMBOL        user_callback
  C:3036H         LINE#         308
  C:303CH         LINE#         309
  C:306DH         LINE#         310
  C:3070H         LINE#         311
  C:3072H         LINE#         312
  C:3075H         LINE#         313
  C:3077H         LINE#         314
  C:307AH         LINE#         315
  C:307CH         LINE#         316
  C:307FH         LINE#         317
  C:3081H         LINE#         318
  C:3084H         LINE#         319
  C:3086H         LINE#         320
  C:3089H         LINE#         321
  C:308BH         LINE#         322
  C:308EH         LINE#         323
  C:3090H         LINE#         324
  C:3093H         LINE#         325
  C:3095H         LINE#         326
  C:3098H         LINE#         327
  C:309AH         LINE#         328
  C:309DH         LINE#         329
  C:309FH         LINE#         330
  C:30A2H         LINE#         331
  C:30A4H         LINE#         332
  C:30B2H         LINE#         333
  C:30B2H         LINE#         334
  C:30B2H         LINE#         335
BL51 BANKED LINKER/LOCATER V6.22.4.0                                                  09/16/2025  20:26:33  PAGE 26


  C:30B2H         LINE#         336
  -------         ENDPROC       _SETEVENTCALLBACK
  -------         PROC          GETSYSPERFORMANCE
  C:401FH         LINE#         338
  C:401FH         LINE#         339
  C:4025H         LINE#         340
  -------         ENDPROC       GETSYSPERFORMANCE
  -------         ENDMOD        SYS

  -------         MODULE        DS1302
  C:0000H         SYMBOL        _ICE_DUMMY_
  D:0080H         PUBLIC        P0
  D:0090H         PUBLIC        P1
  D:00A0H         PUBLIC        P2
  D:00B0H         PUBLIC        P3
  D:00C0H         PUBLIC        P4
  C:3DBFH         PUBLIC        _DS1302WriteByte
  D:00C8H         PUBLIC        P5
  D:00E8H         PUBLIC        P6
  D:00F8H         PUBLIC        P7
  D:00A8H         PUBLIC        IE
  D:00B8H         PUBLIC        IP
  X:018DH         PUBLIC        RTCtime
  B:00C8H.4       PUBLIC        RTC_io
  D:00D8H         PUBLIC        CCON
  B:0090H.6       PUBLIC        RTC_rst
  X:0194H         PUBLIC        flag_newRTC
  D:0098H         PUBLIC        SCON
  D:0088H         PUBLIC        TCON
  C:4026H         PUBLIC        RTC_Read
  C:2A89H         PUBLIC        _?sys_DS1302_drv
  C:3EB1H         PUBLIC        _NVM_Read
  C:3DD8H         PUBLIC        RTC_Write
  C:3A9BH         PUBLIC        _DS1302Read
  C:3B36H         PUBLIC        _NVM_Write
  C:3D16H         PUBLIC        _DS1302Write
  C:3DF1H         PUBLIC        DS1302ReadByte
  C:229CH         PUBLIC        DS1302Init
  B:0090H.5       PUBLIC        RTC_sclk
  D:00D0H         PUBLIC        PSW
  -------         PROC          _DS1302WRITEBYTE
  D:0007H         SYMBOL        dat
  -------         DO            
  D:0006H         SYMBOL        i
  -------         ENDDO         
  C:3DBFH         LINE#         52
  C:3DBFH         LINE#         53
  C:3DBFH         LINE#         54
  C:3DC1H         LINE#         55
  C:3DC3H         LINE#         56
  C:3DC7H         LINE#         57
  C:3DC8H         LINE#         58
  C:3DC9H         LINE#         59
  C:3DCAH         LINE#         60
  C:3DCCH         LINE#         61
  C:3DCDH         LINE#         62
  C:3DD1H         LINE#         63
BL51 BANKED LINKER/LOCATER V6.22.4.0                                                  09/16/2025  20:26:33  PAGE 27


  C:3DD3H         LINE#         64
  C:3DD7H         LINE#         65
  -------         ENDPROC       _DS1302WRITEBYTE
  -------         PROC          DS1302READBYTE
  -------         DO            
  D:0006H         SYMBOL        i
  D:0007H         SYMBOL        dat
  -------         ENDDO         
  C:3DF1H         LINE#         67
  C:3DF1H         LINE#         68
  C:3DF1H         LINE#         69
  C:3DF3H         LINE#         70
  C:3DF7H         LINE#         71
  C:3DFDH         LINE#         72
  C:3DFFH         LINE#         73
  C:3E00H         LINE#         74
  C:3E01H         LINE#         75
  C:3E02H         LINE#         76
  C:3E04H         LINE#         77
  C:3E08H         LINE#         78
  C:3E08H         LINE#         79
  -------         ENDPROC       DS1302READBYTE
  -------         PROC          L?0042
  -------         ENDPROC       L?0042
  -------         PROC          _DS1302READ
  D:0007H         SYMBOL        cmd
  -------         DO            
  D:0007H         SYMBOL        dat
  -------         ENDDO         
  C:3A9BH         LINE#         81
  C:3A9BH         LINE#         82
  C:3A9BH         LINE#         84
  C:3A9DH         LINE#         85
  C:3A9EH         LINE#         86
  C:3A9FH         LINE#         87
  C:3AA0H         LINE#         88
  C:3AA2H         LINE#         89
  C:3AA3H         LINE#         90
  C:3AA4H         LINE#         91
  C:3AA5H         LINE#         92
  C:3AA7H         LINE#         93
  C:3AA8H         LINE#         94
  C:3AABH         LINE#         95
  C:3AAEH         LINE#         96
  C:3AB0H         LINE#         97
  C:3AB1H         LINE#         98
  C:3AB2H         LINE#         99
  C:3AB3H         LINE#         100
  C:3AB5H         LINE#         101
  C:3AB5H         LINE#         102
  -------         ENDPROC       _DS1302READ
  -------         PROC          L?0043
  -------         ENDPROC       L?0043
  -------         PROC          _DS1302WRITE
  D:0007H         SYMBOL        cmd
  D:0005H         SYMBOL        dat
  C:3D16H         LINE#         104
BL51 BANKED LINKER/LOCATER V6.22.4.0                                                  09/16/2025  20:26:33  PAGE 28


  C:3D16H         LINE#         105
  C:3D18H         LINE#         106
  C:3D19H         LINE#         107
  C:3D1AH         LINE#         108
  C:3D1BH         LINE#         109
  C:3D1DH         LINE#         110
  C:3D1EH         LINE#         111
  C:3D1FH         LINE#         112
  C:3D20H         LINE#         113
  C:3D22H         LINE#         114
  C:3D23H         LINE#         115
  C:3D26H         LINE#         116
  C:3D2BH         LINE#         117
  C:3D2DH         LINE#         118
  C:3D2EH         LINE#         119
  C:3D2FH         LINE#         120
  C:3D30H         LINE#         121
  C:3D32H         LINE#         122
  -------         ENDPROC       _DS1302WRITE
  -------         PROC          RTC_READ
  C:4026H         LINE#         124
  C:4026H         LINE#         125
  C:402CH         LINE#         126
  -------         ENDPROC       RTC_READ
  -------         PROC          RTC_WRITE
  D:000FH         SYMBOL        t
  C:3DD8H         LINE#         128
  C:3DD8H         LINE#         129
  C:3DEBH         LINE#         130
  C:3DF0H         LINE#         131
  -------         ENDPROC       RTC_WRITE
  -------         PROC          _NVM_READ
  D:0007H         SYMBOL        NVM_addr
  C:3EB1H         LINE#         133
  C:3EB1H         LINE#         134
  C:3EC0H         LINE#         135
  C:3EC2H         LINE#         136
  -------         ENDPROC       _NVM_READ
  -------         PROC          _NVM_WRITE
  D:0004H         SYMBOL        NVM_addr
  D:0003H         SYMBOL        NVM_data
  C:3B36H         LINE#         138
  C:3B3AH         LINE#         139
  C:3B40H         LINE#         140
  C:3B47H         LINE#         141
  C:3B52H         LINE#         142
  C:3B59H         LINE#         143
  C:3B5CH         LINE#         144
  C:3B5CH         LINE#         145
  C:3B5EH         LINE#         146
  -------         ENDPROC       _NVM_WRITE
  -------         PROC          _?SYS_DS1302_DRV
  -------         DO            
  X:018CH         SYMBOL        count100mS
  i:0000H         SYMBOL        a
  -------         ENDDO         
  C:2A89H         LINE#         148
BL51 BANKED LINKER/LOCATER V6.22.4.0                                                  09/16/2025  20:26:33  PAGE 29


  C:2A8BH         LINE#         151
  C:2A91H         LINE#         152
  C:2A9AH         LINE#         153
  C:2AA4H         LINE#         154
  C:2AA8H         LINE#         155
  C:2AB1H         LINE#         156
  C:2AB6H         LINE#         157
  C:2AB9H         LINE#         158
  C:2AB9H         LINE#         159
  C:2AB9H         LINE#         160
  C:2ABFH         LINE#         161
  C:2AC9H         LINE#         162
  C:2AD3H         LINE#         163
  C:2AD3H         LINE#         164
  C:2AD3H         LINE#         165
  C:2AD5H         LINE#         166
  C:2AE2H         LINE#         167
  C:2AE4H         LINE#         168
  C:2AE9H         LINE#         169
  C:2AF0H         LINE#         170
  C:2AFAH         LINE#         171
  C:2AFFH         LINE#         172
  C:2B04H         LINE#         173
  C:2B0CH         LINE#         174
  C:2B14H         LINE#         175
  C:2B1CH         LINE#         176
  C:2B24H         LINE#         177
  C:2B2BH         LINE#         178
  C:2B2BH         LINE#         179
  -------         ENDPROC       _?SYS_DS1302_DRV
  -------         PROC          DS1302INIT
  D:0008H         SYMBOL        t
  C:229CH         LINE#         181
  C:229CH         LINE#         182
  C:229CH         LINE#         183
  C:22A6H         LINE#         184
  C:22ADH         LINE#         185
  C:22ADH         LINE#         186
  C:22ADH         LINE#         187
  C:22B3H         LINE#         188
  C:22BBH         LINE#         189
  C:22C3H         LINE#         191
  C:22CAH         LINE#         193
  C:234DH         LINE#         201
  C:2363H         LINE#         202
  C:236AH         LINE#         203
  C:237DH         LINE#         204
  C:237DH         LINE#         205
  C:2384H         LINE#         206
  C:238BH         LINE#         207
  C:2399H         LINE#         208
  -------         ENDPROC       DS1302INIT
  -------         ENDMOD        DS1302

  -------         MODULE        EXT
  C:0000H         SYMBOL        _ICE_DUMMY_
  D:0080H         PUBLIC        P0
BL51 BANKED LINKER/LOCATER V6.22.4.0                                                  09/16/2025  20:26:33  PAGE 30


  D:0090H         PUBLIC        P1
  D:00A0H         PUBLIC        P2
  D:00B0H         PUBLIC        P3
  D:00C0H         PUBLIC        P4
  D:00C8H         PUBLIC        P5
  D:00E8H         PUBLIC        P6
  X:0177H         PUBLIC        EXTmodel
  D:00F8H         PUBLIC        P7
  C:38F6H         PUBLIC        _EXTInit
  C:344AH         PUBLIC        ReadCount
  D:00A2H         PUBLIC        P_SW1
  C:4016H         PUBLIC        GetWeight
  D:00A8H         PUBLIC        IE
  X:0178H         PUBLIC        T_Pout1
  X:017AH         PUBLIC        T_Pout2
  B:00D8H.6       PUBLIC        CR
  X:017CH         PUBLIC        resultEXT
  D:00DBH         PUBLIC        CCAPM1
  D:00B8H         PUBLIC        IP
  C:2D85H         PUBLIC        _SetPWM
  D:00D9H         PUBLIC        CMOD
  D:00D8H         PUBLIC        CCON
  D:0098H         PUBLIC        SCON
  D:0088H         PUBLIC        TCON
  B:0090H.0       PUBLIC        DOUT
  D:00E0H         PUBLIC        ACC
  B:0090H.1       PUBLIC        PD_SCK
  X:017EH         PUBLIC        T_PWM1
  X:0180H         PUBLIC        T_PWM2
  C:2570H         PUBLIC        _?sys_EXT_drv
  C:3F0AH         PUBLIC        GetDecode
  D:00D0H         PUBLIC        PSW
  -------         PROC          _SETPWM
  D:0002H         SYMBOL        PWM1
  D:0005H         SYMBOL        freq1
  D:001EH         SYMBOL        PWM2
  D:001FH         SYMBOL        freq2
  C:2D85H         LINE#         25
  C:2D89H         LINE#         26
  C:2D9AH         LINE#         27
  C:2DACH         LINE#         28
  C:2DE0H         LINE#         29
  C:2E14H         LINE#         30
  -------         ENDPROC       _SETPWM
  -------         PROC          READCOUNT
  -------         DO            
  D:0008H         SYMBOL        Count
  D:000CH         SYMBOL        i
  -------         ENDDO         
  C:344AH         LINE#         35
  C:344AH         LINE#         36
  C:344AH         LINE#         38
  C:3453H         LINE#         39
  C:3455H         LINE#         40
  C:3457H         LINE#         41
  C:346CH         LINE#         42
  C:346DH         LINE#         43
BL51 BANKED LINKER/LOCATER V6.22.4.0                                                  09/16/2025  20:26:33  PAGE 31


  C:346FH         LINE#         44
  C:3487H         LINE#         45
  C:348EH         LINE#         46
  C:348FH         LINE#         47
  C:3491H         LINE#         48
  C:3492H         LINE#         49
  C:3493H         LINE#         50
  C:3495H         LINE#         51
  C:34A2H         LINE#         52
  -------         ENDPROC       READCOUNT
  -------         PROC          GETWEIGHT
  C:4016H         LINE#         54
  C:4016H         LINE#         55
  C:401EH         LINE#         56
  -------         ENDPROC       GETWEIGHT
  -------         PROC          GETDECODE
  -------         DO            
  D:0006H         SYMBOL        a
  -------         ENDDO         
  C:3F0AH         LINE#         58
  C:3F0AH         LINE#         59
  C:3F0AH         LINE#         60
  C:3F12H         LINE#         61
  C:3F19H         LINE#         62
  C:3F19H         LINE#         63
  -------         ENDPROC       GETDECODE
  -------         PROC          _?SYS_EXT_DRV
  -------         DO            
  D:003CH         SYMBOL        i
  D:003EH         SYMBOL        j
  D:0040H         SYMBOL        oldPin1
  D:0041H         SYMBOL        UStimer
  -------         ENDDO         
  C:2570H         LINE#         65
  C:2570H         LINE#         69
  C:2576H         LINE#         70
  C:257AH         LINE#         71
  C:2585H         LINE#         72
  C:2585H         LINE#         73
  C:258EH         LINE#         74
  C:25AAH         LINE#         75
  C:25BFH         LINE#         76
  C:25DBH         LINE#         77
  C:25F0H         LINE#         78
  C:25F0H         LINE#         79
  C:25F5H         LINE#         80
  C:260CH         LINE#         81
  C:262DH         LINE#         82
  C:2633H         LINE#         83
  C:2633H         LINE#         84
  C:263AH         LINE#         85
  C:2640H         LINE#         86
  C:2645H         LINE#         87
  C:2647H         LINE#         88
  C:264AH         LINE#         89
  C:264AH         LINE#         90
  C:2653H         LINE#         91
BL51 BANKED LINKER/LOCATER V6.22.4.0                                                  09/16/2025  20:26:33  PAGE 32


  C:2656H         LINE#         92
  C:2656H         LINE#         93
  -------         ENDPROC       _?SYS_EXT_DRV
  -------         PROC          _EXTINIT
  D:0007H         SYMBOL        EXTfunction
  C:38F6H         LINE#         95
  C:38F6H         LINE#         96
  C:38F6H         LINE#         97
  C:38FBH         LINE#         98
  C:3901H         LINE#         99
  C:3903H         LINE#         100
  C:390AH         LINE#         101
  C:390CH         LINE#         102
  C:390EH         LINE#         103
  C:3910H         LINE#         104
  C:3913H         LINE#         105
  C:3916H         LINE#         106
  C:3918H         LINE#         107
  C:391AH         LINE#         108
  C:391DH         LINE#         109
  C:392BH         LINE#         110
  -------         ENDPROC       _EXTINIT
  -------         ENDMOD        EXT

  -------         MODULE        UART2
  C:0000H         SYMBOL        _ICE_DUMMY_
  D:0047H         PUBLIC        ModBus_Interval_Min
  D:0080H         PUBLIC        P0
  C:182EH         PUBLIC        Uart2_isr
  D:0090H         PUBLIC        P1
  D:00A0H         PUBLIC        P2
  D:00B0H         PUBLIC        P3
  D:00C0H         PUBLIC        P4
  D:00C8H         PUBLIC        P5
  D:00E8H         PUBLIC        P6
  D:00F8H         PUBLIC        P7
  D:00BAH         PUBLIC        P_SW2
  D:00A8H         PUBLIC        IE
  D:00DBH         PUBLIC        CCAPM1
  D:00B8H         PUBLIC        IP
  C:0042H         PUBLIC        _?nullfunc0
  D:00D8H         PUBLIC        CCON
  C:39F7H         PUBLIC        _SetUart2Rxd
  B:0090H.0       PUBLIC        P10
[...]
  -------         ENDPROC       _WRITEBYTE
  -------         PROC          READBYTE
  -------         DO            
  D:0006H         SYMBOL        i
  D:0007H         SYMBOL        k
  -------         ENDDO         
  C:3CB1H         LINE#         77
  C:3CB1H         LINE#         78
  C:3CB1H         LINE#         79
  C:3CB3H         LINE#         80
  C:3CB4H         LINE#         81
  C:3CB5H         LINE#         82
  C:3CB6H         LINE#         83
  C:3CB8H         LINE#         84
  C:3CB9H         LINE#         85
  C:3CBBH         LINE#         86
  C:3CBDH         LINE#         87
  C:3CBEH         LINE#         88
  C:3CBFH         LINE#         89
  C:3CC9H         LINE#         90
  C:3CCAH         LINE#         91
  C:3CCBH         LINE#         92
  C:3CCDH         LINE#         93
  C:3CCEH         LINE#         94
  C:3CD2H         LINE#         95
  C:3CD2H         LINE#         96
  -------         ENDPROC       READBYTE
  -------         PROC          _M24C02_WRITE
  D:0004H         SYMBOL        NVM_addr
  D:0005H         SYMBOL        NVM_data
  C:3E4EH         LINE#         98
  C:3E50H         LINE#         99
  C:3E53H         LINE#         100
  C:3E58H         LINE#         101
  C:3E5BH         LINE#         102
  C:3E5DH         LINE#         103
BL51 BANKED LINKER/LOCATER V6.22.4.0                                                  09/16/2025  20:26:33  PAGE 54


  C:3E5DH         LINE#         104
  C:3E5DH         LINE#         105
  C:3E60H         LINE#         106
  -------         ENDPROC       _M24C02_WRITE
  -------         PROC          _M24C02_READ
  D:0005H         SYMBOL        NVM_addr
  -------         DO            
  D:0007H         SYMBOL        date
  -------         ENDDO         
  C:3D50H         LINE#         109
  C:3D52H         LINE#         110
  C:3D52H         LINE#         111
  C:3D55H         LINE#         112
  C:3D57H         LINE#         113
  C:3D57H         LINE#         114
  C:3D57H         LINE#         115
  C:3D5AH         LINE#         116
  C:3D5DH         LINE#         117
  C:3D62H         LINE#         118
  C:3D65H         LINE#         119
  C:3D68H         LINE#         120
  C:3D6BH         LINE#         121
  C:3D6BH         LINE#         122
  -------         ENDPROC       _M24C02_READ
  -------         ENDMOD        M24C02

  -------         MODULE        FM_RADIO
  C:0000H         SYMBOL        _ICE_DUMMY_
  D:0080H         PUBLIC        P0
  D:0090H         PUBLIC        P1
  D:00A0H         PUBLIC        P2
  D:00B0H         PUBLIC        P3
  D:00C0H         PUBLIC        P4
  D:00C8H         PUBLIC        P5
  D:00E8H         PUBLIC        P6
  D:00F8H         PUBLIC        P7
  D:00A8H         PUBLIC        IE
  B:00A0H.7       PUBLIC        FM_DATA
  C:3E81H         PUBLIC        _delay
  D:00B8H         PUBLIC        IP
  C:3E8BH         PUBLIC        IIC_Radio_Start
  C:3BFEH         PUBLIC        FMRadioInit
  D:00D8H         PUBLIC        CCON
  C:333AH         PUBLIC        GetFMRadio
  C:3B87H         PUBLIC        _IIC_Radio_WriteByte
  C:3FBAH         PUBLIC        IIC_Radio_Stop
  C:271DH         PUBLIC        SetFMRadio
  D:0098H         PUBLIC        SCON
  D:0088H         PUBLIC        TCON
  X:019EH         PUBLIC        Radio_Write_Data
  X:01A6H         PUBLIC        flag_SetFM
  C:3D6CH         PUBLIC        IIC_Radio_ACK
  B:00C0H.5       PUBLIC        FM_CLOCK
  C:36B8H         PUBLIC        _?sys_FMRadio_drv
  D:00D0H         PUBLIC        PSW
  C:3E78H         SYMBOL        L?0043
  -------         PROC          L?0042
BL51 BANKED LINKER/LOCATER V6.22.4.0                                                  09/16/2025  20:26:33  PAGE 55


  -------         ENDPROC       L?0042
  C:3E78H         SYMBOL        L?0043
  -------         PROC          _DELAY
  D:0007H         SYMBOL        i
  C:3E81H         LINE#         22
  C:3E81H         LINE#         23
  C:3E87H         LINE#         24
  C:3E8AH         LINE#         25
  -------         ENDPROC       _DELAY
  -------         PROC          IIC_RADIO_START
  C:3E8BH         LINE#         28
  C:3E8BH         LINE#         29
  C:3E8DH         LINE#         30
  C:3E8DH         LINE#         31
  C:3E8DH         LINE#         32
  C:3E90H         LINE#         33
  C:3E92H         LINE#         34
  C:3E97H         LINE#         35
  C:3E99H         LINE#         36
  -------         ENDPROC       IIC_RADIO_START
  -------         PROC          IIC_RADIO_STOP
  C:3FBAH         LINE#         39
  C:3FBAH         LINE#         40
  C:3FBCH         LINE#         41
  C:3FBCH         LINE#         42
  C:3FBCH         LINE#         43
  C:3FBFH         LINE#         44
  C:3FC1H         LINE#         45
  -------         ENDPROC       IIC_RADIO_STOP
  -------         PROC          IIC_RADIO_ACK
  -------         DO            
  D:0007H         SYMBOL        i
  -------         ENDDO         
  C:3D6CH         LINE#         48
  C:3D6CH         LINE#         49
  C:3D6EH         LINE#         50
  C:3D70H         LINE#         51
  C:3D7CH         LINE#         52
  C:3D81H         LINE#         53
  C:3D83H         LINE#         54
  -------         ENDPROC       IIC_RADIO_ACK
  -------         PROC          _IIC_RADIO_WRITEBYTE
  D:0005H         SYMBOL        Data
  -------         DO            
  D:0003H         SYMBOL        i
  -------         ENDDO         
  C:3B87H         LINE#         57
  C:3B89H         LINE#         58
  C:3B89H         LINE#         59
  C:3B8BH         LINE#         60
  C:3B8DH         LINE#         61
  C:3B92H         LINE#         62
  C:3B96H         LINE#         63
  C:3B9AH         LINE#         64
  C:3B9AH         LINE#         65
  C:3B9AH         LINE#         66
  C:3B9DH         LINE#         67
BL51 BANKED LINKER/LOCATER V6.22.4.0                                                  09/16/2025  20:26:33  PAGE 56


  C:3BA1H         LINE#         68
  C:3BA3H         LINE#         69
  C:3BA8H         LINE#         70
  C:3BAAH         LINE#         71
  -------         ENDPROC       _IIC_RADIO_WRITEBYTE
  -------         PROC          _?SYS_FMRADIO_DRV
  -------         DO            
  i:0000H         SYMBOL        i
  -------         ENDDO         
  C:36B8H         LINE#         74
  C:36BAH         LINE#         76
  C:36C2H         LINE#         77
  C:36C5H         LINE#         78
  C:36CAH         LINE#         79
  C:36CDH         LINE#         80
  C:36DAH         LINE#         81
  C:36E9H         LINE#         82
  C:36ECH         LINE#         83
  C:36F1H         LINE#         84
  C:36F4H         LINE#         85
  C:36F9H         LINE#         86
  C:36F9H         LINE#         87
  -------         ENDPROC       _?SYS_FMRADIO_DRV
  -------         PROC          GETFMRADIO
  -------         DO            
  D:0014H         SYMBOL        FM
  D:0007H         SYMBOL        chan
  -------         ENDDO         
  C:333AH         LINE#         89
  C:333AH         LINE#         90
  C:333AH         LINE#         92
  C:334BH         LINE#         93
  C:3354H         LINE#         94
  C:335CH         LINE#         95
  C:3363H         LINE#         96
  C:3371H         LINE#         97
  C:3380H         LINE#         98
  C:338FH         LINE#         99
  C:3395H         LINE#         100
  -------         ENDPROC       GETFMRADIO
  -------         PROC          SETFMRADIO
  D:000EH         SYMBOL        FM
  -------         DO            
  D:0005H         SYMBOL        a
  -------         ENDDO         
  C:271DH         LINE#         102
  C:271DH         LINE#         103
  C:271DH         LINE#         104
  C:2753H         LINE#         105
  C:2758H         LINE#         106
  C:2760H         LINE#         107
  C:276DH         LINE#         108
  C:2773H         LINE#         109
  C:2773H         LINE#         110
  C:279BH         LINE#         111
  C:27A8H         LINE#         112
  C:27ACH         LINE#         113
BL51 BANKED LINKER/LOCATER V6.22.4.0                                                  09/16/2025  20:26:33  PAGE 57


  C:27ACH         LINE#         114
  C:27AEH         LINE#         115
  C:27B5H         LINE#         116
  C:27BCH         LINE#         117
  C:27C3H         LINE#         118
  C:27CAH         LINE#         119
  C:27CCH         LINE#         120
  C:27D2H         LINE#         121
  C:27D2H         LINE#         122
  -------         ENDPROC       SETFMRADIO
  -------         PROC          FMRADIOINIT
  D:0008H         SYMBOL        FM
  C:3BFEH         LINE#         124
  C:3BFEH         LINE#         125
  C:3BFEH         LINE#         126
  C:3C14H         LINE#         127
  C:3C22H         LINE#         128
  -------         ENDPROC       FMRADIOINIT
  -------         ENDMOD        FM_RADIO

  -------         MODULE        UART1
  C:0000H         SYMBOL        _ICE_DUMMY_
  C:1F2CH         PUBLIC        Uart1_isr
  D:0080H         PUBLIC        P0
  D:0090H         PUBLIC        P1
  D:00A0H         PUBLIC        P2
  D:00B0H         PUBLIC        P3
  D:00C0H         PUBLIC        P4
  D:00C8H         PUBLIC        P5
  D:00E8H         PUBLIC        P6
  D:00F8H         PUBLIC        P7
  D:00A8H         PUBLIC        IE
  B:00A8H.4       PUBLIC        ES
  D:00B8H         PUBLIC        IP
  B:0098H.0       PUBLIC        RI
  B:0098H.1       PUBLIC        TI
  D:00D8H         PUBLIC        CCON
  C:3A28H         PUBLIC        _SetUart1Rxd
  D:0099H         PUBLIC        SBUF
  D:0098H         PUBLIC        SCON
  D:0089H         PUBLIC        TMOD
  D:0088H         PUBLIC        TCON
  D:008EH         PUBLIC        AUXR
  C:3FE7H         PUBLIC        GetUart1TxStatus
  B:00A8H.3       PUBLIC        ET1
  D:008DH         PUBLIC        TH1
  D:008BH         PUBLIC        TL1
  B:0088H.6       PUBLIC        TR1
  C:3BAFH         PUBLIC        _Uart1Print
  C:312BH         PUBLIC        _Uart1Init
  C:3F58H         PUBLIC        _?sys_get_Uart1RxdEvent
  X:0144H         PUBLIC        com1
  D:00D0H         PUBLIC        PSW
  -------         PROC          UART1_ISR
  C:1F2CH         LINE#         10
  C:1F49H         LINE#         11
  C:1F4CH         LINE#         12
BL51 BANKED LINKER/LOCATER V6.22.4.0                                                  09/16/2025  20:26:33  PAGE 58


  C:1F4EH         LINE#         13
  C:1F82H         LINE#         14
  C:1F87H         LINE#         15
  C:1F87H         LINE#         16
  C:1F8DH         LINE#         17
  C:1F8FH         LINE#         18
  C:1F92H         LINE#         19
  C:1F94H         LINE#         20
  C:1F9BH         LINE#         21
  C:1F9BH         LINE#         22
  C:1FAFH         LINE#         23
  C:1FC3H         LINE#         24
  C:1FD2H         LINE#         25
  C:1FE0H         LINE#         26
  C:2018H         LINE#         27
  C:2026H         LINE#         28
  C:2026H         LINE#         29
  C:2041H         LINE#         30
  C:2041H         LINE#         31
  -------         ENDPROC       UART1_ISR
  -------         PROC          _?SYS_GET_UART1RXDEVENT
  -------         DO            
  i:0000H         SYMBOL        a
  -------         ENDDO         
  C:3F58H         LINE#         33
  C:3F5AH         LINE#         35
  C:3F62H         LINE#         36
  C:3F64H         LINE#         37
  C:3F64H         LINE#         38
  -------         ENDPROC       _?SYS_GET_UART1RXDEVENT
  -------         PROC          _UART1INIT
  D:0008H         SYMBOL        band
  C:312BH         LINE#         40
  C:3133H         LINE#         41
  C:3133H         LINE#         43
  C:3136H         LINE#         44
  C:3139H         LINE#         45
  C:313CH         LINE#         46
  C:313FH         LINE#         47
  C:315EH         LINE#         48
  C:318DH         LINE#         49
  C:318FH         LINE#         50
  C:3191H         LINE#         51
  C:3193H         LINE#         52
  C:31A1H         LINE#         53
  -------         ENDPROC       _UART1INIT
  -------         PROC          _SETUART1RXD
  D:0001H         SYMBOL        RxdPt
  D:0004H         SYMBOL        Nmax
  D:000DH         SYMBOL        matchhead
  D:0010H         SYMBOL        matchheadsize
  C:3A28H         LINE#         55
  C:3A28H         LINE#         56
  C:3A33H         LINE#         57
  C:3A39H         LINE#         58
  C:3A43H         LINE#         59
  C:3A51H         LINE#         60
BL51 BANKED LINKER/LOCATER V6.22.4.0                                                  09/16/2025  20:26:33  PAGE 59


  C:3A53H         LINE#         61
  C:3A58H         LINE#         62
  -------         ENDPROC       _SETUART1RXD
  -------         PROC          _UART1PRINT
  D:0001H         SYMBOL        pt
  D:0004H         SYMBOL        num
  C:3BAFH         LINE#         64
  C:3BAFH         LINE#         65
  C:3BB5H         LINE#         66
  C:3BC0H         LINE#         67
  C:3BC5H         LINE#         68
  C:3BCBH         LINE#         69
  C:3BCFH         LINE#         70
  C:3BD1H         LINE#         71
  C:3BD4H         LINE#         72
  C:3BD4H         LINE#         73
  C:3BD6H         LINE#         74
  -------         ENDPROC       _UART1PRINT
  -------         PROC          GETUART1TXSTATUS
  C:3FE7H         LINE#         76
  C:3FE7H         LINE#         77
  C:3FEFH         LINE#         78
  C:3FF1H         LINE#         79
  -------         ENDPROC       GETUART1TXSTATUS
  -------         ENDMOD        UART1

  -------         MODULE        ?C?FPMUL
  C:0A6EH         PUBLIC        ?C?FPMUL
  -------         ENDMOD        ?C?FPMUL

  -------         MODULE        ?C?FPDIV
  C:0B77H         PUBLIC        ?C?FPDIV
  -------         ENDMOD        ?C?FPDIV

  -------         MODULE        ?C?FCAST
  C:0C1EH         PUBLIC        ?C?FCASTC
  C:0C19H         PUBLIC        ?C?FCASTI
  C:0C14H         PUBLIC        ?C?FCASTL
  -------         ENDMOD        ?C?FCAST

  -------         MODULE        ?C?CASTF
  C:0C52H         PUBLIC        ?C?CASTF
  -------         ENDMOD        ?C?CASTF

  -------         MODULE        ?C?COPY
  C:0DA3H         PUBLIC        ?C?COPY
  -------         ENDMOD        ?C?COPY

  -------         MODULE        ?C?CLDPTR
  C:0DC9H         PUBLIC        ?C?CLDPTR
  -------         ENDMOD        ?C?CLDPTR

  -------         MODULE        ?C?CLDOPTR
  C:0DE2H         PUBLIC        ?C?CLDOPTR
  -------         ENDMOD        ?C?CLDOPTR

  -------         MODULE        ?C?CSTPTR
BL51 BANKED LINKER/LOCATER V6.22.4.0                                                  09/16/2025  20:26:33  PAGE 60


  C:0E0FH         PUBLIC        ?C?CSTPTR
  -------         ENDMOD        ?C?CSTPTR

  -------         MODULE        ?C?CSTOPTR
  C:0E21H         PUBLIC        ?C?CSTOPTR
  -------         ENDMOD        ?C?CSTOPTR

  -------         MODULE        ?C?IMUL
  C:0E43H         PUBLIC        ?C?IMUL
  -------         ENDMOD        ?C?IMUL

  -------         MODULE        ?C?UIDIV
  C:0E55H         PUBLIC        ?C?UIDIV
  -------         ENDMOD        ?C?UIDIV

  -------         MODULE        ?C?SIDIV
  C:0EAAH         PUBLIC        ?C?SIDIV
  -------         ENDMOD        ?C?SIDIV

  -------         MODULE        ?C?IILDX
  C:0EE0H         PUBLIC        ?C?IILDX
  -------         ENDMOD        ?C?IILDX

  -------         MODULE        ?C?ILDIX
  C:0EF6H         PUBLIC        ?C?ILDIX
  -------         ENDMOD        ?C?ILDIX

  -------         MODULE        ?C?ILDPTR
  C:0F0CH         PUBLIC        ?C?ILDPTR
  -------         ENDMOD        ?C?ILDPTR

  -------         MODULE        ?C?LMUL
  C:0F37H         PUBLIC        ?C?LMUL
  -------         ENDMOD        ?C?LMUL

  -------         MODULE        ?C?ULDIV
  C:0FC2H         PUBLIC        ?C?ULDIV
  -------         ENDMOD        ?C?ULDIV

  -------         MODULE        ?C?SLDIV
  C:36FCH         PUBLIC        ?C?SLDIV
  -------         ENDMOD        ?C?SLDIV

  -------         MODULE        ?C?LNEG
  C:1054H         PUBLIC        ?C?LNEG
  -------         ENDMOD        ?C?LNEG

  -------         MODULE        ?C?ULSHR
  C:1062H         PUBLIC        ?C?ULSHR
  -------         ENDMOD        ?C?ULSHR

  -------         MODULE        ?C?SLSHR
  C:1075H         PUBLIC        ?C?SLSHR
  -------         ENDMOD        ?C?SLSHR

  -------         MODULE        ?C?LSHL
  C:1089H         PUBLIC        ?C?LSHL
BL51 BANKED LINKER/LOCATER V6.22.4.0                                                  09/16/2025  20:26:33  PAGE 61


  -------         ENDMOD        ?C?LSHL

  -------         MODULE        ?C?LLDCODE
  C:109CH         PUBLIC        ?C?LLDCODE
  -------         ENDMOD        ?C?LLDCODE

  -------         MODULE        ?C?LSTXDATA
  C:10ACH         PUBLIC        ?C?LSTXDATA
  -------         ENDMOD        ?C?LSTXDATA

  -------         MODULE        ?C?OFFXADD
  C:10B8H         PUBLIC        ?C?OFFXADD
  -------         ENDMOD        ?C?OFFXADD

  -------         MODULE        ?C?ICALL
  C:10C4H         PUBLIC        ?C?ICALL
  C:10C8H         PUBLIC        ?C?ICALL2
  -------         ENDMOD        ?C?ICALL

  -------         MODULE        ?C_IBP
  D:004DH         PUBLIC        ?C_IBP
  -------         ENDMOD        ?C_IBP

  -------         MODULE        ?C?STRCPY
  C:1196H         PUBLIC        ?C?STRCPY
  -------         ENDMOD        ?C?STRCPY

  -------         MODULE        STRLEN
  C:3E63H         PUBLIC        _STRLEN
  -------         ENDMOD        STRLEN

  -------         MODULE        STRCHR
  C:3D88H         PUBLIC        _STRCHR
  -------         ENDMOD        STRCHR

  -------         MODULE        STRTOK
  D:000DH         PUBLIC        ?_strtok?BYTE
  C:2FB6H         PUBLIC        _strtok
  -------         ENDMOD        STRTOK

  -------         MODULE        ATOI
  C:2888H         PUBLIC        _atoi
  -------         ENDMOD        ATOI

  -------         MODULE        ?C?MEMSET
  C:11B3H         PUBLIC        ?C?MEMSET
  -------         ENDMOD        ?C?MEMSET

  -------         MODULE        ISDIGIT
  C:3F67H         PUBLIC        _isdigit
  -------         ENDMOD        ISDIGIT

  -------         MODULE        ISSPACE
  C:3E9EH         PUBLIC        _isspace
  -------         ENDMOD        ISSPACE

  -------         MODULE        STRSPN
BL51 BANKED LINKER/LOCATER V6.22.4.0                                                  09/16/2025  20:26:33  PAGE 62


  D:0013H         PUBLIC        ?_strspn?BYTE
  C:327CH         PUBLIC        _strspn
  -------         ENDMOD        STRSPN

  -------         MODULE        STRPBRK
  D:0013H         PUBLIC        ?_strpbrk?BYTE
  C:32DDH         PUBLIC        _strpbrk
  -------         ENDMOD        STRPBRK

*** WARNING L16: UNCALLED SEGMENT, IGNORED FOR OVERLAY PROCESS
    SEGMENT: ?PR?GETBEEPSTATUS?BEEP

*** WARNING L16: UNCALLED SEGMENT, IGNORED FOR OVERLAY PROCESS
    SEGMENT: ?PR?_GETKEYACT?KEY

*** WARNING L16: UNCALLED SEGMENT, IGNORED FOR OVERLAY PROCESS
    SEGMENT: ?PR?GETSYSPERFORMANCE?SYS

*** WARNING L16: UNCALLED SEGMENT, IGNORED FOR OVERLAY PROCESS
    SEGMENT: ?PR?GETWEIGHT?EXT

*** WARNING L16: UNCALLED SEGMENT, IGNORED FOR OVERLAY PROCESS
    SEGMENT: ?PR?GETDECODE?EXT

*** WARNING L16: UNCALLED SEGMENT, IGNORED FOR OVERLAY PROCESS
    SEGMENT: ?PR?GETUART2TXSTATUS?UART2

*** WARNING L16: UNCALLED SEGMENT, IGNORED FOR OVERLAY PROCESS
    SEGMENT: ?PR?MYUART1PROCESSRXDATA?MY_UART1

*** WARNING L16: UNCALLED SEGMENT, IGNORED FOR OVERLAY PROCESS
    SEGMENT: ?PR?TEMP_CONTROLLED_MOTOR?TEMP_CONTROLLED_FAN

*** WARNING L16: UNCALLED SEGMENT, IGNORED FOR OVERLAY PROCESS
    SEGMENT: ?PR?AUTODOOR_EMERGENCYSTOP?ULTRASONIC_MODULE

*** WARNING L16: UNCALLED SEGMENT, IGNORED FOR OVERLAY PROCESS
    SEGMENT: ?PR?AUTODOOR_ISMOTORFREE?ULTRASONIC_MODULE

*** WARNING L16: UNCALLED SEGMENT, IGNORED FOR OVERLAY PROCESS
    SEGMENT: ?PR?INITTRAINID?TRAIN_ID_MODULE

Program Size: data=78.2 xdata=432 code=16459
LINK/LOCATE RUN COMPLETE.  11 WARNING(S),  0 ERROR(S)
