BL51 BANKED LINKER/LOCATER V6.22.4.0                                                    09/17/2025  21:11:33  PAGE 1


BL51 BANKED LINKER/LOCATER V6.22.4.0, INVOKED BY:
D:\SOFTWARE\KEIL5\CORE\C51\BIN\BL51.EXE .\output\main.obj, .\source\STCBSP_V3.6.LIB, .\output\temp_module.obj, .\output\
>> Nav_handler.obj, .\output\time_module.obj, .\output\speed_module.obj, .\output\voice_module.obj, .\output\core.obj, .
>> \output\decode_table.obj, .\output\nv_temp_threshold.obj, .\output\my_uart1.obj, .\output\radio_module.obj, .\output\
>> temp_controlled_fan.obj, .\output\ultrasonic_module.obj, .\output\train_id_module.obj, .\output\music_module.obj TO .
>> \output\BSP_Demo PRINT (.\list\BSP_Demo.m51) RAMSIZE (256) XDATA (0X0000-0X07FF)


MEMORY MODEL: SMALL


INPUT MODULES INCLUDED:
  .\output\main.obj (MAIN)
  .\source\STCBSP_V3.6.LIB (ADC)
  .\source\STCBSP_V3.6.LIB (BEEP)
  .\source\STCBSP_V3.6.LIB (DISPLAYER)
  .\source\STCBSP_V3.6.LIB (KEY)
  .\source\STCBSP_V3.6.LIB (SYS)
  .\source\STCBSP_V3.6.LIB (EXT)
  .\source\STCBSP_V3.6.LIB (UART2)
  .\output\temp_module.obj (TEMP_MODULE)
  .\output\Nav_handler.obj (NAV_HANDLER)
  .\output\time_module.obj (TIME_MODULE)
  .\output\speed_module.obj (SPEED_MODULE)
  .\output\voice_module.obj (VOICE_MODULE)
  .\output\core.obj (CORE)
  .\output\decode_table.obj (DECODE_TABLE)
  .\output\nv_temp_threshold.obj (NV_TEMP_THRESHOLD)
  .\output\my_uart1.obj (MY_UART1)
  .\output\radio_module.obj (RADIO_MODULE)
  .\output\temp_controlled_fan.obj (TEMP_CONTROLLED_FAN)
  .\output\ultrasonic_module.obj (ULTRASONIC_MODULE)
  .\output\train_id_module.obj (TRAIN_ID_MODULE)
  .\output\music_module.obj (MUSIC_MODULE)
  .\source\STCBSP_V3.6.LIB (MUSIC)
  .\source\STCBSP_V3.6.LIB (DS1302)
  .\source\STCBSP_V3.6.LIB (M24C02)
  .\source\STCBSP_V3.6.LIB (FM_RADIO)
  .\source\STCBSP_V3.6.LIB (UART1)
  D:\SOFTWARE\KEIL5\CORE\C51\LIB\C51S.LIB (?C_STARTUP)
  D:\SOFTWARE\KEIL5\CORE\C51\LIB\C51S.LIB (?C?COPY)
  D:\SOFTWARE\KEIL5\CORE\C51\LIB\C51S.LIB (?C?CLDPTR)
  D:\SOFTWARE\KEIL5\CORE\C51\LIB\C51S.LIB (?C?CLDOPTR)
  D:\SOFTWARE\KEIL5\CORE\C51\LIB\C51S.LIB (?C?CSTPTR)
  D:\SOFTWARE\KEIL5\CORE\C51\LIB\C51S.LIB (?C?CSTOPTR)
  D:\SOFTWARE\KEIL5\CORE\C51\LIB\C51S.LIB (?C?IMUL)
  D:\SOFTWARE\KEIL5\CORE\C51\LIB\C51S.LIB (?C?UIDIV)
  D:\SOFTWARE\KEIL5\CORE\C51\LIB\C51S.LIB (?C?SIDIV)
  D:\SOFTWARE\KEIL5\CORE\C51\LIB\C51S.LIB (?C?IILDX)
  D:\SOFTWARE\KEIL5\CORE\C51\LIB\C51S.LIB (?C?ILDIX)
  D:\SOFTWARE\KEIL5\CORE\C51\LIB\C51S.LIB (?C?ILDPTR)
  D:\SOFTWARE\KEIL5\CORE\C51\LIB\C51S.LIB (?C?LMUL)
  D:\SOFTWARE\KEIL5\CORE\C51\LIB\C51S.LIB (?C?ULDIV)
  D:\SOFTWARE\KEIL5\CORE\C51\LIB\C51S.LIB (?C?SLDIV)
  D:\SOFTWARE\KEIL5\CORE\C51\LIB\C51S.LIB (?C?ULSHR)
  D:\SOFTWARE\KEIL5\CORE\C51\LIB\C51S.LIB (?C?SLSHR)
  D:\SOFTWARE\KEIL5\CORE\C51\LIB\C51S.LIB (?C?LSHL)
  D:\SOFTWARE\KEIL5\CORE\C51\LIB\C51S.LIB (?C?LLDCODE)
BL51 BANKED LINKER/LOCATER V6.22.4.0                                                  09/17/2025  21:11:33  PAGE 2


  D:\SOFTWARE\KEIL5\CORE\C51\LIB\C51S.LIB (?C?LSTXDATA)
  D:\SOFTWARE\KEIL5\CORE\C51\LIB\C51S.LIB (?C?OFFXADD)
  D:\SOFTWARE\KEIL5\CORE\C51\LIB\C51S.LIB (?C?ICALL)
  D:\SOFTWARE\KEIL5\CORE\C51\LIB\C51S.LIB (?C_IBP)
  D:\SOFTWARE\KEIL5\CORE\C51\LIB\C51S.LIB (?C?STRCPY)
  D:\SOFTWARE\KEIL5\CORE\C51\LIB\C51S.LIB (STRLEN)
  D:\SOFTWARE\KEIL5\CORE\C51\LIB\C51S.LIB (STRCHR)
  D:\SOFTWARE\KEIL5\CORE\C51\LIB\C51S.LIB (STRTOK)
  D:\SOFTWARE\KEIL5\CORE\C51\LIB\C51S.LIB (ATOI)
  D:\SOFTWARE\KEIL5\CORE\C51\LIB\C51S.LIB (?C?MEMSET)
  D:\SOFTWARE\KEIL5\CORE\C51\LIB\C51S.LIB (?C_INIT)
  D:\SOFTWARE\KEIL5\CORE\C51\LIB\C51S.LIB (ISDIGIT)
  D:\SOFTWARE\KEIL5\CORE\C51\LIB\C51S.LIB (ISSPACE)
  D:\SOFTWARE\KEIL5\CORE\C51\LIB\C51S.LIB (STRSPN)
  D:\SOFTWARE\KEIL5\CORE\C51\LIB\C51S.LIB (STRPBRK)


LINK MAP OF MODULE:  .\output\BSP_Demo (MAIN)


            TYPE    BASE      LENGTH    RELOCATION   SEGMENT NAME
            -----------------------------------------------------

            * * * * * * *   D A T A   M E M O R Y   * * * * * * *
            REG     0000H     0008H     ABSOLUTE     "REG BANK 0"
            DATA    0008H     0014H     UNIT         _DATA_GROUP_
            DATA    001CH     0004H     UNIT         ?DT?_SETBEEP?BEEP
            BIT     0020H.0   0001H.7   UNIT         ?BI?SYS
            BIT     0021H.7   0000H.1   UNIT         ?BI?ADC
            BIT     0022H.0   0000H.1   UNIT         ?BI?TIME_MODULE
            BIT     0022H.1   0000H.1   UNIT         ?BI?MUSIC
            BIT     0022H.2   0000H.1   UNIT         _BIT_GROUP_
                    0022H.3   0000H.5                *** GAP ***
            DATA    0023H     0012H     UNIT         ?DT?SYS
            DATA    0035H     0008H     UNIT         ?DT?_SETMUSIC?MUSIC
            DATA    003DH     0007H     UNIT         ?DT?RADIO_MODULE
            DATA    0044H     0007H     UNIT         ?DT?RTC_WRITE?DS1302
            DATA    004BH     0007H     UNIT         ?DT?DS1302INIT?DS1302
            DATA    0052H     0006H     UNIT         ?DT?EXT
            DATA    0058H     0006H     UNIT         ?DT?_PLAYTONE?MUSIC
            DATA    005EH     0003H     UNIT         ?DT?STRTOK
            DATA    0061H     0002H     UNIT         ?DT?ADC
            DATA    0063H     0002H     UNIT         ?DT?GETULTRASONIC?SYS
            DATA    0065H     0002H     UNIT         ?DT?UART2
            DATA    0067H     0001H     UNIT         ?DT?KEY
            DATA    0068H     0001H     UNIT         ?C?LIB_DATA
            IDATA   0069H     0001H     UNIT         ?STACK

            * * * * * * *  X D A T A   M E M O R Y  * * * * * * *
            XDATA   0000H     006EH     UNIT         ?XD?SYS
            XDATA   006EH     0044H     UNIT         ?XD?MY_UART1
            XDATA   00B2H     0034H     UNIT         _XDATA_GROUP_
            XDATA   00E6H     001EH     UNIT         ?XD?ADC
            XDATA   0104H     0015H     UNIT         ?XD?UART2
            XDATA   0119H     0015H     UNIT         ?XD?UART1
            XDATA   012EH     0014H     UNIT         ?XD?TIME_MODULE
            XDATA   0142H     0012H     UNIT         ?XD?TEMP_MODULE
BL51 BANKED LINKER/LOCATER V6.22.4.0                                                  09/17/2025  21:11:33  PAGE 3


            XDATA   0154H     0010H     UNIT         ?XD?MUSIC
            XDATA   0164H     000CH     UNIT         ?XD?DISPLAYER
            XDATA   0170H     000BH     UNIT         ?XD?EXT
            XDATA   017BH     000AH     UNIT         ?XD?KEY
            XDATA   0185H     0009H     UNIT         ?XD?CORE
            XDATA   018EH     0009H     UNIT         ?XD?DS1302
            XDATA   0197H     0009H     UNIT         ?XD?FM_RADIO
            XDATA   01A0H     0007H     UNIT         ?XD?VOICE_MODULE
            XDATA   01A7H     0004H     UNIT         ?XD?SPEED_MODULE
            XDATA   01ABH     0002H     UNIT         ?XD?NV_TEMP_THRESHOLD
            XDATA   01ADH     0001H     UNIT         ?XD?NAV_HANDLER

            * * * * * * *   C O D E   M E M O R Y   * * * * * * *
            CODE    0000H     0003H     ABSOLUTE     
            CODE    0003H     0007H     UNIT         ?PR?GETADC?ADC
            CODE    000AH     0001H     UNIT         ?PR?_?NULLFUNC?SYS
            CODE    000BH     0003H     ABSOLUTE     
            CODE    000EH     0015H     UNIT         ?PR?MYUART1CLEARRXBUFFER?MY_UART1
            CODE    0023H     0003H     ABSOLUTE     
            CODE    0026H     0004H     UNIT         ?CO?CORE
            CODE    002AH     0001H     UNIT         ?PR?_?NULLFUNC0?UART2
            CODE    002BH     0003H     ABSOLUTE     
            CODE    002EH     000DH     UNIT         ?PR?STOP?M24C02
            CODE    003BH     0003H     ABSOLUTE     
            CODE    003EH     0003H     UNIT         ?PR?_?RET0FUNC?SYS
                    0041H     0002H                  *** GAP ***
            CODE    0043H     0003H     ABSOLUTE     
            CODE    0046H     0834H     UNIT         ?CO?VOICE_MODULE
            CODE    087AH     04FEH     UNIT         ?C?LIB_CODE
            CODE    0D78H     02F6H     UNIT         ?PR?_?SYS_MUSIC_DRV?MUSIC
            CODE    106EH     022EH     UNIT         ?PR?MYUART1SENDCURRENTSTATUS?MY_UART1
            CODE    129CH     0209H     UNIT         ?PR?_PARSECOMMAND?MY_UART1
            CODE    14A5H     01FCH     UNIT         ?CO?TEMP_MODULE
            CODE    16A1H     01D2H     UNIT         ?PR?UART2_ISR?UART2
            CODE    1873H     01ACH     UNIT         ?PR?_?SYS_ADC_DRV?ADC
            CODE    1A1FH     01A7H     UNIT         ?C_INITSEG
            CODE    1BC6H     0130H     UNIT         ?PR?UART1_ISR?UART1
            CODE    1CF6H     0126H     UNIT         ?CO?MUSIC
            CODE    1E1CH     0123H     UNIT         ?PR?_?SYS_KEY_DRV?KEY
            CODE    1F3FH     011EH     UNIT         ?PR?_MY_UTOA?MY_UART1
            CODE    205DH     00FEH     UNIT         ?PR?DS1302INIT?DS1302
            CODE    215BH     00EDH     UNIT         ?PR?SYS_TASK_1MS?SYS
            CODE    2248H     00E9H     UNIT         ?PR?_?SYS_DISPLAY_DRV?DISPLAYER
            CODE    2331H     00E7H     UNIT         ?PR?_?SYS_EXT_DRV?EXT
            CODE    2418H     00B6H     UNIT         ?PR?SETFMRADIO?FM_RADIO
            CODE    24CEH     00B5H     UNIT         ?PR?_UART2INIT?UART2
            CODE    2583H     00AEH     UNIT         ?PR?_ATOI?ATOI
            CODE    2631H     00AAH     UNIT         ?PR?_PLAYTONE?MUSIC
            CODE    26DBH     00A8H     UNIT         ?PR?SYS_CCP_ISR?SYS
            CODE    2783H     00A5H     UNIT         ?PR?RESETTIMER?TIME_MODULE
            CODE    2828H     00A5H     UNIT         ?PR?_?SYS_DS1302_DRV?DS1302
            CODE    28CDH     00A4H     UNIT         ?PR?NAVHANDLER?NAV_HANDLER
            CODE    2971H     00A3H     UNIT         ?PR?ONSPEEDCHANGE?TIME_MODULE
            CODE    2A14H     0094H     UNIT         ?PR?SHOWTEMP?TEMP_MODULE
            CODE    2AA8H     0094H     UNIT         ?PR?CHECKCOUNTDOWNEVENT?VOICE_MODULE
            CODE    2B3CH     0093H     UNIT         ?PR?SYS_TASK_10MS?SYS
            CODE    2BCFH     0090H     UNIT         ?PR?_SETPWM?EXT
BL51 BANKED LINKER/LOCATER V6.22.4.0                                                  09/17/2025  21:11:33  PAGE 4


            CODE    2C5FH     008CH     UNIT         ?C_C51STARTUP
            CODE    2CEBH     008BH     UNIT         ?PR?SYS_TASK_IR?SYS
            CODE    2D76H     0088H     UNIT         ?PR?MAIN?MAIN
            CODE    2DFEH     0080H     UNIT         ?PR?UPDATETIME?TIME_MODULE
            CODE    2E7EH     0080H     UNIT         ?PR?_STRTOK?STRTOK
            CODE    2EFEH     007DH     UNIT         ?PR?_SETEVENTCALLBACK?SYS
            CODE    2F7BH     0078H     UNIT         ?PR?_SETBEEP?BEEP
            CODE    2FF3H     0077H     UNIT         ?PR?_UART1INIT?UART1
            CODE    306AH     0061H     UNIT         ?PR?_STRSPN?STRSPN
            CODE    30CBH     005DH     UNIT         ?PR?_STRPBRK?STRPBRK
            CODE    3128H     005CH     UNIT         ?PR?GETFMRADIO?FM_RADIO
            CODE    3184H     005AH     UNIT         ?PR?UPDATETEMP?TEMP_MODULE
            CODE    31DEH     005AH     UNIT         ?PR?NVTEMPTHRESHOLDINIT?NV_TEMP_THRESHOLD
            CODE    3238H     0059H     UNIT         ?PR?READCOUNT?EXT
            CODE    3291H     0058H     UNIT         ?PR?_SETMUSIC?MUSIC
            CODE    32E9H     0056H     UNIT         ?PR?MYUART1INIT?MY_UART1
            CODE    333FH     0053H     UNIT         ?PR?GETULTRASONIC?SYS
            CODE    3392H     0052H     UNIT         ?PR?SYS_TIMER0_ISR?SYS
            CODE    33E4H     0051H     UNIT         ?PR?SHOWTIME?TIME_MODULE
            CODE    3435H     004DH     UNIT         ?CO?TIME_MODULE
            CODE    3482H     0048H     UNIT         ?PR?SHOWSPEED?SPEED_MODULE
            CODE    34CAH     0047H     UNIT         ?PR?SYS_TIMER0_INIT?SYS
            CODE    3511H     0046H     UNIT         ?PR?_GETADCNAVACT?ADC
            CODE    3557H     0045H     UNIT         ?PR?IS_PLAY_MUSIC?MUSIC_MODULE
            CODE    359CH     0044H     UNIT         ?PR?_?SYS_FMRADIO_DRV?FM_RADIO
            CODE    35E0H     0044H     UNIT         ?C?LDIV
            CODE    3624H     0042H     UNIT         ?PR?RADIO_INIT?RADIO_MODULE
            CODE    3666H     0040H     UNIT         ?PR?_GETKEYACT?KEY
            CODE    36A6H     003FH     UNIT         ?PR?SYS_TASK_100MS?SYS
            CODE    36E5H     003EH     UNIT         ?PR?MYSTC_OS?SYS
            CODE    3723H     003CH     UNIT         ?CO?DECODE_TABLE
            CODE    375FH     003CH     UNIT         ?PR?TEMP_CONTROLLED_MOTOR?TEMP_CONTROLLED_FAN
            CODE    379BH     0039H     UNIT         ?PR?_NVTEMPTHRESHOLDUPDATE?NV_TEMP_THRESHOLD
            CODE    37D4H     0036H     UNIT         ?PR?_EXTINIT?EXT
            CODE    380AH     0032H     UNIT         ?PR?UART1RXDCALLBACK?MY_UART1
            CODE    383CH     0031H     UNIT         ?PR?_ADCINIT?ADC
            CODE    386DH     0031H     UNIT         ?PR?_SETUART2RXD?UART2
            CODE    389EH     0031H     UNIT         ?PR?_SETUART1RXD?UART1
            CODE    38CFH     002FH     UNIT         ?PR?_UART2PRINT?UART2
            CODE    38FEH     002EH     UNIT         ?PR?_DS1302READ?DS1302
            CODE    392CH     002BH     UNIT         ?PR?SYS_TASK_1S?SYS
            CODE    3957H     002BH     UNIT         ?PR?_NVTEMPTHRESHOLDWRITE?NV_TEMP_THRESHOLD
            CODE    3982H     002AH     UNIT         ?PR?NVTEMPTHRESHOLDREAD?NV_TEMP_THRESHOLD
            CODE    39ACH     0029H     UNIT         ?PR?_NVM_WRITE?DS1302
            CODE    39D5H     0028H     UNIT         ?PR?_?SYS_BEEP_DRV?BEEP
            CODE    39FDH     0028H     UNIT         ?PR?INITRTC?TIME_MODULE
            CODE    3A25H     0028H     UNIT         ?PR?_SETPLAYERMODE?MUSIC
            CODE    3A4DH     0028H     UNIT         ?PR?_IIC_RADIO_WRITEBYTE?FM_RADIO
            CODE    3A75H     0028H     UNIT         ?PR?_UART1PRINT?UART1
            CODE    3A9DH     0025H     UNIT         ?PR?FMRADIOINIT?FM_RADIO
            CODE    3AC2H     0024H     UNIT         ?PR?RESPONS?M24C02
            CODE    3AE6H     0024H     UNIT         ?PR?_WRITEBYTE?M24C02
            CODE    3B0AH     0022H     UNIT         ?PR?READBYTE?M24C02
            CODE    3B2CH     0020H     UNIT         ?PR?BEEPINIT?BEEP
            CODE    3B4CH     0020H     UNIT         ?PR?_SEG7PRINT?DISPLAYER
            CODE    3B6CH     0020H     UNIT         ?PR?_DS1302WRITE?DS1302
            CODE    3B8CH     001EH     UNIT         ?PR?SHOWSTATUS?NAV_HANDLER
BL51 BANKED LINKER/LOCATER V6.22.4.0                                                  09/17/2025  21:11:33  PAGE 5


            CODE    3BAAH     001DH     UNIT         ?PR?KEYINIT?KEY
            CODE    3BC7H     001CH     UNIT         ?PR?_M24C02_READ?M24C02
            CODE    3BE3H     001CH     UNIT         ?PR?IIC_RADIO_ACK?FM_RADIO
            CODE    3BFFH     001CH     UNIT         ?PR?_STRCHR?STRCHR
            CODE    3C1BH     001BH     UNIT         ?PR?DISPLAYERINIT?DISPLAYER
            CODE    3C36H     001BH     UNIT         ?PR?SHOWMODE?TIME_MODULE
            CODE    3C51H     0019H     UNIT         ?PR?_DS1302WRITEBYTE?DS1302
            CODE    3C6AH     0019H     UNIT         ?PR?RTC_WRITE?DS1302
            CODE    3C83H     0018H     UNIT         ?PR?DS1302READBYTE?DS1302
            CODE    3C9BH     0016H     UNIT         ?PR?PLAY_MUSIC?MUSIC_MODULE
            CODE    3CB1H     0015H     UNIT         ?PR?_M24C02_WRITE?M24C02
            CODE    3CC6H     0015H     UNIT         ?PR?_STRLEN?STRLEN
            CODE    3CDBH     0014H     UNIT         ?PR?MYUART2RXD_CALLBACK?VOICE_MODULE
            CODE    3CEFH     0013H     UNIT         ?PR?_DELAY?FM_RADIO
            CODE    3D02H     0013H     UNIT         ?PR?IIC_RADIO_START?FM_RADIO
            CODE    3D15H     0013H     UNIT         ?PR?_ISSPACE?ISSPACE
            CODE    3D28H     0012H     UNIT         ?PR?MY1S_CALLBACK?CORE
            CODE    3D3AH     0012H     UNIT         ?PR?_NVISVALIDTHRESHOLD?NV_TEMP_THRESHOLD
            CODE    3D4CH     0012H     UNIT         ?PR?_NVM_READ?DS1302
            CODE    3D5EH     0011H     UNIT         ?PR?_SETCCP0?SYS
            CODE    3D6FH     0010H     UNIT         ?PR?GETDECODE?EXT
            CODE    3D7FH     0010H     UNIT         ?PR?_SETTRAINID?TRAIN_ID_MODULE
            CODE    3D8FH     0010H     UNIT         ?CO?MUSIC_MODULE
            CODE    3D9FH     0010H     UNIT         ?PR?START?M24C02
            CODE    3DAFH     000FH     UNIT         ?PR?_?SYS_GET_UART2RXDEVENT?UART2
            CODE    3DBEH     000FH     UNIT         ?PR?MUSICPLAYERINIT?MUSIC
            CODE    3DCDH     000FH     UNIT         ?PR?_?SYS_GET_UART1RXDEVENT?UART1
            CODE    3DDCH     000FH     UNIT         ?PR?_ISDIGIT?ISDIGIT
            CODE    3DEBH     000EH     UNIT         ?PR?_?SYS_GET_KNEVENT?ADC
            CODE    3DF9H     000EH     UNIT         ?PR?_?SYS_GET_EXTADCEVENT?ADC
            CODE    3E07H     000EH     UNIT         ?PR?_?SYS_GET_KEYEVENT?KEY
            CODE    3E15H     000CH     UNIT         ?PR?GETBEEPSTATUS?BEEP
            CODE    3E21H     000CH     UNIT         ?PR?IIC_RADIO_STOP?FM_RADIO
            CODE    3E2DH     000BH     UNIT         ?PR?GETUART2TXSTATUS?UART2
            CODE    3E38H     000BH     UNIT         ?PR?MYUART1PROCESSRXDATA?MY_UART1
            CODE    3E43H     000BH     UNIT         ?PR?INITTRAINID?TRAIN_ID_MODULE
            CODE    3E4EH     000BH     UNIT         ?PR?GETUART1TXSTATUS?UART1
            CODE    3E59H     0009H     UNIT         ?CO?ADC
            CODE    3E62H     0009H     UNIT         ?PR?_SETDISPLAYERAREA?DISPLAYER
            CODE    3E6BH     0009H     UNIT         ?PR?GETBEEPTIMER?SYS
            CODE    3E74H     0009H     UNIT         ?PR?_SETBEEPTIMER?SYS
            CODE    3E7DH     0009H     UNIT         ?PR?GETWEIGHT?EXT
            CODE    3E86H     0007H     UNIT         ?PR?GETSYSPERFORMANCE?SYS
            CODE    3E8DH     0007H     UNIT         ?PR?RTC_READ?DS1302
            CODE    3E94H     0006H     UNIT         ?PR?ADC_ISR?ADC
            CODE    3E9AH     0006H     UNIT         ?PR?_LEDPRINT?DISPLAYER
            CODE    3EA0H     0006H     UNIT         ?PR?MYSTC_INIT?SYS
            CODE    3EA6H     0006H     UNIT         ?CO?MY_UART1
            CODE    3EACH     0006H     UNIT         ?PR?GETPLAYERMODE?MUSIC
            CODE    3EB2H     0003H     UNIT         ?PR?CLRBEEPPIN?SYS
            CODE    3EB5H     0003H     UNIT         ?PR?MY100MS_CALLBACK?CORE



OVERLAY MAP OF MODULE:   .\output\BSP_Demo (MAIN)


BL51 BANKED LINKER/LOCATER V6.22.4.0                                                  09/17/2025  21:11:33  PAGE 6


SEGMENT                                             BIT_GROUP          DATA_GROUP          XDATA_GROUP
  +--> CALLED SEGMENT                            START    LENGTH     START    LENGTH     START    LENGTH
--------------------------------------------------------------------------------------------------------
?C_C51STARTUP                                    -----    -----      -----    -----      -----    -----
  +--> ?PR?MAIN?MAIN
  +--> ?C_INITSEG

?PR?MAIN?MAIN                                    -----    -----      -----    -----      -----    -----
  +--> ?PR?_ADCINIT?ADC
  +--> ?PR?DISPLAYERINIT?DISPLAYER
  +--> ?PR?KEYINIT?KEY
  +--> ?PR?BEEPINIT?BEEP
  +--> ?PR?_SETDISPLAYERAREA?DISPLAYER
  +--> ?PR?_UART2INIT?UART2
  +--> ?PR?MYUART1INIT?MY_UART1
  +--> ?PR?NVTEMPTHRESHOLDINIT?NV_TEMP_THRES...
  +--> ?PR?_SETTRAINID?TRAIN_ID_MODULE
  +--> ?PR?INITTRAINID?TRAIN_ID_MODULE
  +--> ?PR?INITRTC?TIME_MODULE
  +--> ?PR?_EXTINIT?EXT
  +--> ?PR?RADIO_INIT?RADIO_MODULE
  +--> ?PR?_SETUART2RXD?UART2
  +--> ?PR?MYUART2RXD_CALLBACK?VOICE_MODULE
  +--> ?PR?_SETEVENTCALLBACK?SYS
  +--> ?PR?MY1S_CALLBACK?CORE
  +--> ?PR?MY100MS_CALLBACK?CORE
  +--> ?PR?NAVHANDLER?NAV_HANDLER
  +--> ?PR?MYSTC_INIT?SYS
  +--> ?PR?MYSTC_OS?SYS

?PR?_ADCINIT?ADC                                 -----    -----      -----    -----      -----    -----
  +--> ?PR?_?SYS_ADC_DRV?ADC
  +--> ?PR?_?SYS_GET_KNEVENT?ADC
  +--> ?PR?_?SYS_GET_EXTADCEVENT?ADC

?PR?_?SYS_ADC_DRV?ADC                            -----    -----      -----    -----      -----    -----
  +--> ?CO?ADC

?PR?DISPLAYERINIT?DISPLAYER                      -----    -----      -----    -----      -----    -----
  +--> ?PR?_?SYS_DISPLAY_DRV?DISPLAYER

?PR?_?SYS_DISPLAY_DRV?DISPLAYER                  -----    -----      -----    -----      -----    -----
  +--> ?CO?DECODE_TABLE

?PR?KEYINIT?KEY                                  -----    -----      -----    -----      -----    -----
  +--> ?PR?_?SYS_GET_KEYEVENT?KEY
  +--> ?PR?_?SYS_KEY_DRV?KEY

?PR?BEEPINIT?BEEP                                -----    -----      -----    -----      -----    -----
  +--> ?PR?CLRBEEPPIN?SYS
  +--> ?PR?_?SYS_BEEP_DRV?BEEP

?PR?_?SYS_BEEP_DRV?BEEP                          -----    -----      -----    -----      -----    -----
  +--> ?PR?GETBEEPTIMER?SYS
  +--> ?PR?_SETBEEPTIMER?SYS

?PR?_UART2INIT?UART2                             -----    -----      0008H    0005H      -----    -----
BL51 BANKED LINKER/LOCATER V6.22.4.0                                                  09/17/2025  21:11:33  PAGE 7


  +--> ?PR?_?NULLFUNC0?UART2
  +--> ?CO?CORE
  +--> ?PR?_?SYS_GET_UART2RXDEVENT?UART2

?PR?MYUART1INIT?MY_UART1                         -----    -----      -----    -----      -----    -----
  +--> ?PR?_UART1INIT?UART1
  +--> ?PR?UART1RXDCALLBACK?MY_UART1
  +--> ?PR?_SETEVENTCALLBACK?SYS
  +--> ?PR?_SETUART1RXD?UART1

?PR?_UART1INIT?UART1                             -----    -----      0008H    0004H      -----    -----
  +--> ?CO?CORE
  +--> ?PR?_?SYS_GET_UART1RXDEVENT?UART1

?PR?UART1RXDCALLBACK?MY_UART1                    -----    -----      -----    -----      -----    -----
  +--> ?PR?_STRCHR?STRCHR
  +--> ?PR?_PARSECOMMAND?MY_UART1
  +--> ?PR?MYUART1CLEARRXBUFFER?MY_UART1

?PR?_PARSECOMMAND?MY_UART1                       -----    -----      0008H    0005H      00B2H    0031H
  +--> ?PR?_STRLEN?STRLEN
  +--> ?CO?MY_UART1
  +--> ?PR?_ATOI?ATOI
  +--> ?PR?_STRTOK?STRTOK
  +--> ?PR?_NVTEMPTHRESHOLDUPDATE?NV_TEMP_TH...
  +--> ?PR?ONSPEEDCHANGE?TIME_MODULE

?PR?_ATOI?ATOI                                   0022H.2  0000H.1    000DH    0005H      -----    -----
  +--> ?PR?_ISSPACE?ISSPACE
  +--> ?PR?_ISDIGIT?ISDIGIT

?PR?_STRTOK?STRTOK                               -----    -----      000DH    0006H      -----    -----
  +--> ?PR?_STRSPN?STRSPN
  +--> ?PR?_STRPBRK?STRPBRK

?PR?_STRSPN?STRSPN                               -----    -----      0013H    0008H      -----    -----

?PR?_STRPBRK?STRPBRK                             -----    -----      0013H    0009H      -----    -----

?PR?_NVTEMPTHRESHOLDUPDATE?NV_TEMP_TH...         -----    -----      000DH    0001H      00E3H    0001H
  +--> ?PR?NVTEMPTHRESHOLDINIT?NV_TEMP_THRES...
  +--> ?PR?_NVISVALIDTHRESHOLD?NV_TEMP_THRES...
  +--> ?PR?NVTEMPTHRESHOLDREAD?NV_TEMP_THRES...
  +--> ?PR?_NVTEMPTHRESHOLDWRITE?NV_TEMP_THR...

?PR?NVTEMPTHRESHOLDINIT?NV_TEMP_THRES...         -----    -----      000FH    0001H      00E5H    0001H
  +--> ?PR?_M24C02_READ?M24C02
  +--> ?PR?_NVISVALIDTHRESHOLD?NV_TEMP_THRES...

?PR?_M24C02_READ?M24C02                          -----    -----      -----    -----      -----    -----
  +--> ?PR?START?M24C02
  +--> ?PR?RESPONS?M24C02
  +--> ?PR?_WRITEBYTE?M24C02
  +--> ?PR?READBYTE?M24C02
  +--> ?PR?STOP?M24C02

?PR?RESPONS?M24C02                               -----    -----      -----    -----      -----    -----
BL51 BANKED LINKER/LOCATER V6.22.4.0                                                  09/17/2025  21:11:33  PAGE 8


  +--> ?PR?_WRITEBYTE?M24C02

?PR?NVTEMPTHRESHOLDREAD?NV_TEMP_THRES...         -----    -----      -----    -----      00E4H    0001H
  +--> ?PR?NVTEMPTHRESHOLDINIT?NV_TEMP_THRES...
  +--> ?PR?_M24C02_READ?M24C02
  +--> ?PR?_NVISVALIDTHRESHOLD?NV_TEMP_THRES...

?PR?_NVTEMPTHRESHOLDWRITE?NV_TEMP_THR...         -----    -----      000EH    0001H      -----    -----
  +--> ?PR?NVTEMPTHRESHOLDINIT?NV_TEMP_THRES...
  +--> ?PR?_NVISVALIDTHRESHOLD?NV_TEMP_THRES...
  +--> ?PR?_M24C02_WRITE?M24C02

?PR?_M24C02_WRITE?M24C02                         -----    -----      -----    -----      -----    -----
  +--> ?PR?START?M24C02
  +--> ?PR?_WRITEBYTE?M24C02
  +--> ?PR?RESPONS?M24C02
  +--> ?PR?STOP?M24C02

?PR?_SETEVENTCALLBACK?SYS                        -----    -----      0008H    0003H      -----    -----

?PR?_SETUART1RXD?UART1                           -----    -----      0008H    000AH      -----    -----

?PR?_SETTRAINID?TRAIN_ID_MODULE                  -----    -----      0008H    0001H      -----    -----
  +--> ?PR?_NVM_WRITE?DS1302

?PR?_NVM_WRITE?DS1302                            -----    -----      -----    -----      -----    -----
  +--> ?PR?_DS1302WRITE?DS1302

?PR?_DS1302WRITE?DS1302                          -----    -----      -----    -----      -----    -----
  +--> ?PR?_DS1302WRITEBYTE?DS1302

?PR?INITTRAINID?TRAIN_ID_MODULE                  -----    -----      -----    -----      -----    -----
  +--> ?PR?_NVM_READ?DS1302

?PR?_NVM_READ?DS1302                             -----    -----      -----    -----      -----    -----
  +--> ?PR?_DS1302READ?DS1302

?PR?_DS1302READ?DS1302                           -----    -----      -----    -----      -----    -----
  +--> ?PR?_DS1302WRITEBYTE?DS1302
  +--> ?PR?DS1302READBYTE?DS1302

?PR?_EXTINIT?EXT                                 -----    -----      -----    -----      -----    -----
  +--> ?PR?_?SYS_EXT_DRV?EXT

?PR?_?SYS_EXT_DRV?EXT                            -----    -----      -----    -----      -----    -----
  +--> ?PR?READCOUNT?EXT

?PR?READCOUNT?EXT                                -----    -----      0008H    0005H      -----    -----

?PR?RADIO_INIT?RADIO_MODULE                      -----    -----      -----    -----      -----    -----
  +--> ?PR?FMRADIOINIT?FM_RADIO
  +--> ?PR?SETFMRADIO?FM_RADIO

?PR?FMRADIOINIT?FM_RADIO                         -----    -----      0008H    0006H      -----    -----
  +--> ?PR?SETFMRADIO?FM_RADIO
  +--> ?PR?_?SYS_FMRADIO_DRV?FM_RADIO

BL51 BANKED LINKER/LOCATER V6.22.4.0                                                  09/17/2025  21:11:33  PAGE 9


?PR?SETFMRADIO?FM_RADIO                          -----    -----      000EH    0006H      -----    -----
  +--> ?PR?GETFMRADIO?FM_RADIO

?PR?GETFMRADIO?FM_RADIO                          -----    -----      0014H    0006H      -----    -----

?PR?_?SYS_FMRADIO_DRV?FM_RADIO                   -----    -----      -----    -----      -----    -----
  +--> ?PR?IIC_RADIO_START?FM_RADIO
  +--> ?PR?_IIC_RADIO_WRITEBYTE?FM_RADIO
  +--> ?PR?IIC_RADIO_ACK?FM_RADIO
  +--> ?PR?IIC_RADIO_STOP?FM_RADIO

?PR?IIC_RADIO_START?FM_RADIO                     -----    -----      -----    -----      -----    -----
  +--> ?PR?_DELAY?FM_RADIO

?PR?_IIC_RADIO_WRITEBYTE?FM_RADIO                -----    -----      -----    -----      -----    -----
  +--> ?PR?_DELAY?FM_RADIO

?PR?IIC_RADIO_ACK?FM_RADIO                       -----    -----      -----    -----      -----    -----
  +--> ?PR?_DELAY?FM_RADIO

?PR?IIC_RADIO_STOP?FM_RADIO                      -----    -----      -----    -----      -----    -----
  +--> ?PR?_DELAY?FM_RADIO

?PR?_SETUART2RXD?UART2                           -----    -----      0008H    000AH      -----    -----

?PR?MY1S_CALLBACK?CORE                           -----    -----      -----    -----      -----    -----
  +--> ?PR?UPDATETIME?TIME_MODULE
  +--> ?PR?CHECKCOUNTDOWNEVENT?VOICE_MODULE
  +--> ?PR?UPDATETEMP?TEMP_MODULE
  +--> ?PR?IS_PLAY_MUSIC?MUSIC_MODULE
  +--> ?PR?MYUART1SENDCURRENTSTATUS?MY_UART1
  +--> ?PR?TEMP_CONTROLLED_MOTOR?TEMP_CONTRO...

?PR?UPDATETIME?TIME_MODULE                       -----    -----      -----    -----      -----    -----
  +--> ?PR?RESETTIMER?TIME_MODULE
  +--> ?CO?VOICE_MODULE
  +--> ?PR?_UART2PRINT?UART2

?PR?CHECKCOUNTDOWNEVENT?VOICE_MODULE             -----    -----      -----    -----      -----    -----
  +--> ?CO?VOICE_MODULE
  +--> ?PR?_UART2PRINT?UART2

?PR?UPDATETEMP?TEMP_MODULE                       -----    -----      -----    -----      -----    -----
  +--> ?PR?GETADC?ADC
  +--> ?CO?TEMP_MODULE

?PR?IS_PLAY_MUSIC?MUSIC_MODULE                   -----    -----      0008H    0001H      -----    -----
  +--> ?PR?GETPLAYERMODE?MUSIC
  +--> ?PR?_SETPLAYERMODE?MUSIC

?PR?MYUART1SENDCURRENTSTATUS?MY_UART1            -----    -----      -----    -----      00B2H    0002H
  +--> ?PR?GETUART1TXSTATUS?UART1
  +--> ?CO?MY_UART1
  +--> ?PR?_STRLEN?STRLEN
  +--> ?PR?_MY_UTOA?MY_UART1
  +--> ?PR?_UART1PRINT?UART1

BL51 BANKED LINKER/LOCATER V6.22.4.0                                                  09/17/2025  21:11:33  PAGE 10


?PR?_MY_UTOA?MY_UART1                            -----    -----      0008H    0003H      00B4H    0012H

?PR?TEMP_CONTROLLED_MOTOR?TEMP_CONTRO...         -----    -----      -----    -----      -----    -----
  +--> ?PR?_SETPWM?EXT

?PR?_SETPWM?EXT                                  -----    -----      0008H    0004H      -----    -----

?PR?MY100MS_CALLBACK?CORE                        -----    -----      -----    -----      -----    -----
  +--> ?PR?SHOWSTATUS?NAV_HANDLER

?PR?SHOWSTATUS?NAV_HANDLER                       -----    -----      -----    -----      -----    -----
  +--> ?PR?SHOWTIME?TIME_MODULE
  +--> ?PR?SHOWTEMP?TEMP_MODULE
  +--> ?PR?SHOWSPEED?SPEED_MODULE
  +--> ?PR?SHOWMODE?TIME_MODULE

?PR?SHOWTIME?TIME_MODULE                         -----    -----      -----    -----      -----    -----
  +--> ?PR?_SEG7PRINT?DISPLAYER

?PR?_SEG7PRINT?DISPLAYER                         -----    -----      0008H    0008H      -----    -----

?PR?SHOWTEMP?TEMP_MODULE                         -----    -----      -----    -----      -----    -----
  +--> ?PR?_SEG7PRINT?DISPLAYER

?PR?SHOWSPEED?SPEED_MODULE                       -----    -----      -----    -----      -----    -----
  +--> ?PR?_SEG7PRINT?DISPLAYER

?PR?SHOWMODE?TIME_MODULE                         -----    -----      -----    -----      -----    -----
  +--> ?PR?_SEG7PRINT?DISPLAYER

?PR?NAVHANDLER?NAV_HANDLER                       -----    -----      -----    -----      00B2H    0004H
  +--> ?PR?_GETADCNAVACT?ADC
  +--> ?PR?SETFMRADIO?FM_RADIO

?PR?MYSTC_INIT?SYS                               -----    -----      -----    -----      -----    -----
  +--> ?PR?SYS_TIMER0_INIT?SYS

?PR?SYS_TIMER0_INIT?SYS                          -----    -----      -----    -----      -----    -----
  +--> ?CO?CORE

?PR?MYSTC_OS?SYS                                 -----    -----      -----    -----      -----    -----
  +--> ?PR?SYS_TASK_IR?SYS
  +--> ?PR?SYS_TASK_1MS?SYS
  +--> ?PR?SYS_TASK_10MS?SYS
  +--> ?PR?SYS_TASK_100MS?SYS
  +--> ?PR?SYS_TASK_1S?SYS

?C_INITSEG                                       -----    -----      -----    -----      -----    -----
  +--> ?PR?_?NULLFUNC?SYS
  +--> ?PR?_?RET0FUNC?SYS



SYMBOL TABLE OF MODULE:  .\output\BSP_Demo (MAIN)

  VALUE           TYPE          NAME
  ----------------------------------
BL51 BANKED LINKER/LOCATER V6.22.4.0                                                  09/17/2025  21:11:33  PAGE 11



  -------         MODULE        MAIN
  C:0000H         SYMBOL        _ICE_DUMMY_
  D:0080H         PUBLIC        P0
  D:0090H         PUBLIC        P1
  D:00A0H         PUBLIC        P2
  D:00B0H         PUBLIC        P3
  D:00C0H         PUBLIC        P4
  D:00C8H         PUBLIC        P5
  D:00E8H         PUBLIC        P6
  D:00F8H         PUBLIC        P7
  D:00A8H         PUBLIC        IE
  D:00B8H         PUBLIC        IP
  D:00D8H         PUBLIC        CCON
  C:2D76H         PUBLIC        main
  D:0098H         PUBLIC        SCON
  D:0088H         PUBLIC        TCON
  D:00D0H         PUBLIC        PSW
  -------         PROC          MAIN
  C:2D76H         LINE#         3
  C:2D76H         LINE#         4
  C:2D7BH         LINE#         5
  C:2D7EH         LINE#         6
  C:2D81H         LINE#         7
  C:2D84H         LINE#         8
  C:2D8BH         LINE#         9
  C:2D97H         LINE#         10
  C:2D9AH         LINE#         11
  C:2D9DH         LINE#         12
  C:2DA2H         LINE#         13
  C:2DA5H         LINE#         14
  C:2DA8H         LINE#         15
  C:2DADH         LINE#         17
  C:2DB0H         LINE#         18
  C:2DCAH         LINE#         19
  C:2DD5H         LINE#         20
  C:2DE0H         LINE#         21
  C:2DEBH         LINE#         22
  C:2DF6H         LINE#         23
  C:2DF9H         LINE#         25
  C:2DF9H         LINE#         26
  C:2DFCH         LINE#         27
  -------         ENDPROC       MAIN
  -------         ENDMOD        MAIN

  -------         MODULE        ADC
  C:0000H         SYMBOL        _ICE_DUMMY_
  D:0080H         PUBLIC        P0
  D:0090H         PUBLIC        P1
  D:00A0H         PUBLIC        P2
  C:3DEBH         PUBLIC        _?sys_get_KNEvent
  D:0061H         PUBLIC        sys_EXTADCEvent
  D:00B0H         PUBLIC        P3
  D:00C0H         PUBLIC        P4
  D:00C8H         PUBLIC        P5
  D:00E8H         PUBLIC        P6
  D:00F8H         PUBLIC        P7
BL51 BANKED LINKER/LOCATER V6.22.4.0                                                  09/17/2025  21:11:33  PAGE 12


  B:00A8H.5       PUBLIC        EADC
  D:00A8H         PUBLIC        IE
  D:00BDH         PUBLIC        ADC_RES
  D:00B8H         PUBLIC        IP
  D:0097H         PUBLIC        CLK_DIV
  C:383CH         PUBLIC        _AdcInit
  D:00D8H         PUBLIC        CCON
  C:3DF9H         PUBLIC        _?sys_get_EXTADCEvent
  X:00E8H         PUBLIC        AD_res
  D:00BCH         PUBLIC        ADC_CONTR
  D:0098H         PUBLIC        SCON
  D:0088H         PUBLIC        TCON
  C:1873H         PUBLIC        _?sys_ADC_drv
  B:0021H.7       PUBLIC        flag_ADC
  X:00F2H         PUBLIC        sys_KN
  D:009DH         PUBLIC        P1ASF
  D:0062H         PUBLIC        sys_KNEvent
  D:00BEH         PUBLIC        ADC_RESL
  C:0003H         PUBLIC        GetADC
  C:3511H         PUBLIC        _GetAdcNavAct
  C:3E94H         PUBLIC        ADC_isr
  D:00D0H         PUBLIC        PSW
  -------         PROC          ADC_ISR
  C:3E94H         LINE#         26
  C:3E94H         LINE#         27
  C:3E97H         LINE#         28
  C:3E99H         LINE#         29
  -------         ENDPROC       ADC_ISR
  -------         PROC          _?SYS_ADC_DRV
  -------         DO            
  X:00E6H         SYMBOL        pc
  X:00E7H         SYMBOL        counter
  i:0000H         SYMBOL        i
  C:3E59H         SYMBOL        ADC_ch
  -------         ENDDO         
  C:1873H         LINE#         31
  C:1875H         LINE#         35
  C:187BH         LINE#         36
  C:187DH         LINE#         37
  C:18ABH         LINE#         38
  C:18ABH         LINE#         39
  C:18ABH         LINE#         40
  C:18BBH         LINE#         41
  C:18BDH         LINE#         42
  C:18BDH         LINE#         43
  C:18BDH         LINE#         44
  C:18D1H         LINE#         45
  C:18D4H         LINE#         46
  C:18D7H         LINE#         47
  C:18E7H         LINE#         48
  C:18E9H         LINE#         49
  C:18FDH         LINE#         50
  C:1900H         LINE#         51
  C:1914H         LINE#         52
  C:1927H         LINE#         53
  C:193FH         LINE#         54
  C:194AH         LINE#         55
BL51 BANKED LINKER/LOCATER V6.22.4.0                                                  09/17/2025  21:11:33  PAGE 13


  C:194DH         LINE#         56
  C:195DH         LINE#         57
  C:1971H         LINE#         58
  C:1986H         LINE#         59
  C:1997H         LINE#         60
  C:1999H         LINE#         61
  C:1999H         LINE#         62
  C:199BH         LINE#         64
  C:19B2H         LINE#         65
  C:19C3H         LINE#         66
  C:19C6H         LINE#         67
  C:19C6H         LINE#         68
  C:19C6H         LINE#         69
  C:19E9H         LINE#         70
  C:19FAH         LINE#         71
  C:19FEH         LINE#         72
  C:19FEH         LINE#         73
  C:19FEH         LINE#         74
  C:1A04H         LINE#         75
  C:1A04H         LINE#         76
  C:1A04H         LINE#         77
  C:1A10H         LINE#         78
  C:1A1CH         LINE#         79
  C:1A1CH         LINE#         80
  -------         ENDPROC       _?SYS_ADC_DRV
  -------         PROC          _?SYS_GET_KNEVENT
  -------         DO            
  i:0000H         SYMBOL        a
  -------         ENDDO         
  C:3DEBH         LINE#         82
  C:3DEDH         LINE#         84
  C:3DF1H         LINE#         85
  C:3DF4H         LINE#         86
  C:3DF6H         LINE#         87
  -------         ENDPROC       _?SYS_GET_KNEVENT
  -------         PROC          _?SYS_GET_EXTADCEVENT
  -------         DO            
  i:0000H         SYMBOL        a
  -------         ENDDO         
  C:3DF9H         LINE#         89
  C:3DFBH         LINE#         91
  C:3DFFH         LINE#         92
  C:3E02H         LINE#         93
  C:3E04H         LINE#         94
  -------         ENDPROC       _?SYS_GET_EXTADCEVENT
  -------         PROC          _ADCINIT
  D:0007H         SYMBOL        ADCsel
  C:383CH         LINE#         96
  C:383CH         LINE#         97
  C:383CH         LINE#         98
  C:383EH         LINE#         99
  C:3841H         LINE#         100
  C:3844H         LINE#         101
  C:3846H         LINE#         102
  C:3854H         LINE#         103
  C:3860H         LINE#         104
  C:386CH         LINE#         105
BL51 BANKED LINKER/LOCATER V6.22.4.0                                                  09/17/2025  21:11:33  PAGE 14


  -------         ENDPROC       _ADCINIT
  -------         PROC          GETADC
  C:0003H         LINE#         107
  C:0003H         LINE#         108
  C:0009H         LINE#         109
  -------         ENDPROC       GETADC
  -------         PROC          _GETADCNAVACT
  D:0007H         SYMBOL        Nav_button
  -------         DO            
  D:0006H         SYMBOL        a
  -------         ENDDO         
  C:3511H         LINE#         111
  C:3511H         LINE#         112
  C:3511H         LINE#         113
  C:3521H         LINE#         114
  C:353CH         LINE#         115
  C:3551H         LINE#         116
  C:3554H         LINE#         117
  C:3554H         LINE#         118
  C:3556H         LINE#         119
  -------         ENDPROC       _GETADCNAVACT
  -------         ENDMOD        ADC

  -------         MODULE        BEEP
  C:0000H         SYMBOL        _ICE_DUMMY_
  D:0080H         PUBLIC        P0
  D:00B2H         PUBLIC        P3M0
  D:0090H         PUBLIC        P1
  D:00B1H         PUBLIC        P3M1
  D:00A0H         PUBLIC        P2
  D:00B0H         PUBLIC        P3
  D:00C0H         PUBLIC        P4
  D:00C8H         PUBLIC        P5
  D:00E8H         PUBLIC        P6
  D:00F8H         PUBLIC        P7
  D:00F9H         PUBLIC        CH
  C:39D5H         PUBLIC        _?sys_beep_drv
  D:00A8H         PUBLIC        IE
  D:00E9H         PUBLIC        CL
  C:3B2CH         PUBLIC        BeepInit
  B:00D8H.6       PUBLIC        CR
  D:00DAH         PUBLIC        CCAPM0
  D:00B8H         PUBLIC        IP
  D:00D9H         PUBLIC        CMOD
  D:00D8H         PUBLIC        CCON
  C:3E15H         PUBLIC        GetBeepStatus
  C:2F7BH         PUBLIC        _SetBeep
  D:0098H         PUBLIC        SCON
  D:0088H         PUBLIC        TCON
  D:00D0H         PUBLIC        PSW
  B:00D8H.0       PUBLIC        CCF0
  -------         PROC          _?SYS_BEEP_DRV
  -------         DO            
  i:0000H         SYMBOL        a
  -------         ENDDO         
  C:39D5H         LINE#         11
  C:39D9H         LINE#         13
BL51 BANKED LINKER/LOCATER V6.22.4.0                                                  09/17/2025  21:11:33  PAGE 15


  C:39E3H         LINE#         14
  C:39F8H         LINE#         15
  -------         ENDPROC       _?SYS_BEEP_DRV
  -------         PROC          BEEPINIT
  C:3B2CH         LINE#         17
  C:3B2CH         LINE#         18
  C:3B2CH         LINE#         19
  C:3B2FH         LINE#         20
  C:3B32H         LINE#         21
  C:3B35H         LINE#         22
  C:3B38H         LINE#         23
  C:3B3BH         LINE#         24
  C:3B3DH         LINE#         25
  C:3B4BH         LINE#         26
  -------         ENDPROC       BEEPINIT
  -------         PROC          _SETBEEP
  D:001CH         SYMBOL        Beep_freq
  D:001EH         SYMBOL        Beep_time
  -------         DO            
  D:0002H         SYMBOL        a
  D:0004H         SYMBOL        b
  -------         ENDDO         
  C:2F7BH         LINE#         28
  C:2F83H         LINE#         29
  C:2F83H         LINE#         31
  C:2F8AH         LINE#         32
  C:2F91H         LINE#         33
  C:2F9CH         LINE#         34
  C:2FC5H         LINE#         35
  C:2FD9H         LINE#         36
  C:2FE0H         LINE#         37
  C:2FE2H         LINE#         38
  C:2FE5H         LINE#         39
  C:2FE7H         LINE#         41
  C:2FEAH         LINE#         42
  C:2FEDH         LINE#         43
  C:2FEDH         LINE#         44
  C:2FF0H         LINE#         45
  C:2FF0H         LINE#         46
  C:2FF2H         LINE#         47
  -------         ENDPROC       _SETBEEP
  -------         PROC          GETBEEPSTATUS
  C:3E15H         LINE#         49
  C:3E15H         LINE#         50
  C:3E1EH         LINE#         51
  C:3E20H         LINE#         52
  -------         ENDPROC       GETBEEPSTATUS
  -------         ENDMOD        BEEP

  -------         MODULE        DISPLAYER
  C:0000H         SYMBOL        _ICE_DUMMY_
  D:0093H         PUBLIC        P0M1
  D:0096H         PUBLIC        P2M0
  D:0080H         PUBLIC        P0
  D:0095H         PUBLIC        P2M1
  D:0090H         PUBLIC        P1
  D:00A0H         PUBLIC        P2
BL51 BANKED LINKER/LOCATER V6.22.4.0                                                  09/17/2025  21:11:33  PAGE 16


  D:00B0H         PUBLIC        P3
  D:00C0H         PUBLIC        P4
  D:00C8H         PUBLIC        P5
  D:00E8H         PUBLIC        P6
  D:00F8H         PUBLIC        P7
  D:00A8H         PUBLIC        IE
  D:00B8H         PUBLIC        IP
  D:00D8H         PUBLIC        CCON
  C:3E9AH         PUBLIC        _LedPrint
  B:00A0H.0       PUBLIC        P20
  B:00A0H.1       PUBLIC        P21
  D:0098H         PUBLIC        SCON
  B:00A0H.2       PUBLIC        P22
  D:0088H         PUBLIC        TCON
  B:00A0H.3       PUBLIC        P23
  C:3C1BH         PUBLIC        DisplayerInit
  X:0164H         PUBLIC        sys_Disp
  C:3E62H         PUBLIC        _SetDisplayerArea
  C:3B4CH         PUBLIC        _Seg7Print
  C:2248H         PUBLIC        _?sys_display_drv
  D:00D0H         PUBLIC        PSW
  D:0094H         PUBLIC        P0M0
  -------         PROC          _?SYS_DISPLAY_DRV
  C:2248H         LINE#         16
  C:2248H         LINE#         18
  C:224BH         LINE#         19
  C:2274H         LINE#         20
  C:227AH         LINE#         21
  C:2280H         LINE#         22
  C:2286H         LINE#         23
  C:228CH         LINE#         24
  C:2296H         LINE#         25
  C:22A0H         LINE#         26
  C:22AAH         LINE#         27
  C:22B4H         LINE#         28
  C:22B6H         LINE#         29
  C:22B6H         LINE#         30
  C:22BEH         LINE#         31
  C:22E7H         LINE#         33
  C:2302H         LINE#         34
  C:2305H         LINE#         35
  C:2305H         LINE#         36
  C:231CH         LINE#         37
  C:2328H         LINE#         39
  C:2330H         LINE#         40
  -------         ENDPROC       _?SYS_DISPLAY_DRV
  -------         PROC          DISPLAYERINIT
  C:3C1BH         LINE#         42
  C:3C1BH         LINE#         43
  C:3C1BH         LINE#         44
  C:3C1EH         LINE#         45
  C:3C21H         LINE#         46
  C:3C24H         LINE#         47
  C:3C27H         LINE#         48
  C:3C35H         LINE#         49
  -------         ENDPROC       DISPLAYERINIT
  -------         PROC          _SETDISPLAYERAREA
BL51 BANKED LINKER/LOCATER V6.22.4.0                                                  09/17/2025  21:11:33  PAGE 17


  D:0007H         SYMBOL        Begin_of_scan
  D:0005H         SYMBOL        Ending_of_Scan
  C:3E62H         LINE#         51
  C:3E62H         LINE#         52
  C:3E67H         LINE#         53
  C:3E6AH         LINE#         54
  -------         ENDPROC       _SETDISPLAYERAREA
  -------         PROC          _SEG7PRINT
  D:0007H         SYMBOL        d0
  D:0005H         SYMBOL        d1
  D:0003H         SYMBOL        d2
  D:000BH         SYMBOL        d3
  D:000CH         SYMBOL        d4
  D:000DH         SYMBOL        d5
  D:000EH         SYMBOL        d6
  D:000FH         SYMBOL        d7
  C:3B4CH         LINE#         56
  C:3B4CH         LINE#         57
  C:3B51H         LINE#         58
  C:3B54H         LINE#         59
  C:3B57H         LINE#         60
  C:3B5BH         LINE#         61
  C:3B5FH         LINE#         62
  C:3B63H         LINE#         63
  C:3B67H         LINE#         64
  C:3B6BH         LINE#         65
  -------         ENDPROC       _SEG7PRINT
  -------         PROC          _LEDPRINT
  D:0007H         SYMBOL        led_val
  C:3E9AH         LINE#         67
  C:3E9AH         LINE#         68
  C:3E9FH         LINE#         69
  -------         ENDPROC       _LEDPRINT
  -------         ENDMOD        DISPLAYER

  -------         MODULE        KEY
  C:0000H         SYMBOL        _ICE_DUMMY_
  D:0080H         PUBLIC        P0
  D:0090H         PUBLIC        P1
  D:00A0H         PUBLIC        P2
  D:00B0H         PUBLIC        P3
  D:00C0H         PUBLIC        P4
  D:00C8H         PUBLIC        P5
  D:00E8H         PUBLIC        P6
  D:00F8H         PUBLIC        P7
  D:00A8H         PUBLIC        IE
  D:0067H         PUBLIC        sys_keyEvent
  D:00B8H         PUBLIC        IP
  D:00D8H         PUBLIC        CCON
  C:3E07H         PUBLIC        _?sys_get_keyEvent
  D:0098H         PUBLIC        SCON
  D:0088H         PUBLIC        TCON
  C:1E1CH         PUBLIC        _?sys_key_drv
  C:3BAAH         PUBLIC        KeyInit
  B:00B0H.2       PUBLIC        IO_Key1
  B:00B0H.3       PUBLIC        IO_Key2
  B:0090H.7       PUBLIC        IO_Key3
BL51 BANKED LINKER/LOCATER V6.22.4.0                                                  09/17/2025  21:11:33  PAGE 18


  C:3666H         PUBLIC        _GetKeyAct
  X:017CH         PUBLIC        sys_Key
  D:00D0H         PUBLIC        PSW
  -------         PROC          _?SYS_KEY_DRV
  -------         DO            
  i:0000H         SYMBOL        i
  X:017BH         SYMBOL        counter
  -------         ENDDO         
  C:1E1CH         LINE#         28
  C:1E1EH         LINE#         31
  C:1E27H         LINE#         32
  C:1E30H         LINE#         33
  C:1E39H         LINE#         34
  C:1E44H         LINE#         35
  C:1E47H         LINE#         36
  C:1E59H         LINE#         37
  C:1E77H         LINE#         38
  C:1E90H         LINE#         39
  C:1EACH         LINE#         40
  C:1EAEH         LINE#         41
  C:1EAEH         LINE#         42
  C:1EB0H         LINE#         44
  C:1ED1H         LINE#         45
  C:1EE7H         LINE#         46
  C:1EEAH         LINE#         47
  C:1EEAH         LINE#         48
  C:1EEAH         LINE#         49
  C:1F1DH         LINE#         50
  C:1F38H         LINE#         51
  C:1F3CH         LINE#         52
  C:1F3CH         LINE#         53
  -------         ENDPROC       _?SYS_KEY_DRV
  -------         PROC          _?SYS_GET_KEYEVENT
  -------         DO            
  i:0000H         SYMBOL        a
  -------         ENDDO         
  C:3E07H         LINE#         55
  C:3E09H         LINE#         57
  C:3E0DH         LINE#         58
  C:3E10H         LINE#         59
  C:3E12H         LINE#         60
  -------         ENDPROC       _?SYS_GET_KEYEVENT
  -------         PROC          KEYINIT
  C:3BAAH         LINE#         62
  C:3BAAH         LINE#         63
  C:3BAAH         LINE#         64
  C:3BB8H         LINE#         65
  C:3BC6H         LINE#         66
  -------         ENDPROC       KEYINIT
  -------         PROC          _GETKEYACT
  D:0007H         SYMBOL        Key
  -------         DO            
  D:0006H         SYMBOL        a
  -------         ENDDO         
  C:3666H         LINE#         68
  C:3666H         LINE#         69
  C:3666H         LINE#         70
BL51 BANKED LINKER/LOCATER V6.22.4.0                                                  09/17/2025  21:11:33  PAGE 19


  C:3670H         LINE#         71
  C:368BH         LINE#         72
  C:36A0H         LINE#         73
  C:36A3H         LINE#         74
  C:36A3H         LINE#         75
  C:36A5H         LINE#         76
  -------         ENDPROC       _GETKEYACT
  -------         ENDMOD        KEY

  -------         MODULE        SYS
  C:0000H         SYMBOL        _ICE_DUMMY_
  X:0000H         PUBLIC        count_1mS
  B:00D8H.2       PUBLIC        CCF2
  D:0080H         PUBLIC        P0
  B:0020H.1       PUBLIC        flag_1S
  D:0090H         PUBLIC        P1
  D:00A0H         PUBLIC        P2
  D:00B0H         PUBLIC        P3
  D:00C0H         PUBLIC        P4
  X:0001H         PUBLIC        T1
  D:00C8H         PUBLIC        P5
  X:0003H         PUBLIC        T2
  B:00A8H.7       PUBLIC        EA
  D:00E8H         PUBLIC        P6
  D:00F8H         PUBLIC        P7
  D:0024H         PUBLIC        IrDatNum
  B:00D8H.7       PUBLIC        CF
  B:0020H.2       PUBLIC        Ir_Coder
  B:0020H.3       PUBLIC        Ir_RxBusy
  D:00A8H         PUBLIC        IE
  B:0020H.4       PUBLIC        Ir_TxBusy
  X:0005H         PUBLIC        userfunccall
  D:00FAH         PUBLIC        CCAP0H
  D:00FBH         PUBLIC        CCAP1H
  C:2CEBH         PUBLIC        sys_task_Ir
  D:0025H         PUBLIC        IrCount_j
  D:0026H         PUBLIC        IrRx_count
  D:0027H         PUBLIC        IrProtocol
  D:00EAH         PUBLIC        CCAP0L
  D:0028H         PUBLIC        IrTx_count
  D:00EBH         PUBLIC        CCAP1L
  D:00DAH         PUBLIC        CCAPM0
  D:00DBH         PUBLIC        CCAPM1
  D:0029H         PUBLIC        MainLoops
  D:00B8H         PUBLIC        IP
  B:00D0H.7       PUBLIC        CY
  B:0020H.5       PUBLIC        flag_10mS
  D:00D8H         PUBLIC        CCON
  C:3E6BH         PUBLIC        GetBeepTimer
  C:3392H         PUBLIC        sys_Timer0_isr
  C:2EFEH         PUBLIC        _SetEventCallBack
  C:3EA0H         PUBLIC        MySTC_Init
  C:36A6H         PUBLIC        sys_task_100mS
  D:002DH         PUBLIC        ModBus_interval_time
  C:003EH         PUBLIC        _?ret0func
  C:333FH         PUBLIC        GetUltraSonic
  X:0029H         PUBLIC        count_10mS
BL51 BANKED LINKER/LOCATER V6.22.4.0                                                  09/17/2025  21:11:33  PAGE 20


  X:002AH         PUBLIC        stcDrivers
  C:3E74H         PUBLIC        _SetBeepTimer
  B:0020H.6       PUBLIC        flag_IrRxFinished
  D:0098H         PUBLIC        SCON
  C:3D5EH         PUBLIC        _SetCCP0
  C:36E5H         PUBLIC        MySTC_OS
  D:0089H         PUBLIC        TMOD
  D:0088H         PUBLIC        TCON
  B:0020H.7       PUBLIC        flag_Ir
  B:00B0H.5       PUBLIC        P35
  D:002EH         PUBLIC        IrRxNum
  X:0060H         PUBLIC        SysPerformance
  D:008EH         PUBLIC        AUXR
  C:26DBH         PUBLIC        sys_CCP_isr
  C:215BH         PUBLIC        sys_task_1mS
  B:00A8H.1       PUBLIC        ET0
  C:3EB2H         PUBLIC        ClrBeepPin
  D:008CH         PUBLIC        TH0
  B:0021H.0       PUBLIC        flag_100mS
  X:0065H         PUBLIC        distance
  D:008AH         PUBLIC        TL0
  D:002FH         PUBLIC        PollingMisses
  X:0067H         PUBLIC        sys_BP
  B:0088H.4       PUBLIC        TR0
  C:392CH         PUBLIC        sys_task_1S
  C:3E86H         PUBLIC        GetSysPerformance
  B:0021H.1       PUBLIC        matchModBus
  X:006DH         PUBLIC        count_100mS
  B:0021H.2       PUBLIC        Ir_BitBusy
  D:0030H         PUBLIC        IrDat_count
  D:0031H         PUBLIC        IrMute_count
  B:0021H.3       PUBLIC        newFrame1
  C:34CAH         PUBLIC        sys_Timer0_Init
  B:0021H.4       PUBLIC        newFrame2
  D:0032H         PUBLIC        IrDataPc
  C:000AH         PUBLIC        _?nullfunc
  B:0021H.5       PUBLIC        flag_1mS
  B:0021H.6       PUBLIC        newUS
  D:008FH         PUBLIC        INT_CLKO
  C:2B3CH         PUBLIC        sys_task_10mS
  D:00D0H         PUBLIC        PSW
  B:00D8H.0       PUBLIC        CCF0
  B:00B0H.4       PUBLIC        Beep
  B:00D8H.1       PUBLIC        CCF1
  -------         PROC          _?NULLFUNC
  C:000AH         LINE#         13
  -------         ENDPROC       _?NULLFUNC
  -------         PROC          _?RET0FUNC
  C:003EH         LINE#         14
  -------         ENDPROC       _?RET0FUNC
  -------         PROC          SYS_TIMER0_INIT
  C:34CAH         LINE#         96
  C:34CAH         LINE#         97
  C:34CDH         LINE#         98
  C:34D0H         LINE#         99
  C:34E6H         LINE#         100
  C:350CH         LINE#         101
BL51 BANKED LINKER/LOCATER V6.22.4.0                                                  09/17/2025  21:11:33  PAGE 21


  C:350EH         LINE#         102
  C:3510H         LINE#         103
  -------         ENDPROC       SYS_TIMER0_INIT
  -------         PROC          SYS_TIMER0_ISR
  -------         DO            
  D:0023H         SYMBOL        i
  -------         ENDDO         
  C:3392H         LINE#         105
  C:3396H         LINE#         107
  C:3399H         LINE#         108
  C:339CH         LINE#         109
  C:33A1H         LINE#         110
  C:33A3H         LINE#         111
  C:33A3H         LINE#         112
  C:33A9H         LINE#         113
  C:33AFH         LINE#         114
  C:33B2H         LINE#         115
  C:33B4H         LINE#         116
  C:33B7H         LINE#         117
  C:33BBH         LINE#         118
  C:33BDH         LINE#         119
  C:33C0H         LINE#         120
  C:33C2H         LINE#         122
  C:33C5H         LINE#         123
  C:33C7H         LINE#         124
  C:33CCH         LINE#         125
  C:33CCH         LINE#         126
  C:33CEH         LINE#         128
  C:33D7H         LINE#         129
  C:33D9H         LINE#         130
  C:33DFH         LINE#         131
  C:33DFH         LINE#         132
  C:33DFH         LINE#         133
  C:33DFH         LINE#         134
  -------         ENDPROC       SYS_TIMER0_ISR
  -------         PROC          GETULTRASONIC
  -------         DO            
  D:0063H         SYMBOL        a
  -------         ENDDO         
  C:333FH         LINE#         138
  C:333FH         LINE#         139
  C:333FH         LINE#         140
  C:3342H         LINE#         141
  C:3344H         LINE#         142
  C:3353H         LINE#         143
  C:3389H         LINE#         144
  C:3389H         LINE#         145
  C:3391H         LINE#         146
  -------         ENDPROC       GETULTRASONIC
  -------         PROC          GETBEEPTIMER
  C:3E6BH         LINE#         148
  C:3E6BH         LINE#         149
  C:3E73H         LINE#         150
  -------         ENDPROC       GETBEEPTIMER
  -------         PROC          _SETBEEPTIMER
  D:0006H         SYMBOL        a
  C:3E74H         LINE#         152
BL51 BANKED LINKER/LOCATER V6.22.4.0                                                  09/17/2025  21:11:33  PAGE 22


  C:3E74H         LINE#         153
  C:3E7CH         LINE#         154
  -------         ENDPROC       _SETBEEPTIMER
  -------         PROC          _SETCCP0
  D:0006H         SYMBOL        step
  D:0004H         SYMBOL        next
  C:3D5EH         LINE#         156
  C:3D5EH         LINE#         157
  C:3D66H         LINE#         158
  C:3D6EH         LINE#         159
  -------         ENDPROC       _SETCCP0
  -------         PROC          CLRBEEPPIN
  C:3EB2H         LINE#         161
  C:3EB2H         LINE#         162
  C:3EB4H         LINE#         163
  -------         ENDPROC       CLRBEEPPIN
  -------         PROC          SYS_CCP_ISR
  -------         DO            
  B:0020H.0       SYMBOL        a
  -------         ENDDO         
  C:26DBH         LINE#         165
  C:26EEH         LINE#         167
  C:26F5H         LINE#         168
  C:26FCH         LINE#         169
  C:26FFH         LINE#         170
  C:2701H         LINE#         171
  C:2711H         LINE#         172
  C:2718H         LINE#         173
  C:271BH         LINE#         174
  C:271DH         LINE#         175
  C:271FH         LINE#         177
  C:2733H         LINE#         178
  C:2736H         LINE#         179
  C:2738H         LINE#         180
  C:273AH         LINE#         181
  C:273CH         LINE#         183
  C:273CH         LINE#         184
  C:273FH         LINE#         185
  C:2741H         LINE#         186
  C:274BH         LINE#         187
  C:274DH         LINE#         188
  C:2756H         LINE#         189
  C:2759H         LINE#         190
  C:276BH         LINE#         191
  C:276DH         LINE#         193
  C:276FH         LINE#         194
  C:2772H         LINE#         195
  C:2772H         LINE#         196
  C:2772H         LINE#         197
  -------         ENDPROC       SYS_CCP_ISR
  -------         PROC          MYSTC_INIT
  C:3EA0H         LINE#         199
  C:3EA0H         LINE#         200
  C:3EA3H         LINE#         201
  C:3EA5H         LINE#         202
  -------         ENDPROC       MYSTC_INIT
  -------         PROC          SYS_TASK_IR
BL51 BANKED LINKER/LOCATER V6.22.4.0                                                  09/17/2025  21:11:33  PAGE 23


  -------         DO            
  D:0007H         SYMBOL        a
  -------         ENDDO         
  C:2CEBH         LINE#         204
  C:2CEBH         LINE#         205
  C:2CEBH         LINE#         206
  C:2D01H         LINE#         207
  C:2D08H         LINE#         208
  C:2D0BH         LINE#         209
  C:2D0EH         LINE#         210
  C:2D24H         LINE#         211
  C:2D34H         LINE#         212
  C:2D3CH         LINE#         213
  C:2D3FH         LINE#         214
  C:2D41H         LINE#         216
  C:2D57H         LINE#         217
  C:2D6BH         LINE#         218
  C:2D6BH         LINE#         219
  C:2D6DH         LINE#         220
  C:2D70H         LINE#         222
  C:2D70H         LINE#         224
  C:2D72H         LINE#         225
  C:2D75H         LINE#         226
  C:2D75H         LINE#         227
  -------         ENDPROC       SYS_TASK_IR
  -------         PROC          SYS_TASK_1MS
  C:215BH         LINE#         229
  C:215BH         LINE#         230
  C:2163H         LINE#         231
  C:2166H         LINE#         232
  C:2168H         LINE#         233
  C:2170H         LINE#         234
  C:2173H         LINE#         235
  C:2175H         LINE#         236
  C:217DH         LINE#         237
  C:2180H         LINE#         238
  C:2182H         LINE#         239
  C:2182H         LINE#         240
  C:2182H         LINE#         241
  C:2182H         LINE#         242
  C:218EH         LINE#         243
  C:219AH         LINE#         244
  C:21A6H         LINE#         245
  C:21B2H         LINE#         246
  C:21BEH         LINE#         247
  C:21CAH         LINE#         248
  C:21E5H         LINE#         249
  C:21F4H         LINE#         250
  C:2200H         LINE#         251
  C:2202H         LINE#         252
  C:2202H         LINE#         253
  C:2209H         LINE#         254
  C:220CH         LINE#         255
  C:221BH         LINE#         256
  C:221DH         LINE#         257
  C:221DH         LINE#         258
  C:221FH         LINE#         260
BL51 BANKED LINKER/LOCATER V6.22.4.0                                                  09/17/2025  21:11:33  PAGE 24


  C:222EH         LINE#         261
  C:223AH         LINE#         262
  C:223CH         LINE#         263
  C:223CH         LINE#         264
  C:223CH         LINE#         265
  -------         ENDPROC       SYS_TASK_1MS
  -------         PROC          SYS_TASK_10MS
  C:2B3CH         LINE#         268
  C:2B3CH         LINE#         269
  C:2B48H         LINE#         270
  C:2B54H         LINE#         271
  C:2B60H         LINE#         272
  C:2B6CH         LINE#         273
  C:2B87H         LINE#         274
  C:2BA2H         LINE#         275
  C:2BBDH         LINE#         276
  C:2BC0H         LINE#         277
  C:2BC2H         LINE#         278
  C:2BCEH         LINE#         279
  C:2BCEH         LINE#         280
  -------         ENDPROC       SYS_TASK_10MS
  -------         PROC          SYS_TASK_100MS
  C:36A6H         LINE#         282
  C:36A6H         LINE#         283
  C:36B2H         LINE#         284
  C:36CDH         LINE#         285
  C:36D9H         LINE#         286
  -------         ENDPROC       SYS_TASK_100MS
  -------         PROC          SYS_TASK_1S
  C:392CH         LINE#         289
  C:392CH         LINE#         290
  C:393AH         LINE#         291
  C:3940H         LINE#         292
  C:3949H         LINE#         293
  C:394BH         LINE#         294
  -------         ENDPROC       SYS_TASK_1S
  -------         PROC          MYSTC_OS
  C:36E5H         LINE#         297
  C:36E5H         LINE#         298
  C:36EDH         LINE#         299
  C:36F5H         LINE#         300
  C:36FDH         LINE#         301
  C:3705H         LINE#         302
  C:370DH         LINE#         303
  C:3722H         LINE#         306
  -------         ENDPROC       MYSTC_OS
  -------         PROC          _SETEVENTCALLBACK
  D:0007H         SYMBOL        event
  D:0008H         SYMBOL        user_callback
  C:2EFEH         LINE#         308
  C:2F04H         LINE#         309
  C:2F35H         LINE#         310
  C:2F38H         LINE#         311
  C:2F3AH         LINE#         312
  C:2F3DH         LINE#         313
  C:2F3FH         LINE#         314
  C:2F42H         LINE#         315
BL51 BANKED LINKER/LOCATER V6.22.4.0                                                  09/17/2025  21:11:33  PAGE 25


  C:2F44H         LINE#         316
  C:2F47H         LINE#         317
  C:2F49H         LINE#         318
  C:2F4CH         LINE#         319
  C:2F4EH         LINE#         320
  C:2F51H         LINE#         321
  C:2F53H         LINE#         322
  C:2F56H         LINE#         323
  C:2F58H         LINE#         324
  C:2F5BH         LINE#         325
  C:2F5DH         LINE#         326
  C:2F60H         LINE#         327
  C:2F62H         LINE#         328
  C:2F65H         LINE#         329
  C:2F67H         LINE#         330
  C:2F6AH         LINE#         331
  C:2F6CH         LINE#         332
  C:2F7AH         LINE#         333
  C:2F7AH         LINE#         334
  C:2F7AH         LINE#         335
  C:2F7AH         LINE#         336
  -------         ENDPROC       _SETEVENTCALLBACK
  -------         PROC          GETSYSPERFORMANCE
  C:3E86H         LINE#         338
  C:3E86H         LINE#         339
  C:3E8CH         LINE#         340
  -------         ENDPROC       GETSYSPERFORMANCE
  -------         ENDMOD        SYS

  -------         MODULE        EXT
  C:0000H         SYMBOL        _ICE_DUMMY_
  D:0080H         PUBLIC        P0
  D:0090H         PUBLIC        P1
  D:00A0H         PUBLIC        P2
  D:00B0H         PUBLIC        P3
  D:00C0H         PUBLIC        P4
  D:00C8H         PUBLIC        P5
  D:00E8H         PUBLIC        P6
  X:0170H         PUBLIC        EXTmodel
  D:00F8H         PUBLIC        P7
  C:37D4H         PUBLIC        _EXTInit
  C:3238H         PUBLIC        ReadCount
  D:00A2H         PUBLIC        P_SW1
  C:3E7DH         PUBLIC        GetWeight
  D:00A8H         PUBLIC        IE
  X:0171H         PUBLIC        T_Pout1
  X:0173H         PUBLIC        T_Pout2
  B:00D8H.6       PUBLIC        CR
  X:0175H         PUBLIC        resultEXT
  D:00DBH         PUBLIC        CCAPM1
  D:00B8H         PUBLIC        IP
  C:2BCFH         PUBLIC        _SetPWM
  D:00D9H         PUBLIC        CMOD
  D:00D8H         PUBLIC        CCON
  D:0098H         PUBLIC        SCON
  D:0088H         PUBLIC        TCON
  B:0090H.0       PUBLIC        DOUT
BL51 BANKED LINKER/LOCATER V6.22.4.0                                                  09/17/2025  21:11:33  PAGE 26


  D:00E0H         PUBLIC        ACC
  B:0090H.1       PUBLIC        PD_SCK
  X:0177H         PUBLIC        T_PWM1
  X:0179H         PUBLIC        T_PWM2
  C:2331H         PUBLIC        _?sys_EXT_drv
  C:3D6FH         PUBLIC        GetDecode
  D:00D0H         PUBLIC        PSW
  -------         PROC          _SETPWM
  D:0002H         SYMBOL        PWM1
  D:0005H         SYMBOL        freq1
  D:000AH         SYMBOL        PWM2
  D:000BH         SYMBOL        freq2
  C:2BCFH         LINE#         25
  C:2BD3H         LINE#         26
  C:2BE4H         LINE#         27
  C:2BF6H         LINE#         28
  C:2C2AH         LINE#         29
  C:2C5EH         LINE#         30
  -------         ENDPROC       _SETPWM
  -------         PROC          READCOUNT
  -------         DO            
  D:0008H         SYMBOL        Count
  D:000CH         SYMBOL        i
  -------         ENDDO         
  C:3238H         LINE#         35
  C:3238H         LINE#         36
  C:3238H         LINE#         38
  C:3241H         LINE#         39
  C:3243H         LINE#         40
  C:3245H         LINE#         41
  C:325AH         LINE#         42
  C:325BH         LINE#         43
  C:325DH         LINE#         44
  C:3275H         LINE#         45
  C:327CH         LINE#         46
  C:327DH         LINE#         47
  C:327FH         LINE#         48
  C:3280H         LINE#         49
  C:3281H         LINE#         50
  C:3283H         LINE#         51
  C:3290H         LINE#         52
  -------         ENDPROC       READCOUNT
  -------         PROC          GETWEIGHT
  C:3E7DH         LINE#         54
  C:3E7DH         LINE#         55
  C:3E85H         LINE#         56
  -------         ENDPROC       GETWEIGHT
  -------         PROC          GETDECODE
  -------         DO            
  D:0006H         SYMBOL        a
  -------         ENDDO         
  C:3D6FH         LINE#         58
  C:3D6FH         LINE#         59
  C:3D6FH         LINE#         60
  C:3D77H         LINE#         61
  C:3D7EH         LINE#         62
  C:3D7EH         LINE#         63
BL51 BANKED LINKER/LOCATER V6.22.4.0                                                  09/17/2025  21:11:33  PAGE 27


  -------         ENDPROC       GETDECODE
  -------         PROC          _?SYS_EXT_DRV
  -------         DO            
  D:0052H         SYMBOL        i
  D:0054H         SYMBOL        j
  D:0056H         SYMBOL        oldPin1
  D:0057H         SYMBOL        UStimer
  -------         ENDDO         
  C:2331H         LINE#         65
  C:2331H         LINE#         69
  C:2337H         LINE#         70
  C:233BH         LINE#         71
  C:2346H         LINE#         72
  C:2346H         LINE#         73
  C:234FH         LINE#         74
  C:236BH         LINE#         75
  C:2380H         LINE#         76
  C:239CH         LINE#         77
  C:23B1H         LINE#         78
  C:23B1H         LINE#         79
  C:23B6H         LINE#         80
  C:23CDH         LINE#         81
  C:23EEH         LINE#         82
  C:23F4H         LINE#         83
  C:23F4H         LINE#         84
  C:23FBH         LINE#         85
  C:2401H         LINE#         86
  C:2406H         LINE#         87
  C:2408H         LINE#         88
  C:240BH         LINE#         89
  C:240BH         LINE#         90
  C:2414H         LINE#         91
  C:2417H         LINE#         92
  C:2417H         LINE#         93
  -------         ENDPROC       _?SYS_EXT_DRV
  -------         PROC          _EXTINIT
  D:0007H         SYMBOL        EXTfunction
  C:37D4H         LINE#         95
  C:37D4H         LINE#         96
  C:37D4H         LINE#         97
  C:37D9H         LINE#         98
  C:37DFH         LINE#         99
  C:37E1H         LINE#         100
  C:37E8H         LINE#         101
  C:37EAH         LINE#         102
  C:37ECH         LINE#         103
  C:37EEH         LINE#         104
  C:37F1H         LINE#         105
  C:37F4H         LINE#         106
  C:37F6H         LINE#         107
  C:37F8H         LINE#         108
  C:37FBH         LINE#         109
  C:3809H         LINE#         110
  -------         ENDPROC       _EXTINIT
  -------         ENDMOD        EXT

  -------         MODULE        UART2
BL51 BANKED LINKER/LOCATER V6.22.4.0                                                  09/17/2025  21:11:33  PAGE 28


  C:0000H         SYMBOL        _ICE_DUMMY_
  D:0065H         PUBLIC        ModBus_Interval_Min
  D:0080H         PUBLIC        P0
  C:16A1H         PUBLIC        Uart2_isr
  D:0090H         PUBLIC        P1
  D:00A0H         PUBLIC        P2
  D:00B0H         PUBLIC        P3
  D:00C0H         PUBLIC        P4
  D:00C8H         PUBLIC        P5
  D:00E8H         PUBLIC        P6
  D:00F8H         PUBLIC        P7
  D:00BAH         PUBLIC        P_SW2
  D:00A8H         PUBLIC        IE
  D:00DBH         PUBLIC        CCAPM1
  D:00B8H         PUBLIC        IP
  C:002AH         PUBLIC        _?nullfunc0
  D:00D8H         PUBLIC        CCON
  C:386DH         PUBLIC        _SetUart2Rxd
  B:0090H.0       PUBLIC        P10
  B:0090H.1       PUBLIC        P11
  D:0098H         PUBLIC        SCON
  D:0088H         PUBLIC        TCON
  D:00AFH         PUBLIC        IE2
  D:008EH         PUBLIC        AUXR
  C:3E2DH         PUBLIC        GetUart2TxStatus
  D:00D6H         PUBLIC        T2H
  B:00B0H.7       PUBLIC        M485_TxEn
  D:00D7H         PUBLIC        T2L
  C:38CFH         PUBLIC        _Uart2Print
  D:009BH         PUBLIC        S2BUF
  D:009AH         PUBLIC        S2CON
  C:24CEH         PUBLIC        _Uart2Init
  D:0066H         PUBLIC        Uart2usage
  C:3DAFH         PUBLIC        _?sys_get_Uart2RxdEvent
  X:0104H         PUBLIC        com2
  D:00D0H         PUBLIC        PSW
  -------         PROC          UART2_ISR
  C:16A1H         LINE#         19
  C:16BEH         LINE#         20
  C:16C3H         LINE#         21
  C:16C6H         LINE#         22
  C:16FAH         LINE#         24
  C:16FFH         LINE#         25
  C:1705H         LINE#         26
  C:1705H         LINE#         27
  C:1705H         LINE#         29
  C:170DH         LINE#         30
  C:1710H         LINE#         31
  C:1713H         LINE#         32
  C:1715H         LINE#         33
  C:171CH         LINE#         34
  C:171EH         LINE#         35
  C:171EH         LINE#         36
  C:1727H         LINE#         37
  C:173BH         LINE#         38
  C:174FH         LINE#         39
  C:175EH         LINE#         40
BL51 BANKED LINKER/LOCATER V6.22.4.0                                                  09/17/2025  21:11:33  PAGE 29


  C:176CH         LINE#         41
  C:179EH         LINE#         42
  C:17ACH         LINE#         43
  C:17ACH         LINE#         44
  C:17AFH         LINE#         45
  C:17B2H         LINE#         47
  C:17C6H         LINE#         48
  C:17DAH         LINE#         49
  C:17E9H         LINE#         50
  C:17F7H         LINE#         51
  C:182FH         LINE#         52
  C:183DH         LINE#         53
  C:183DH         LINE#         54
  C:1858H         LINE#         55
  C:1858H         LINE#         56
  C:1858H         LINE#         57
  -------         ENDPROC       UART2_ISR
  -------         PROC          _?SYS_GET_UART2RXDEVENT
  -------         DO            
  i:0000H         SYMBOL        a
  -------         ENDDO         
  C:3DAFH         LINE#         59
  C:3DB1H         LINE#         61
  C:3DB9H         LINE#         62
  C:3DBBH         LINE#         63
  C:3DBBH         LINE#         64
  -------         ENDPROC       _?SYS_GET_UART2RXDEVENT
  -------         PROC          _?NULLFUNC0
  C:002AH         LINE#         66
  -------         ENDPROC       _?NULLFUNC0
  -------         PROC          _UART2INIT
  D:0008H         SYMBOL        band
  D:000CH         SYMBOL        Uart2mode
  C:24CEH         LINE#         68
  C:24D6H         LINE#         69
  C:24D6H         LINE#         72
  C:24D9H         LINE#         73
  C:24DFH         LINE#         74
  C:24E2H         LINE#         75
  C:24E6H         LINE#         76
  C:24F4H         LINE#         77
  C:24F7H         LINE#         78
  C:24F9H         LINE#         79
  C:24FBH         LINE#         80
  C:24FDH         LINE#         82
  C:24FFH         LINE#         83
  C:2513H         LINE#         84
  C:251AH         LINE#         85
  C:251DH         LINE#         86
  C:251DH         LINE#         88
  C:2520H         LINE#         89
  C:253FH         LINE#         90
  C:256EH         LINE#         91
  C:2571H         LINE#         92
  C:2574H         LINE#         93
  C:2582H         LINE#         94
  -------         ENDPROC       _UART2INIT
BL51 BANKED LINKER/LOCATER V6.22.4.0                                                  09/17/2025  21:11:33  PAGE 30


  -------         PROC          _SETUART2RXD
  D:0001H         SYMBOL        RxdPt
  D:0004H         SYMBOL        Nmax
  D:000DH         SYMBOL        matchhead
  D:0010H         SYMBOL        matchheadsize
  C:386DH         LINE#         96
  C:386DH         LINE#         97
  C:3878H         LINE#         98
  C:387EH         LINE#         99
  C:3888H         LINE#         100
  C:3896H         LINE#         101
  C:3898H         LINE#         102
  C:389DH         LINE#         103
  -------         ENDPROC       _SETUART2RXD
  -------         PROC          _UART2PRINT
  D:0001H         SYMBOL        pt
  D:0004H         SYMBOL        num
  C:38CFH         LINE#         105
  C:38CFH         LINE#         106
  C:38D5H         LINE#         107
  C:38E0H         LINE#         108
  C:38E5H         LINE#         109
  C:38EBH         LINE#         110
  C:38EFH         LINE#         112
  C:38F5H         LINE#         113
  C:38F8H         LINE#         114
  C:38FBH         LINE#         115
  C:38FBH         LINE#         116
  C:38FDH         LINE#         117
  -------         ENDPROC       _UART2PRINT
  -------         PROC          GETUART2TXSTATUS
  C:3E2DH         LINE#         119
  C:3E2DH         LINE#         120
  C:3E35H         LINE#         121
  C:3E37H         LINE#         122
  -------         ENDPROC       GETUART2TXSTATUS
  -------         ENDMOD        UART2

  -------         MODULE        TEMP_MODULE
  C:0000H         SYMBOL        _ICE_DUMMY_
  C:3184H         PUBLIC        UpdateTemp
  D:0080H         PUBLIC        P0
  D:0090H         PUBLIC        P1
  D:00A0H         PUBLIC        P2
  D:00B0H         PUBLIC        P3
  D:00C0H         PUBLIC        P4
  D:00C8H         PUBLIC        P5
  D:00E8H         PUBLIC        P6
  D:00F8H         PUBLIC        P7
  D:00A8H         PUBLIC        IE
  D:00B8H         PUBLIC        IP
  D:00D8H         PUBLIC        CCON
  D:0098H         PUBLIC        SCON
  D:0088H         PUBLIC        TCON
  X:0142H         PUBLIC        temperature
  C:2A14H         PUBLIC        ShowTemp
  X:0144H         PUBLIC        adc_temp
BL51 BANKED LINKER/LOCATER V6.22.4.0                                                  09/17/2025  21:11:33  PAGE 31


  C:14A5H         PUBLIC        tempdata
  X:014EH         PUBLIC        tempThresholds
  X:0152H         PUBLIC        rt
  D:00D0H         PUBLIC        PSW
  -------         PROC          UPDATETEMP
  C:3184H         LINE#         23
  C:3184H         LINE#         24
  C:3194H         LINE#         25
  C:31A3H         LINE#         26
  C:31BAH         LINE#         27
  C:31DDH         LINE#         28
  -------         ENDPROC       UPDATETEMP
  -------         PROC          SHOWTEMP
  C:2A14H         LINE#         29
  C:2A14H         LINE#         30
  C:2A14H         LINE#         31
  C:2A24H         LINE#         32
  C:2A55H         LINE#         34
  C:2AA7H         LINE#         35
  -------         ENDPROC       SHOWTEMP
  -------         ENDMOD        TEMP_MODULE

  -------         MODULE        NAV_HANDLER
  C:0000H         SYMBOL        _ICE_DUMMY_
  D:0080H         PUBLIC        P0
  D:0090H         PUBLIC        P1
  D:00A0H         PUBLIC        P2
  X:01ADH         PUBLIC        displayMode
  D:00B0H         PUBLIC        P3
  D:00C0H         PUBLIC        P4
  D:00C8H         PUBLIC        P5
  D:00E8H         PUBLIC        P6
  D:00F8H         PUBLIC        P7
  D:00A8H         PUBLIC        IE
  D:00B8H         PUBLIC        IP
  D:00D8H         PUBLIC        CCON
  C:3B8CH         PUBLIC        ShowStatus
  D:0098H         PUBLIC        SCON
  D:0088H         PUBLIC        TCON
  C:28CDH         PUBLIC        NavHandler
  D:00D0H         PUBLIC        PSW
  -------         PROC          NAVHANDLER
  -------         DO            
  X:00B2H         SYMBOL        navUp
  X:00B3H         SYMBOL        navDown
  X:00B4H         SYMBOL        navLeft
  X:00B5H         SYMBOL        navRight
  -------         ENDDO         
  C:28CDH         LINE#         6
  C:28CDH         LINE#         7
  C:28CDH         LINE#         8
  C:28D7H         LINE#         9
  C:28E1H         LINE#         10
  C:28EBH         LINE#         11
  C:28F5H         LINE#         13
  C:28FCH         LINE#         14
  C:2902H         LINE#         15
BL51 BANKED LINKER/LOCATER V6.22.4.0                                                  09/17/2025  21:11:33  PAGE 32


  C:290CH         LINE#         16
  C:290CH         LINE#         17
  C:2913H         LINE#         18
  C:2919H         LINE#         19
  C:2924H         LINE#         20
  C:2924H         LINE#         21
  C:292BH         LINE#         22
  C:2932H         LINE#         23
  C:2934H         LINE#         24
  C:294AH         LINE#         25
  C:294AH         LINE#         26
  C:294AH         LINE#         29
  C:2951H         LINE#         30
  C:2958H         LINE#         31
  C:295AH         LINE#         32
  C:2970H         LINE#         33
  C:2970H         LINE#         34
  C:2970H         LINE#         35
  -------         ENDPROC       NAVHANDLER
  -------         PROC          SHOWSTATUS
  C:3B8CH         LINE#         37
  C:3B8CH         LINE#         38
  C:3B8CH         LINE#         39
  C:3B9DH         LINE#         40
  C:3BA0H         LINE#         41
  C:3BA3H         LINE#         42
  C:3BA6H         LINE#         43
  C:3BA9H         LINE#         44
  C:3BA9H         LINE#         45
  C:3BA9H         LINE#         46
  -------         ENDPROC       SHOWSTATUS
  -------         ENDMOD        NAV_HANDLER

  -------         MODULE        TIME_MODULE
  C:0000H         SYMBOL        _ICE_DUMMY_
  D:0080H         PUBLIC        P0
  C:39FDH         PUBLIC        InitRTC
  D:0090H         PUBLIC        P1
  D:00A0H         PUBLIC        P2
  D:00B0H         PUBLIC        P3
  D:00C0H         PUBLIC        P4
  D:00C8H         PUBLIC        P5
  D:00E8H         PUBLIC        P6
  D:00F8H         PUBLIC        P7
  C:2783H         PUBLIC        ResetTimer
  D:00A8H         PUBLIC        IE
  X:012EH         PUBLIC        rest_arrive_second
  D:00B8H         PUBLIC        IP
[...]
  C:3AF4H         LINE#         60
  C:3AF5H         LINE#         61
  C:3AF6H         LINE#         62
  C:3AF8H         LINE#         63
  C:3AF9H         LINE#         64
  C:3AFAH         LINE#         65
  C:3AFBH         LINE#         66
  C:3AFFH         LINE#         67
  C:3B01H         LINE#         68
  C:3B02H         LINE#         69
  C:3B03H         LINE#         70
  C:3B04H         LINE#         71
  C:3B06H         LINE#         72
  C:3B07H         LINE#         73
  C:3B08H         LINE#         74
  C:3B09H         LINE#         75
  -------         ENDPROC       _WRITEBYTE
  -------         PROC          READBYTE
BL51 BANKED LINKER/LOCATER V6.22.4.0                                                  09/17/2025  21:11:33  PAGE 53


  -------         DO            
  D:0006H         SYMBOL        i
  D:0007H         SYMBOL        k
  -------         ENDDO         
  C:3B0AH         LINE#         77
  C:3B0AH         LINE#         78
  C:3B0AH         LINE#         79
  C:3B0CH         LINE#         80
  C:3B0DH         LINE#         81
  C:3B0EH         LINE#         82
  C:3B0FH         LINE#         83
  C:3B11H         LINE#         84
  C:3B12H         LINE#         85
  C:3B14H         LINE#         86
  C:3B16H         LINE#         87
  C:3B17H         LINE#         88
  C:3B18H         LINE#         89
  C:3B22H         LINE#         90
  C:3B23H         LINE#         91
  C:3B24H         LINE#         92
  C:3B26H         LINE#         93
  C:3B27H         LINE#         94
  C:3B2BH         LINE#         95
  C:3B2BH         LINE#         96
  -------         ENDPROC       READBYTE
  -------         PROC          _M24C02_WRITE
  D:0004H         SYMBOL        NVM_addr
  D:0005H         SYMBOL        NVM_data
  C:3CB1H         LINE#         98
  C:3CB3H         LINE#         99
  C:3CB6H         LINE#         100
  C:3CBBH         LINE#         101
  C:3CBEH         LINE#         102
  C:3CC0H         LINE#         103
  C:3CC0H         LINE#         104
  C:3CC0H         LINE#         105
  C:3CC3H         LINE#         106
  -------         ENDPROC       _M24C02_WRITE
  -------         PROC          _M24C02_READ
  D:0005H         SYMBOL        NVM_addr
  -------         DO            
  D:0007H         SYMBOL        date
  -------         ENDDO         
  C:3BC7H         LINE#         109
  C:3BC9H         LINE#         110
  C:3BC9H         LINE#         111
  C:3BCCH         LINE#         112
  C:3BCEH         LINE#         113
  C:3BCEH         LINE#         114
  C:3BCEH         LINE#         115
  C:3BD1H         LINE#         116
  C:3BD4H         LINE#         117
  C:3BD9H         LINE#         118
  C:3BDCH         LINE#         119
  C:3BDFH         LINE#         120
  C:3BE2H         LINE#         121
  C:3BE2H         LINE#         122
BL51 BANKED LINKER/LOCATER V6.22.4.0                                                  09/17/2025  21:11:33  PAGE 54


  -------         ENDPROC       _M24C02_READ
  -------         ENDMOD        M24C02

  -------         MODULE        FM_RADIO
  C:0000H         SYMBOL        _ICE_DUMMY_
  D:0080H         PUBLIC        P0
  D:0090H         PUBLIC        P1
  D:00A0H         PUBLIC        P2
  D:00B0H         PUBLIC        P3
  D:00C0H         PUBLIC        P4
  D:00C8H         PUBLIC        P5
  D:00E8H         PUBLIC        P6
  D:00F8H         PUBLIC        P7
  D:00A8H         PUBLIC        IE
  B:00A0H.7       PUBLIC        FM_DATA
  C:3CF8H         PUBLIC        _delay
  D:00B8H         PUBLIC        IP
  C:3D02H         PUBLIC        IIC_Radio_Start
  C:3A9DH         PUBLIC        FMRadioInit
  D:00D8H         PUBLIC        CCON
  C:3128H         PUBLIC        GetFMRadio
  C:3A4DH         PUBLIC        _IIC_Radio_WriteByte
  C:3E21H         PUBLIC        IIC_Radio_Stop
  C:2418H         PUBLIC        SetFMRadio
  D:0098H         PUBLIC        SCON
  D:0088H         PUBLIC        TCON
  X:0197H         PUBLIC        Radio_Write_Data
  X:019FH         PUBLIC        flag_SetFM
  C:3BE3H         PUBLIC        IIC_Radio_ACK
  B:00C0H.5       PUBLIC        FM_CLOCK
  C:359CH         PUBLIC        _?sys_FMRadio_drv
  D:00D0H         PUBLIC        PSW
  C:3CEFH         SYMBOL        L?0043
  -------         PROC          L?0042
  -------         ENDPROC       L?0042
  C:3CEFH         SYMBOL        L?0043
  -------         PROC          _DELAY
  D:0007H         SYMBOL        i
  C:3CF8H         LINE#         22
  C:3CF8H         LINE#         23
  C:3CFEH         LINE#         24
  C:3D01H         LINE#         25
  -------         ENDPROC       _DELAY
  -------         PROC          IIC_RADIO_START
  C:3D02H         LINE#         28
  C:3D02H         LINE#         29
  C:3D04H         LINE#         30
  C:3D04H         LINE#         31
  C:3D04H         LINE#         32
  C:3D07H         LINE#         33
  C:3D09H         LINE#         34
  C:3D0EH         LINE#         35
  C:3D10H         LINE#         36
  -------         ENDPROC       IIC_RADIO_START
  -------         PROC          IIC_RADIO_STOP
  C:3E21H         LINE#         39
  C:3E21H         LINE#         40
BL51 BANKED LINKER/LOCATER V6.22.4.0                                                  09/17/2025  21:11:33  PAGE 55


  C:3E23H         LINE#         41
  C:3E23H         LINE#         42
  C:3E23H         LINE#         43
  C:3E26H         LINE#         44
  C:3E28H         LINE#         45
  -------         ENDPROC       IIC_RADIO_STOP
  -------         PROC          IIC_RADIO_ACK
  -------         DO            
  D:0007H         SYMBOL        i
  -------         ENDDO         
  C:3BE3H         LINE#         48
  C:3BE3H         LINE#         49
  C:3BE5H         LINE#         50
  C:3BE7H         LINE#         51
  C:3BF3H         LINE#         52
  C:3BF8H         LINE#         53
  C:3BFAH         LINE#         54
  -------         ENDPROC       IIC_RADIO_ACK
  -------         PROC          _IIC_RADIO_WRITEBYTE
  D:0005H         SYMBOL        Data
  -------         DO            
  D:0003H         SYMBOL        i
  -------         ENDDO         
  C:3A4DH         LINE#         57
  C:3A4FH         LINE#         58
  C:3A4FH         LINE#         59
  C:3A51H         LINE#         60
  C:3A53H         LINE#         61
  C:3A58H         LINE#         62
  C:3A5CH         LINE#         63
  C:3A60H         LINE#         64
  C:3A60H         LINE#         65
  C:3A60H         LINE#         66
  C:3A63H         LINE#         67
  C:3A67H         LINE#         68
  C:3A69H         LINE#         69
  C:3A6EH         LINE#         70
  C:3A70H         LINE#         71
  -------         ENDPROC       _IIC_RADIO_WRITEBYTE
  -------         PROC          _?SYS_FMRADIO_DRV
  -------         DO            
  i:0000H         SYMBOL        i
  -------         ENDDO         
  C:359CH         LINE#         74
  C:359EH         LINE#         76
  C:35A6H         LINE#         77
  C:35A9H         LINE#         78
  C:35AEH         LINE#         79
  C:35B1H         LINE#         80
  C:35BEH         LINE#         81
  C:35CDH         LINE#         82
  C:35D0H         LINE#         83
  C:35D5H         LINE#         84
  C:35D8H         LINE#         85
  C:35DDH         LINE#         86
  C:35DDH         LINE#         87
  -------         ENDPROC       _?SYS_FMRADIO_DRV
BL51 BANKED LINKER/LOCATER V6.22.4.0                                                  09/17/2025  21:11:33  PAGE 56


  -------         PROC          GETFMRADIO
  -------         DO            
  D:0014H         SYMBOL        FM
  D:0007H         SYMBOL        chan
  -------         ENDDO         
  C:3128H         LINE#         89
  C:3128H         LINE#         90
  C:3128H         LINE#         92
  C:3139H         LINE#         93
  C:3142H         LINE#         94
  C:314AH         LINE#         95
  C:3151H         LINE#         96
  C:315FH         LINE#         97
  C:316EH         LINE#         98
  C:317DH         LINE#         99
  C:3183H         LINE#         100
  -------         ENDPROC       GETFMRADIO
  -------         PROC          SETFMRADIO
  D:000EH         SYMBOL        FM
  -------         DO            
  D:0005H         SYMBOL        a
  -------         ENDDO         
  C:2418H         LINE#         102
  C:2418H         LINE#         103
  C:2418H         LINE#         104
  C:244EH         LINE#         105
  C:2453H         LINE#         106
  C:245BH         LINE#         107
  C:2468H         LINE#         108
  C:246EH         LINE#         109
  C:246EH         LINE#         110
  C:2496H         LINE#         111
  C:24A3H         LINE#         112
  C:24A7H         LINE#         113
  C:24A7H         LINE#         114
  C:24A9H         LINE#         115
  C:24B0H         LINE#         116
  C:24B7H         LINE#         117
  C:24BEH         LINE#         118
  C:24C5H         LINE#         119
  C:24C7H         LINE#         120
  C:24CDH         LINE#         121
  C:24CDH         LINE#         122
  -------         ENDPROC       SETFMRADIO
  -------         PROC          FMRADIOINIT
  D:0008H         SYMBOL        FM
  C:3A9DH         LINE#         124
  C:3A9DH         LINE#         125
  C:3A9DH         LINE#         126
  C:3AB3H         LINE#         127
  C:3AC1H         LINE#         128
  -------         ENDPROC       FMRADIOINIT
  -------         ENDMOD        FM_RADIO

  -------         MODULE        UART1
  C:0000H         SYMBOL        _ICE_DUMMY_
  C:1BC6H         PUBLIC        Uart1_isr
BL51 BANKED LINKER/LOCATER V6.22.4.0                                                  09/17/2025  21:11:33  PAGE 57


  D:0080H         PUBLIC        P0
  D:0090H         PUBLIC        P1
  D:00A0H         PUBLIC        P2
  D:00B0H         PUBLIC        P3
  D:00C0H         PUBLIC        P4
  D:00C8H         PUBLIC        P5
  D:00E8H         PUBLIC        P6
  D:00F8H         PUBLIC        P7
  D:00A8H         PUBLIC        IE
  B:00A8H.4       PUBLIC        ES
  D:00B8H         PUBLIC        IP
  B:0098H.0       PUBLIC        RI
  B:0098H.1       PUBLIC        TI
  D:00D8H         PUBLIC        CCON
  C:389EH         PUBLIC        _SetUart1Rxd
  D:0099H         PUBLIC        SBUF
  D:0098H         PUBLIC        SCON
  D:0089H         PUBLIC        TMOD
  D:0088H         PUBLIC        TCON
  D:008EH         PUBLIC        AUXR
  C:3E4EH         PUBLIC        GetUart1TxStatus
  B:00A8H.3       PUBLIC        ET1
  D:008DH         PUBLIC        TH1
  D:008BH         PUBLIC        TL1
  B:0088H.6       PUBLIC        TR1
  C:3A75H         PUBLIC        _Uart1Print
  C:2FF3H         PUBLIC        _Uart1Init
  C:3DCDH         PUBLIC        _?sys_get_Uart1RxdEvent
  X:0119H         PUBLIC        com1
  D:00D0H         PUBLIC        PSW
  -------         PROC          UART1_ISR
  C:1BC6H         LINE#         10
  C:1BE3H         LINE#         11
  C:1BE6H         LINE#         12
  C:1BE8H         LINE#         13
  C:1C1CH         LINE#         14
  C:1C21H         LINE#         15
  C:1C21H         LINE#         16
  C:1C27H         LINE#         17
  C:1C29H         LINE#         18
  C:1C2CH         LINE#         19
  C:1C2EH         LINE#         20
  C:1C35H         LINE#         21
  C:1C35H         LINE#         22
  C:1C49H         LINE#         23
  C:1C5DH         LINE#         24
  C:1C6CH         LINE#         25
  C:1C7AH         LINE#         26
  C:1CB2H         LINE#         27
  C:1CC0H         LINE#         28
  C:1CC0H         LINE#         29
  C:1CDBH         LINE#         30
  C:1CDBH         LINE#         31
  -------         ENDPROC       UART1_ISR
  -------         PROC          _?SYS_GET_UART1RXDEVENT
  -------         DO            
  i:0000H         SYMBOL        a
BL51 BANKED LINKER/LOCATER V6.22.4.0                                                  09/17/2025  21:11:33  PAGE 58


  -------         ENDDO         
  C:3DCDH         LINE#         33
  C:3DCFH         LINE#         35
  C:3DD7H         LINE#         36
  C:3DD9H         LINE#         37
  C:3DD9H         LINE#         38
  -------         ENDPROC       _?SYS_GET_UART1RXDEVENT
  -------         PROC          _UART1INIT
  D:0008H         SYMBOL        band
  C:2FF3H         LINE#         40
  C:2FFBH         LINE#         41
  C:2FFBH         LINE#         43
  C:2FFEH         LINE#         44
  C:3001H         LINE#         45
  C:3004H         LINE#         46
  C:3007H         LINE#         47
  C:3026H         LINE#         48
  C:3055H         LINE#         49
  C:3057H         LINE#         50
  C:3059H         LINE#         51
  C:305BH         LINE#         52
  C:3069H         LINE#         53
  -------         ENDPROC       _UART1INIT
  -------         PROC          _SETUART1RXD
  D:0001H         SYMBOL        RxdPt
  D:0004H         SYMBOL        Nmax
  D:000DH         SYMBOL        matchhead
  D:0010H         SYMBOL        matchheadsize
  C:389EH         LINE#         55
  C:389EH         LINE#         56
  C:38A9H         LINE#         57
  C:38AFH         LINE#         58
  C:38B9H         LINE#         59
  C:38C7H         LINE#         60
  C:38C9H         LINE#         61
  C:38CEH         LINE#         62
  -------         ENDPROC       _SETUART1RXD
  -------         PROC          _UART1PRINT
  D:0001H         SYMBOL        pt
  D:0004H         SYMBOL        num
  C:3A75H         LINE#         64
  C:3A75H         LINE#         65
  C:3A7BH         LINE#         66
  C:3A86H         LINE#         67
  C:3A8BH         LINE#         68
  C:3A91H         LINE#         69
  C:3A95H         LINE#         70
  C:3A97H         LINE#         71
  C:3A9AH         LINE#         72
  C:3A9AH         LINE#         73
  C:3A9CH         LINE#         74
  -------         ENDPROC       _UART1PRINT
  -------         PROC          GETUART1TXSTATUS
  C:3E4EH         LINE#         76
  C:3E4EH         LINE#         77
  C:3E56H         LINE#         78
  C:3E58H         LINE#         79
BL51 BANKED LINKER/LOCATER V6.22.4.0                                                  09/17/2025  21:11:33  PAGE 59


  -------         ENDPROC       GETUART1TXSTATUS
  -------         ENDMOD        UART1

  -------         MODULE        ?C?COPY
  C:094AH         PUBLIC        ?C?COPY
  -------         ENDMOD        ?C?COPY

  -------         MODULE        ?C?CLDPTR
  C:0970H         PUBLIC        ?C?CLDPTR
  -------         ENDMOD        ?C?CLDPTR

  -------         MODULE        ?C?CLDOPTR
  C:0989H         PUBLIC        ?C?CLDOPTR
  -------         ENDMOD        ?C?CLDOPTR

  -------         MODULE        ?C?CSTPTR
  C:09B6H         PUBLIC        ?C?CSTPTR
  -------         ENDMOD        ?C?CSTPTR

  -------         MODULE        ?C?CSTOPTR
  C:09C8H         PUBLIC        ?C?CSTOPTR
  -------         ENDMOD        ?C?CSTOPTR

  -------         MODULE        ?C?IMUL
  C:09EAH         PUBLIC        ?C?IMUL
  -------         ENDMOD        ?C?IMUL

  -------         MODULE        ?C?UIDIV
  C:09FCH         PUBLIC        ?C?UIDIV
  -------         ENDMOD        ?C?UIDIV

  -------         MODULE        ?C?SIDIV
  C:0A51H         PUBLIC        ?C?SIDIV
  -------         ENDMOD        ?C?SIDIV

  -------         MODULE        ?C?IILDX
  C:0A87H         PUBLIC        ?C?IILDX
  -------         ENDMOD        ?C?IILDX

  -------         MODULE        ?C?ILDIX
  C:0A9DH         PUBLIC        ?C?ILDIX
  -------         ENDMOD        ?C?ILDIX

  -------         MODULE        ?C?ILDPTR
  C:0AB3H         PUBLIC        ?C?ILDPTR
  -------         ENDMOD        ?C?ILDPTR

  -------         MODULE        ?C?LMUL
  C:0ADEH         PUBLIC        ?C?LMUL
  -------         ENDMOD        ?C?LMUL

  -------         MODULE        ?C?ULDIV
  C:0B69H         PUBLIC        ?C?ULDIV
  -------         ENDMOD        ?C?ULDIV

  -------         MODULE        ?C?SLDIV
  C:35E0H         PUBLIC        ?C?SLDIV
BL51 BANKED LINKER/LOCATER V6.22.4.0                                                  09/17/2025  21:11:33  PAGE 60


  -------         ENDMOD        ?C?SLDIV

  -------         MODULE        ?C?ULSHR
  C:0BFBH         PUBLIC        ?C?ULSHR
  -------         ENDMOD        ?C?ULSHR

  -------         MODULE        ?C?SLSHR
  C:0C0EH         PUBLIC        ?C?SLSHR
  -------         ENDMOD        ?C?SLSHR

  -------         MODULE        ?C?LSHL
  C:0C22H         PUBLIC        ?C?LSHL
  -------         ENDMOD        ?C?LSHL

  -------         MODULE        ?C?LLDCODE
  C:0C35H         PUBLIC        ?C?LLDCODE
  -------         ENDMOD        ?C?LLDCODE

  -------         MODULE        ?C?LSTXDATA
  C:0C45H         PUBLIC        ?C?LSTXDATA
  -------         ENDMOD        ?C?LSTXDATA

  -------         MODULE        ?C?OFFXADD
  C:0C51H         PUBLIC        ?C?OFFXADD
  -------         ENDMOD        ?C?OFFXADD

  -------         MODULE        ?C?ICALL
  C:0C5DH         PUBLIC        ?C?ICALL
  C:0C61H         PUBLIC        ?C?ICALL2
  -------         ENDMOD        ?C?ICALL

  -------         MODULE        ?C_IBP
  D:0068H         PUBLIC        ?C_IBP
  -------         ENDMOD        ?C_IBP

  -------         MODULE        ?C?STRCPY
  C:0D2FH         PUBLIC        ?C?STRCPY
  -------         ENDMOD        ?C?STRCPY

  -------         MODULE        STRLEN
  C:3CC6H         PUBLIC        _STRLEN
  -------         ENDMOD        STRLEN

  -------         MODULE        STRCHR
  C:3BFFH         PUBLIC        _STRCHR
  -------         ENDMOD        STRCHR

  -------         MODULE        STRTOK
  D:000DH         PUBLIC        ?_strtok?BYTE
  C:2E7EH         PUBLIC        _strtok
  -------         ENDMOD        STRTOK

  -------         MODULE        ATOI
  C:2583H         PUBLIC        _atoi
  -------         ENDMOD        ATOI

  -------         MODULE        ?C?MEMSET
BL51 BANKED LINKER/LOCATER V6.22.4.0                                                  09/17/2025  21:11:33  PAGE 61


  C:0D4CH         PUBLIC        ?C?MEMSET
  -------         ENDMOD        ?C?MEMSET

  -------         MODULE        ISDIGIT
  C:3DDCH         PUBLIC        _isdigit
  -------         ENDMOD        ISDIGIT

  -------         MODULE        ISSPACE
  C:3D15H         PUBLIC        _isspace
  -------         ENDMOD        ISSPACE

  -------         MODULE        STRSPN
  D:0013H         PUBLIC        ?_strspn?BYTE
  C:306AH         PUBLIC        _strspn
  -------         ENDMOD        STRSPN

  -------         MODULE        STRPBRK
  D:0013H         PUBLIC        ?_strpbrk?BYTE
  C:30CBH         PUBLIC        _strpbrk
  -------         ENDMOD        STRPBRK

*** WARNING L16: UNCALLED SEGMENT, IGNORED FOR OVERLAY PROCESS
    SEGMENT: ?PR?_GETKEYACT?KEY

*** WARNING L16: UNCALLED SEGMENT, IGNORED FOR OVERLAY PROCESS
    SEGMENT: ?PR?GETULTRASONIC?SYS

*** WARNING L16: UNCALLED SEGMENT, IGNORED FOR OVERLAY PROCESS
    SEGMENT: ?PR?GETSYSPERFORMANCE?SYS

*** WARNING L16: UNCALLED SEGMENT, IGNORED FOR OVERLAY PROCESS
    SEGMENT: ?PR?GETWEIGHT?EXT

*** WARNING L16: UNCALLED SEGMENT, IGNORED FOR OVERLAY PROCESS
    SEGMENT: ?PR?GETDECODE?EXT

*** WARNING L16: UNCALLED SEGMENT, IGNORED FOR OVERLAY PROCESS
    SEGMENT: ?PR?GETUART2TXSTATUS?UART2

*** WARNING L16: UNCALLED SEGMENT, IGNORED FOR OVERLAY PROCESS
    SEGMENT: ?CO?TIME_MODULE

*** WARNING L16: UNCALLED SEGMENT, IGNORED FOR OVERLAY PROCESS
    SEGMENT: ?PR?MYUART1PROCESSRXDATA?MY_UART1

*** WARNING L16: UNCALLED SEGMENT, IGNORED FOR OVERLAY PROCESS
    SEGMENT: ?PR?PLAY_MUSIC?MUSIC_MODULE

*** WARNING L16: UNCALLED SEGMENT, IGNORED FOR OVERLAY PROCESS
    SEGMENT: ?PR?MUSICPLAYERINIT?MUSIC

*** WARNING L16: UNCALLED SEGMENT, IGNORED FOR OVERLAY PROCESS
    SEGMENT: ?PR?RTC_READ?DS1302

*** WARNING L16: UNCALLED SEGMENT, IGNORED FOR OVERLAY PROCESS
    SEGMENT: ?PR?DS1302INIT?DS1302

BL51 BANKED LINKER/LOCATER V6.22.4.0                                                  09/17/2025  21:11:33  PAGE 62


Program Size: data=105.3 xdata=430 code=16054
LINK/LOCATE RUN COMPLETE.  12 WARNING(S),  0 ERROR(S)
