BL51 BANKED LINKER/LOCATER V6.22.4.0                                                    09/17/2025  23:12:51  PAGE 1


BL51 BANKED LINKER/LOCATER V6.22.4.0, INVOKED BY:
D:\SOFTWARE\KEIL5\CORE\C51\BIN\BL51.EXE .\output\main.obj, .\source\STCBSP_V3.6.LIB, .\output\temp_module.obj, .\output\
>> Nav_handler.obj, .\output\time_module.obj, .\output\speed_module.obj, .\output\voice_module.obj, .\output\core.obj, .
>> \output\decode_table.obj, .\output\nv_temp_threshold.obj, .\output\my_uart1.obj, .\output\radio_module.obj, .\output\
>> temp_controlled_fan.obj, .\output\ultrasonic_module.obj, .\output\train_id_module.obj, .\output\music_module.obj, .\o
>> utput\real_time_module.obj TO .\output\BSP_Demo PRINT (.\list\BSP_Demo.m51) RAMSIZE (256) XDATA (0X0000-0X07FF)


MEMORY MODEL: SMALL


INPUT MODULES INCLUDED:
  .\output\main.obj (MAIN)
  .\source\STCBSP_V3.6.LIB (ADC)
  .\source\STCBSP_V3.6.LIB (BEEP)
  .\source\STCBSP_V3.6.LIB (DISPLAYER)
  .\source\STCBSP_V3.6.LIB (KEY)
  .\source\STCBSP_V3.6.LIB (SYS)
  .\source\STCBSP_V3.6.LIB (EXT)
  .\source\STCBSP_V3.6.LIB (UART2)
  .\output\temp_module.obj (TEMP_MODULE)
  .\output\Nav_handler.obj (NAV_HANDLER)
  .\output\time_module.obj (TIME_MODULE)
  .\output\speed_module.obj (SPEED_MODULE)
  .\output\voice_module.obj (VOICE_MODULE)
  .\output\core.obj (CORE)
  .\output\decode_table.obj (DECODE_TABLE)
  .\output\nv_temp_threshold.obj (NV_TEMP_THRESHOLD)
  .\output\my_uart1.obj (MY_UART1)
  .\output\radio_module.obj (RADIO_MODULE)
  .\output\temp_controlled_fan.obj (TEMP_CONTROLLED_FAN)
  .\output\ultrasonic_module.obj (ULTRASONIC_MODULE)
  .\output\train_id_module.obj (TRAIN_ID_MODULE)
  .\output\music_module.obj (MUSIC_MODULE)
  .\output\real_time_module.obj (REAL_TIME_MODULE)
  .\source\STCBSP_V3.6.LIB (MUSIC)
  .\source\STCBSP_V3.6.LIB (M24C02)
  .\source\STCBSP_V3.6.LIB (FM_RADIO)
  .\source\STCBSP_V3.6.LIB (UART1)
  D:\SOFTWARE\KEIL5\CORE\C51\LIB\C51S.LIB (?C_STARTUP)
  D:\SOFTWARE\KEIL5\CORE\C51\LIB\C51S.LIB (?C?COPY)
  D:\SOFTWARE\KEIL5\CORE\C51\LIB\C51S.LIB (?C?CLDPTR)
  D:\SOFTWARE\KEIL5\CORE\C51\LIB\C51S.LIB (?C?CLDOPTR)
  D:\SOFTWARE\KEIL5\CORE\C51\LIB\C51S.LIB (?C?CSTPTR)
  D:\SOFTWARE\KEIL5\CORE\C51\LIB\C51S.LIB (?C?CSTOPTR)
  D:\SOFTWARE\KEIL5\CORE\C51\LIB\C51S.LIB (?C?IMUL)
  D:\SOFTWARE\KEIL5\CORE\C51\LIB\C51S.LIB (?C?UIDIV)
  D:\SOFTWARE\KEIL5\CORE\C51\LIB\C51S.LIB (?C?SIDIV)
  D:\SOFTWARE\KEIL5\CORE\C51\LIB\C51S.LIB (?C?IILDX)
  D:\SOFTWARE\KEIL5\CORE\C51\LIB\C51S.LIB (?C?ILDIX)
  D:\SOFTWARE\KEIL5\CORE\C51\LIB\C51S.LIB (?C?ILDPTR)
  D:\SOFTWARE\KEIL5\CORE\C51\LIB\C51S.LIB (?C?LMUL)
  D:\SOFTWARE\KEIL5\CORE\C51\LIB\C51S.LIB (?C?ULDIV)
  D:\SOFTWARE\KEIL5\CORE\C51\LIB\C51S.LIB (?C?SLDIV)
  D:\SOFTWARE\KEIL5\CORE\C51\LIB\C51S.LIB (?C?ULSHR)
  D:\SOFTWARE\KEIL5\CORE\C51\LIB\C51S.LIB (?C?SLSHR)
  D:\SOFTWARE\KEIL5\CORE\C51\LIB\C51S.LIB (?C?LSHL)
  D:\SOFTWARE\KEIL5\CORE\C51\LIB\C51S.LIB (?C?LLDCODE)
BL51 BANKED LINKER/LOCATER V6.22.4.0                                                  09/17/2025  23:12:51  PAGE 2


  D:\SOFTWARE\KEIL5\CORE\C51\LIB\C51S.LIB (?C?LSTXDATA)
  D:\SOFTWARE\KEIL5\CORE\C51\LIB\C51S.LIB (?C?OFFXADD)
  D:\SOFTWARE\KEIL5\CORE\C51\LIB\C51S.LIB (?C?ICALL)
  D:\SOFTWARE\KEIL5\CORE\C51\LIB\C51S.LIB (?C_IBP)
  D:\SOFTWARE\KEIL5\CORE\C51\LIB\C51S.LIB (STRNCMP)
  D:\SOFTWARE\KEIL5\CORE\C51\LIB\C51S.LIB (?C?STRCPY)
  D:\SOFTWARE\KEIL5\CORE\C51\LIB\C51S.LIB (STRLEN)
  D:\SOFTWARE\KEIL5\CORE\C51\LIB\C51S.LIB (STRCHR)
  D:\SOFTWARE\KEIL5\CORE\C51\LIB\C51S.LIB (STRTOK)
  D:\SOFTWARE\KEIL5\CORE\C51\LIB\C51S.LIB (ATOI)
  D:\SOFTWARE\KEIL5\CORE\C51\LIB\C51S.LIB (?C?MEMSET)
  D:\SOFTWARE\KEIL5\CORE\C51\LIB\C51S.LIB (?C_INIT)
  D:\SOFTWARE\KEIL5\CORE\C51\LIB\C51S.LIB (ISDIGIT)
  D:\SOFTWARE\KEIL5\CORE\C51\LIB\C51S.LIB (ISSPACE)
  D:\SOFTWARE\KEIL5\CORE\C51\LIB\C51S.LIB (STRSPN)
  D:\SOFTWARE\KEIL5\CORE\C51\LIB\C51S.LIB (STRPBRK)


LINK MAP OF MODULE:  .\output\BSP_Demo (MAIN)


            TYPE    BASE      LENGTH    RELOCATION   SEGMENT NAME
            -----------------------------------------------------

            * * * * * * *   D A T A   M E M O R Y   * * * * * * *
            REG     0000H     0008H     ABSOLUTE     "REG BANK 0"
            DATA    0008H     0014H     UNIT         _DATA_GROUP_
            DATA    001CH     0004H     UNIT         ?DT?_SETBEEP?BEEP
            BIT     0020H.0   0001H.7   UNIT         ?BI?SYS
            BIT     0021H.7   0000H.1   UNIT         ?BI?ADC
            BIT     0022H.0   0000H.1   UNIT         ?BI?TIME_MODULE
            BIT     0022H.1   0000H.1   UNIT         ?BI?MUSIC
            BIT     0022H.2   0000H.1   UNIT         _BIT_GROUP_
                    0022H.3   0000H.5                *** GAP ***
            DATA    0023H     0012H     UNIT         ?DT?SYS
            DATA    0035H     0008H     UNIT         ?DT?_SETMUSIC?MUSIC
            DATA    003DH     0007H     UNIT         ?DT?RADIO_MODULE
            DATA    0044H     0006H     UNIT         ?DT?EXT
            DATA    004AH     0006H     UNIT         ?DT?_PLAYTONE?MUSIC
            DATA    0050H     0003H     UNIT         ?DT?STRTOK
            DATA    0053H     0002H     UNIT         ?DT?ADC
            DATA    0055H     0002H     UNIT         ?DT?GETULTRASONIC?SYS
            DATA    0057H     0002H     UNIT         ?DT?UART2
            DATA    0059H     0001H     UNIT         ?DT?KEY
            DATA    005AH     0001H     UNIT         ?DT?_SETTRAINID?TRAIN_ID_MODULE
            DATA    005BH     0001H     UNIT         ?C?LIB_DATA
            IDATA   005CH     0001H     UNIT         ?STACK

            * * * * * * *  X D A T A   M E M O R Y  * * * * * * *
            XDATA   0000H     006EH     UNIT         ?XD?SYS
            XDATA   006EH     0069H     UNIT         ?XD?MY_UART1
            XDATA   00D7H     004FH     UNIT         _XDATA_GROUP_
            XDATA   0126H     001EH     UNIT         ?XD?ADC
            XDATA   0144H     0015H     UNIT         ?XD?UART2
            XDATA   0159H     0015H     UNIT         ?XD?UART1
            XDATA   016EH     0014H     UNIT         ?XD?TIME_MODULE
            XDATA   0182H     0012H     UNIT         ?XD?TEMP_MODULE
BL51 BANKED LINKER/LOCATER V6.22.4.0                                                  09/17/2025  23:12:51  PAGE 3


            XDATA   0194H     0010H     UNIT         ?XD?MUSIC
            XDATA   01A4H     000CH     UNIT         ?XD?DISPLAYER
            XDATA   01B0H     000BH     UNIT         ?XD?EXT
            XDATA   01BBH     000AH     UNIT         ?XD?KEY
            XDATA   01C5H     0009H     UNIT         ?XD?CORE
            XDATA   01CEH     0009H     UNIT         ?XD?FM_RADIO
            XDATA   01D7H     0007H     UNIT         ?XD?VOICE_MODULE
            XDATA   01DEH     0006H     UNIT         ?XD?REAL_TIME_MODULE
            XDATA   01E4H     0004H     UNIT         ?XD?SPEED_MODULE
            XDATA   01E8H     0002H     UNIT         ?XD?NV_TEMP_THRESHOLD
            XDATA   01EAH     0001H     UNIT         ?XD?NAV_HANDLER

            * * * * * * *   C O D E   M E M O R Y   * * * * * * *
            CODE    0000H     0003H     ABSOLUTE     
            CODE    0003H     0007H     UNIT         ?PR?GETADC?ADC
            CODE    000AH     0001H     UNIT         ?PR?_?NULLFUNC?SYS
            CODE    000BH     0003H     ABSOLUTE     
            CODE    000EH     0015H     UNIT         ?PR?MYUART1CLEARRXBUFFER?MY_UART1
            CODE    0023H     0003H     ABSOLUTE     
            CODE    0026H     0004H     UNIT         ?CO?CORE
            CODE    002AH     0001H     UNIT         ?PR?_?NULLFUNC0?UART2
            CODE    002BH     0003H     ABSOLUTE     
            CODE    002EH     000DH     UNIT         ?PR?STOP?M24C02
            CODE    003BH     0003H     ABSOLUTE     
            CODE    003EH     0003H     UNIT         ?PR?_?RET0FUNC?SYS
                    0041H     0002H                  *** GAP ***
            CODE    0043H     0003H     ABSOLUTE     
            CODE    0046H     0834H     UNIT         ?CO?VOICE_MODULE
            CODE    087AH     04FEH     UNIT         ?C?LIB_CODE
            CODE    0D78H     03C3H     UNIT         ?PR?_PARSECOMMAND?MY_UART1
            CODE    113BH     02F6H     UNIT         ?PR?_?SYS_MUSIC_DRV?MUSIC
            CODE    1431H     02B2H     UNIT         ?PR?MYUART1SENDCURRENTSTATUS?MY_UART1
            CODE    16E3H     01FCH     UNIT         ?CO?TEMP_MODULE
            CODE    18DFH     01D2H     UNIT         ?PR?UART2_ISR?UART2
            CODE    1AB1H     01C8H     UNIT         ?C_INITSEG
            CODE    1C79H     01ACH     UNIT         ?PR?_?SYS_ADC_DRV?ADC
            CODE    1E25H     0130H     UNIT         ?PR?UART1_ISR?UART1
            CODE    1F55H     0126H     UNIT         ?CO?MUSIC
            CODE    207BH     0123H     UNIT         ?PR?_?SYS_KEY_DRV?KEY
            CODE    219EH     011CH     UNIT         ?PR?_MY_UTOA?MY_UART1
            CODE    22BAH     00EDH     UNIT         ?PR?SYS_TASK_1MS?SYS
            CODE    23A7H     00E9H     UNIT         ?PR?_?SYS_DISPLAY_DRV?DISPLAYER
            CODE    2490H     00E7H     UNIT         ?PR?_?SYS_EXT_DRV?EXT
            CODE    2577H     00B6H     UNIT         ?PR?SETFMRADIO?FM_RADIO
            CODE    262DH     00B5H     UNIT         ?PR?_UART2INIT?UART2
            CODE    26E2H     00AEH     UNIT         ?PR?_ATOI?ATOI
            CODE    2790H     00AAH     UNIT         ?PR?_PLAYTONE?MUSIC
            CODE    283AH     00A8H     UNIT         ?PR?SYS_CCP_ISR?SYS
            CODE    28E2H     00A5H     UNIT         ?PR?RESETTIMER?TIME_MODULE
            CODE    2987H     00A4H     UNIT         ?PR?NAVHANDLER?NAV_HANDLER
            CODE    2A2BH     00A3H     UNIT         ?PR?ONSPEEDCHANGE?TIME_MODULE
            CODE    2ACEH     0094H     UNIT         ?PR?SHOWTEMP?TEMP_MODULE
            CODE    2B62H     0094H     UNIT         ?PR?CHECKCOUNTDOWNEVENT?VOICE_MODULE
            CODE    2BF6H     0093H     UNIT         ?PR?SYS_TASK_10MS?SYS
            CODE    2C89H     0090H     UNIT         ?PR?_SETPWM?EXT
            CODE    2D19H     008CH     UNIT         ?C_C51STARTUP
            CODE    2DA5H     008BH     UNIT         ?PR?SYS_TASK_IR?SYS
BL51 BANKED LINKER/LOCATER V6.22.4.0                                                  09/17/2025  23:12:51  PAGE 4


            CODE    2E30H     0083H     UNIT         ?PR?MAIN?MAIN
            CODE    2EB3H     0080H     UNIT         ?PR?UPDATETIME?TIME_MODULE
            CODE    2F33H     0080H     UNIT         ?PR?_STRTOK?STRTOK
            CODE    2FB3H     007DH     UNIT         ?PR?_SETEVENTCALLBACK?SYS
            CODE    3030H     0078H     UNIT         ?PR?_SETBEEP?BEEP
            CODE    30A8H     0077H     UNIT         ?PR?_UART1INIT?UART1
            CODE    311FH     0074H     UNIT         ?PR?SHOWREALTIME?REAL_TIME_MODULE
            CODE    3193H     006FH     UNIT         ?PR?_STRNCMP?STRNCMP
            CODE    3202H     0061H     UNIT         ?PR?_STRSPN?STRSPN
            CODE    3263H     005DH     UNIT         ?PR?_STRPBRK?STRPBRK
            CODE    32C0H     005CH     UNIT         ?PR?GETFMRADIO?FM_RADIO
            CODE    331CH     005AH     UNIT         ?PR?UPDATETEMP?TEMP_MODULE
            CODE    3376H     005AH     UNIT         ?PR?NVTEMPTHRESHOLDINIT?NV_TEMP_THRESHOLD
            CODE    33D0H     0059H     UNIT         ?PR?READCOUNT?EXT
            CODE    3429H     0058H     UNIT         ?PR?_SETMUSIC?MUSIC
            CODE    3481H     0056H     UNIT         ?PR?MYUART1INIT?MY_UART1
            CODE    34D7H     0053H     UNIT         ?PR?GETULTRASONIC?SYS
            CODE    352AH     0052H     UNIT         ?PR?SYS_TIMER0_ISR?SYS
            CODE    357CH     0051H     UNIT         ?PR?SHOWTIME?TIME_MODULE
            CODE    35CDH     004DH     UNIT         ?CO?TIME_MODULE
            CODE    361AH     0048H     UNIT         ?PR?SHOWSPEED?SPEED_MODULE
            CODE    3662H     0047H     UNIT         ?PR?SYS_TIMER0_INIT?SYS
            CODE    36A9H     0046H     UNIT         ?PR?_GETADCNAVACT?ADC
            CODE    36EFH     0045H     UNIT         ?PR?IS_PLAY_MUSIC?MUSIC_MODULE
            CODE    3734H     0044H     UNIT         ?PR?_?SYS_FMRADIO_DRV?FM_RADIO
            CODE    3778H     0044H     UNIT         ?C?LDIV
            CODE    37BCH     0042H     UNIT         ?PR?RADIO_INIT?RADIO_MODULE
            CODE    37FEH     0040H     UNIT         ?PR?_GETKEYACT?KEY
            CODE    383EH     003FH     UNIT         ?PR?SYS_TASK_100MS?SYS
            CODE    387DH     003EH     UNIT         ?PR?MYSTC_OS?SYS
            CODE    38BBH     003CH     UNIT         ?CO?DECODE_TABLE
            CODE    38F7H     003CH     UNIT         ?PR?TEMP_CONTROLLED_MOTOR?TEMP_CONTROLLED_FAN
            CODE    3933H     0039H     UNIT         ?PR?_NVTEMPTHRESHOLDUPDATE?NV_TEMP_THRESHOLD
            CODE    396CH     0036H     UNIT         ?PR?_EXTINIT?EXT
            CODE    39A2H     0032H     UNIT         ?PR?UART1RXDCALLBACK?MY_UART1
            CODE    39D4H     0031H     UNIT         ?PR?_ADCINIT?ADC
            CODE    3A05H     0031H     UNIT         ?PR?_SETUART2RXD?UART2
            CODE    3A36H     0031H     UNIT         ?PR?_SETUART1RXD?UART1
            CODE    3A67H     002FH     UNIT         ?PR?_UART2PRINT?UART2
            CODE    3A96H     002BH     UNIT         ?PR?SYS_TASK_1S?SYS
            CODE    3AC1H     002BH     UNIT         ?PR?_NVTEMPTHRESHOLDWRITE?NV_TEMP_THRESHOLD
            CODE    3AECH     002AH     UNIT         ?PR?NVTEMPTHRESHOLDREAD?NV_TEMP_THRESHOLD
            CODE    3B16H     0028H     UNIT         ?PR?_?SYS_BEEP_DRV?BEEP
            CODE    3B3EH     0028H     UNIT         ?PR?INITRTC?TIME_MODULE
            CODE    3B66H     0028H     UNIT         ?PR?_SETPLAYERMODE?MUSIC
            CODE    3B8EH     0028H     UNIT         ?PR?_IIC_RADIO_WRITEBYTE?FM_RADIO
            CODE    3BB6H     0028H     UNIT         ?PR?_UART1PRINT?UART1
            CODE    3BDEH     0025H     UNIT         ?PR?FMRADIOINIT?FM_RADIO
            CODE    3C03H     0024H     UNIT         ?PR?RESPONS?M24C02
            CODE    3C27H     0024H     UNIT         ?PR?_WRITEBYTE?M24C02
            CODE    3C4BH     0022H     UNIT         ?PR?READBYTE?M24C02
            CODE    3C6DH     0020H     UNIT         ?PR?BEEPINIT?BEEP
            CODE    3C8DH     0020H     UNIT         ?PR?_SEG7PRINT?DISPLAYER
            CODE    3CADH     001EH     UNIT         ?PR?SHOWSTATUS?NAV_HANDLER
            CODE    3CCBH     001DH     UNIT         ?PR?KEYINIT?KEY
            CODE    3CE8H     001CH     UNIT         ?PR?_M24C02_READ?M24C02
            CODE    3D04H     001CH     UNIT         ?PR?IIC_RADIO_ACK?FM_RADIO
BL51 BANKED LINKER/LOCATER V6.22.4.0                                                  09/17/2025  23:12:51  PAGE 5


            CODE    3D20H     001CH     UNIT         ?PR?_STRCHR?STRCHR
            CODE    3D3CH     001BH     UNIT         ?PR?DISPLAYERINIT?DISPLAYER
            CODE    3D57H     001BH     UNIT         ?PR?SHOWMODE?TIME_MODULE
            CODE    3D72H     0016H     UNIT         ?PR?PLAY_MUSIC?MUSIC_MODULE
            CODE    3D88H     0015H     UNIT         ?PR?_M24C02_WRITE?M24C02
            CODE    3D9DH     0015H     UNIT         ?PR?_STRLEN?STRLEN
            CODE    3DB2H     0014H     UNIT         ?PR?MYUART2RXD_CALLBACK?VOICE_MODULE
            CODE    3DC6H     0013H     UNIT         ?PR?_DELAY?FM_RADIO
            CODE    3DD9H     0013H     UNIT         ?PR?IIC_RADIO_START?FM_RADIO
            CODE    3DECH     0013H     UNIT         ?PR?_ISSPACE?ISSPACE
            CODE    3DFFH     0012H     UNIT         ?PR?MY1S_CALLBACK?CORE
            CODE    3E11H     0012H     UNIT         ?PR?_NVISVALIDTHRESHOLD?NV_TEMP_THRESHOLD
            CODE    3E23H     0011H     UNIT         ?PR?_SETCCP0?SYS
            CODE    3E34H     0010H     UNIT         ?PR?GETDECODE?EXT
            CODE    3E44H     0010H     UNIT         ?PR?_SETTRAINID?TRAIN_ID_MODULE
            CODE    3E54H     0010H     UNIT         ?CO?MUSIC_MODULE
            CODE    3E64H     0010H     UNIT         ?PR?START?M24C02
            CODE    3E74H     000FH     UNIT         ?PR?_?SYS_GET_UART2RXDEVENT?UART2
            CODE    3E83H     000FH     UNIT         ?PR?MUSICPLAYERINIT?MUSIC
            CODE    3E92H     000FH     UNIT         ?PR?_?SYS_GET_UART1RXDEVENT?UART1
            CODE    3EA1H     000FH     UNIT         ?PR?_ISDIGIT?ISDIGIT
            CODE    3EB0H     000EH     UNIT         ?PR?_?SYS_GET_KNEVENT?ADC
            CODE    3EBEH     000EH     UNIT         ?PR?_?SYS_GET_EXTADCEVENT?ADC
            CODE    3ECCH     000EH     UNIT         ?PR?_?SYS_GET_KEYEVENT?KEY
            CODE    3EDAH     000CH     UNIT         ?PR?GETBEEPSTATUS?BEEP
            CODE    3EE6H     000CH     UNIT         ?PR?IIC_RADIO_STOP?FM_RADIO
            CODE    3EF2H     000BH     UNIT         ?PR?GETUART2TXSTATUS?UART2
            CODE    3EFDH     000BH     UNIT         ?PR?MYUART1PROCESSRXDATA?MY_UART1
            CODE    3F08H     000BH     UNIT         ?CO?MY_UART1
            CODE    3F13H     000BH     UNIT         ?PR?INITTRAINID?TRAIN_ID_MODULE
            CODE    3F1EH     000BH     UNIT         ?PR?GETUART1TXSTATUS?UART1
            CODE    3F29H     0009H     UNIT         ?CO?ADC
            CODE    3F32H     0009H     UNIT         ?PR?_SETDISPLAYERAREA?DISPLAYER
            CODE    3F3BH     0009H     UNIT         ?PR?GETBEEPTIMER?SYS
            CODE    3F44H     0009H     UNIT         ?PR?_SETBEEPTIMER?SYS
            CODE    3F4DH     0009H     UNIT         ?PR?GETWEIGHT?EXT
            CODE    3F56H     0007H     UNIT         ?PR?GETSYSPERFORMANCE?SYS
            CODE    3F5DH     0006H     UNIT         ?PR?ADC_ISR?ADC
            CODE    3F63H     0006H     UNIT         ?PR?_LEDPRINT?DISPLAYER
            CODE    3F69H     0006H     UNIT         ?PR?MYSTC_INIT?SYS
            CODE    3F6FH     0006H     UNIT         ?PR?GETPLAYERMODE?MUSIC
            CODE    3F75H     0003H     UNIT         ?PR?CLRBEEPPIN?SYS
            CODE    3F78H     0003H     UNIT         ?PR?MY100MS_CALLBACK?CORE



OVERLAY MAP OF MODULE:   .\output\BSP_Demo (MAIN)


SEGMENT                                             BIT_GROUP          DATA_GROUP          XDATA_GROUP
  +--> CALLED SEGMENT                            START    LENGTH     START    LENGTH     START    LENGTH
--------------------------------------------------------------------------------------------------------
?C_C51STARTUP                                    -----    -----      -----    -----      -----    -----
  +--> ?PR?MAIN?MAIN
  +--> ?C_INITSEG

?PR?MAIN?MAIN                                    -----    -----      -----    -----      -----    -----
BL51 BANKED LINKER/LOCATER V6.22.4.0                                                  09/17/2025  23:12:51  PAGE 6


  +--> ?PR?_ADCINIT?ADC
  +--> ?PR?DISPLAYERINIT?DISPLAYER
  +--> ?PR?KEYINIT?KEY
  +--> ?PR?BEEPINIT?BEEP
  +--> ?PR?_SETDISPLAYERAREA?DISPLAYER
  +--> ?PR?_UART2INIT?UART2
  +--> ?PR?MYUART1INIT?MY_UART1
  +--> ?PR?NVTEMPTHRESHOLDINIT?NV_TEMP_THRES...
  +--> ?PR?INITTRAINID?TRAIN_ID_MODULE
  +--> ?PR?INITRTC?TIME_MODULE
  +--> ?PR?_EXTINIT?EXT
  +--> ?PR?RADIO_INIT?RADIO_MODULE
  +--> ?PR?_SETUART2RXD?UART2
  +--> ?PR?MYUART2RXD_CALLBACK?VOICE_MODULE
  +--> ?PR?_SETEVENTCALLBACK?SYS
  +--> ?PR?MY1S_CALLBACK?CORE
  +--> ?PR?MY100MS_CALLBACK?CORE
  +--> ?PR?NAVHANDLER?NAV_HANDLER
  +--> ?PR?MYSTC_INIT?SYS
  +--> ?PR?MYSTC_OS?SYS

?PR?_ADCINIT?ADC                                 -----    -----      -----    -----      -----    -----
  +--> ?PR?_?SYS_ADC_DRV?ADC
  +--> ?PR?_?SYS_GET_KNEVENT?ADC
  +--> ?PR?_?SYS_GET_EXTADCEVENT?ADC

?PR?_?SYS_ADC_DRV?ADC                            -----    -----      -----    -----      -----    -----
  +--> ?CO?ADC

?PR?DISPLAYERINIT?DISPLAYER                      -----    -----      -----    -----      -----    -----
  +--> ?PR?_?SYS_DISPLAY_DRV?DISPLAYER

?PR?_?SYS_DISPLAY_DRV?DISPLAYER                  -----    -----      -----    -----      -----    -----
  +--> ?CO?DECODE_TABLE

?PR?KEYINIT?KEY                                  -----    -----      -----    -----      -----    -----
  +--> ?PR?_?SYS_GET_KEYEVENT?KEY
  +--> ?PR?_?SYS_KEY_DRV?KEY

?PR?BEEPINIT?BEEP                                -----    -----      -----    -----      -----    -----
  +--> ?PR?CLRBEEPPIN?SYS
  +--> ?PR?_?SYS_BEEP_DRV?BEEP

?PR?_?SYS_BEEP_DRV?BEEP                          -----    -----      -----    -----      -----    -----
  +--> ?PR?GETBEEPTIMER?SYS
  +--> ?PR?_SETBEEPTIMER?SYS

?PR?_UART2INIT?UART2                             -----    -----      0008H    0005H      -----    -----
  +--> ?PR?_?NULLFUNC0?UART2
  +--> ?CO?CORE
  +--> ?PR?_?SYS_GET_UART2RXDEVENT?UART2

?PR?MYUART1INIT?MY_UART1                         -----    -----      -----    -----      -----    -----
  +--> ?PR?_UART1INIT?UART1
  +--> ?PR?UART1RXDCALLBACK?MY_UART1
  +--> ?PR?_SETEVENTCALLBACK?SYS
  +--> ?PR?_SETUART1RXD?UART1
BL51 BANKED LINKER/LOCATER V6.22.4.0                                                  09/17/2025  23:12:51  PAGE 7



?PR?_UART1INIT?UART1                             -----    -----      0008H    0004H      -----    -----
  +--> ?CO?CORE
  +--> ?PR?_?SYS_GET_UART1RXDEVENT?UART1

?PR?UART1RXDCALLBACK?MY_UART1                    -----    -----      -----    -----      -----    -----
  +--> ?PR?_STRCHR?STRCHR
  +--> ?PR?_PARSECOMMAND?MY_UART1
  +--> ?PR?MYUART1CLEARRXBUFFER?MY_UART1

?PR?_PARSECOMMAND?MY_UART1                       -----    -----      0008H    0005H      00D7H    004CH
  +--> ?PR?_STRLEN?STRLEN
  +--> ?CO?MY_UART1
  +--> ?PR?_STRTOK?STRTOK
  +--> ?PR?_STRNCMP?STRNCMP
  +--> ?PR?_ATOI?ATOI
  +--> ?PR?_NVTEMPTHRESHOLDUPDATE?NV_TEMP_TH...
  +--> ?PR?ONSPEEDCHANGE?TIME_MODULE

?PR?_STRTOK?STRTOK                               -----    -----      000DH    0006H      -----    -----
  +--> ?PR?_STRSPN?STRSPN
  +--> ?PR?_STRPBRK?STRPBRK

?PR?_STRSPN?STRSPN                               -----    -----      0013H    0008H      -----    -----

?PR?_STRPBRK?STRPBRK                             -----    -----      0013H    0009H      -----    -----

?PR?_STRNCMP?STRNCMP                             -----    -----      000DH    0008H      -----    -----

?PR?_ATOI?ATOI                                   0022H.2  0000H.1    000DH    0005H      -----    -----
  +--> ?PR?_ISSPACE?ISSPACE
  +--> ?PR?_ISDIGIT?ISDIGIT

?PR?_NVTEMPTHRESHOLDUPDATE?NV_TEMP_TH...         -----    -----      000DH    0001H      0123H    0001H
  +--> ?PR?NVTEMPTHRESHOLDINIT?NV_TEMP_THRES...
  +--> ?PR?_NVISVALIDTHRESHOLD?NV_TEMP_THRES...
  +--> ?PR?NVTEMPTHRESHOLDREAD?NV_TEMP_THRES...
  +--> ?PR?_NVTEMPTHRESHOLDWRITE?NV_TEMP_THR...

?PR?NVTEMPTHRESHOLDINIT?NV_TEMP_THRES...         -----    -----      000FH    0001H      0125H    0001H
  +--> ?PR?_M24C02_READ?M24C02
  +--> ?PR?_NVISVALIDTHRESHOLD?NV_TEMP_THRES...

?PR?_M24C02_READ?M24C02                          -----    -----      -----    -----      -----    -----
  +--> ?PR?START?M24C02
  +--> ?PR?RESPONS?M24C02
  +--> ?PR?_WRITEBYTE?M24C02
  +--> ?PR?READBYTE?M24C02
  +--> ?PR?STOP?M24C02

?PR?RESPONS?M24C02                               -----    -----      -----    -----      -----    -----
  +--> ?PR?_WRITEBYTE?M24C02

?PR?NVTEMPTHRESHOLDREAD?NV_TEMP_THRES...         -----    -----      -----    -----      0124H    0001H
  +--> ?PR?NVTEMPTHRESHOLDINIT?NV_TEMP_THRES...
  +--> ?PR?_M24C02_READ?M24C02
  +--> ?PR?_NVISVALIDTHRESHOLD?NV_TEMP_THRES...
BL51 BANKED LINKER/LOCATER V6.22.4.0                                                  09/17/2025  23:12:51  PAGE 8



?PR?_NVTEMPTHRESHOLDWRITE?NV_TEMP_THR...         -----    -----      000EH    0001H      -----    -----
  +--> ?PR?NVTEMPTHRESHOLDINIT?NV_TEMP_THRES...
  +--> ?PR?_NVISVALIDTHRESHOLD?NV_TEMP_THRES...
  +--> ?PR?_M24C02_WRITE?M24C02

?PR?_M24C02_WRITE?M24C02                         -----    -----      -----    -----      -----    -----
  +--> ?PR?START?M24C02
  +--> ?PR?_WRITEBYTE?M24C02
  +--> ?PR?RESPONS?M24C02
  +--> ?PR?STOP?M24C02

?PR?_SETEVENTCALLBACK?SYS                        -----    -----      0008H    0003H      -----    -----

?PR?_SETUART1RXD?UART1                           -----    -----      0008H    000AH      -----    -----

?PR?INITTRAINID?TRAIN_ID_MODULE                  -----    -----      -----    -----      -----    -----
  +--> ?PR?_M24C02_READ?M24C02

?PR?_EXTINIT?EXT                                 -----    -----      -----    -----      -----    -----
  +--> ?PR?_?SYS_EXT_DRV?EXT

?PR?_?SYS_EXT_DRV?EXT                            -----    -----      -----    -----      -----    -----
  +--> ?PR?READCOUNT?EXT

?PR?READCOUNT?EXT                                -----    -----      0008H    0005H      -----    -----

?PR?RADIO_INIT?RADIO_MODULE                      -----    -----      -----    -----      -----    -----
  +--> ?PR?FMRADIOINIT?FM_RADIO
  +--> ?PR?SETFMRADIO?FM_RADIO

?PR?FMRADIOINIT?FM_RADIO                         -----    -----      0008H    0006H      -----    -----
  +--> ?PR?SETFMRADIO?FM_RADIO
  +--> ?PR?_?SYS_FMRADIO_DRV?FM_RADIO

?PR?SETFMRADIO?FM_RADIO                          -----    -----      000EH    0006H      -----    -----
  +--> ?PR?GETFMRADIO?FM_RADIO

?PR?GETFMRADIO?FM_RADIO                          -----    -----      0014H    0006H      -----    -----

?PR?_?SYS_FMRADIO_DRV?FM_RADIO                   -----    -----      -----    -----      -----    -----
  +--> ?PR?IIC_RADIO_START?FM_RADIO
  +--> ?PR?_IIC_RADIO_WRITEBYTE?FM_RADIO
  +--> ?PR?IIC_RADIO_ACK?FM_RADIO
  +--> ?PR?IIC_RADIO_STOP?FM_RADIO

?PR?IIC_RADIO_START?FM_RADIO                     -----    -----      -----    -----      -----    -----
  +--> ?PR?_DELAY?FM_RADIO

?PR?_IIC_RADIO_WRITEBYTE?FM_RADIO                -----    -----      -----    -----      -----    -----
  +--> ?PR?_DELAY?FM_RADIO

?PR?IIC_RADIO_ACK?FM_RADIO                       -----    -----      -----    -----      -----    -----
  +--> ?PR?_DELAY?FM_RADIO

?PR?IIC_RADIO_STOP?FM_RADIO                      -----    -----      -----    -----      -----    -----
  +--> ?PR?_DELAY?FM_RADIO
BL51 BANKED LINKER/LOCATER V6.22.4.0                                                  09/17/2025  23:12:51  PAGE 9



?PR?_SETUART2RXD?UART2                           -----    -----      0008H    000AH      -----    -----

?PR?MY1S_CALLBACK?CORE                           -----    -----      -----    -----      -----    -----
  +--> ?PR?UPDATETIME?TIME_MODULE
  +--> ?PR?CHECKCOUNTDOWNEVENT?VOICE_MODULE
  +--> ?PR?UPDATETEMP?TEMP_MODULE
  +--> ?PR?IS_PLAY_MUSIC?MUSIC_MODULE
  +--> ?PR?MYUART1SENDCURRENTSTATUS?MY_UART1
  +--> ?PR?TEMP_CONTROLLED_MOTOR?TEMP_CONTRO...

?PR?UPDATETIME?TIME_MODULE                       -----    -----      -----    -----      -----    -----
  +--> ?PR?RESETTIMER?TIME_MODULE
  +--> ?CO?VOICE_MODULE
  +--> ?PR?_UART2PRINT?UART2

?PR?CHECKCOUNTDOWNEVENT?VOICE_MODULE             -----    -----      -----    -----      -----    -----
  +--> ?CO?VOICE_MODULE
  +--> ?PR?_UART2PRINT?UART2

?PR?UPDATETEMP?TEMP_MODULE                       -----    -----      -----    -----      -----    -----
  +--> ?PR?GETADC?ADC
  +--> ?CO?TEMP_MODULE

?PR?IS_PLAY_MUSIC?MUSIC_MODULE                   -----    -----      0008H    0001H      -----    -----
  +--> ?PR?GETPLAYERMODE?MUSIC
  +--> ?PR?_SETPLAYERMODE?MUSIC

?PR?MYUART1SENDCURRENTSTATUS?MY_UART1            -----    -----      -----    -----      00D7H    0002H
  +--> ?PR?GETUART1TXSTATUS?UART1
  +--> ?CO?MY_UART1
  +--> ?PR?_STRLEN?STRLEN
  +--> ?PR?_MY_UTOA?MY_UART1
  +--> ?PR?_UART1PRINT?UART1

?PR?_MY_UTOA?MY_UART1                            -----    -----      0008H    0003H      00D9H    0012H

?PR?TEMP_CONTROLLED_MOTOR?TEMP_CONTRO...         -----    -----      -----    -----      -----    -----
  +--> ?PR?_SETPWM?EXT

?PR?_SETPWM?EXT                                  -----    -----      0008H    0004H      -----    -----

?PR?MY100MS_CALLBACK?CORE                        -----    -----      -----    -----      -----    -----
  +--> ?PR?SHOWSTATUS?NAV_HANDLER

?PR?SHOWSTATUS?NAV_HANDLER                       -----    -----      -----    -----      -----    -----
  +--> ?PR?SHOWTIME?TIME_MODULE
  +--> ?PR?SHOWTEMP?TEMP_MODULE
  +--> ?PR?SHOWSPEED?SPEED_MODULE
  +--> ?PR?SHOWMODE?TIME_MODULE

?PR?SHOWTIME?TIME_MODULE                         -----    -----      -----    -----      -----    -----
  +--> ?PR?_SEG7PRINT?DISPLAYER

?PR?_SEG7PRINT?DISPLAYER                         -----    -----      0008H    0008H      -----    -----

?PR?SHOWTEMP?TEMP_MODULE                         -----    -----      -----    -----      -----    -----
BL51 BANKED LINKER/LOCATER V6.22.4.0                                                  09/17/2025  23:12:51  PAGE 10


  +--> ?PR?_SEG7PRINT?DISPLAYER

?PR?SHOWSPEED?SPEED_MODULE                       -----    -----      -----    -----      -----    -----
  +--> ?PR?_SEG7PRINT?DISPLAYER

?PR?SHOWMODE?TIME_MODULE                         -----    -----      -----    -----      -----    -----
  +--> ?PR?_SEG7PRINT?DISPLAYER

?PR?NAVHANDLER?NAV_HANDLER                       -----    -----      -----    -----      00D7H    0004H
  +--> ?PR?_GETADCNAVACT?ADC
  +--> ?PR?SETFMRADIO?FM_RADIO

?PR?MYSTC_INIT?SYS                               -----    -----      -----    -----      -----    -----
  +--> ?PR?SYS_TIMER0_INIT?SYS

?PR?SYS_TIMER0_INIT?SYS                          -----    -----      -----    -----      -----    -----
  +--> ?CO?CORE

?PR?MYSTC_OS?SYS                                 -----    -----      -----    -----      -----    -----
  +--> ?PR?SYS_TASK_IR?SYS
  +--> ?PR?SYS_TASK_1MS?SYS
  +--> ?PR?SYS_TASK_10MS?SYS
  +--> ?PR?SYS_TASK_100MS?SYS
  +--> ?PR?SYS_TASK_1S?SYS

?C_INITSEG                                       -----    -----      -----    -----      -----    -----
  +--> ?PR?_?NULLFUNC?SYS
  +--> ?PR?_?RET0FUNC?SYS



SYMBOL TABLE OF MODULE:  .\output\BSP_Demo (MAIN)

  VALUE           TYPE          NAME
  ----------------------------------

  -------         MODULE        MAIN
  C:0000H         SYMBOL        _ICE_DUMMY_
  D:0080H         PUBLIC        P0
  D:0090H         PUBLIC        P1
  D:00A0H         PUBLIC        P2
  D:00B0H         PUBLIC        P3
  D:00C0H         PUBLIC        P4
  D:00C8H         PUBLIC        P5
  D:00E8H         PUBLIC        P6
  D:00F8H         PUBLIC        P7
  D:00A8H         PUBLIC        IE
  D:00B8H         PUBLIC        IP
  D:00D8H         PUBLIC        CCON
  C:2E30H         PUBLIC        main
  D:0098H         PUBLIC        SCON
  D:0088H         PUBLIC        TCON
  D:00D0H         PUBLIC        PSW
  -------         PROC          MAIN
  C:2E30H         LINE#         3
  C:2E30H         LINE#         4
  C:2E35H         LINE#         5
BL51 BANKED LINKER/LOCATER V6.22.4.0                                                  09/17/2025  23:12:51  PAGE 11


  C:2E38H         LINE#         6
  C:2E3BH         LINE#         7
  C:2E3EH         LINE#         8
  C:2E45H         LINE#         9
  C:2E51H         LINE#         10
  C:2E54H         LINE#         11
  C:2E57H         LINE#         13
  C:2E5AH         LINE#         14
  C:2E5DH         LINE#         15
  C:2E62H         LINE#         17
  C:2E65H         LINE#         18
  C:2E7FH         LINE#         19
  C:2E8AH         LINE#         20
  C:2E95H         LINE#         21
  C:2EA0H         LINE#         22
  C:2EABH         LINE#         23
  C:2EAEH         LINE#         25
  C:2EAEH         LINE#         26
  C:2EB1H         LINE#         27
  -------         ENDPROC       MAIN
  -------         ENDMOD        MAIN

  -------         MODULE        ADC
  C:0000H         SYMBOL        _ICE_DUMMY_
  D:0080H         PUBLIC        P0
  D:0090H         PUBLIC        P1
  D:00A0H         PUBLIC        P2
  C:3EB0H         PUBLIC        _?sys_get_KNEvent
  D:0053H         PUBLIC        sys_EXTADCEvent
  D:00B0H         PUBLIC        P3
  D:00C0H         PUBLIC        P4
  D:00C8H         PUBLIC        P5
  D:00E8H         PUBLIC        P6
  D:00F8H         PUBLIC        P7
  B:00A8H.5       PUBLIC        EADC
  D:00A8H         PUBLIC        IE
  D:00BDH         PUBLIC        ADC_RES
  D:00B8H         PUBLIC        IP
  D:0097H         PUBLIC        CLK_DIV
  C:39D4H         PUBLIC        _AdcInit
  D:00D8H         PUBLIC        CCON
  C:3EBEH         PUBLIC        _?sys_get_EXTADCEvent
  X:0128H         PUBLIC        AD_res
  D:00BCH         PUBLIC        ADC_CONTR
  D:0098H         PUBLIC        SCON
  D:0088H         PUBLIC        TCON
  C:1C79H         PUBLIC        _?sys_ADC_drv
  B:0021H.7       PUBLIC        flag_ADC
  X:0132H         PUBLIC        sys_KN
  D:009DH         PUBLIC        P1ASF
  D:0054H         PUBLIC        sys_KNEvent
  D:00BEH         PUBLIC        ADC_RESL
  C:0003H         PUBLIC        GetADC
  C:36A9H         PUBLIC        _GetAdcNavAct
  C:3F5DH         PUBLIC        ADC_isr
  D:00D0H         PUBLIC        PSW
  -------         PROC          ADC_ISR
BL51 BANKED LINKER/LOCATER V6.22.4.0                                                  09/17/2025  23:12:51  PAGE 12


  C:3F5DH         LINE#         26
  C:3F5DH         LINE#         27
  C:3F60H         LINE#         28
  C:3F62H         LINE#         29
  -------         ENDPROC       ADC_ISR
  -------         PROC          _?SYS_ADC_DRV
  -------         DO            
  X:0126H         SYMBOL        pc
  X:0127H         SYMBOL        counter
  i:0000H         SYMBOL        i
  C:3F29H         SYMBOL        ADC_ch
  -------         ENDDO         
  C:1C79H         LINE#         31
  C:1C7BH         LINE#         35
  C:1C81H         LINE#         36
  C:1C83H         LINE#         37
  C:1CB1H         LINE#         38
  C:1CB1H         LINE#         39
  C:1CB1H         LINE#         40
  C:1CC1H         LINE#         41
  C:1CC3H         LINE#         42
  C:1CC3H         LINE#         43
  C:1CC3H         LINE#         44
  C:1CD7H         LINE#         45
  C:1CDAH         LINE#         46
  C:1CDDH         LINE#         47
  C:1CEDH         LINE#         48
  C:1CEFH         LINE#         49
  C:1D03H         LINE#         50
  C:1D06H         LINE#         51
  C:1D1AH         LINE#         52
  C:1D2DH         LINE#         53
  C:1D45H         LINE#         54
  C:1D50H         LINE#         55
  C:1D53H         LINE#         56
  C:1D63H         LINE#         57
  C:1D77H         LINE#         58
  C:1D8CH         LINE#         59
  C:1D9DH         LINE#         60
  C:1D9FH         LINE#         61
  C:1D9FH         LINE#         62
  C:1DA1H         LINE#         64
  C:1DB8H         LINE#         65
  C:1DC9H         LINE#         66
  C:1DCCH         LINE#         67
  C:1DCCH         LINE#         68
  C:1DCCH         LINE#         69
  C:1DEFH         LINE#         70
  C:1E00H         LINE#         71
  C:1E04H         LINE#         72
  C:1E04H         LINE#         73
  C:1E04H         LINE#         74
  C:1E0AH         LINE#         75
  C:1E0AH         LINE#         76
  C:1E0AH         LINE#         77
  C:1E16H         LINE#         78
  C:1E22H         LINE#         79
BL51 BANKED LINKER/LOCATER V6.22.4.0                                                  09/17/2025  23:12:51  PAGE 13


  C:1E22H         LINE#         80
  -------         ENDPROC       _?SYS_ADC_DRV
  -------         PROC          _?SYS_GET_KNEVENT
  -------         DO            
  i:0000H         SYMBOL        a
  -------         ENDDO         
  C:3EB0H         LINE#         82
  C:3EB2H         LINE#         84
  C:3EB6H         LINE#         85
  C:3EB9H         LINE#         86
  C:3EBBH         LINE#         87
  -------         ENDPROC       _?SYS_GET_KNEVENT
  -------         PROC          _?SYS_GET_EXTADCEVENT
  -------         DO            
  i:0000H         SYMBOL        a
  -------         ENDDO         
  C:3EBEH         LINE#         89
  C:3EC0H         LINE#         91
  C:3EC4H         LINE#         92
  C:3EC7H         LINE#         93
  C:3EC9H         LINE#         94
  -------         ENDPROC       _?SYS_GET_EXTADCEVENT
  -------         PROC          _ADCINIT
  D:0007H         SYMBOL        ADCsel
  C:39D4H         LINE#         96
  C:39D4H         LINE#         97
  C:39D4H         LINE#         98
  C:39D6H         LINE#         99
  C:39D9H         LINE#         100
  C:39DCH         LINE#         101
  C:39DEH         LINE#         102
  C:39ECH         LINE#         103
  C:39F8H         LINE#         104
  C:3A04H         LINE#         105
  -------         ENDPROC       _ADCINIT
  -------         PROC          GETADC
  C:0003H         LINE#         107
  C:0003H         LINE#         108
  C:0009H         LINE#         109
  -------         ENDPROC       GETADC
  -------         PROC          _GETADCNAVACT
  D:0007H         SYMBOL        Nav_button
  -------         DO            
  D:0006H         SYMBOL        a
  -------         ENDDO         
  C:36A9H         LINE#         111
  C:36A9H         LINE#         112
  C:36A9H         LINE#         113
  C:36B9H         LINE#         114
  C:36D4H         LINE#         115
  C:36E9H         LINE#         116
  C:36ECH         LINE#         117
  C:36ECH         LINE#         118
  C:36EEH         LINE#         119
  -------         ENDPROC       _GETADCNAVACT
  -------         ENDMOD        ADC

BL51 BANKED LINKER/LOCATER V6.22.4.0                                                  09/17/2025  23:12:51  PAGE 14


  -------         MODULE        BEEP
  C:0000H         SYMBOL        _ICE_DUMMY_
  D:0080H         PUBLIC        P0
  D:00B2H         PUBLIC        P3M0
  D:0090H         PUBLIC        P1
  D:00B1H         PUBLIC        P3M1
  D:00A0H         PUBLIC        P2
  D:00B0H         PUBLIC        P3
  D:00C0H         PUBLIC        P4
  D:00C8H         PUBLIC        P5
  D:00E8H         PUBLIC        P6
  D:00F8H         PUBLIC        P7
  D:00F9H         PUBLIC        CH
  C:3B16H         PUBLIC        _?sys_beep_drv
  D:00A8H         PUBLIC        IE
  D:00E9H         PUBLIC        CL
  C:3C6DH         PUBLIC        BeepInit
  B:00D8H.6       PUBLIC        CR
  D:00DAH         PUBLIC        CCAPM0
  D:00B8H         PUBLIC        IP
  D:00D9H         PUBLIC        CMOD
  D:00D8H         PUBLIC        CCON
  C:3EDAH         PUBLIC        GetBeepStatus
  C:3030H         PUBLIC        _SetBeep
  D:0098H         PUBLIC        SCON
  D:0088H         PUBLIC        TCON
  D:00D0H         PUBLIC        PSW
  B:00D8H.0       PUBLIC        CCF0
  -------         PROC          _?SYS_BEEP_DRV
  -------         DO            
  i:0000H         SYMBOL        a
  -------         ENDDO         
  C:3B16H         LINE#         11
  C:3B1AH         LINE#         13
  C:3B24H         LINE#         14
  C:3B39H         LINE#         15
  -------         ENDPROC       _?SYS_BEEP_DRV
  -------         PROC          BEEPINIT
  C:3C6DH         LINE#         17
  C:3C6DH         LINE#         18
  C:3C6DH         LINE#         19
  C:3C70H         LINE#         20
  C:3C73H         LINE#         21
  C:3C76H         LINE#         22
  C:3C79H         LINE#         23
  C:3C7CH         LINE#         24
  C:3C7EH         LINE#         25
  C:3C8CH         LINE#         26
  -------         ENDPROC       BEEPINIT
  -------         PROC          _SETBEEP
  D:001CH         SYMBOL        Beep_freq
  D:001EH         SYMBOL        Beep_time
  -------         DO            
  D:0002H         SYMBOL        a
  D:0004H         SYMBOL        b
  -------         ENDDO         
  C:3030H         LINE#         28
BL51 BANKED LINKER/LOCATER V6.22.4.0                                                  09/17/2025  23:12:51  PAGE 15


  C:3038H         LINE#         29
  C:3038H         LINE#         31
  C:303FH         LINE#         32
  C:3046H         LINE#         33
  C:3051H         LINE#         34
  C:307AH         LINE#         35
  C:308EH         LINE#         36
  C:3095H         LINE#         37
  C:3097H         LINE#         38
  C:309AH         LINE#         39
  C:309CH         LINE#         41
  C:309FH         LINE#         42
  C:30A2H         LINE#         43
  C:30A2H         LINE#         44
  C:30A5H         LINE#         45
  C:30A5H         LINE#         46
  C:30A7H         LINE#         47
  -------         ENDPROC       _SETBEEP
  -------         PROC          GETBEEPSTATUS
  C:3EDAH         LINE#         49
  C:3EDAH         LINE#         50
  C:3EE3H         LINE#         51
  C:3EE5H         LINE#         52
  -------         ENDPROC       GETBEEPSTATUS
  -------         ENDMOD        BEEP

  -------         MODULE        DISPLAYER
  C:0000H         SYMBOL        _ICE_DUMMY_
  D:0093H         PUBLIC        P0M1
  D:0096H         PUBLIC        P2M0
  D:0080H         PUBLIC        P0
  D:0095H         PUBLIC        P2M1
  D:0090H         PUBLIC        P1
  D:00A0H         PUBLIC        P2
  D:00B0H         PUBLIC        P3
  D:00C0H         PUBLIC        P4
  D:00C8H         PUBLIC        P5
  D:00E8H         PUBLIC        P6
  D:00F8H         PUBLIC        P7
  D:00A8H         PUBLIC        IE
  D:00B8H         PUBLIC        IP
  D:00D8H         PUBLIC        CCON
  C:3F63H         PUBLIC        _LedPrint
  B:00A0H.0       PUBLIC        P20
  B:00A0H.1       PUBLIC        P21
  D:0098H         PUBLIC        SCON
  B:00A0H.2       PUBLIC        P22
  D:0088H         PUBLIC        TCON
  B:00A0H.3       PUBLIC        P23
  C:3D3CH         PUBLIC        DisplayerInit
  X:01A4H         PUBLIC        sys_Disp
  C:3F32H         PUBLIC        _SetDisplayerArea
  C:3C8DH         PUBLIC        _Seg7Print
  C:23A7H         PUBLIC        _?sys_display_drv
  D:00D0H         PUBLIC        PSW
  D:0094H         PUBLIC        P0M0
  -------         PROC          _?SYS_DISPLAY_DRV
BL51 BANKED LINKER/LOCATER V6.22.4.0                                                  09/17/2025  23:12:51  PAGE 16


  C:23A7H         LINE#         16
  C:23A7H         LINE#         18
  C:23AAH         LINE#         19
  C:23D3H         LINE#         20
  C:23D9H         LINE#         21
  C:23DFH         LINE#         22
  C:23E5H         LINE#         23
  C:23EBH         LINE#         24
  C:23F5H         LINE#         25
  C:23FFH         LINE#         26
  C:2409H         LINE#         27
  C:2413H         LINE#         28
  C:2415H         LINE#         29
  C:2415H         LINE#         30
  C:241DH         LINE#         31
  C:2446H         LINE#         33
  C:2461H         LINE#         34
  C:2464H         LINE#         35
  C:2464H         LINE#         36
  C:247BH         LINE#         37
  C:2487H         LINE#         39
  C:248FH         LINE#         40
  -------         ENDPROC       _?SYS_DISPLAY_DRV
  -------         PROC          DISPLAYERINIT
  C:3D3CH         LINE#         42
  C:3D3CH         LINE#         43
  C:3D3CH         LINE#         44
  C:3D3FH         LINE#         45
  C:3D42H         LINE#         46
  C:3D45H         LINE#         47
  C:3D48H         LINE#         48
  C:3D56H         LINE#         49
  -------         ENDPROC       DISPLAYERINIT
  -------         PROC          _SETDISPLAYERAREA
  D:0007H         SYMBOL        Begin_of_scan
  D:0005H         SYMBOL        Ending_of_Scan
  C:3F32H         LINE#         51
  C:3F32H         LINE#         52
  C:3F37H         LINE#         53
  C:3F3AH         LINE#         54
  -------         ENDPROC       _SETDISPLAYERAREA
  -------         PROC          _SEG7PRINT
  D:0007H         SYMBOL        d0
  D:0005H         SYMBOL        d1
  D:0003H         SYMBOL        d2
  D:000BH         SYMBOL        d3
  D:000CH         SYMBOL        d4
  D:000DH         SYMBOL        d5
  D:000EH         SYMBOL        d6
  D:000FH         SYMBOL        d7
  C:3C8DH         LINE#         56
  C:3C8DH         LINE#         57
  C:3C92H         LINE#         58
  C:3C95H         LINE#         59
  C:3C98H         LINE#         60
  C:3C9CH         LINE#         61
  C:3CA0H         LINE#         62
BL51 BANKED LINKER/LOCATER V6.22.4.0                                                  09/17/2025  23:12:51  PAGE 17


  C:3CA4H         LINE#         63
  C:3CA8H         LINE#         64
  C:3CACH         LINE#         65
  -------         ENDPROC       _SEG7PRINT
  -------         PROC          _LEDPRINT
  D:0007H         SYMBOL        led_val
  C:3F63H         LINE#         67
  C:3F63H         LINE#         68
  C:3F68H         LINE#         69
  -------         ENDPROC       _LEDPRINT
  -------         ENDMOD        DISPLAYER

  -------         MODULE        KEY
  C:0000H         SYMBOL        _ICE_DUMMY_
  D:0080H         PUBLIC        P0
  D:0090H         PUBLIC        P1
  D:00A0H         PUBLIC        P2
  D:00B0H         PUBLIC        P3
  D:00C0H         PUBLIC        P4
  D:00C8H         PUBLIC        P5
  D:00E8H         PUBLIC        P6
  D:00F8H         PUBLIC        P7
  D:00A8H         PUBLIC        IE
  D:0059H         PUBLIC        sys_keyEvent
  D:00B8H         PUBLIC        IP
  D:00D8H         PUBLIC        CCON
  C:3ECCH         PUBLIC        _?sys_get_keyEvent
  D:0098H         PUBLIC        SCON
  D:0088H         PUBLIC        TCON
  C:207BH         PUBLIC        _?sys_key_drv
  C:3CCBH         PUBLIC        KeyInit
  B:00B0H.2       PUBLIC        IO_Key1
  B:00B0H.3       PUBLIC        IO_Key2
  B:0090H.7       PUBLIC        IO_Key3
  C:37FEH         PUBLIC        _GetKeyAct
  X:01BCH         PUBLIC        sys_Key
  D:00D0H         PUBLIC        PSW
  -------         PROC          _?SYS_KEY_DRV
  -------         DO            
  i:0000H         SYMBOL        i
  X:01BBH         SYMBOL        counter
  -------         ENDDO         
  C:207BH         LINE#         28
  C:207DH         LINE#         31
  C:2086H         LINE#         32
  C:208FH         LINE#         33
  C:2098H         LINE#         34
  C:20A3H         LINE#         35
  C:20A6H         LINE#         36
  C:20B8H         LINE#         37
  C:20D6H         LINE#         38
  C:20EFH         LINE#         39
  C:210BH         LINE#         40
  C:210DH         LINE#         41
  C:210DH         LINE#         42
  C:210FH         LINE#         44
  C:2130H         LINE#         45
BL51 BANKED LINKER/LOCATER V6.22.4.0                                                  09/17/2025  23:12:51  PAGE 18


  C:2146H         LINE#         46
  C:2149H         LINE#         47
  C:2149H         LINE#         48
  C:2149H         LINE#         49
  C:217CH         LINE#         50
  C:2197H         LINE#         51
  C:219BH         LINE#         52
  C:219BH         LINE#         53
  -------         ENDPROC       _?SYS_KEY_DRV
  -------         PROC          _?SYS_GET_KEYEVENT
  -------         DO            
  i:0000H         SYMBOL        a
  -------         ENDDO         
  C:3ECCH         LINE#         55
  C:3ECEH         LINE#         57
  C:3ED2H         LINE#         58
  C:3ED5H         LINE#         59
  C:3ED7H         LINE#         60
  -------         ENDPROC       _?SYS_GET_KEYEVENT
  -------         PROC          KEYINIT
  C:3CCBH         LINE#         62
  C:3CCBH         LINE#         63
  C:3CCBH         LINE#         64
  C:3CD9H         LINE#         65
  C:3CE7H         LINE#         66
  -------         ENDPROC       KEYINIT
  -------         PROC          _GETKEYACT
  D:0007H         SYMBOL        Key
  -------         DO            
  D:0006H         SYMBOL        a
  -------         ENDDO         
  C:37FEH         LINE#         68
  C:37FEH         LINE#         69
  C:37FEH         LINE#         70
  C:3808H         LINE#         71
  C:3823H         LINE#         72
  C:3838H         LINE#         73
  C:383BH         LINE#         74
  C:383BH         LINE#         75
  C:383DH         LINE#         76
  -------         ENDPROC       _GETKEYACT
  -------         ENDMOD        KEY

  -------         MODULE        SYS
  C:0000H         SYMBOL        _ICE_DUMMY_
  X:0000H         PUBLIC        count_1mS
  B:00D8H.2       PUBLIC        CCF2
  D:0080H         PUBLIC        P0
  B:0020H.1       PUBLIC        flag_1S
  D:0090H         PUBLIC        P1
  D:00A0H         PUBLIC        P2
  D:00B0H         PUBLIC        P3
  D:00C0H         PUBLIC        P4
  X:0001H         PUBLIC        T1
  D:00C8H         PUBLIC        P5
  X:0003H         PUBLIC        T2
  B:00A8H.7       PUBLIC        EA
BL51 BANKED LINKER/LOCATER V6.22.4.0                                                  09/17/2025  23:12:51  PAGE 19


  D:00E8H         PUBLIC        P6
  D:00F8H         PUBLIC        P7
  D:0024H         PUBLIC        IrDatNum
  B:00D8H.7       PUBLIC        CF
  B:0020H.2       PUBLIC        Ir_Coder
  B:0020H.3       PUBLIC        Ir_RxBusy
  D:00A8H         PUBLIC        IE
  B:0020H.4       PUBLIC        Ir_TxBusy
  X:0005H         PUBLIC        userfunccall
  D:00FAH         PUBLIC        CCAP0H
  D:00FBH         PUBLIC        CCAP1H
  C:2DA5H         PUBLIC        sys_task_Ir
  D:0025H         PUBLIC        IrCount_j
  D:0026H         PUBLIC        IrRx_count
  D:0027H         PUBLIC        IrProtocol
  D:00EAH         PUBLIC        CCAP0L
  D:0028H         PUBLIC        IrTx_count
  D:00EBH         PUBLIC        CCAP1L
  D:00DAH         PUBLIC        CCAPM0
  D:00DBH         PUBLIC        CCAPM1
  D:0029H         PUBLIC        MainLoops
  D:00B8H         PUBLIC        IP
  B:00D0H.7       PUBLIC        CY
  B:0020H.5       PUBLIC        flag_10mS
  D:00D8H         PUBLIC        CCON
  C:3F3BH         PUBLIC        GetBeepTimer
  C:352AH         PUBLIC        sys_Timer0_isr
  C:2FB3H         PUBLIC        _SetEventCallBack
  C:3F69H         PUBLIC        MySTC_Init
  C:383EH         PUBLIC        sys_task_100mS
  D:002DH         PUBLIC        ModBus_interval_time
  C:003EH         PUBLIC        _?ret0func
  C:34D7H         PUBLIC        GetUltraSonic
  X:0029H         PUBLIC        count_10mS
  X:002AH         PUBLIC        stcDrivers
  C:3F44H         PUBLIC        _SetBeepTimer
  B:0020H.6       PUBLIC        flag_IrRxFinished
  D:0098H         PUBLIC        SCON
  C:3E23H         PUBLIC        _SetCCP0
  C:387DH         PUBLIC        MySTC_OS
  D:0089H         PUBLIC        TMOD
  D:0088H         PUBLIC        TCON
  B:0020H.7       PUBLIC        flag_Ir
  B:00B0H.5       PUBLIC        P35
  D:002EH         PUBLIC        IrRxNum
  X:0060H         PUBLIC        SysPerformance
  D:008EH         PUBLIC        AUXR
  C:283AH         PUBLIC        sys_CCP_isr
  C:22BAH         PUBLIC        sys_task_1mS
  B:00A8H.1       PUBLIC        ET0
  C:3F75H         PUBLIC        ClrBeepPin
  D:008CH         PUBLIC        TH0
  B:0021H.0       PUBLIC        flag_100mS
  X:0065H         PUBLIC        distance
  D:008AH         PUBLIC        TL0
  D:002FH         PUBLIC        PollingMisses
  X:0067H         PUBLIC        sys_BP
BL51 BANKED LINKER/LOCATER V6.22.4.0                                                  09/17/2025  23:12:51  PAGE 20


  B:0088H.4       PUBLIC        TR0
  C:3A96H         PUBLIC        sys_task_1S
  C:3F56H         PUBLIC        GetSysPerformance
  B:0021H.1       PUBLIC        matchModBus
  X:006DH         PUBLIC        count_100mS
  B:0021H.2       PUBLIC        Ir_BitBusy
  D:0030H         PUBLIC        IrDat_count
  D:0031H         PUBLIC        IrMute_count
  B:0021H.3       PUBLIC        newFrame1
  C:3662H         PUBLIC        sys_Timer0_Init
  B:0021H.4       PUBLIC        newFrame2
  D:0032H         PUBLIC        IrDataPc
  C:000AH         PUBLIC        _?nullfunc
  B:0021H.5       PUBLIC        flag_1mS
  B:0021H.6       PUBLIC        newUS
  D:008FH         PUBLIC        INT_CLKO
  C:2BF6H         PUBLIC        sys_task_10mS
  D:00D0H         PUBLIC        PSW
  B:00D8H.0       PUBLIC        CCF0
  B:00B0H.4       PUBLIC        Beep
  B:00D8H.1       PUBLIC        CCF1
  -------         PROC          _?NULLFUNC
  C:000AH         LINE#         13
  -------         ENDPROC       _?NULLFUNC
  -------         PROC          _?RET0FUNC
  C:003EH         LINE#         14
  -------         ENDPROC       _?RET0FUNC
  -------         PROC          SYS_TIMER0_INIT
  C:3662H         LINE#         96
  C:3662H         LINE#         97
  C:3665H         LINE#         98
  C:3668H         LINE#         99
  C:367EH         LINE#         100
  C:36A4H         LINE#         101
  C:36A6H         LINE#         102
  C:36A8H         LINE#         103
  -------         ENDPROC       SYS_TIMER0_INIT
  -------         PROC          SYS_TIMER0_ISR
  -------         DO            
  D:0023H         SYMBOL        i
  -------         ENDDO         
  C:352AH         LINE#         105
  C:352EH         LINE#         107
  C:3531H         LINE#         108
  C:3534H         LINE#         109
  C:3539H         LINE#         110
  C:353BH         LINE#         111
  C:353BH         LINE#         112
  C:3541H         LINE#         113
  C:3547H         LINE#         114
  C:354AH         LINE#         115
  C:354CH         LINE#         116
  C:354FH         LINE#         117
  C:3553H         LINE#         118
  C:3555H         LINE#         119
  C:3558H         LINE#         120
  C:355AH         LINE#         122
BL51 BANKED LINKER/LOCATER V6.22.4.0                                                  09/17/2025  23:12:51  PAGE 21


  C:355DH         LINE#         123
  C:355FH         LINE#         124
  C:3564H         LINE#         125
  C:3564H         LINE#         126
  C:3566H         LINE#         128
  C:356FH         LINE#         129
  C:3571H         LINE#         130
  C:3577H         LINE#         131
  C:3577H         LINE#         132
  C:3577H         LINE#         133
  C:3577H         LINE#         134
  -------         ENDPROC       SYS_TIMER0_ISR
  -------         PROC          GETULTRASONIC
  -------         DO            
  D:0055H         SYMBOL        a
  -------         ENDDO         
  C:34D7H         LINE#         138
  C:34D7H         LINE#         139
  C:34D7H         LINE#         140
  C:34DAH         LINE#         141
  C:34DCH         LINE#         142
  C:34EBH         LINE#         143
  C:3521H         LINE#         144
  C:3521H         LINE#         145
  C:3529H         LINE#         146
  -------         ENDPROC       GETULTRASONIC
  -------         PROC          GETBEEPTIMER
  C:3F3BH         LINE#         148
  C:3F3BH         LINE#         149
  C:3F43H         LINE#         150
  -------         ENDPROC       GETBEEPTIMER
  -------         PROC          _SETBEEPTIMER
  D:0006H         SYMBOL        a
  C:3F44H         LINE#         152
  C:3F44H         LINE#         153
  C:3F4CH         LINE#         154
  -------         ENDPROC       _SETBEEPTIMER
  -------         PROC          _SETCCP0
  D:0006H         SYMBOL        step
  D:0004H         SYMBOL        next
  C:3E23H         LINE#         156
  C:3E23H         LINE#         157
  C:3E2BH         LINE#         158
  C:3E33H         LINE#         159
  -------         ENDPROC       _SETCCP0
  -------         PROC          CLRBEEPPIN
  C:3F75H         LINE#         161
  C:3F75H         LINE#         162
  C:3F77H         LINE#         163
  -------         ENDPROC       CLRBEEPPIN
  -------         PROC          SYS_CCP_ISR
  -------         DO            
  B:0020H.0       SYMBOL        a
  -------         ENDDO         
  C:283AH         LINE#         165
  C:284DH         LINE#         167
  C:2854H         LINE#         168
BL51 BANKED LINKER/LOCATER V6.22.4.0                                                  09/17/2025  23:12:51  PAGE 22


  C:285BH         LINE#         169
  C:285EH         LINE#         170
  C:2860H         LINE#         171
  C:2870H         LINE#         172
  C:2877H         LINE#         173
  C:287AH         LINE#         174
  C:287CH         LINE#         175
  C:287EH         LINE#         177
  C:2892H         LINE#         178
  C:2895H         LINE#         179
  C:2897H         LINE#         180
  C:2899H         LINE#         181
  C:289BH         LINE#         183
  C:289BH         LINE#         184
  C:289EH         LINE#         185
  C:28A0H         LINE#         186
  C:28AAH         LINE#         187
  C:28ACH         LINE#         188
  C:28B5H         LINE#         189
  C:28B8H         LINE#         190
  C:28CAH         LINE#         191
  C:28CCH         LINE#         193
  C:28CEH         LINE#         194
  C:28D1H         LINE#         195
  C:28D1H         LINE#         196
  C:28D1H         LINE#         197
  -------         ENDPROC       SYS_CCP_ISR
  -------         PROC          MYSTC_INIT
  C:3F69H         LINE#         199
  C:3F69H         LINE#         200
  C:3F6CH         LINE#         201
  C:3F6EH         LINE#         202
  -------         ENDPROC       MYSTC_INIT
  -------         PROC          SYS_TASK_IR
  -------         DO            
  D:0007H         SYMBOL        a
  -------         ENDDO         
  C:2DA5H         LINE#         204
  C:2DA5H         LINE#         205
  C:2DA5H         LINE#         206
  C:2DBBH         LINE#         207
  C:2DC2H         LINE#         208
  C:2DC5H         LINE#         209
  C:2DC8H         LINE#         210
  C:2DDEH         LINE#         211
  C:2DEEH         LINE#         212
  C:2DF6H         LINE#         213
  C:2DF9H         LINE#         214
  C:2DFBH         LINE#         216
  C:2E11H         LINE#         217
  C:2E25H         LINE#         218
  C:2E25H         LINE#         219
  C:2E27H         LINE#         220
  C:2E2AH         LINE#         222
  C:2E2AH         LINE#         224
  C:2E2CH         LINE#         225
  C:2E2FH         LINE#         226
BL51 BANKED LINKER/LOCATER V6.22.4.0                                                  09/17/2025  23:12:51  PAGE 23


  C:2E2FH         LINE#         227
  -------         ENDPROC       SYS_TASK_IR
  -------         PROC          SYS_TASK_1MS
  C:22BAH         LINE#         229
  C:22BAH         LINE#         230
  C:22C2H         LINE#         231
  C:22C5H         LINE#         232
  C:22C7H         LINE#         233
  C:22CFH         LINE#         234
  C:22D2H         LINE#         235
  C:22D4H         LINE#         236
  C:22DCH         LINE#         237
  C:22DFH         LINE#         238
  C:22E1H         LINE#         239
  C:22E1H         LINE#         240
  C:22E1H         LINE#         241
  C:22E1H         LINE#         242
  C:22EDH         LINE#         243
  C:22F9H         LINE#         244
  C:2305H         LINE#         245
  C:2311H         LINE#         246
  C:231DH         LINE#         247
  C:2329H         LINE#         248
  C:2344H         LINE#         249
  C:2353H         LINE#         250
  C:235FH         LINE#         251
  C:2361H         LINE#         252
  C:2361H         LINE#         253
  C:2368H         LINE#         254
  C:236BH         LINE#         255
  C:237AH         LINE#         256
  C:237CH         LINE#         257
  C:237CH         LINE#         258
  C:237EH         LINE#         260
  C:238DH         LINE#         261
  C:2399H         LINE#         262
  C:239BH         LINE#         263
  C:239BH         LINE#         264
  C:239BH         LINE#         265
  -------         ENDPROC       SYS_TASK_1MS
  -------         PROC          SYS_TASK_10MS
  C:2BF6H         LINE#         268
  C:2BF6H         LINE#         269
  C:2C02H         LINE#         270
  C:2C0EH         LINE#         271
  C:2C1AH         LINE#         272
  C:2C26H         LINE#         273
  C:2C41H         LINE#         274
  C:2C5CH         LINE#         275
  C:2C77H         LINE#         276
  C:2C7AH         LINE#         277
  C:2C7CH         LINE#         278
  C:2C88H         LINE#         279
  C:2C88H         LINE#         280
  -------         ENDPROC       SYS_TASK_10MS
  -------         PROC          SYS_TASK_100MS
  C:383EH         LINE#         282
BL51 BANKED LINKER/LOCATER V6.22.4.0                                                  09/17/2025  23:12:51  PAGE 24


  C:383EH         LINE#         283
  C:384AH         LINE#         284
  C:3865H         LINE#         285
  C:3871H         LINE#         286
  -------         ENDPROC       SYS_TASK_100MS
  -------         PROC          SYS_TASK_1S
  C:3A96H         LINE#         289
  C:3A96H         LINE#         290
  C:3AA4H         LINE#         291
  C:3AAAH         LINE#         292
  C:3AB3H         LINE#         293
  C:3AB5H         LINE#         294
  -------         ENDPROC       SYS_TASK_1S
  -------         PROC          MYSTC_OS
  C:387DH         LINE#         297
  C:387DH         LINE#         298
  C:3885H         LINE#         299
  C:388DH         LINE#         300
  C:3895H         LINE#         301
  C:389DH         LINE#         302
  C:38A5H         LINE#         303
  C:38BAH         LINE#         306
  -------         ENDPROC       MYSTC_OS
  -------         PROC          _SETEVENTCALLBACK
  D:0007H         SYMBOL        event
  D:0008H         SYMBOL        user_callback
  C:2FB3H         LINE#         308
  C:2FB9H         LINE#         309
  C:2FEAH         LINE#         310
  C:2FEDH         LINE#         311
  C:2FEFH         LINE#         312
  C:2FF2H         LINE#         313
  C:2FF4H         LINE#         314
  C:2FF7H         LINE#         315
  C:2FF9H         LINE#         316
  C:2FFCH         LINE#         317
  C:2FFEH         LINE#         318
  C:3001H         LINE#         319
  C:3003H         LINE#         320
  C:3006H         LINE#         321
  C:3008H         LINE#         322
  C:300BH         LINE#         323
  C:300DH         LINE#         324
  C:3010H         LINE#         325
  C:3012H         LINE#         326
  C:3015H         LINE#         327
  C:3017H         LINE#         328
  C:301AH         LINE#         329
  C:301CH         LINE#         330
  C:301FH         LINE#         331
  C:3021H         LINE#         332
  C:302FH         LINE#         333
  C:302FH         LINE#         334
  C:302FH         LINE#         335
  C:302FH         LINE#         336
  -------         ENDPROC       _SETEVENTCALLBACK
  -------         PROC          GETSYSPERFORMANCE
BL51 BANKED LINKER/LOCATER V6.22.4.0                                                  09/17/2025  23:12:51  PAGE 25


  C:3F56H         LINE#         338
  C:3F56H         LINE#         339
  C:3F5CH         LINE#         340
  -------         ENDPROC       GETSYSPERFORMANCE
  -------         ENDMOD        SYS

  -------         MODULE        EXT
  C:0000H         SYMBOL        _ICE_DUMMY_
  D:0080H         PUBLIC        P0
  D:0090H         PUBLIC        P1
  D:00A0H         PUBLIC        P2
  D:00B0H         PUBLIC        P3
  D:00C0H         PUBLIC        P4
  D:00C8H         PUBLIC        P5
  D:00E8H         PUBLIC        P6
  X:01B0H         PUBLIC        EXTmodel
  D:00F8H         PUBLIC        P7
  C:396CH         PUBLIC        _EXTInit
  C:33D0H         PUBLIC        ReadCount
  D:00A2H         PUBLIC        P_SW1
  C:3F4DH         PUBLIC        GetWeight
  D:00A8H         PUBLIC        IE
  X:01B1H         PUBLIC        T_Pout1
  X:01B3H         PUBLIC        T_Pout2
  B:00D8H.6       PUBLIC        CR
  X:01B5H         PUBLIC        resultEXT
  D:00DBH         PUBLIC        CCAPM1
  D:00B8H         PUBLIC        IP
  C:2C89H         PUBLIC        _SetPWM
  D:00D9H         PUBLIC        CMOD
  D:00D8H         PUBLIC        CCON
  D:0098H         PUBLIC        SCON
  D:0088H         PUBLIC        TCON
  B:0090H.0       PUBLIC        DOUT
  D:00E0H         PUBLIC        ACC
  B:0090H.1       PUBLIC        PD_SCK
  X:01B7H         PUBLIC        T_PWM1
  X:01B9H         PUBLIC        T_PWM2
  C:2490H         PUBLIC        _?sys_EXT_drv
  C:3E34H         PUBLIC        GetDecode
  D:00D0H         PUBLIC        PSW
  -------         PROC          _SETPWM
  D:0002H         SYMBOL        PWM1
  D:0005H         SYMBOL        freq1
  D:000AH         SYMBOL        PWM2
  D:000BH         SYMBOL        freq2
  C:2C89H         LINE#         25
  C:2C8DH         LINE#         26
  C:2C9EH         LINE#         27
  C:2CB0H         LINE#         28
  C:2CE4H         LINE#         29
  C:2D18H         LINE#         30
  -------         ENDPROC       _SETPWM
  -------         PROC          READCOUNT
  -------         DO            
  D:0008H         SYMBOL        Count
  D:000CH         SYMBOL        i
BL51 BANKED LINKER/LOCATER V6.22.4.0                                                  09/17/2025  23:12:51  PAGE 26


  -------         ENDDO         
  C:33D0H         LINE#         35
  C:33D0H         LINE#         36
  C:33D0H         LINE#         38
  C:33D9H         LINE#         39
  C:33DBH         LINE#         40
  C:33DDH         LINE#         41
  C:33F2H         LINE#         42
  C:33F3H         LINE#         43
  C:33F5H         LINE#         44
  C:340DH         LINE#         45
  C:3414H         LINE#         46
  C:3415H         LINE#         47
  C:3417H         LINE#         48
  C:3418H         LINE#         49
  C:3419H         LINE#         50
  C:341BH         LINE#         51
  C:3428H         LINE#         52
  -------         ENDPROC       READCOUNT
  -------         PROC          GETWEIGHT
  C:3F4DH         LINE#         54
  C:3F4DH         LINE#         55
  C:3F55H         LINE#         56
  -------         ENDPROC       GETWEIGHT
  -------         PROC          GETDECODE
  -------         DO            
  D:0006H         SYMBOL        a
  -------         ENDDO         
  C:3E34H         LINE#         58
  C:3E34H         LINE#         59
  C:3E34H         LINE#         60
  C:3E3CH         LINE#         61
  C:3E43H         LINE#         62
  C:3E43H         LINE#         63
  -------         ENDPROC       GETDECODE
  -------         PROC          _?SYS_EXT_DRV
  -------         DO            
  D:0044H         SYMBOL        i
  D:0046H         SYMBOL        j
  D:0048H         SYMBOL        oldPin1
  D:0049H         SYMBOL        UStimer
  -------         ENDDO         
  C:2490H         LINE#         65
  C:2490H         LINE#         69
  C:2496H         LINE#         70
  C:249AH         LINE#         71
  C:24A5H         LINE#         72
  C:24A5H         LINE#         73
  C:24AEH         LINE#         74
  C:24CAH         LINE#         75
  C:24DFH         LINE#         76
  C:24FBH         LINE#         77
  C:2510H         LINE#         78
  C:2510H         LINE#         79
  C:2515H         LINE#         80
  C:252CH         LINE#         81
  C:254DH         LINE#         82
BL51 BANKED LINKER/LOCATER V6.22.4.0                                                  09/17/2025  23:12:51  PAGE 27


  C:2553H         LINE#         83
  C:2553H         LINE#         84
  C:255AH         LINE#         85
  C:2560H         LINE#         86
  C:2565H         LINE#         87
  C:2567H         LINE#         88
  C:256AH         LINE#         89
  C:256AH         LINE#         90
  C:2573H         LINE#         91
  C:2576H         LINE#         92
  C:2576H         LINE#         93
  -------         ENDPROC       _?SYS_EXT_DRV
  -------         PROC          _EXTINIT
  D:0007H         SYMBOL        EXTfunction
  C:396CH         LINE#         95
  C:396CH         LINE#         96
  C:396CH         LINE#         97
  C:3971H         LINE#         98
  C:3977H         LINE#         99
  C:3979H         LINE#         100
  C:3980H         LINE#         101
  C:3982H         LINE#         102
  C:3984H         LINE#         103
  C:3986H         LINE#         104
  C:3989H         LINE#         105
  C:398CH         LINE#         106
  C:398EH         LINE#         107
  C:3990H         LINE#         108
  C:3993H         LINE#         109
  C:39A1H         LINE#         110
  -------         ENDPROC       _EXTINIT
  -------         ENDMOD        EXT

  -------         MODULE        UART2
  C:0000H         SYMBOL        _ICE_DUMMY_
  D:0057H         PUBLIC        ModBus_Interval_Min
  D:0080H         PUBLIC        P0
  C:18DFH         PUBLIC        Uart2_isr
  D:0090H         PUBLIC        P1
  D:00A0H         PUBLIC        P2
  D:00B0H         PUBLIC        P3
  D:00C0H         PUBLIC        P4
  D:00C8H         PUBLIC        P5
  D:00E8H         PUBLIC        P6
  D:00F8H         PUBLIC        P7
  D:00BAH         PUBLIC        P_SW2
  D:00A8H         PUBLIC        IE
  D:00DBH         PUBLIC        CCAPM1
  D:00B8H         PUBLIC        IP
  C:002AH         PUBLIC        _?nullfunc0
  D:00D8H         PUBLIC        CCON
  C:3A05H         PUBLIC        _SetUart2Rxd
  B:0090H.0       PUBLIC        P10
  B:0090H.1       PUBLIC        P11
  D:0098H         PUBLIC        SCON
  D:0088H         PUBLIC        TCON
  D:00AFH         PUBLIC        IE2
BL51 BANKED LINKER/LOCATER V6.22.4.0                                                  09/17/2025  23:12:51  PAGE 28


  D:008EH         PUBLIC        AUXR
  C:3EF2H         PUBLIC        GetUart2TxStatus
  D:00D6H         PUBLIC        T2H
  B:00B0H.7       PUBLIC        M485_TxEn
  D:00D7H         PUBLIC        T2L
  C:3A67H         PUBLIC        _Uart2Print
  D:009BH         PUBLIC        S2BUF
  D:009AH         PUBLIC        S2CON
  C:262DH         PUBLIC        _Uart2Init
  D:0058H         PUBLIC        Uart2usage
  C:3E74H         PUBLIC        _?sys_get_Uart2RxdEvent
  X:0144H         PUBLIC        com2
  D:00D0H         PUBLIC        PSW
  -------         PROC          UART2_ISR
  C:18DFH         LINE#         19
  C:18FCH         LINE#         20
  C:1901H         LINE#         21
  C:1904H         LINE#         22
  C:1938H         LINE#         24
  C:193DH         LINE#         25
  C:1943H         LINE#         26
  C:1943H         LINE#         27
  C:1943H         LINE#         29
  C:194BH         LINE#         30
  C:194EH         LINE#         31
  C:1951H         LINE#         32
  C:1953H         LINE#         33
  C:195AH         LINE#         34
  C:195CH         LINE#         35
  C:195CH         LINE#         36
  C:1965H         LINE#         37
  C:1979H         LINE#         38
  C:198DH         LINE#         39
  C:199CH         LINE#         40
  C:19AAH         LINE#         41
  C:19DCH         LINE#         42
  C:19EAH         LINE#         43
  C:19EAH         LINE#         44
  C:19EDH         LINE#         45
  C:19F0H         LINE#         47
  C:1A04H         LINE#         48
  C:1A18H         LINE#         49
  C:1A27H         LINE#         50
  C:1A35H         LINE#         51
  C:1A6DH         LINE#         52
  C:1A7BH         LINE#         53
  C:1A7BH         LINE#         54
  C:1A96H         LINE#         55
  C:1A96H         LINE#         56
  C:1A96H         LINE#         57
  -------         ENDPROC       UART2_ISR
  -------         PROC          _?SYS_GET_UART2RXDEVENT
  -------         DO            
  i:0000H         SYMBOL        a
  -------         ENDDO         
  C:3E74H         LINE#         59
  C:3E76H         LINE#         61
BL51 BANKED LINKER/LOCATER V6.22.4.0                                                  09/17/2025  23:12:51  PAGE 29


  C:3E7EH         LINE#         62
  C:3E80H         LINE#         63
  C:3E80H         LINE#         64
  -------         ENDPROC       _?SYS_GET_UART2RXDEVENT
  -------         PROC          _?NULLFUNC0
  C:002AH         LINE#         66
  -------         ENDPROC       _?NULLFUNC0
  -------         PROC          _UART2INIT
  D:0008H         SYMBOL        band
  D:000CH         SYMBOL        Uart2mode
  C:262DH         LINE#         68
  C:2635H         LINE#         69
  C:2635H         LINE#         72
  C:2638H         LINE#         73
  C:263EH         LINE#         74
  C:2641H         LINE#         75
  C:2645H         LINE#         76
  C:2653H         LINE#         77
  C:2656H         LINE#         78
  C:2658H         LINE#         79
  C:265AH         LINE#         80
  C:265CH         LINE#         82
  C:265EH         LINE#         83
  C:2672H         LINE#         84
  C:2679H         LINE#         85
  C:267CH         LINE#         86
  C:267CH         LINE#         88
  C:267FH         LINE#         89
  C:269EH         LINE#         90
  C:26CDH         LINE#         91
  C:26D0H         LINE#         92
  C:26D3H         LINE#         93
  C:26E1H         LINE#         94
  -------         ENDPROC       _UART2INIT
  -------         PROC          _SETUART2RXD
  D:0001H         SYMBOL        RxdPt
  D:0004H         SYMBOL        Nmax
  D:000DH         SYMBOL        matchhead
  D:0010H         SYMBOL        matchheadsize
  C:3A05H         LINE#         96
  C:3A05H         LINE#         97
  C:3A10H         LINE#         98
  C:3A16H         LINE#         99
  C:3A20H         LINE#         100
  C:3A2EH         LINE#         101
  C:3A30H         LINE#         102
  C:3A35H         LINE#         103
  -------         ENDPROC       _SETUART2RXD
  -------         PROC          _UART2PRINT
  D:0001H         SYMBOL        pt
  D:0004H         SYMBOL        num
  C:3A67H         LINE#         105
  C:3A67H         LINE#         106
  C:3A6DH         LINE#         107
  C:3A78H         LINE#         108
  C:3A7DH         LINE#         109
  C:3A83H         LINE#         110
BL51 BANKED LINKER/LOCATER V6.22.4.0                                                  09/17/2025  23:12:51  PAGE 30


  C:3A87H         LINE#         112
  C:3A8DH         LINE#         113
  C:3A90H         LINE#         114
  C:3A93H         LINE#         115
  C:3A93H         LINE#         116
  C:3A95H         LINE#         117
  -------         ENDPROC       _UART2PRINT
  -------         PROC          GETUART2TXSTATUS
  C:3EF2H         LINE#         119
  C:3EF2H         LINE#         120
  C:3EFAH         LINE#         121
  C:3EFCH         LINE#         122
  -------         ENDPROC       GETUART2TXSTATUS
  -------         ENDMOD        UART2

  -------         MODULE        TEMP_MODULE
  C:0000H         SYMBOL        _ICE_DUMMY_
  C:331CH         PUBLIC        UpdateTemp
  D:0080H         PUBLIC        P0
  D:0090H         PUBLIC        P1
  D:00A0H         PUBLIC        P2
  D:00B0H         PUBLIC        P3
  D:00C0H         PUBLIC        P4
  D:00C8H         PUBLIC        P5
  D:00E8H         PUBLIC        P6
  D:00F8H         PUBLIC        P7
  D:00A8H         PUBLIC        IE
  D:00B8H         PUBLIC        IP
  D:00D8H         PUBLIC        CCON
  D:0098H         PUBLIC        SCON
  D:0088H         PUBLIC        TCON
  X:0182H         PUBLIC        temperature
  C:2ACEH         PUBLIC        ShowTemp
  X:0184H         PUBLIC        adc_temp
  C:16E3H         PUBLIC        tempdata
  X:018EH         PUBLIC        tempThresholds
  X:0192H         PUBLIC        rt
  D:00D0H         PUBLIC        PSW
  -------         PROC          UPDATETEMP
  C:331CH         LINE#         23
  C:331CH         LINE#         24
  C:332CH         LINE#         25
  C:333BH         LINE#         26
  C:3352H         LINE#         27
  C:3375H         LINE#         28
  -------         ENDPROC       UPDATETEMP
  -------         PROC          SHOWTEMP
  C:2ACEH         LINE#         29
  C:2ACEH         LINE#         30
  C:2ACEH         LINE#         31
  C:2ADEH         LINE#         32
  C:2B0FH         LINE#         34
  C:2B61H         LINE#         35
  -------         ENDPROC       SHOWTEMP
  -------         ENDMOD        TEMP_MODULE

  -------         MODULE        NAV_HANDLER
BL51 BANKED LINKER/LOCATER V6.22.4.0                                                  09/17/2025  23:12:51  PAGE 31


  C:0000H         SYMBOL        _ICE_DUMMY_
  D:0080H         PUBLIC        P0
  D:0090H         PUBLIC        P1
  D:00A0H         PUBLIC        P2
  X:01EAH         PUBLIC        displayMode
  D:00B0H         PUBLIC        P3
  D:00C0H         PUBLIC        P4
  D:00C8H         PUBLIC        P5
  D:00E8H         PUBLIC        P6
  D:00F8H         PUBLIC        P7
  D:00A8H         PUBLIC        IE
  D:00B8H         PUBLIC        IP
  D:00D8H         PUBLIC        CCON
  C:3CADH         PUBLIC        ShowStatus
  D:0098H         PUBLIC        SCON
  D:0088H         PUBLIC        TCON
  C:2987H         PUBLIC        NavHandler
  D:00D0H         PUBLIC        PSW
  -------         PROC          NAVHANDLER
  -------         DO            
  X:00D7H         SYMBOL        navUp
  X:00D8H         SYMBOL        navDown
  X:00D9H         SYMBOL        navLeft
  X:00DAH         SYMBOL        navRight
  -------         ENDDO         
  C:2987H         LINE#         6
  C:2987H         LINE#         7
  C:2987H         LINE#         8
  C:2991H         LINE#         9
  C:299BH         LINE#         10
  C:29A5H         LINE#         11
  C:29AFH         LINE#         13
  C:29B6H         LINE#         14
  C:29BCH         LINE#         15
  C:29C6H         LINE#         16
  C:29C6H         LINE#         17
  C:29CDH         LINE#         18
  C:29D3H         LINE#         19
  C:29DEH         LINE#         20
  C:29DEH         LINE#         21
  C:29E5H         LINE#         22
  C:29ECH         LINE#         23
  C:29EEH         LINE#         24
  C:2A04H         LINE#         25
  C:2A04H         LINE#         26
  C:2A04H         LINE#         29
  C:2A0BH         LINE#         30
  C:2A12H         LINE#         31
  C:2A14H         LINE#         32
  C:2A2AH         LINE#         33
  C:2A2AH         LINE#         34
  C:2A2AH         LINE#         35
  -------         ENDPROC       NAVHANDLER
  -------         PROC          SHOWSTATUS
  C:3CADH         LINE#         37
  C:3CADH         LINE#         38
  C:3CADH         LINE#         39
BL51 BANKED LINKER/LOCATER V6.22.4.0                                                  09/17/2025  23:12:51  PAGE 32


  C:3CBEH         LINE#         40
  C:3CC1H         LINE#         41
  C:3CC4H         LINE#         42
  C:3CC7H         LINE#         43
  C:3CCAH         LINE#         44
  C:3CCAH         LINE#         45
  C:3CCAH         LINE#         46
  -------         ENDPROC       SHOWSTATUS
  -------         ENDMOD        NAV_HANDLER

  -------         MODULE        TIME_MODULE
  C:0000H         SYMBOL        _ICE_DUMMY_
  D:0080H         PUBLIC        P0
  C:3B3EH         PUBLIC        InitRTC
  D:0090H         PUBLIC        P1
  D:00A0H         PUBLIC        P2
  D:00B0H         PUBLIC        P3
  D:00C0H         PUBLIC        P4
  D:00C8H         PUBLIC        P5
  D:00E8H         PUBLIC        P6
  D:00F8H         PUBLIC        P7
  C:28E2H         PUBLIC        ResetTimer
  D:00A8H         PUBLIC        IE
  X:016EH         PUBLIC        rest_arrive_second
  D:00B8H         PUBLIC        IP
  C:2A2BH         PUBLIC        onSpeedChange
  X:0170H         PUBLIC        rest_total_seconds
  D:00D8H         PUBLIC        CCON
  X:0172H         PUBLIC        rest_arrive_minute
  B:0022H.0       PUBLIC        mode
  C:3D57H         PUBLIC        ShowMode
  X:0174H         PUBLIC        remain_distance
  D:0098H         PUBLIC        SCON
  C:357CH         PUBLIC        ShowTime
  X:0176H         PUBLIC        station_id
  D:0088H         PUBLIC        TCON
  X:0178H         PUBLIC        dist
  C:35CDH         PUBLIC        tmp
  C:2EB3H         PUBLIC        UpdateTime
  D:00D0H         PUBLIC        PSW
  -------         PROC          INITRTC
  C:3B3EH         LINE#         10
  C:3B3EH         LINE#         11
  C:3B3EH         LINE#         12
  C:3B55H         LINE#         13
  C:3B57H         LINE#         14
  C:3B5EH         LINE#         15
  C:3B65H         LINE#         16
  -------         ENDPROC       INITRTC
  -------         PROC          UPDATETIME
  C:2EB3H         LINE#         18
  C:2EB3H         LINE#         19
  C:2EB3H         LINE#         20
  C:2EC1H         LINE#         22
  C:2ED6H         LINE#         23
  C:2EE9H         LINE#         26
  C:2EFAH         LINE#         27
[...]
  C:3C37H         LINE#         62
  C:3C39H         LINE#         63
  C:3C3AH         LINE#         64
  C:3C3BH         LINE#         65
  C:3C3CH         LINE#         66
  C:3C40H         LINE#         67
  C:3C42H         LINE#         68
  C:3C43H         LINE#         69
  C:3C44H         LINE#         70
  C:3C45H         LINE#         71
  C:3C47H         LINE#         72
  C:3C48H         LINE#         73
  C:3C49H         LINE#         74
  C:3C4AH         LINE#         75
  -------         ENDPROC       _WRITEBYTE
  -------         PROC          READBYTE
  -------         DO            
  D:0006H         SYMBOL        i
  D:0007H         SYMBOL        k
  -------         ENDDO         
  C:3C4BH         LINE#         77
  C:3C4BH         LINE#         78
  C:3C4BH         LINE#         79
  C:3C4DH         LINE#         80
  C:3C4EH         LINE#         81
  C:3C4FH         LINE#         82
  C:3C50H         LINE#         83
  C:3C52H         LINE#         84
  C:3C53H         LINE#         85
  C:3C55H         LINE#         86
  C:3C57H         LINE#         87
  C:3C58H         LINE#         88
  C:3C59H         LINE#         89
  C:3C63H         LINE#         90
  C:3C64H         LINE#         91
  C:3C65H         LINE#         92
BL51 BANKED LINKER/LOCATER V6.22.4.0                                                  09/17/2025  23:12:51  PAGE 51


  C:3C67H         LINE#         93
  C:3C68H         LINE#         94
  C:3C6CH         LINE#         95
  C:3C6CH         LINE#         96
  -------         ENDPROC       READBYTE
  -------         PROC          _M24C02_WRITE
  D:0004H         SYMBOL        NVM_addr
  D:0005H         SYMBOL        NVM_data
  C:3D88H         LINE#         98
  C:3D8AH         LINE#         99
  C:3D8DH         LINE#         100
  C:3D92H         LINE#         101
  C:3D95H         LINE#         102
  C:3D97H         LINE#         103
  C:3D97H         LINE#         104
  C:3D97H         LINE#         105
  C:3D9AH         LINE#         106
  -------         ENDPROC       _M24C02_WRITE
  -------         PROC          _M24C02_READ
  D:0005H         SYMBOL        NVM_addr
  -------         DO            
  D:0007H         SYMBOL        date
  -------         ENDDO         
  C:3CE8H         LINE#         109
  C:3CEAH         LINE#         110
  C:3CEAH         LINE#         111
  C:3CEDH         LINE#         112
  C:3CEFH         LINE#         113
  C:3CEFH         LINE#         114
  C:3CEFH         LINE#         115
  C:3CF2H         LINE#         116
  C:3CF5H         LINE#         117
  C:3CFAH         LINE#         118
  C:3CFDH         LINE#         119
  C:3D00H         LINE#         120
  C:3D03H         LINE#         121
  C:3D03H         LINE#         122
  -------         ENDPROC       _M24C02_READ
  -------         ENDMOD        M24C02

  -------         MODULE        FM_RADIO
  C:0000H         SYMBOL        _ICE_DUMMY_
  D:0080H         PUBLIC        P0
  D:0090H         PUBLIC        P1
  D:00A0H         PUBLIC        P2
  D:00B0H         PUBLIC        P3
  D:00C0H         PUBLIC        P4
  D:00C8H         PUBLIC        P5
  D:00E8H         PUBLIC        P6
  D:00F8H         PUBLIC        P7
  D:00A8H         PUBLIC        IE
  B:00A0H.7       PUBLIC        FM_DATA
  C:3DCFH         PUBLIC        _delay
  D:00B8H         PUBLIC        IP
  C:3DD9H         PUBLIC        IIC_Radio_Start
  C:3BDEH         PUBLIC        FMRadioInit
  D:00D8H         PUBLIC        CCON
BL51 BANKED LINKER/LOCATER V6.22.4.0                                                  09/17/2025  23:12:51  PAGE 52


  C:32C0H         PUBLIC        GetFMRadio
  C:3B8EH         PUBLIC        _IIC_Radio_WriteByte
  C:3EE6H         PUBLIC        IIC_Radio_Stop
  C:2577H         PUBLIC        SetFMRadio
  D:0098H         PUBLIC        SCON
  D:0088H         PUBLIC        TCON
  X:01CEH         PUBLIC        Radio_Write_Data
  X:01D6H         PUBLIC        flag_SetFM
  C:3D04H         PUBLIC        IIC_Radio_ACK
  B:00C0H.5       PUBLIC        FM_CLOCK
  C:3734H         PUBLIC        _?sys_FMRadio_drv
  D:00D0H         PUBLIC        PSW
  C:3DC6H         SYMBOL        L?0043
  -------         PROC          L?0042
  -------         ENDPROC       L?0042
  C:3DC6H         SYMBOL        L?0043
  -------         PROC          _DELAY
  D:0007H         SYMBOL        i
  C:3DCFH         LINE#         22
  C:3DCFH         LINE#         23
  C:3DD5H         LINE#         24
  C:3DD8H         LINE#         25
  -------         ENDPROC       _DELAY
  -------         PROC          IIC_RADIO_START
  C:3DD9H         LINE#         28
  C:3DD9H         LINE#         29
  C:3DDBH         LINE#         30
  C:3DDBH         LINE#         31
  C:3DDBH         LINE#         32
  C:3DDEH         LINE#         33
  C:3DE0H         LINE#         34
  C:3DE5H         LINE#         35
  C:3DE7H         LINE#         36
  -------         ENDPROC       IIC_RADIO_START
  -------         PROC          IIC_RADIO_STOP
  C:3EE6H         LINE#         39
  C:3EE6H         LINE#         40
  C:3EE8H         LINE#         41
  C:3EE8H         LINE#         42
  C:3EE8H         LINE#         43
  C:3EEBH         LINE#         44
  C:3EEDH         LINE#         45
  -------         ENDPROC       IIC_RADIO_STOP
  -------         PROC          IIC_RADIO_ACK
  -------         DO            
  D:0007H         SYMBOL        i
  -------         ENDDO         
  C:3D04H         LINE#         48
  C:3D04H         LINE#         49
  C:3D06H         LINE#         50
  C:3D08H         LINE#         51
  C:3D14H         LINE#         52
  C:3D19H         LINE#         53
  C:3D1BH         LINE#         54
  -------         ENDPROC       IIC_RADIO_ACK
  -------         PROC          _IIC_RADIO_WRITEBYTE
  D:0005H         SYMBOL        Data
BL51 BANKED LINKER/LOCATER V6.22.4.0                                                  09/17/2025  23:12:51  PAGE 53


  -------         DO            
  D:0003H         SYMBOL        i
  -------         ENDDO         
  C:3B8EH         LINE#         57
  C:3B90H         LINE#         58
  C:3B90H         LINE#         59
  C:3B92H         LINE#         60
  C:3B94H         LINE#         61
  C:3B99H         LINE#         62
  C:3B9DH         LINE#         63
  C:3BA1H         LINE#         64
  C:3BA1H         LINE#         65
  C:3BA1H         LINE#         66
  C:3BA4H         LINE#         67
  C:3BA8H         LINE#         68
  C:3BAAH         LINE#         69
  C:3BAFH         LINE#         70
  C:3BB1H         LINE#         71
  -------         ENDPROC       _IIC_RADIO_WRITEBYTE
  -------         PROC          _?SYS_FMRADIO_DRV
  -------         DO            
  i:0000H         SYMBOL        i
  -------         ENDDO         
  C:3734H         LINE#         74
  C:3736H         LINE#         76
  C:373EH         LINE#         77
  C:3741H         LINE#         78
  C:3746H         LINE#         79
  C:3749H         LINE#         80
  C:3756H         LINE#         81
  C:3765H         LINE#         82
  C:3768H         LINE#         83
  C:376DH         LINE#         84
  C:3770H         LINE#         85
  C:3775H         LINE#         86
  C:3775H         LINE#         87
  -------         ENDPROC       _?SYS_FMRADIO_DRV
  -------         PROC          GETFMRADIO
  -------         DO            
  D:0014H         SYMBOL        FM
  D:0007H         SYMBOL        chan
  -------         ENDDO         
  C:32C0H         LINE#         89
  C:32C0H         LINE#         90
  C:32C0H         LINE#         92
  C:32D1H         LINE#         93
  C:32DAH         LINE#         94
  C:32E2H         LINE#         95
  C:32E9H         LINE#         96
  C:32F7H         LINE#         97
  C:3306H         LINE#         98
  C:3315H         LINE#         99
  C:331BH         LINE#         100
  -------         ENDPROC       GETFMRADIO
  -------         PROC          SETFMRADIO
  D:000EH         SYMBOL        FM
  -------         DO            
BL51 BANKED LINKER/LOCATER V6.22.4.0                                                  09/17/2025  23:12:51  PAGE 54


  D:0005H         SYMBOL        a
  -------         ENDDO         
  C:2577H         LINE#         102
  C:2577H         LINE#         103
  C:2577H         LINE#         104
  C:25ADH         LINE#         105
  C:25B2H         LINE#         106
  C:25BAH         LINE#         107
  C:25C7H         LINE#         108
  C:25CDH         LINE#         109
  C:25CDH         LINE#         110
  C:25F5H         LINE#         111
  C:2602H         LINE#         112
  C:2606H         LINE#         113
  C:2606H         LINE#         114
  C:2608H         LINE#         115
  C:260FH         LINE#         116
  C:2616H         LINE#         117
  C:261DH         LINE#         118
  C:2624H         LINE#         119
  C:2626H         LINE#         120
  C:262CH         LINE#         121
  C:262CH         LINE#         122
  -------         ENDPROC       SETFMRADIO
  -------         PROC          FMRADIOINIT
  D:0008H         SYMBOL        FM
  C:3BDEH         LINE#         124
  C:3BDEH         LINE#         125
  C:3BDEH         LINE#         126
  C:3BF4H         LINE#         127
  C:3C02H         LINE#         128
  -------         ENDPROC       FMRADIOINIT
  -------         ENDMOD        FM_RADIO

  -------         MODULE        UART1
  C:0000H         SYMBOL        _ICE_DUMMY_
  C:1E25H         PUBLIC        Uart1_isr
  D:0080H         PUBLIC        P0
  D:0090H         PUBLIC        P1
  D:00A0H         PUBLIC        P2
  D:00B0H         PUBLIC        P3
  D:00C0H         PUBLIC        P4
  D:00C8H         PUBLIC        P5
  D:00E8H         PUBLIC        P6
  D:00F8H         PUBLIC        P7
  D:00A8H         PUBLIC        IE
  B:00A8H.4       PUBLIC        ES
  D:00B8H         PUBLIC        IP
  B:0098H.0       PUBLIC        RI
  B:0098H.1       PUBLIC        TI
  D:00D8H         PUBLIC        CCON
  C:3A36H         PUBLIC        _SetUart1Rxd
  D:0099H         PUBLIC        SBUF
  D:0098H         PUBLIC        SCON
  D:0089H         PUBLIC        TMOD
  D:0088H         PUBLIC        TCON
  D:008EH         PUBLIC        AUXR
BL51 BANKED LINKER/LOCATER V6.22.4.0                                                  09/17/2025  23:12:51  PAGE 55


  C:3F1EH         PUBLIC        GetUart1TxStatus
  B:00A8H.3       PUBLIC        ET1
  D:008DH         PUBLIC        TH1
  D:008BH         PUBLIC        TL1
  B:0088H.6       PUBLIC        TR1
  C:3BB6H         PUBLIC        _Uart1Print
  C:30A8H         PUBLIC        _Uart1Init
  C:3E92H         PUBLIC        _?sys_get_Uart1RxdEvent
  X:0159H         PUBLIC        com1
  D:00D0H         PUBLIC        PSW
  -------         PROC          UART1_ISR
  C:1E25H         LINE#         10
  C:1E42H         LINE#         11
  C:1E45H         LINE#         12
  C:1E47H         LINE#         13
  C:1E7BH         LINE#         14
  C:1E80H         LINE#         15
  C:1E80H         LINE#         16
  C:1E86H         LINE#         17
  C:1E88H         LINE#         18
  C:1E8BH         LINE#         19
  C:1E8DH         LINE#         20
  C:1E94H         LINE#         21
  C:1E94H         LINE#         22
  C:1EA8H         LINE#         23
  C:1EBCH         LINE#         24
  C:1ECBH         LINE#         25
  C:1ED9H         LINE#         26
  C:1F11H         LINE#         27
  C:1F1FH         LINE#         28
  C:1F1FH         LINE#         29
  C:1F3AH         LINE#         30
  C:1F3AH         LINE#         31
  -------         ENDPROC       UART1_ISR
  -------         PROC          _?SYS_GET_UART1RXDEVENT
  -------         DO            
  i:0000H         SYMBOL        a
  -------         ENDDO         
  C:3E92H         LINE#         33
  C:3E94H         LINE#         35
  C:3E9CH         LINE#         36
  C:3E9EH         LINE#         37
  C:3E9EH         LINE#         38
  -------         ENDPROC       _?SYS_GET_UART1RXDEVENT
  -------         PROC          _UART1INIT
  D:0008H         SYMBOL        band
  C:30A8H         LINE#         40
  C:30B0H         LINE#         41
  C:30B0H         LINE#         43
  C:30B3H         LINE#         44
  C:30B6H         LINE#         45
  C:30B9H         LINE#         46
  C:30BCH         LINE#         47
  C:30DBH         LINE#         48
  C:310AH         LINE#         49
  C:310CH         LINE#         50
  C:310EH         LINE#         51
BL51 BANKED LINKER/LOCATER V6.22.4.0                                                  09/17/2025  23:12:51  PAGE 56


  C:3110H         LINE#         52
  C:311EH         LINE#         53
  -------         ENDPROC       _UART1INIT
  -------         PROC          _SETUART1RXD
  D:0001H         SYMBOL        RxdPt
  D:0004H         SYMBOL        Nmax
  D:000DH         SYMBOL        matchhead
  D:0010H         SYMBOL        matchheadsize
  C:3A36H         LINE#         55
  C:3A36H         LINE#         56
  C:3A41H         LINE#         57
  C:3A47H         LINE#         58
  C:3A51H         LINE#         59
  C:3A5FH         LINE#         60
  C:3A61H         LINE#         61
  C:3A66H         LINE#         62
  -------         ENDPROC       _SETUART1RXD
  -------         PROC          _UART1PRINT
  D:0001H         SYMBOL        pt
  D:0004H         SYMBOL        num
  C:3BB6H         LINE#         64
  C:3BB6H         LINE#         65
  C:3BBCH         LINE#         66
  C:3BC7H         LINE#         67
  C:3BCCH         LINE#         68
  C:3BD2H         LINE#         69
  C:3BD6H         LINE#         70
  C:3BD8H         LINE#         71
  C:3BDBH         LINE#         72
  C:3BDBH         LINE#         73
  C:3BDDH         LINE#         74
  -------         ENDPROC       _UART1PRINT
  -------         PROC          GETUART1TXSTATUS
  C:3F1EH         LINE#         76
  C:3F1EH         LINE#         77
  C:3F26H         LINE#         78
  C:3F28H         LINE#         79
  -------         ENDPROC       GETUART1TXSTATUS
  -------         ENDMOD        UART1

  -------         MODULE        ?C?COPY
  C:094AH         PUBLIC        ?C?COPY
  -------         ENDMOD        ?C?COPY

  -------         MODULE        ?C?CLDPTR
  C:0970H         PUBLIC        ?C?CLDPTR
  -------         ENDMOD        ?C?CLDPTR

  -------         MODULE        ?C?CLDOPTR
  C:0989H         PUBLIC        ?C?CLDOPTR
  -------         ENDMOD        ?C?CLDOPTR

  -------         MODULE        ?C?CSTPTR
  C:09B6H         PUBLIC        ?C?CSTPTR
  -------         ENDMOD        ?C?CSTPTR

  -------         MODULE        ?C?CSTOPTR
BL51 BANKED LINKER/LOCATER V6.22.4.0                                                  09/17/2025  23:12:51  PAGE 57


  C:09C8H         PUBLIC        ?C?CSTOPTR
  -------         ENDMOD        ?C?CSTOPTR

  -------         MODULE        ?C?IMUL
  C:09EAH         PUBLIC        ?C?IMUL
  -------         ENDMOD        ?C?IMUL

  -------         MODULE        ?C?UIDIV
  C:09FCH         PUBLIC        ?C?UIDIV
  -------         ENDMOD        ?C?UIDIV

  -------         MODULE        ?C?SIDIV
  C:0A51H         PUBLIC        ?C?SIDIV
  -------         ENDMOD        ?C?SIDIV

  -------         MODULE        ?C?IILDX
  C:0A87H         PUBLIC        ?C?IILDX
  -------         ENDMOD        ?C?IILDX

  -------         MODULE        ?C?ILDIX
  C:0A9DH         PUBLIC        ?C?ILDIX
  -------         ENDMOD        ?C?ILDIX

  -------         MODULE        ?C?ILDPTR
  C:0AB3H         PUBLIC        ?C?ILDPTR
  -------         ENDMOD        ?C?ILDPTR

  -------         MODULE        ?C?LMUL
  C:0ADEH         PUBLIC        ?C?LMUL
  -------         ENDMOD        ?C?LMUL

  -------         MODULE        ?C?ULDIV
  C:0B69H         PUBLIC        ?C?ULDIV
  -------         ENDMOD        ?C?ULDIV

  -------         MODULE        ?C?SLDIV
  C:3778H         PUBLIC        ?C?SLDIV
  -------         ENDMOD        ?C?SLDIV

  -------         MODULE        ?C?ULSHR
  C:0BFBH         PUBLIC        ?C?ULSHR
  -------         ENDMOD        ?C?ULSHR

  -------         MODULE        ?C?SLSHR
  C:0C0EH         PUBLIC        ?C?SLSHR
  -------         ENDMOD        ?C?SLSHR

  -------         MODULE        ?C?LSHL
  C:0C22H         PUBLIC        ?C?LSHL
  -------         ENDMOD        ?C?LSHL

  -------         MODULE        ?C?LLDCODE
  C:0C35H         PUBLIC        ?C?LLDCODE
  -------         ENDMOD        ?C?LLDCODE

  -------         MODULE        ?C?LSTXDATA
  C:0C45H         PUBLIC        ?C?LSTXDATA
BL51 BANKED LINKER/LOCATER V6.22.4.0                                                  09/17/2025  23:12:51  PAGE 58


  -------         ENDMOD        ?C?LSTXDATA

  -------         MODULE        ?C?OFFXADD
  C:0C51H         PUBLIC        ?C?OFFXADD
  -------         ENDMOD        ?C?OFFXADD

  -------         MODULE        ?C?ICALL
  C:0C5DH         PUBLIC        ?C?ICALL
  C:0C61H         PUBLIC        ?C?ICALL2
  -------         ENDMOD        ?C?ICALL

  -------         MODULE        ?C_IBP
  D:005BH         PUBLIC        ?C_IBP
  -------         ENDMOD        ?C_IBP

  -------         MODULE        STRNCMP
  D:000DH         PUBLIC        ?_strncmp?BYTE
  C:3193H         PUBLIC        _strncmp
  -------         ENDMOD        STRNCMP

  -------         MODULE        ?C?STRCPY
  C:0D2FH         PUBLIC        ?C?STRCPY
  -------         ENDMOD        ?C?STRCPY

  -------         MODULE        STRLEN
  C:3D9DH         PUBLIC        _STRLEN
  -------         ENDMOD        STRLEN

  -------         MODULE        STRCHR
  C:3D20H         PUBLIC        _STRCHR
  -------         ENDMOD        STRCHR

  -------         MODULE        STRTOK
  D:000DH         PUBLIC        ?_strtok?BYTE
  C:2F33H         PUBLIC        _strtok
  -------         ENDMOD        STRTOK

  -------         MODULE        ATOI
  C:26E2H         PUBLIC        _atoi
  -------         ENDMOD        ATOI

  -------         MODULE        ?C?MEMSET
  C:0D4CH         PUBLIC        ?C?MEMSET
  -------         ENDMOD        ?C?MEMSET

  -------         MODULE        ISDIGIT
  C:3EA1H         PUBLIC        _isdigit
  -------         ENDMOD        ISDIGIT

  -------         MODULE        ISSPACE
  C:3DECH         PUBLIC        _isspace
  -------         ENDMOD        ISSPACE

  -------         MODULE        STRSPN
  D:0013H         PUBLIC        ?_strspn?BYTE
  C:3202H         PUBLIC        _strspn
  -------         ENDMOD        STRSPN
BL51 BANKED LINKER/LOCATER V6.22.4.0                                                  09/17/2025  23:12:51  PAGE 59



  -------         MODULE        STRPBRK
  D:0013H         PUBLIC        ?_strpbrk?BYTE
  C:3263H         PUBLIC        _strpbrk
  -------         ENDMOD        STRPBRK

*** WARNING L16: UNCALLED SEGMENT, IGNORED FOR OVERLAY PROCESS
    SEGMENT: ?PR?_GETKEYACT?KEY

*** WARNING L16: UNCALLED SEGMENT, IGNORED FOR OVERLAY PROCESS
    SEGMENT: ?PR?GETULTRASONIC?SYS

*** WARNING L16: UNCALLED SEGMENT, IGNORED FOR OVERLAY PROCESS
    SEGMENT: ?PR?GETSYSPERFORMANCE?SYS

*** WARNING L16: UNCALLED SEGMENT, IGNORED FOR OVERLAY PROCESS
    SEGMENT: ?PR?GETWEIGHT?EXT

*** WARNING L16: UNCALLED SEGMENT, IGNORED FOR OVERLAY PROCESS
    SEGMENT: ?PR?GETDECODE?EXT

*** WARNING L16: UNCALLED SEGMENT, IGNORED FOR OVERLAY PROCESS
    SEGMENT: ?PR?GETUART2TXSTATUS?UART2

*** WARNING L16: UNCALLED SEGMENT, IGNORED FOR OVERLAY PROCESS
    SEGMENT: ?CO?TIME_MODULE

*** WARNING L16: UNCALLED SEGMENT, IGNORED FOR OVERLAY PROCESS
    SEGMENT: ?PR?MYUART1PROCESSRXDATA?MY_UART1

*** WARNING L16: UNCALLED SEGMENT, IGNORED FOR OVERLAY PROCESS
    SEGMENT: ?PR?_SETTRAINID?TRAIN_ID_MODULE

*** WARNING L16: UNCALLED SEGMENT, IGNORED FOR OVERLAY PROCESS
    SEGMENT: ?PR?PLAY_MUSIC?MUSIC_MODULE

*** WARNING L16: UNCALLED SEGMENT, IGNORED FOR OVERLAY PROCESS
    SEGMENT: ?PR?SHOWREALTIME?REAL_TIME_MODULE

*** WARNING L16: UNCALLED SEGMENT, IGNORED FOR OVERLAY PROCESS
    SEGMENT: ?PR?MUSICPLAYERINIT?MUSIC

Program Size: data=92.3 xdata=491 code=16249
LINK/LOCATE RUN COMPLETE.  12 WARNING(S),  0 ERROR(S)
