BL51 BANKED LINKER/LOCATER V6.22.4.0                                                    09/16/2025  23:08:06  PAGE 1


BL51 BANKED LINKER/LOCATER V6.22.4.0, INVOKED BY:
D:\SOFTWARE\KEIL5\CORE\C51\BIN\BL51.EXE .\output\main.obj, .\source\STCBSP_V3.6.LIB, .\output\temp_module.obj, .\output\
>> Nav_handler.obj, .\output\time_module.obj, .\output\speed_module.obj, .\output\voice_module.obj, .\output\core.obj, .
>> \output\decode_table.obj, .\output\nv_temp_threshold.obj, .\output\my_uart1.obj, .\output\radio_module.obj, .\output\
>> temp_controlled_fan.obj, .\output\ultrasonic_module.obj, .\output\train_id_module.obj TO .\output\BSP_Demo PRINT (.\l
>> ist\BSP_Demo.m51) RAMSIZE (256) XDATA (0X0000-0X07FF)


MEMORY MODEL: SMALL WITH FLOATING POINT ARITHMETIC


INPUT MODULES INCLUDED:
  .\output\main.obj (MAIN)
  .\source\STCBSP_V3.6.LIB (ADC)
  .\source\STCBSP_V3.6.LIB (BEEP)
  .\source\STCBSP_V3.6.LIB (DISPLAYER)
  .\source\STCBSP_V3.6.LIB (KEY)
  .\source\STCBSP_V3.6.LIB (SYS)
  .\source\STCBSP_V3.6.LIB (EXT)
  .\source\STCBSP_V3.6.LIB (UART2)
  .\output\temp_module.obj (TEMP_MODULE)
  .\output\Nav_handler.obj (NAV_HANDLER)
  .\output\time_module.obj (TIME_MODULE)
  .\output\speed_module.obj (SPEED_MODULE)
  .\output\voice_module.obj (VOICE_MODULE)
  .\output\core.obj (CORE)
  .\output\decode_table.obj (DECODE_TABLE)
  .\output\nv_temp_threshold.obj (NV_TEMP_THRESHOLD)
  .\output\my_uart1.obj (MY_UART1)
  .\output\radio_module.obj (RADIO_MODULE)
  .\output\temp_controlled_fan.obj (TEMP_CONTROLLED_FAN)
  .\output\ultrasonic_module.obj (ULTRASONIC_MODULE)
  .\output\train_id_module.obj (TRAIN_ID_MODULE)
  .\source\STCBSP_V3.6.LIB (STEPMOTOR)
  .\source\STCBSP_V3.6.LIB (DS1302)
  .\source\STCBSP_V3.6.LIB (M24C02)
  .\source\STCBSP_V3.6.LIB (FM_RADIO)
  .\source\STCBSP_V3.6.LIB (UART1)
  D:\SOFTWARE\KEIL5\CORE\C51\LIB\C51FPS.LIB (?C?FPMUL)
  D:\SOFTWARE\KEIL5\CORE\C51\LIB\C51FPS.LIB (?C?FPDIV)
  D:\SOFTWARE\KEIL5\CORE\C51\LIB\C51FPS.LIB (?C?FCAST)
  D:\SOFTWARE\KEIL5\CORE\C51\LIB\C51FPS.LIB (?C?CASTF)
  D:\SOFTWARE\KEIL5\CORE\C51\LIB\C51FPS.LIB (?C?FPGETOPN)
  D:\SOFTWARE\KEIL5\CORE\C51\LIB\C51S.LIB (?C_STARTUP)
  D:\SOFTWARE\KEIL5\CORE\C51\LIB\C51S.LIB (?C?COPY)
  D:\SOFTWARE\KEIL5\CORE\C51\LIB\C51S.LIB (?C?CLDPTR)
  D:\SOFTWARE\KEIL5\CORE\C51\LIB\C51S.LIB (?C?CLDOPTR)
  D:\SOFTWARE\KEIL5\CORE\C51\LIB\C51S.LIB (?C?CSTPTR)
  D:\SOFTWARE\KEIL5\CORE\C51\LIB\C51S.LIB (?C?CSTOPTR)
  D:\SOFTWARE\KEIL5\CORE\C51\LIB\C51S.LIB (?C?IMUL)
  D:\SOFTWARE\KEIL5\CORE\C51\LIB\C51S.LIB (?C?UIDIV)
  D:\SOFTWARE\KEIL5\CORE\C51\LIB\C51S.LIB (?C?SIDIV)
  D:\SOFTWARE\KEIL5\CORE\C51\LIB\C51S.LIB (?C?IILDX)
  D:\SOFTWARE\KEIL5\CORE\C51\LIB\C51S.LIB (?C?ILDIX)
  D:\SOFTWARE\KEIL5\CORE\C51\LIB\C51S.LIB (?C?ILDPTR)
  D:\SOFTWARE\KEIL5\CORE\C51\LIB\C51S.LIB (?C?LMUL)
  D:\SOFTWARE\KEIL5\CORE\C51\LIB\C51S.LIB (?C?ULDIV)
  D:\SOFTWARE\KEIL5\CORE\C51\LIB\C51S.LIB (?C?SLDIV)
BL51 BANKED LINKER/LOCATER V6.22.4.0                                                  09/16/2025  23:08:06  PAGE 2


  D:\SOFTWARE\KEIL5\CORE\C51\LIB\C51S.LIB (?C?LNEG)
  D:\SOFTWARE\KEIL5\CORE\C51\LIB\C51S.LIB (?C?ULSHR)
  D:\SOFTWARE\KEIL5\CORE\C51\LIB\C51S.LIB (?C?SLSHR)
  D:\SOFTWARE\KEIL5\CORE\C51\LIB\C51S.LIB (?C?LSHL)
  D:\SOFTWARE\KEIL5\CORE\C51\LIB\C51S.LIB (?C?LLDCODE)
  D:\SOFTWARE\KEIL5\CORE\C51\LIB\C51S.LIB (?C?LSTXDATA)
  D:\SOFTWARE\KEIL5\CORE\C51\LIB\C51S.LIB (?C?OFFXADD)
  D:\SOFTWARE\KEIL5\CORE\C51\LIB\C51S.LIB (?C?ICALL)
  D:\SOFTWARE\KEIL5\CORE\C51\LIB\C51S.LIB (?C_IBP)
  D:\SOFTWARE\KEIL5\CORE\C51\LIB\C51S.LIB (?C?STRCPY)
  D:\SOFTWARE\KEIL5\CORE\C51\LIB\C51S.LIB (STRLEN)
  D:\SOFTWARE\KEIL5\CORE\C51\LIB\C51S.LIB (STRCHR)
  D:\SOFTWARE\KEIL5\CORE\C51\LIB\C51S.LIB (STRTOK)
  D:\SOFTWARE\KEIL5\CORE\C51\LIB\C51S.LIB (ATOI)
  D:\SOFTWARE\KEIL5\CORE\C51\LIB\C51S.LIB (?C?MEMSET)
  D:\SOFTWARE\KEIL5\CORE\C51\LIB\C51S.LIB (?C_INIT)
  D:\SOFTWARE\KEIL5\CORE\C51\LIB\C51S.LIB (ISDIGIT)
  D:\SOFTWARE\KEIL5\CORE\C51\LIB\C51S.LIB (ISSPACE)
  D:\SOFTWARE\KEIL5\CORE\C51\LIB\C51S.LIB (STRSPN)
  D:\SOFTWARE\KEIL5\CORE\C51\LIB\C51S.LIB (STRPBRK)


LINK MAP OF MODULE:  .\output\BSP_Demo (MAIN)


            TYPE    BASE      LENGTH    RELOCATION   SEGMENT NAME
            -----------------------------------------------------

            * * * * * * *   D A T A   M E M O R Y   * * * * * * *
            REG     0000H     0008H     ABSOLUTE     "REG BANK 0"
            DATA    0008H     0014H     UNIT         _DATA_GROUP_
            DATA    001CH     0004H     UNIT         ?DT?_SETBEEP?BEEP
            BIT     0020H.0   0001H.7   UNIT         ?BI?SYS
            BIT     0021H.7   0000H.1   UNIT         ?BI?ADC
            BIT     0022H.0   0000H.1   UNIT         ?BI?TIME_MODULE
            BIT     0022H.1   0000H.1   UNIT         _BIT_GROUP_
                    0022H.2   0000H.6                *** GAP ***
            DATA    0023H     0012H     UNIT         ?DT?SYS
            DATA    0035H     0007H     UNIT         ?DT?RADIO_MODULE
            DATA    003CH     0006H     UNIT         ?DT?EXT
            DATA    0042H     0004H     UNIT         ?DT?_SETPWM?EXT
            DATA    0046H     0003H     UNIT         ?DT?STRTOK
            DATA    0049H     0002H     UNIT         ?DT?ADC
            DATA    004BH     0002H     UNIT         ?DT?UART2
            DATA    004DH     0002H     UNIT         ?DT?ULTRASONIC_MODULE
            DATA    004FH     0001H     UNIT         ?DT?KEY
            DATA    0050H     0001H     UNIT         ?DT?CORE
            DATA    0051H     0001H     UNIT         ?DT?_SETTRAINID?TRAIN_ID_MODULE
            DATA    0052H     0001H     UNIT         ?C?LIB_DATA
            IDATA   0053H     0001H     UNIT         ?STACK

            * * * * * * *  X D A T A   M E M O R Y  * * * * * * *
            XDATA   0000H     006EH     UNIT         ?XD?SYS
            XDATA   006EH     0044H     UNIT         ?XD?MY_UART1
            XDATA   00B2H     0034H     UNIT         _XDATA_GROUP_
            XDATA   00E6H     001EH     UNIT         ?XD?ADC
            XDATA   0104H     0016H     UNIT         ?XD?TIME_MODULE
BL51 BANKED LINKER/LOCATER V6.22.4.0                                                  09/16/2025  23:08:06  PAGE 3


            XDATA   011AH     0016H     UNIT         ?XD?STEPMOTOR
            XDATA   0130H     0015H     UNIT         ?XD?UART2
            XDATA   0145H     0015H     UNIT         ?XD?UART1
            XDATA   015AH     0012H     UNIT         ?XD?TEMP_MODULE
            XDATA   016CH     000CH     UNIT         ?XD?DISPLAYER
            XDATA   0178H     000BH     UNIT         ?XD?EXT
            XDATA   0183H     000AH     UNIT         ?XD?KEY
            XDATA   018DH     0009H     UNIT         ?XD?CORE
            XDATA   0196H     0009H     UNIT         ?XD?DS1302
            XDATA   019FH     0009H     UNIT         ?XD?FM_RADIO
            XDATA   01A8H     0007H     UNIT         ?XD?VOICE_MODULE
            XDATA   01AFH     0004H     UNIT         ?XD?SPEED_MODULE
            XDATA   01B3H     0002H     UNIT         ?XD?NV_TEMP_THRESHOLD
            XDATA   01B5H     0001H     UNIT         ?XD?NAV_HANDLER

            * * * * * * *   C O D E   M E M O R Y   * * * * * * *
            CODE    0000H     0003H     ABSOLUTE     
            CODE    0003H     0007H     UNIT         ?PR?GETADC?ADC
            CODE    000AH     0001H     UNIT         ?PR?_?NULLFUNC?SYS
            CODE    000BH     0003H     ABSOLUTE     
            CODE    000EH     0015H     UNIT         ?PR?MY1S_CALLBACK?CORE
            CODE    0023H     0003H     ABSOLUTE     
            CODE    0026H     0005H     UNIT         ?PR?AUTODOOR_EMERGENCYSTOP?ULTRASONIC_MODULE
            CODE    002BH     0003H     ABSOLUTE     
            CODE    002EH     000DH     UNIT         ?PR?STOP?M24C02
            CODE    003BH     0003H     ABSOLUTE     
            CODE    003EH     0004H     UNIT         ?CO?CORE
            CODE    0042H     0001H     UNIT         ?PR?_?NULLFUNC0?UART2
            CODE    0043H     0003H     ABSOLUTE     
            CODE    0046H     0A28H     UNIT         ?CO?VOICE_MODULE
            CODE    0A6EH     0771H     UNIT         ?C?LIB_CODE
            CODE    11DFH     0274H     UNIT         ?PR?_?SYS_STEPMOTOR_DRV?STEPMOTOR
            CODE    1453H     020AH     UNIT         ?PR?MYUART1SENDCURRENTSTATUS?MY_UART1
            CODE    165DH     01FCH     UNIT         ?CO?TEMP_MODULE
            CODE    1859H     01DFH     UNIT         ?PR?_PARSECOMMAND?MY_UART1
            CODE    1A38H     01D2H     UNIT         ?PR?UART2_ISR?UART2
            CODE    1C0AH     01BFH     UNIT         ?C_INITSEG
            CODE    1DC9H     01ACH     UNIT         ?PR?_?SYS_ADC_DRV?ADC
            CODE    1F75H     0130H     UNIT         ?PR?UART1_ISR?UART1
            CODE    20A5H     0123H     UNIT         ?PR?_?SYS_KEY_DRV?KEY
            CODE    21C8H     011DH     UNIT         ?PR?_MY_UTOA?MY_UART1
            CODE    22E5H     00FEH     UNIT         ?PR?DS1302INIT?DS1302
            CODE    23E3H     00EDH     UNIT         ?PR?SYS_TASK_1MS?SYS
            CODE    24D0H     00E9H     UNIT         ?PR?_?SYS_DISPLAY_DRV?DISPLAYER
            CODE    25B9H     00E7H     UNIT         ?PR?_?SYS_EXT_DRV?EXT
            CODE    26A0H     00C6H     UNIT         ?PR?RESETTIMER?TIME_MODULE
            CODE    2766H     00B6H     UNIT         ?PR?SETFMRADIO?FM_RADIO
            CODE    281CH     00B5H     UNIT         ?PR?_UART2INIT?UART2
            CODE    28D1H     00AEH     UNIT         ?PR?_ATOI?ATOI
            CODE    297FH     00ABH     UNIT         ?PR?_SETSTEPMOTOR?STEPMOTOR
            CODE    2A2AH     00A8H     UNIT         ?PR?SYS_CCP_ISR?SYS
            CODE    2AD2H     00A5H     UNIT         ?PR?_?SYS_DS1302_DRV?DS1302
            CODE    2B77H     00A0H     UNIT         ?PR?NAVHANDLER?NAV_HANDLER
            CODE    2C17H     0098H     UNIT         ?PR?CHECKCOUNTDOWNEVENT?VOICE_MODULE
            CODE    2CAFH     0094H     UNIT         ?PR?SHOWTEMP?TEMP_MODULE
            CODE    2D43H     0093H     UNIT         ?PR?SYS_TASK_10MS?SYS
            CODE    2DD6H     0090H     UNIT         ?PR?_SETPWM?EXT
BL51 BANKED LINKER/LOCATER V6.22.4.0                                                  09/16/2025  23:08:06  PAGE 4


            CODE    2E66H     008CH     UNIT         ?C_C51STARTUP
            CODE    2EF2H     008BH     UNIT         ?PR?SYS_TASK_IR?SYS
            CODE    2F7DH     0084H     UNIT         ?PR?UPDATETIME?TIME_MODULE
            CODE    3001H     0080H     UNIT         ?PR?_STRTOK?STRTOK
            CODE    3081H     007DH     UNIT         ?PR?_SETEVENTCALLBACK?SYS
            CODE    30FEH     007BH     UNIT         ?PR?MAIN?MAIN
            CODE    3179H     0078H     UNIT         ?PR?_SETBEEP?BEEP
            CODE    31F1H     0077H     UNIT         ?PR?_UART1INIT?UART1
            CODE    3268H     0061H     UNIT         ?PR?_STRSPN?STRSPN
            CODE    32C9H     005DH     UNIT         ?PR?_STRPBRK?STRPBRK
            CODE    3326H     005CH     UNIT         ?PR?GETFMRADIO?FM_RADIO
            CODE    3382H     005AH     UNIT         ?PR?UPDATETEMP?TEMP_MODULE
            CODE    33DCH     005AH     UNIT         ?PR?NVTEMPTHRESHOLDINIT?NV_TEMP_THRESHOLD
            CODE    3436H     0059H     UNIT         ?PR?READCOUNT?EXT
            CODE    348FH     0057H     UNIT         ?PR?ULTRASONICUPDATEANDDISPLAY?ULTRASONIC_MODULE
            CODE    34E6H     0056H     UNIT         ?PR?MYUART1INIT?MY_UART1
            CODE    353CH     0053H     UNIT         ?PR?GETULTRASONIC?SYS
            CODE    358FH     0052H     UNIT         ?PR?SYS_TIMER0_ISR?SYS
            CODE    35E1H     0048H     UNIT         ?PR?_EMSTOP?STEPMOTOR
            CODE    3629H     0047H     UNIT         ?PR?SYS_TIMER0_INIT?SYS
            CODE    3670H     0046H     UNIT         ?PR?_GETADCNAVACT?ADC
            CODE    36B6H     0044H     UNIT         ?PR?_?SYS_FMRADIO_DRV?FM_RADIO
            CODE    36FAH     0044H     UNIT         ?C?LDIV
            CODE    373EH     0043H     UNIT         ?PR?SHOWSPEED?SPEED_MODULE
            CODE    3781H     0042H     UNIT         ?PR?RADIO_INIT?RADIO_MODULE
            CODE    37C3H     0041H     UNIT         ?PR?SHOWTIME?TIME_MODULE
            CODE    3804H     0040H     UNIT         ?PR?_GETKEYACT?KEY
            CODE    3844H     003FH     UNIT         ?PR?SYS_TASK_100MS?SYS
            CODE    3883H     003EH     UNIT         ?PR?MYSTC_OS?SYS
            CODE    38C1H     003CH     UNIT         ?CO?DECODE_TABLE
            CODE    38FDH     0039H     UNIT         ?PR?_NVTEMPTHRESHOLDUPDATE?NV_TEMP_THRESHOLD
            CODE    3936H     0036H     UNIT         ?PR?_EXTINIT?EXT
            CODE    396CH     0036H     UNIT         ?PR?TEMP_CONTROLLED_MOTOR?TEMP_CONTROLLED_FAN
            CODE    39A2H     0032H     UNIT         ?PR?UART1RXDCALLBACK?MY_UART1
            CODE    39D4H     0032H     UNIT         ?PR?_GETSTEPMOTORSTATUS?STEPMOTOR
            CODE    3A06H     0031H     UNIT         ?PR?_ADCINIT?ADC
            CODE    3A37H     0031H     UNIT         ?PR?_SETUART2RXD?UART2
            CODE    3A68H     0031H     UNIT         ?PR?_SETUART1RXD?UART1
            CODE    3A99H     002FH     UNIT         ?PR?_UART2PRINT?UART2
            CODE    3AC8H     002EH     UNIT         ?PR?_DS1302READ?DS1302
            CODE    3AF6H     002BH     UNIT         ?PR?SYS_TASK_1S?SYS
            CODE    3B21H     002BH     UNIT         ?PR?INITRTC?TIME_MODULE
            CODE    3B4CH     002BH     UNIT         ?PR?_NVTEMPTHRESHOLDWRITE?NV_TEMP_THRESHOLD
            CODE    3B77H     002AH     UNIT         ?PR?NVTEMPTHRESHOLDREAD?NV_TEMP_THRESHOLD
            CODE    3BA1H     0029H     UNIT         ?PR?_NVM_WRITE?DS1302
            CODE    3BCAH     0028H     UNIT         ?PR?_?SYS_BEEP_DRV?BEEP
            CODE    3BF2H     0028H     UNIT         ?PR?_IIC_RADIO_WRITEBYTE?FM_RADIO
            CODE    3C1AH     0028H     UNIT         ?PR?_UART1PRINT?UART1
            CODE    3C42H     0025H     UNIT         ?PR?FMRADIOINIT?FM_RADIO
            CODE    3C67H     0024H     UNIT         ?PR?RESPONS?M24C02
            CODE    3C8BH     0024H     UNIT         ?PR?_WRITEBYTE?M24C02
            CODE    3CAFH     0023H     UNIT         ?PR?AUTODOOR_OPEN?ULTRASONIC_MODULE
            CODE    3CD2H     0023H     UNIT         ?PR?AUTODOOR_CLOSE?ULTRASONIC_MODULE
            CODE    3CF5H     0022H     UNIT         ?PR?READBYTE?M24C02
            CODE    3D17H     0020H     UNIT         ?PR?BEEPINIT?BEEP
            CODE    3D37H     0020H     UNIT         ?PR?_SEG7PRINT?DISPLAYER
            CODE    3D57H     0020H     UNIT         ?PR?_DS1302WRITE?DS1302
BL51 BANKED LINKER/LOCATER V6.22.4.0                                                  09/16/2025  23:08:06  PAGE 5


            CODE    3D77H     001DH     UNIT         ?PR?KEYINIT?KEY
            CODE    3D94H     001CH     UNIT         ?PR?_M24C02_READ?M24C02
            CODE    3DB0H     001CH     UNIT         ?PR?IIC_RADIO_ACK?FM_RADIO
            CODE    3DCCH     001CH     UNIT         ?PR?_STRCHR?STRCHR
            CODE    3DE8H     001BH     UNIT         ?PR?DISPLAYERINIT?DISPLAYER
            CODE    3E03H     0019H     UNIT         ?PR?_DS1302WRITEBYTE?DS1302
            CODE    3E1CH     0019H     UNIT         ?PR?RTC_WRITE?DS1302
            CODE    3E35H     0018H     UNIT         ?PR?SHOWSTATUS?NAV_HANDLER
            CODE    3E4DH     0018H     UNIT         ?PR?STEPMOTORINIT?STEPMOTOR
            CODE    3E65H     0018H     UNIT         ?PR?DS1302READBYTE?DS1302
            CODE    3E7DH     0017H     UNIT         ?PR?ULTRASONICINIT?ULTRASONIC_MODULE
            CODE    3E94H     0015H     UNIT         ?PR?MYUART1CLEARRXBUFFER?MY_UART1
            CODE    3EA9H     0015H     UNIT         ?PR?_M24C02_WRITE?M24C02
            CODE    3EBEH     0015H     UNIT         ?PR?_STRLEN?STRLEN
            CODE    3ED3H     0014H     UNIT         ?PR?MYUART2RXD_CALLBACK?VOICE_MODULE
            CODE    3EE7H     0013H     UNIT         ?PR?_DELAY?FM_RADIO
            CODE    3EFAH     0013H     UNIT         ?PR?IIC_RADIO_START?FM_RADIO
            CODE    3F0DH     0013H     UNIT         ?PR?_ISSPACE?ISSPACE
            CODE    3F20H     0012H     UNIT         ?PR?GETSPEED?SPEED_MODULE
            CODE    3F32H     0012H     UNIT         ?PR?_NVISVALIDTHRESHOLD?NV_TEMP_THRESHOLD
            CODE    3F44H     0012H     UNIT         ?PR?_NVM_READ?DS1302
            CODE    3F56H     0011H     UNIT         ?PR?_SETCCP0?SYS
            CODE    3F67H     0010H     UNIT         ?PR?GETDECODE?EXT
            CODE    3F77H     0010H     UNIT         ?PR?_SETTRAINID?TRAIN_ID_MODULE
            CODE    3F87H     0010H     UNIT         ?PR?START?M24C02
            CODE    3F97H     000FH     UNIT         ?PR?_?SYS_GET_UART2RXDEVENT?UART2
            CODE    3FA6H     000FH     UNIT         ?PR?GETULTRASONICDISTANCE?ULTRASONIC_MODULE
            CODE    3FB5H     000FH     UNIT         ?PR?_?SYS_GET_UART1RXDEVENT?UART1
            CODE    3FC4H     000FH     UNIT         ?PR?_ISDIGIT?ISDIGIT
            CODE    3FD3H     000EH     UNIT         ?PR?_?SYS_GET_KNEVENT?ADC
            CODE    3FE1H     000EH     UNIT         ?PR?_?SYS_GET_EXTADCEVENT?ADC
            CODE    3FEFH     000EH     UNIT         ?PR?_?SYS_GET_KEYEVENT?KEY
            CODE    3FFDH     000EH     UNIT         ?PR?AUTODOOR_ISMOTORFREE?ULTRASONIC_MODULE
            CODE    400BH     000CH     UNIT         ?PR?GETBEEPSTATUS?BEEP
            CODE    4017H     000CH     UNIT         ?PR?IIC_RADIO_STOP?FM_RADIO
            CODE    4023H     000BH     UNIT         ?PR?GETUART2TXSTATUS?UART2
            CODE    402EH     000BH     UNIT         ?PR?MYUART1PROCESSRXDATA?MY_UART1
            CODE    4039H     000BH     UNIT         ?PR?INITTRAINID?TRAIN_ID_MODULE
            CODE    4044H     000BH     UNIT         ?PR?GETUART1TXSTATUS?UART1
            CODE    404FH     0009H     UNIT         ?CO?ADC
            CODE    4058H     0009H     UNIT         ?PR?_SETDISPLAYERAREA?DISPLAYER
            CODE    4061H     0009H     UNIT         ?PR?GETBEEPTIMER?SYS
            CODE    406AH     0009H     UNIT         ?PR?_SETBEEPTIMER?SYS
            CODE    4073H     0009H     UNIT         ?PR?GETWEIGHT?EXT
            CODE    407CH     0007H     UNIT         ?PR?GETSYSPERFORMANCE?SYS
            CODE    4083H     0007H     UNIT         ?PR?RTC_READ?DS1302
            CODE    408AH     0006H     UNIT         ?PR?ADC_ISR?ADC
            CODE    4090H     0006H     UNIT         ?PR?_LEDPRINT?DISPLAYER
            CODE    4096H     0006H     UNIT         ?PR?MYSTC_INIT?SYS
            CODE    409CH     0006H     UNIT         ?CO?MY_UART1
            CODE    40A2H     0003H     UNIT         ?PR?_?RET0FUNC?SYS
            CODE    40A5H     0003H     UNIT         ?PR?CLRBEEPPIN?SYS



OVERLAY MAP OF MODULE:   .\output\BSP_Demo (MAIN)

BL51 BANKED LINKER/LOCATER V6.22.4.0                                                  09/16/2025  23:08:06  PAGE 6



SEGMENT                                             BIT_GROUP          DATA_GROUP          XDATA_GROUP
  +--> CALLED SEGMENT                            START    LENGTH     START    LENGTH     START    LENGTH
--------------------------------------------------------------------------------------------------------
?C_C51STARTUP                                    -----    -----      -----    -----      -----    -----
  +--> ?PR?MAIN?MAIN
  +--> ?C_INITSEG

?PR?MAIN?MAIN                                    -----    -----      -----    -----      -----    -----
  +--> ?PR?_ADCINIT?ADC
  +--> ?PR?DISPLAYERINIT?DISPLAYER
  +--> ?PR?KEYINIT?KEY
  +--> ?PR?BEEPINIT?BEEP
  +--> ?PR?_SETDISPLAYERAREA?DISPLAYER
  +--> ?PR?_UART2INIT?UART2
  +--> ?PR?MYUART1INIT?MY_UART1
  +--> ?PR?NVTEMPTHRESHOLDINIT?NV_TEMP_THRES...
  +--> ?PR?INITRTC?TIME_MODULE
  +--> ?PR?_EXTINIT?EXT
  +--> ?PR?ULTRASONICINIT?ULTRASONIC_MODULE
  +--> ?PR?RADIO_INIT?RADIO_MODULE
  +--> ?PR?INITTRAINID?TRAIN_ID_MODULE
  +--> ?PR?_SETUART2RXD?UART2
  +--> ?PR?MYUART2RXD_CALLBACK?VOICE_MODULE
  +--> ?PR?_SETEVENTCALLBACK?SYS
  +--> ?PR?MY1S_CALLBACK?CORE
  +--> ?PR?NAVHANDLER?NAV_HANDLER
  +--> ?PR?MYSTC_INIT?SYS
  +--> ?PR?MYSTC_OS?SYS

?PR?_ADCINIT?ADC                                 -----    -----      -----    -----      -----    -----
  +--> ?PR?_?SYS_ADC_DRV?ADC
  +--> ?PR?_?SYS_GET_KNEVENT?ADC
  +--> ?PR?_?SYS_GET_EXTADCEVENT?ADC

?PR?_?SYS_ADC_DRV?ADC                            -----    -----      -----    -----      -----    -----
  +--> ?CO?ADC

?PR?DISPLAYERINIT?DISPLAYER                      -----    -----      -----    -----      -----    -----
  +--> ?PR?_?SYS_DISPLAY_DRV?DISPLAYER

?PR?_?SYS_DISPLAY_DRV?DISPLAYER                  -----    -----      -----    -----      -----    -----
  +--> ?CO?DECODE_TABLE

?PR?KEYINIT?KEY                                  -----    -----      -----    -----      -----    -----
  +--> ?PR?_?SYS_GET_KEYEVENT?KEY
  +--> ?PR?_?SYS_KEY_DRV?KEY

?PR?BEEPINIT?BEEP                                -----    -----      -----    -----      -----    -----
  +--> ?PR?CLRBEEPPIN?SYS
  +--> ?PR?_?SYS_BEEP_DRV?BEEP

?PR?_?SYS_BEEP_DRV?BEEP                          -----    -----      -----    -----      -----    -----
  +--> ?PR?GETBEEPTIMER?SYS
  +--> ?PR?_SETBEEPTIMER?SYS

?PR?_UART2INIT?UART2                             -----    -----      0008H    0005H      -----    -----
BL51 BANKED LINKER/LOCATER V6.22.4.0                                                  09/16/2025  23:08:06  PAGE 7


  +--> ?PR?_?NULLFUNC0?UART2
  +--> ?CO?CORE
  +--> ?PR?_?SYS_GET_UART2RXDEVENT?UART2

?PR?MYUART1INIT?MY_UART1                         -----    -----      -----    -----      -----    -----
  +--> ?PR?_UART1INIT?UART1
  +--> ?PR?UART1RXDCALLBACK?MY_UART1
  +--> ?PR?_SETEVENTCALLBACK?SYS
  +--> ?PR?_SETUART1RXD?UART1

?PR?_UART1INIT?UART1                             -----    -----      0008H    0004H      -----    -----
  +--> ?CO?CORE
  +--> ?PR?_?SYS_GET_UART1RXDEVENT?UART1

?PR?UART1RXDCALLBACK?MY_UART1                    -----    -----      -----    -----      -----    -----
  +--> ?PR?_STRCHR?STRCHR
  +--> ?PR?_PARSECOMMAND?MY_UART1
  +--> ?PR?MYUART1CLEARRXBUFFER?MY_UART1

?PR?_PARSECOMMAND?MY_UART1                       -----    -----      0008H    0005H      00B2H    0031H
  +--> ?PR?_STRLEN?STRLEN
  +--> ?CO?MY_UART1
  +--> ?PR?_ATOI?ATOI
  +--> ?PR?_STRTOK?STRTOK
  +--> ?PR?_NVTEMPTHRESHOLDUPDATE?NV_TEMP_TH...

?PR?_ATOI?ATOI                                   0022H.1  0000H.1    000DH    0005H      -----    -----
  +--> ?PR?_ISSPACE?ISSPACE
  +--> ?PR?_ISDIGIT?ISDIGIT

?PR?_STRTOK?STRTOK                               -----    -----      000DH    0006H      -----    -----
  +--> ?PR?_STRSPN?STRSPN
  +--> ?PR?_STRPBRK?STRPBRK

?PR?_STRSPN?STRSPN                               -----    -----      0013H    0008H      -----    -----

?PR?_STRPBRK?STRPBRK                             -----    -----      0013H    0009H      -----    -----

?PR?_NVTEMPTHRESHOLDUPDATE?NV_TEMP_TH...         -----    -----      000DH    0001H      00E3H    0001H
  +--> ?PR?NVTEMPTHRESHOLDINIT?NV_TEMP_THRES...
  +--> ?PR?_NVISVALIDTHRESHOLD?NV_TEMP_THRES...
  +--> ?PR?NVTEMPTHRESHOLDREAD?NV_TEMP_THRES...
  +--> ?PR?_NVTEMPTHRESHOLDWRITE?NV_TEMP_THR...

?PR?NVTEMPTHRESHOLDINIT?NV_TEMP_THRES...         -----    -----      000FH    0001H      00E5H    0001H
  +--> ?PR?_M24C02_READ?M24C02
  +--> ?PR?_NVISVALIDTHRESHOLD?NV_TEMP_THRES...

?PR?_M24C02_READ?M24C02                          -----    -----      -----    -----      -----    -----
  +--> ?PR?START?M24C02
  +--> ?PR?RESPONS?M24C02
  +--> ?PR?_WRITEBYTE?M24C02
  +--> ?PR?READBYTE?M24C02
  +--> ?PR?STOP?M24C02

?PR?RESPONS?M24C02                               -----    -----      -----    -----      -----    -----
  +--> ?PR?_WRITEBYTE?M24C02
BL51 BANKED LINKER/LOCATER V6.22.4.0                                                  09/16/2025  23:08:06  PAGE 8



?PR?NVTEMPTHRESHOLDREAD?NV_TEMP_THRES...         -----    -----      -----    -----      00E4H    0001H
  +--> ?PR?NVTEMPTHRESHOLDINIT?NV_TEMP_THRES...
  +--> ?PR?_M24C02_READ?M24C02
  +--> ?PR?_NVISVALIDTHRESHOLD?NV_TEMP_THRES...

?PR?_NVTEMPTHRESHOLDWRITE?NV_TEMP_THR...         -----    -----      000EH    0001H      -----    -----
  +--> ?PR?NVTEMPTHRESHOLDINIT?NV_TEMP_THRES...
  +--> ?PR?_NVISVALIDTHRESHOLD?NV_TEMP_THRES...
  +--> ?PR?_M24C02_WRITE?M24C02

?PR?_M24C02_WRITE?M24C02                         -----    -----      -----    -----      -----    -----
  +--> ?PR?START?M24C02
  +--> ?PR?_WRITEBYTE?M24C02
  +--> ?PR?RESPONS?M24C02
  +--> ?PR?STOP?M24C02

?PR?_SETEVENTCALLBACK?SYS                        -----    -----      0008H    0003H      -----    -----

?PR?_SETUART1RXD?UART1                           -----    -----      0008H    000AH      -----    -----

?PR?INITRTC?TIME_MODULE                          -----    -----      -----    -----      -----    -----
  +--> ?PR?DS1302INIT?DS1302

?PR?DS1302INIT?DS1302                            -----    -----      0008H    0007H      -----    -----
  +--> ?PR?_DS1302READ?DS1302
  +--> ?PR?_DS1302WRITE?DS1302
  +--> ?PR?_NVM_READ?DS1302
  +--> ?PR?RTC_WRITE?DS1302
  +--> ?PR?_NVM_WRITE?DS1302
  +--> ?PR?_?SYS_DS1302_DRV?DS1302

?PR?_DS1302READ?DS1302                           -----    -----      -----    -----      -----    -----
  +--> ?PR?_DS1302WRITEBYTE?DS1302
  +--> ?PR?DS1302READBYTE?DS1302

?PR?_DS1302WRITE?DS1302                          -----    -----      -----    -----      -----    -----
  +--> ?PR?_DS1302WRITEBYTE?DS1302

?PR?_NVM_READ?DS1302                             -----    -----      -----    -----      -----    -----
  +--> ?PR?_DS1302READ?DS1302

?PR?RTC_WRITE?DS1302                             -----    -----      000FH    0007H      -----    -----

?PR?_NVM_WRITE?DS1302                            -----    -----      -----    -----      -----    -----
  +--> ?PR?_DS1302WRITE?DS1302

?PR?_?SYS_DS1302_DRV?DS1302                      -----    -----      -----    -----      -----    -----
  +--> ?PR?_DS1302READ?DS1302
  +--> ?PR?_DS1302WRITE?DS1302

?PR?_EXTINIT?EXT                                 -----    -----      -----    -----      -----    -----
  +--> ?PR?_?SYS_EXT_DRV?EXT

?PR?_?SYS_EXT_DRV?EXT                            -----    -----      -----    -----      -----    -----
  +--> ?PR?READCOUNT?EXT

BL51 BANKED LINKER/LOCATER V6.22.4.0                                                  09/16/2025  23:08:06  PAGE 9


?PR?READCOUNT?EXT                                -----    -----      0008H    0005H      -----    -----

?PR?ULTRASONICINIT?ULTRASONIC_MODULE             -----    -----      -----    -----      -----    -----
  +--> ?PR?STEPMOTORINIT?STEPMOTOR

?PR?STEPMOTORINIT?STEPMOTOR                      -----    -----      -----    -----      -----    -----
  +--> ?PR?_?SYS_STEPMOTOR_DRV?STEPMOTOR

?PR?_?SYS_STEPMOTOR_DRV?STEPMOTOR                -----    -----      -----    -----      -----    -----
  +--> ?PR?_LEDPRINT?DISPLAYER

?PR?RADIO_INIT?RADIO_MODULE                      -----    -----      -----    -----      -----    -----
  +--> ?PR?FMRADIOINIT?FM_RADIO
  +--> ?PR?SETFMRADIO?FM_RADIO

?PR?FMRADIOINIT?FM_RADIO                         -----    -----      0008H    0006H      -----    -----
  +--> ?PR?SETFMRADIO?FM_RADIO
  +--> ?PR?_?SYS_FMRADIO_DRV?FM_RADIO

?PR?SETFMRADIO?FM_RADIO                          -----    -----      000EH    0006H      -----    -----
  +--> ?PR?GETFMRADIO?FM_RADIO

?PR?GETFMRADIO?FM_RADIO                          -----    -----      0014H    0006H      -----    -----

?PR?_?SYS_FMRADIO_DRV?FM_RADIO                   -----    -----      -----    -----      -----    -----
  +--> ?PR?IIC_RADIO_START?FM_RADIO
  +--> ?PR?_IIC_RADIO_WRITEBYTE?FM_RADIO
  +--> ?PR?IIC_RADIO_ACK?FM_RADIO
  +--> ?PR?IIC_RADIO_STOP?FM_RADIO

?PR?IIC_RADIO_START?FM_RADIO                     -----    -----      -----    -----      -----    -----
  +--> ?PR?_DELAY?FM_RADIO

?PR?_IIC_RADIO_WRITEBYTE?FM_RADIO                -----    -----      -----    -----      -----    -----
  +--> ?PR?_DELAY?FM_RADIO

?PR?IIC_RADIO_ACK?FM_RADIO                       -----    -----      -----    -----      -----    -----
  +--> ?PR?_DELAY?FM_RADIO

?PR?IIC_RADIO_STOP?FM_RADIO                      -----    -----      -----    -----      -----    -----
  +--> ?PR?_DELAY?FM_RADIO

?PR?INITTRAINID?TRAIN_ID_MODULE                  -----    -----      -----    -----      -----    -----
  +--> ?PR?_NVM_READ?DS1302

?PR?_SETUART2RXD?UART2                           -----    -----      0008H    000AH      -----    -----

?PR?MY1S_CALLBACK?CORE                           -----    -----      -----    -----      -----    -----
  +--> ?PR?UPDATETIME?TIME_MODULE
  +--> ?PR?UPDATETEMP?TEMP_MODULE
  +--> ?PR?GETSPEED?SPEED_MODULE
  +--> ?PR?SHOWSTATUS?NAV_HANDLER
  +--> ?PR?CHECKCOUNTDOWNEVENT?VOICE_MODULE
  +--> ?PR?ULTRASONICUPDATEANDDISPLAY?ULTRAS...
  +--> ?PR?MYUART1SENDCURRENTSTATUS?MY_UART1

?PR?UPDATETIME?TIME_MODULE                       -----    -----      0008H    0002H      -----    -----
BL51 BANKED LINKER/LOCATER V6.22.4.0                                                  09/16/2025  23:08:06  PAGE 10


  +--> ?PR?RTC_READ?DS1302
  +--> ?PR?RESETTIMER?TIME_MODULE
  +--> ?PR?RTC_WRITE?DS1302

?PR?RESETTIMER?TIME_MODULE                       -----    -----      -----    -----      00B2H    0002H
  +--> ?PR?GETSPEED?SPEED_MODULE
  +--> ?PR?RTC_WRITE?DS1302

?PR?UPDATETEMP?TEMP_MODULE                       -----    -----      -----    -----      -----    -----
  +--> ?PR?GETADC?ADC
  +--> ?CO?TEMP_MODULE

?PR?SHOWSTATUS?NAV_HANDLER                       -----    -----      -----    -----      -----    -----
  +--> ?PR?SHOWTIME?TIME_MODULE
  +--> ?PR?SHOWTEMP?TEMP_MODULE
  +--> ?PR?SHOWSPEED?SPEED_MODULE

?PR?SHOWTIME?TIME_MODULE                         -----    -----      -----    -----      -----    -----
  +--> ?PR?RTC_READ?DS1302
  +--> ?PR?_SEG7PRINT?DISPLAYER

?PR?_SEG7PRINT?DISPLAYER                         -----    -----      0008H    0008H      -----    -----

?PR?SHOWTEMP?TEMP_MODULE                         -----    -----      -----    -----      -----    -----
  +--> ?PR?_SEG7PRINT?DISPLAYER

?PR?SHOWSPEED?SPEED_MODULE                       -----    -----      -----    -----      -----    -----
  +--> ?PR?_SEG7PRINT?DISPLAYER

?PR?CHECKCOUNTDOWNEVENT?VOICE_MODULE             -----    -----      -----    -----      00B2H    0002H
  +--> ?CO?VOICE_MODULE
  +--> ?PR?_UART2PRINT?UART2

?PR?ULTRASONICUPDATEANDDISPLAY?ULTRAS...         -----    -----      -----    -----      -----    -----
  +--> ?PR?GETULTRASONICDISTANCE?ULTRASONIC_...
  +--> ?PR?AUTODOOR_OPEN?ULTRASONIC_MODULE
  +--> ?PR?AUTODOOR_CLOSE?ULTRASONIC_MODULE

?PR?GETULTRASONICDISTANCE?ULTRASONIC_...         -----    -----      -----    -----      -----    -----
  +--> ?PR?GETULTRASONIC?SYS

?PR?GETULTRASONIC?SYS                            -----    -----      0008H    0002H      -----    -----
  +--> ?CO?CORE

?PR?AUTODOOR_OPEN?ULTRASONIC_MODULE              -----    -----      -----    -----      -----    -----
  +--> ?PR?_GETSTEPMOTORSTATUS?STEPMOTOR
  +--> ?PR?_SETSTEPMOTOR?STEPMOTOR

?PR?_SETSTEPMOTOR?STEPMOTOR                      -----    -----      0008H    0001H      -----    -----

?PR?AUTODOOR_CLOSE?ULTRASONIC_MODULE             -----    -----      -----    -----      -----    -----
  +--> ?PR?_GETSTEPMOTORSTATUS?STEPMOTOR
  +--> ?PR?_SETSTEPMOTOR?STEPMOTOR

?PR?MYUART1SENDCURRENTSTATUS?MY_UART1            -----    -----      -----    -----      00B2H    0002H
  +--> ?PR?GETUART1TXSTATUS?UART1
  +--> ?CO?MY_UART1
BL51 BANKED LINKER/LOCATER V6.22.4.0                                                  09/16/2025  23:08:06  PAGE 11


  +--> ?PR?_STRLEN?STRLEN
  +--> ?PR?_MY_UTOA?MY_UART1
  +--> ?PR?_UART1PRINT?UART1

?PR?_MY_UTOA?MY_UART1                            -----    -----      0008H    0003H      00B4H    0012H

?PR?NAVHANDLER?NAV_HANDLER                       -----    -----      -----    -----      00B2H    0004H
  +--> ?PR?_GETADCNAVACT?ADC
  +--> ?PR?SETFMRADIO?FM_RADIO

?PR?MYSTC_INIT?SYS                               -----    -----      -----    -----      -----    -----
  +--> ?PR?SYS_TIMER0_INIT?SYS

?PR?SYS_TIMER0_INIT?SYS                          -----    -----      -----    -----      -----    -----
  +--> ?CO?CORE

?PR?MYSTC_OS?SYS                                 -----    -----      -----    -----      -----    -----
  +--> ?PR?SYS_TASK_IR?SYS
  +--> ?PR?SYS_TASK_1MS?SYS
  +--> ?PR?SYS_TASK_10MS?SYS
  +--> ?PR?SYS_TASK_100MS?SYS
  +--> ?PR?SYS_TASK_1S?SYS

?C_INITSEG                                       -----    -----      -----    -----      -----    -----
  +--> ?PR?_?NULLFUNC?SYS
  +--> ?PR?_?RET0FUNC?SYS



SYMBOL TABLE OF MODULE:  .\output\BSP_Demo (MAIN)

  VALUE           TYPE          NAME
  ----------------------------------

  -------         MODULE        MAIN
  C:0000H         SYMBOL        _ICE_DUMMY_
  D:0080H         PUBLIC        P0
  D:0090H         PUBLIC        P1
  D:00A0H         PUBLIC        P2
  D:00B0H         PUBLIC        P3
  D:00C0H         PUBLIC        P4
  D:00C8H         PUBLIC        P5
  D:00E8H         PUBLIC        P6
  D:00F8H         PUBLIC        P7
  D:00A8H         PUBLIC        IE
  D:00B8H         PUBLIC        IP
  D:00D8H         PUBLIC        CCON
  C:30FEH         PUBLIC        main
  D:0098H         PUBLIC        SCON
  D:0088H         PUBLIC        TCON
  D:00D0H         PUBLIC        PSW
  -------         PROC          MAIN
  C:30FEH         LINE#         3
  C:30FEH         LINE#         4
  C:3103H         LINE#         5
  C:3106H         LINE#         6
  C:3109H         LINE#         7
BL51 BANKED LINKER/LOCATER V6.22.4.0                                                  09/16/2025  23:08:06  PAGE 12


  C:310CH         LINE#         8
  C:3113H         LINE#         9
  C:311FH         LINE#         10
  C:3122H         LINE#         11
  C:3125H         LINE#         12
  C:3128H         LINE#         13
  C:312DH         LINE#         14
  C:3130H         LINE#         15
  C:3133H         LINE#         16
  C:3136H         LINE#         17
  C:3150H         LINE#         18
  C:315BH         LINE#         19
  C:3166H         LINE#         20
  C:3171H         LINE#         21
  C:3174H         LINE#         23
  C:3174H         LINE#         24
  C:3177H         LINE#         25
  -------         ENDPROC       MAIN
  -------         ENDMOD        MAIN

  -------         MODULE        ADC
  C:0000H         SYMBOL        _ICE_DUMMY_
  D:0080H         PUBLIC        P0
  D:0090H         PUBLIC        P1
  D:00A0H         PUBLIC        P2
  C:3FD3H         PUBLIC        _?sys_get_KNEvent
  D:0049H         PUBLIC        sys_EXTADCEvent
  D:00B0H         PUBLIC        P3
  D:00C0H         PUBLIC        P4
  D:00C8H         PUBLIC        P5
  D:00E8H         PUBLIC        P6
  D:00F8H         PUBLIC        P7
  B:00A8H.5       PUBLIC        EADC
  D:00A8H         PUBLIC        IE
  D:00BDH         PUBLIC        ADC_RES
  D:00B8H         PUBLIC        IP
  D:0097H         PUBLIC        CLK_DIV
  C:3A06H         PUBLIC        _AdcInit
  D:00D8H         PUBLIC        CCON
  C:3FE1H         PUBLIC        _?sys_get_EXTADCEvent
  X:00E8H         PUBLIC        AD_res
  D:00BCH         PUBLIC        ADC_CONTR
  D:0098H         PUBLIC        SCON
  D:0088H         PUBLIC        TCON
  C:1DC9H         PUBLIC        _?sys_ADC_drv
  B:0021H.7       PUBLIC        flag_ADC
  X:00F2H         PUBLIC        sys_KN
  D:009DH         PUBLIC        P1ASF
  D:004AH         PUBLIC        sys_KNEvent
  D:00BEH         PUBLIC        ADC_RESL
  C:0003H         PUBLIC        GetADC
  C:3670H         PUBLIC        _GetAdcNavAct
  C:408AH         PUBLIC        ADC_isr
  D:00D0H         PUBLIC        PSW
  -------         PROC          ADC_ISR
  C:408AH         LINE#         26
  C:408AH         LINE#         27
BL51 BANKED LINKER/LOCATER V6.22.4.0                                                  09/16/2025  23:08:06  PAGE 13


  C:408DH         LINE#         28
  C:408FH         LINE#         29
  -------         ENDPROC       ADC_ISR
  -------         PROC          _?SYS_ADC_DRV
  -------         DO            
  X:00E6H         SYMBOL        pc
  X:00E7H         SYMBOL        counter
  i:0000H         SYMBOL        i
  C:404FH         SYMBOL        ADC_ch
  -------         ENDDO         
  C:1DC9H         LINE#         31
  C:1DCBH         LINE#         35
  C:1DD1H         LINE#         36
  C:1DD3H         LINE#         37
  C:1E01H         LINE#         38
  C:1E01H         LINE#         39
  C:1E01H         LINE#         40
  C:1E11H         LINE#         41
  C:1E13H         LINE#         42
  C:1E13H         LINE#         43
  C:1E13H         LINE#         44
  C:1E27H         LINE#         45
  C:1E2AH         LINE#         46
  C:1E2DH         LINE#         47
  C:1E3DH         LINE#         48
  C:1E3FH         LINE#         49
  C:1E53H         LINE#         50
  C:1E56H         LINE#         51
  C:1E6AH         LINE#         52
  C:1E7DH         LINE#         53
  C:1E95H         LINE#         54
  C:1EA0H         LINE#         55
  C:1EA3H         LINE#         56
  C:1EB3H         LINE#         57
  C:1EC7H         LINE#         58
  C:1EDCH         LINE#         59
  C:1EEDH         LINE#         60
  C:1EEFH         LINE#         61
  C:1EEFH         LINE#         62
  C:1EF1H         LINE#         64
  C:1F08H         LINE#         65
  C:1F19H         LINE#         66
  C:1F1CH         LINE#         67
  C:1F1CH         LINE#         68
  C:1F1CH         LINE#         69
  C:1F3FH         LINE#         70
  C:1F50H         LINE#         71
  C:1F54H         LINE#         72
  C:1F54H         LINE#         73
  C:1F54H         LINE#         74
  C:1F5AH         LINE#         75
  C:1F5AH         LINE#         76
  C:1F5AH         LINE#         77
  C:1F66H         LINE#         78
  C:1F72H         LINE#         79
  C:1F72H         LINE#         80
  -------         ENDPROC       _?SYS_ADC_DRV
BL51 BANKED LINKER/LOCATER V6.22.4.0                                                  09/16/2025  23:08:06  PAGE 14


  -------         PROC          _?SYS_GET_KNEVENT
  -------         DO            
  i:0000H         SYMBOL        a
  -------         ENDDO         
  C:3FD3H         LINE#         82
  C:3FD5H         LINE#         84
  C:3FD9H         LINE#         85
  C:3FDCH         LINE#         86
  C:3FDEH         LINE#         87
  -------         ENDPROC       _?SYS_GET_KNEVENT
  -------         PROC          _?SYS_GET_EXTADCEVENT
  -------         DO            
  i:0000H         SYMBOL        a
  -------         ENDDO         
  C:3FE1H         LINE#         89
  C:3FE3H         LINE#         91
  C:3FE7H         LINE#         92
  C:3FEAH         LINE#         93
  C:3FECH         LINE#         94
  -------         ENDPROC       _?SYS_GET_EXTADCEVENT
  -------         PROC          _ADCINIT
  D:0007H         SYMBOL        ADCsel
  C:3A06H         LINE#         96
  C:3A06H         LINE#         97
  C:3A06H         LINE#         98
  C:3A08H         LINE#         99
  C:3A0BH         LINE#         100
  C:3A0EH         LINE#         101
  C:3A10H         LINE#         102
  C:3A1EH         LINE#         103
  C:3A2AH         LINE#         104
  C:3A36H         LINE#         105
  -------         ENDPROC       _ADCINIT
  -------         PROC          GETADC
  C:0003H         LINE#         107
  C:0003H         LINE#         108
  C:0009H         LINE#         109
  -------         ENDPROC       GETADC
  -------         PROC          _GETADCNAVACT
  D:0007H         SYMBOL        Nav_button
  -------         DO            
  D:0006H         SYMBOL        a
  -------         ENDDO         
  C:3670H         LINE#         111
  C:3670H         LINE#         112
  C:3670H         LINE#         113
  C:3680H         LINE#         114
  C:369BH         LINE#         115
  C:36B0H         LINE#         116
  C:36B3H         LINE#         117
  C:36B3H         LINE#         118
  C:36B5H         LINE#         119
  -------         ENDPROC       _GETADCNAVACT
  -------         ENDMOD        ADC

  -------         MODULE        BEEP
  C:0000H         SYMBOL        _ICE_DUMMY_
BL51 BANKED LINKER/LOCATER V6.22.4.0                                                  09/16/2025  23:08:06  PAGE 15


  D:0080H         PUBLIC        P0
  D:00B2H         PUBLIC        P3M0
  D:0090H         PUBLIC        P1
  D:00B1H         PUBLIC        P3M1
  D:00A0H         PUBLIC        P2
  D:00B0H         PUBLIC        P3
  D:00C0H         PUBLIC        P4
  D:00C8H         PUBLIC        P5
  D:00E8H         PUBLIC        P6
  D:00F8H         PUBLIC        P7
  D:00F9H         PUBLIC        CH
  C:3BCAH         PUBLIC        _?sys_beep_drv
  D:00A8H         PUBLIC        IE
  D:00E9H         PUBLIC        CL
  C:3D17H         PUBLIC        BeepInit
  B:00D8H.6       PUBLIC        CR
  D:00DAH         PUBLIC        CCAPM0
  D:00B8H         PUBLIC        IP
  D:00D9H         PUBLIC        CMOD
  D:00D8H         PUBLIC        CCON
  C:400BH         PUBLIC        GetBeepStatus
  C:3179H         PUBLIC        _SetBeep
  D:0098H         PUBLIC        SCON
  D:0088H         PUBLIC        TCON
  D:00D0H         PUBLIC        PSW
  B:00D8H.0       PUBLIC        CCF0
  -------         PROC          _?SYS_BEEP_DRV
  -------         DO            
  i:0000H         SYMBOL        a
  -------         ENDDO         
  C:3BCAH         LINE#         11
  C:3BCEH         LINE#         13
  C:3BD8H         LINE#         14
  C:3BEDH         LINE#         15
  -------         ENDPROC       _?SYS_BEEP_DRV
  -------         PROC          BEEPINIT
  C:3D17H         LINE#         17
  C:3D17H         LINE#         18
  C:3D17H         LINE#         19
  C:3D1AH         LINE#         20
  C:3D1DH         LINE#         21
  C:3D20H         LINE#         22
  C:3D23H         LINE#         23
  C:3D26H         LINE#         24
  C:3D28H         LINE#         25
  C:3D36H         LINE#         26
  -------         ENDPROC       BEEPINIT
  -------         PROC          _SETBEEP
  D:001CH         SYMBOL        Beep_freq
  D:001EH         SYMBOL        Beep_time
  -------         DO            
  D:0002H         SYMBOL        a
  D:0004H         SYMBOL        b
  -------         ENDDO         
  C:3179H         LINE#         28
  C:3181H         LINE#         29
  C:3181H         LINE#         31
BL51 BANKED LINKER/LOCATER V6.22.4.0                                                  09/16/2025  23:08:06  PAGE 16


  C:3188H         LINE#         32
  C:318FH         LINE#         33
  C:319AH         LINE#         34
  C:31C3H         LINE#         35
  C:31D7H         LINE#         36
  C:31DEH         LINE#         37
  C:31E0H         LINE#         38
  C:31E3H         LINE#         39
  C:31E5H         LINE#         41
  C:31E8H         LINE#         42
  C:31EBH         LINE#         43
  C:31EBH         LINE#         44
  C:31EEH         LINE#         45
  C:31EEH         LINE#         46
  C:31F0H         LINE#         47
  -------         ENDPROC       _SETBEEP
  -------         PROC          GETBEEPSTATUS
  C:400BH         LINE#         49
  C:400BH         LINE#         50
  C:4014H         LINE#         51
  C:4016H         LINE#         52
  -------         ENDPROC       GETBEEPSTATUS
  -------         ENDMOD        BEEP

  -------         MODULE        DISPLAYER
  C:0000H         SYMBOL        _ICE_DUMMY_
  D:0093H         PUBLIC        P0M1
  D:0096H         PUBLIC        P2M0
  D:0080H         PUBLIC        P0
  D:0095H         PUBLIC        P2M1
  D:0090H         PUBLIC        P1
  D:00A0H         PUBLIC        P2
  D:00B0H         PUBLIC        P3
  D:00C0H         PUBLIC        P4
  D:00C8H         PUBLIC        P5
  D:00E8H         PUBLIC        P6
  D:00F8H         PUBLIC        P7
  D:00A8H         PUBLIC        IE
  D:00B8H         PUBLIC        IP
  D:00D8H         PUBLIC        CCON
  C:4090H         PUBLIC        _LedPrint
  B:00A0H.0       PUBLIC        P20
  B:00A0H.1       PUBLIC        P21
  D:0098H         PUBLIC        SCON
  B:00A0H.2       PUBLIC        P22
  D:0088H         PUBLIC        TCON
  B:00A0H.3       PUBLIC        P23
  C:3DE8H         PUBLIC        DisplayerInit
  X:016CH         PUBLIC        sys_Disp
  C:4058H         PUBLIC        _SetDisplayerArea
  C:3D37H         PUBLIC        _Seg7Print
  C:24D0H         PUBLIC        _?sys_display_drv
  D:00D0H         PUBLIC        PSW
  D:0094H         PUBLIC        P0M0
  -------         PROC          _?SYS_DISPLAY_DRV
  C:24D0H         LINE#         16
  C:24D0H         LINE#         18
BL51 BANKED LINKER/LOCATER V6.22.4.0                                                  09/16/2025  23:08:06  PAGE 17


  C:24D3H         LINE#         19
  C:24FCH         LINE#         20
  C:2502H         LINE#         21
  C:2508H         LINE#         22
  C:250EH         LINE#         23
  C:2514H         LINE#         24
  C:251EH         LINE#         25
  C:2528H         LINE#         26
  C:2532H         LINE#         27
  C:253CH         LINE#         28
  C:253EH         LINE#         29
  C:253EH         LINE#         30
  C:2546H         LINE#         31
  C:256FH         LINE#         33
  C:258AH         LINE#         34
  C:258DH         LINE#         35
  C:258DH         LINE#         36
  C:25A4H         LINE#         37
  C:25B0H         LINE#         39
  C:25B8H         LINE#         40
  -------         ENDPROC       _?SYS_DISPLAY_DRV
  -------         PROC          DISPLAYERINIT
  C:3DE8H         LINE#         42
  C:3DE8H         LINE#         43
  C:3DE8H         LINE#         44
  C:3DEBH         LINE#         45
  C:3DEEH         LINE#         46
  C:3DF1H         LINE#         47
  C:3DF4H         LINE#         48
  C:3E02H         LINE#         49
  -------         ENDPROC       DISPLAYERINIT
  -------         PROC          _SETDISPLAYERAREA
  D:0007H         SYMBOL        Begin_of_scan
  D:0005H         SYMBOL        Ending_of_Scan
  C:4058H         LINE#         51
  C:4058H         LINE#         52
  C:405DH         LINE#         53
  C:4060H         LINE#         54
  -------         ENDPROC       _SETDISPLAYERAREA
  -------         PROC          _SEG7PRINT
  D:0007H         SYMBOL        d0
  D:0005H         SYMBOL        d1
  D:0003H         SYMBOL        d2
  D:000BH         SYMBOL        d3
  D:000CH         SYMBOL        d4
  D:000DH         SYMBOL        d5
  D:000EH         SYMBOL        d6
  D:000FH         SYMBOL        d7
  C:3D37H         LINE#         56
  C:3D37H         LINE#         57
  C:3D3CH         LINE#         58
  C:3D3FH         LINE#         59
  C:3D42H         LINE#         60
  C:3D46H         LINE#         61
  C:3D4AH         LINE#         62
  C:3D4EH         LINE#         63
  C:3D52H         LINE#         64
BL51 BANKED LINKER/LOCATER V6.22.4.0                                                  09/16/2025  23:08:06  PAGE 18


  C:3D56H         LINE#         65
  -------         ENDPROC       _SEG7PRINT
  -------         PROC          _LEDPRINT
  D:0007H         SYMBOL        led_val
  C:4090H         LINE#         67
  C:4090H         LINE#         68
  C:4095H         LINE#         69
  -------         ENDPROC       _LEDPRINT
  -------         ENDMOD        DISPLAYER

  -------         MODULE        KEY
  C:0000H         SYMBOL        _ICE_DUMMY_
  D:0080H         PUBLIC        P0
  D:0090H         PUBLIC        P1
  D:00A0H         PUBLIC        P2
  D:00B0H         PUBLIC        P3
  D:00C0H         PUBLIC        P4
  D:00C8H         PUBLIC        P5
  D:00E8H         PUBLIC        P6
  D:00F8H         PUBLIC        P7
  D:00A8H         PUBLIC        IE
  D:004FH         PUBLIC        sys_keyEvent
  D:00B8H         PUBLIC        IP
  D:00D8H         PUBLIC        CCON
  C:3FEFH         PUBLIC        _?sys_get_keyEvent
  D:0098H         PUBLIC        SCON
  D:0088H         PUBLIC        TCON
  C:20A5H         PUBLIC        _?sys_key_drv
  C:3D77H         PUBLIC        KeyInit
  B:00B0H.2       PUBLIC        IO_Key1
  B:00B0H.3       PUBLIC        IO_Key2
  B:0090H.7       PUBLIC        IO_Key3
  C:3804H         PUBLIC        _GetKeyAct
  X:0184H         PUBLIC        sys_Key
  D:00D0H         PUBLIC        PSW
  -------         PROC          _?SYS_KEY_DRV
  -------         DO            
  i:0000H         SYMBOL        i
  X:0183H         SYMBOL        counter
  -------         ENDDO         
  C:20A5H         LINE#         28
  C:20A7H         LINE#         31
  C:20B0H         LINE#         32
  C:20B9H         LINE#         33
  C:20C2H         LINE#         34
  C:20CDH         LINE#         35
  C:20D0H         LINE#         36
  C:20E2H         LINE#         37
  C:2100H         LINE#         38
  C:2119H         LINE#         39
  C:2135H         LINE#         40
  C:2137H         LINE#         41
  C:2137H         LINE#         42
  C:2139H         LINE#         44
  C:215AH         LINE#         45
  C:2170H         LINE#         46
  C:2173H         LINE#         47
BL51 BANKED LINKER/LOCATER V6.22.4.0                                                  09/16/2025  23:08:06  PAGE 19


  C:2173H         LINE#         48
  C:2173H         LINE#         49
  C:21A6H         LINE#         50
  C:21C1H         LINE#         51
  C:21C5H         LINE#         52
  C:21C5H         LINE#         53
  -------         ENDPROC       _?SYS_KEY_DRV
  -------         PROC          _?SYS_GET_KEYEVENT
  -------         DO            
  i:0000H         SYMBOL        a
  -------         ENDDO         
  C:3FEFH         LINE#         55
  C:3FF1H         LINE#         57
  C:3FF5H         LINE#         58
  C:3FF8H         LINE#         59
  C:3FFAH         LINE#         60
  -------         ENDPROC       _?SYS_GET_KEYEVENT
  -------         PROC          KEYINIT
  C:3D77H         LINE#         62
  C:3D77H         LINE#         63
  C:3D77H         LINE#         64
  C:3D85H         LINE#         65
  C:3D93H         LINE#         66
  -------         ENDPROC       KEYINIT
  -------         PROC          _GETKEYACT
  D:0007H         SYMBOL        Key
  -------         DO            
  D:0006H         SYMBOL        a
  -------         ENDDO         
  C:3804H         LINE#         68
  C:3804H         LINE#         69
  C:3804H         LINE#         70
  C:380EH         LINE#         71
  C:3829H         LINE#         72
  C:383EH         LINE#         73
  C:3841H         LINE#         74
  C:3841H         LINE#         75
  C:3843H         LINE#         76
  -------         ENDPROC       _GETKEYACT
  -------         ENDMOD        KEY

  -------         MODULE        SYS
  C:0000H         SYMBOL        _ICE_DUMMY_
  X:0000H         PUBLIC        count_1mS
  B:00D8H.2       PUBLIC        CCF2
  D:0080H         PUBLIC        P0
  B:0020H.1       PUBLIC        flag_1S
  D:0090H         PUBLIC        P1
  D:00A0H         PUBLIC        P2
  D:00B0H         PUBLIC        P3
  D:00C0H         PUBLIC        P4
  X:0001H         PUBLIC        T1
  D:00C8H         PUBLIC        P5
  X:0003H         PUBLIC        T2
  B:00A8H.7       PUBLIC        EA
  D:00E8H         PUBLIC        P6
  D:00F8H         PUBLIC        P7
BL51 BANKED LINKER/LOCATER V6.22.4.0                                                  09/16/2025  23:08:06  PAGE 20


  D:0024H         PUBLIC        IrDatNum
  B:00D8H.7       PUBLIC        CF
  B:0020H.2       PUBLIC        Ir_Coder
  B:0020H.3       PUBLIC        Ir_RxBusy
  D:00A8H         PUBLIC        IE
  B:0020H.4       PUBLIC        Ir_TxBusy
  X:0005H         PUBLIC        userfunccall
  D:00FAH         PUBLIC        CCAP0H
  D:00FBH         PUBLIC        CCAP1H
  C:2EF2H         PUBLIC        sys_task_Ir
  D:0025H         PUBLIC        IrCount_j
  D:0026H         PUBLIC        IrRx_count
  D:0027H         PUBLIC        IrProtocol
  D:00EAH         PUBLIC        CCAP0L
  D:0028H         PUBLIC        IrTx_count
  D:00EBH         PUBLIC        CCAP1L
  D:00DAH         PUBLIC        CCAPM0
  D:00DBH         PUBLIC        CCAPM1
  D:0029H         PUBLIC        MainLoops
  D:00B8H         PUBLIC        IP
  B:00D0H.7       PUBLIC        CY
  B:0020H.5       PUBLIC        flag_10mS
  D:00D8H         PUBLIC        CCON
  C:4061H         PUBLIC        GetBeepTimer
  C:358FH         PUBLIC        sys_Timer0_isr
  C:3081H         PUBLIC        _SetEventCallBack
  C:4096H         PUBLIC        MySTC_Init
  C:3844H         PUBLIC        sys_task_100mS
  D:002DH         PUBLIC        ModBus_interval_time
  C:40A2H         PUBLIC        _?ret0func
  C:353CH         PUBLIC        GetUltraSonic
  X:0029H         PUBLIC        count_10mS
  X:002AH         PUBLIC        stcDrivers
  C:406AH         PUBLIC        _SetBeepTimer
  B:0020H.6       PUBLIC        flag_IrRxFinished
  D:0098H         PUBLIC        SCON
  C:3F56H         PUBLIC        _SetCCP0
  C:3883H         PUBLIC        MySTC_OS
  D:0089H         PUBLIC        TMOD
  D:0088H         PUBLIC        TCON
  B:0020H.7       PUBLIC        flag_Ir
  B:00B0H.5       PUBLIC        P35
  D:002EH         PUBLIC        IrRxNum
  X:0060H         PUBLIC        SysPerformance
  D:008EH         PUBLIC        AUXR
  C:2A2AH         PUBLIC        sys_CCP_isr
  C:23E3H         PUBLIC        sys_task_1mS
  B:00A8H.1       PUBLIC        ET0
  C:40A5H         PUBLIC        ClrBeepPin
  D:008CH         PUBLIC        TH0
  B:0021H.0       PUBLIC        flag_100mS
  X:0065H         PUBLIC        distance
  D:008AH         PUBLIC        TL0
  D:002FH         PUBLIC        PollingMisses
  X:0067H         PUBLIC        sys_BP
  B:0088H.4       PUBLIC        TR0
  C:3AF6H         PUBLIC        sys_task_1S
BL51 BANKED LINKER/LOCATER V6.22.4.0                                                  09/16/2025  23:08:06  PAGE 21


  C:407CH         PUBLIC        GetSysPerformance
  B:0021H.1       PUBLIC        matchModBus
  X:006DH         PUBLIC        count_100mS
  B:0021H.2       PUBLIC        Ir_BitBusy
  D:0030H         PUBLIC        IrDat_count
  D:0031H         PUBLIC        IrMute_count
  B:0021H.3       PUBLIC        newFrame1
  C:3629H         PUBLIC        sys_Timer0_Init
  B:0021H.4       PUBLIC        newFrame2
  D:0032H         PUBLIC        IrDataPc
  C:000AH         PUBLIC        _?nullfunc
  B:0021H.5       PUBLIC        flag_1mS
  B:0021H.6       PUBLIC        newUS
  D:008FH         PUBLIC        INT_CLKO
  C:2D43H         PUBLIC        sys_task_10mS
  D:00D0H         PUBLIC        PSW
  B:00D8H.0       PUBLIC        CCF0
  B:00B0H.4       PUBLIC        Beep
  B:00D8H.1       PUBLIC        CCF1
  -------         PROC          _?NULLFUNC
  C:000AH         LINE#         13
  -------         ENDPROC       _?NULLFUNC
  -------         PROC          _?RET0FUNC
  C:40A2H         LINE#         14
  -------         ENDPROC       _?RET0FUNC
  -------         PROC          SYS_TIMER0_INIT
  C:3629H         LINE#         96
  C:3629H         LINE#         97
  C:362CH         LINE#         98
  C:362FH         LINE#         99
  C:3645H         LINE#         100
  C:366BH         LINE#         101
  C:366DH         LINE#         102
  C:366FH         LINE#         103
  -------         ENDPROC       SYS_TIMER0_INIT
  -------         PROC          SYS_TIMER0_ISR
  -------         DO            
  D:0023H         SYMBOL        i
  -------         ENDDO         
  C:358FH         LINE#         105
  C:3593H         LINE#         107
  C:3596H         LINE#         108
  C:3599H         LINE#         109
  C:359EH         LINE#         110
  C:35A0H         LINE#         111
  C:35A0H         LINE#         112
  C:35A6H         LINE#         113
  C:35ACH         LINE#         114
  C:35AFH         LINE#         115
  C:35B1H         LINE#         116
  C:35B4H         LINE#         117
  C:35B8H         LINE#         118
  C:35BAH         LINE#         119
  C:35BDH         LINE#         120
  C:35BFH         LINE#         122
  C:35C2H         LINE#         123
  C:35C4H         LINE#         124
BL51 BANKED LINKER/LOCATER V6.22.4.0                                                  09/16/2025  23:08:06  PAGE 22


  C:35C9H         LINE#         125
  C:35C9H         LINE#         126
  C:35CBH         LINE#         128
  C:35D4H         LINE#         129
  C:35D6H         LINE#         130
  C:35DCH         LINE#         131
  C:35DCH         LINE#         132
  C:35DCH         LINE#         133
  C:35DCH         LINE#         134
  -------         ENDPROC       SYS_TIMER0_ISR
  -------         PROC          GETULTRASONIC
  -------         DO            
  D:0008H         SYMBOL        a
  -------         ENDDO         
  C:353CH         LINE#         138
  C:353CH         LINE#         139
  C:353CH         LINE#         140
  C:353FH         LINE#         141
  C:3541H         LINE#         142
  C:3550H         LINE#         143
  C:3586H         LINE#         144
  C:3586H         LINE#         145
  C:358EH         LINE#         146
  -------         ENDPROC       GETULTRASONIC
  -------         PROC          GETBEEPTIMER
  C:4061H         LINE#         148
  C:4061H         LINE#         149
  C:4069H         LINE#         150
  -------         ENDPROC       GETBEEPTIMER
  -------         PROC          _SETBEEPTIMER
  D:0006H         SYMBOL        a
  C:406AH         LINE#         152
  C:406AH         LINE#         153
  C:4072H         LINE#         154
  -------         ENDPROC       _SETBEEPTIMER
  -------         PROC          _SETCCP0
  D:0006H         SYMBOL        step
  D:0004H         SYMBOL        next
  C:3F56H         LINE#         156
  C:3F56H         LINE#         157
  C:3F5EH         LINE#         158
  C:3F66H         LINE#         159
  -------         ENDPROC       _SETCCP0
  -------         PROC          CLRBEEPPIN
  C:40A5H         LINE#         161
  C:40A5H         LINE#         162
  C:40A7H         LINE#         163
  -------         ENDPROC       CLRBEEPPIN
  -------         PROC          SYS_CCP_ISR
  -------         DO            
  B:0020H.0       SYMBOL        a
  -------         ENDDO         
  C:2A2AH         LINE#         165
  C:2A3DH         LINE#         167
  C:2A44H         LINE#         168
  C:2A4BH         LINE#         169
  C:2A4EH         LINE#         170
BL51 BANKED LINKER/LOCATER V6.22.4.0                                                  09/16/2025  23:08:06  PAGE 23


  C:2A50H         LINE#         171
  C:2A60H         LINE#         172
  C:2A67H         LINE#         173
  C:2A6AH         LINE#         174
  C:2A6CH         LINE#         175
  C:2A6EH         LINE#         177
  C:2A82H         LINE#         178
  C:2A85H         LINE#         179
  C:2A87H         LINE#         180
  C:2A89H         LINE#         181
  C:2A8BH         LINE#         183
  C:2A8BH         LINE#         184
  C:2A8EH         LINE#         185
  C:2A90H         LINE#         186
  C:2A9AH         LINE#         187
  C:2A9CH         LINE#         188
  C:2AA5H         LINE#         189
  C:2AA8H         LINE#         190
  C:2ABAH         LINE#         191
  C:2ABCH         LINE#         193
  C:2ABEH         LINE#         194
  C:2AC1H         LINE#         195
  C:2AC1H         LINE#         196
  C:2AC1H         LINE#         197
  -------         ENDPROC       SYS_CCP_ISR
  -------         PROC          MYSTC_INIT
  C:4096H         LINE#         199
  C:4096H         LINE#         200
  C:4099H         LINE#         201
  C:409BH         LINE#         202
  -------         ENDPROC       MYSTC_INIT
  -------         PROC          SYS_TASK_IR
  -------         DO            
  D:0007H         SYMBOL        a
  -------         ENDDO         
  C:2EF2H         LINE#         204
  C:2EF2H         LINE#         205
  C:2EF2H         LINE#         206
  C:2F08H         LINE#         207
  C:2F0FH         LINE#         208
  C:2F12H         LINE#         209
  C:2F15H         LINE#         210
  C:2F2BH         LINE#         211
  C:2F3BH         LINE#         212
  C:2F43H         LINE#         213
  C:2F46H         LINE#         214
  C:2F48H         LINE#         216
  C:2F5EH         LINE#         217
  C:2F72H         LINE#         218
  C:2F72H         LINE#         219
  C:2F74H         LINE#         220
  C:2F77H         LINE#         222
  C:2F77H         LINE#         224
  C:2F79H         LINE#         225
  C:2F7CH         LINE#         226
  C:2F7CH         LINE#         227
  -------         ENDPROC       SYS_TASK_IR
BL51 BANKED LINKER/LOCATER V6.22.4.0                                                  09/16/2025  23:08:06  PAGE 24


  -------         PROC          SYS_TASK_1MS
  C:23E3H         LINE#         229
  C:23E3H         LINE#         230
  C:23EBH         LINE#         231
  C:23EEH         LINE#         232
  C:23F0H         LINE#         233
  C:23F8H         LINE#         234
  C:23FBH         LINE#         235
  C:23FDH         LINE#         236
  C:2405H         LINE#         237
  C:2408H         LINE#         238
  C:240AH         LINE#         239
  C:240AH         LINE#         240
  C:240AH         LINE#         241
  C:240AH         LINE#         242
  C:2416H         LINE#         243
  C:2422H         LINE#         244
  C:242EH         LINE#         245
  C:243AH         LINE#         246
  C:2446H         LINE#         247
  C:2452H         LINE#         248
  C:246DH         LINE#         249
  C:247CH         LINE#         250
  C:2488H         LINE#         251
  C:248AH         LINE#         252
  C:248AH         LINE#         253
  C:2491H         LINE#         254
  C:2494H         LINE#         255
  C:24A3H         LINE#         256
  C:24A5H         LINE#         257
  C:24A5H         LINE#         258
  C:24A7H         LINE#         260
  C:24B6H         LINE#         261
  C:24C2H         LINE#         262
  C:24C4H         LINE#         263
  C:24C4H         LINE#         264
  C:24C4H         LINE#         265
  -------         ENDPROC       SYS_TASK_1MS
  -------         PROC          SYS_TASK_10MS
  C:2D43H         LINE#         268
  C:2D43H         LINE#         269
  C:2D4FH         LINE#         270
  C:2D5BH         LINE#         271
  C:2D67H         LINE#         272
  C:2D73H         LINE#         273
  C:2D8EH         LINE#         274
  C:2DA9H         LINE#         275
  C:2DC4H         LINE#         276
  C:2DC7H         LINE#         277
  C:2DC9H         LINE#         278
  C:2DD5H         LINE#         279
  C:2DD5H         LINE#         280
  -------         ENDPROC       SYS_TASK_10MS
  -------         PROC          SYS_TASK_100MS
  C:3844H         LINE#         282
  C:3844H         LINE#         283
  C:3850H         LINE#         284
BL51 BANKED LINKER/LOCATER V6.22.4.0                                                  09/16/2025  23:08:06  PAGE 25


  C:386BH         LINE#         285
  C:3877H         LINE#         286
  -------         ENDPROC       SYS_TASK_100MS
  -------         PROC          SYS_TASK_1S
  C:3AF6H         LINE#         289
  C:3AF6H         LINE#         290
  C:3B04H         LINE#         291
  C:3B0AH         LINE#         292
  C:3B13H         LINE#         293
  C:3B15H         LINE#         294
  -------         ENDPROC       SYS_TASK_1S
  -------         PROC          MYSTC_OS
  C:3883H         LINE#         297
  C:3883H         LINE#         298
  C:388BH         LINE#         299
  C:3893H         LINE#         300
  C:389BH         LINE#         301
  C:38A3H         LINE#         302
  C:38ABH         LINE#         303
  C:38C0H         LINE#         306
  -------         ENDPROC       MYSTC_OS
  -------         PROC          _SETEVENTCALLBACK
  D:0007H         SYMBOL        event
  D:0008H         SYMBOL        user_callback
  C:3081H         LINE#         308
  C:3087H         LINE#         309
  C:30B8H         LINE#         310
  C:30BBH         LINE#         311
  C:30BDH         LINE#         312
  C:30C0H         LINE#         313
  C:30C2H         LINE#         314
  C:30C5H         LINE#         315
  C:30C7H         LINE#         316
  C:30CAH         LINE#         317
  C:30CCH         LINE#         318
  C:30CFH         LINE#         319
  C:30D1H         LINE#         320
  C:30D4H         LINE#         321
  C:30D6H         LINE#         322
  C:30D9H         LINE#         323
  C:30DBH         LINE#         324
  C:30DEH         LINE#         325
  C:30E0H         LINE#         326
  C:30E3H         LINE#         327
  C:30E5H         LINE#         328
  C:30E8H         LINE#         329
  C:30EAH         LINE#         330
  C:30EDH         LINE#         331
  C:30EFH         LINE#         332
  C:30FDH         LINE#         333
  C:30FDH         LINE#         334
  C:30FDH         LINE#         335
  C:30FDH         LINE#         336
  -------         ENDPROC       _SETEVENTCALLBACK
  -------         PROC          GETSYSPERFORMANCE
  C:407CH         LINE#         338
  C:407CH         LINE#         339
BL51 BANKED LINKER/LOCATER V6.22.4.0                                                  09/16/2025  23:08:06  PAGE 26


  C:4082H         LINE#         340
  -------         ENDPROC       GETSYSPERFORMANCE
  -------         ENDMOD        SYS

  -------         MODULE        EXT
  C:0000H         SYMBOL        _ICE_DUMMY_
  D:0080H         PUBLIC        P0
  D:0090H         PUBLIC        P1
  D:00A0H         PUBLIC        P2
  D:00B0H         PUBLIC        P3
  D:00C0H         PUBLIC        P4
  D:00C8H         PUBLIC        P5
  D:00E8H         PUBLIC        P6
  X:0178H         PUBLIC        EXTmodel
  D:00F8H         PUBLIC        P7
  C:3936H         PUBLIC        _EXTInit
  C:3436H         PUBLIC        ReadCount
  D:00A2H         PUBLIC        P_SW1
  C:4073H         PUBLIC        GetWeight
  D:00A8H         PUBLIC        IE
  X:0179H         PUBLIC        T_Pout1
  X:017BH         PUBLIC        T_Pout2
  B:00D8H.6       PUBLIC        CR
  X:017DH         PUBLIC        resultEXT
  D:00DBH         PUBLIC        CCAPM1
  D:00B8H         PUBLIC        IP
  C:2DD6H         PUBLIC        _SetPWM
  D:00D9H         PUBLIC        CMOD
  D:00D8H         PUBLIC        CCON
  D:0098H         PUBLIC        SCON
  D:0088H         PUBLIC        TCON
  B:0090H.0       PUBLIC        DOUT
  D:00E0H         PUBLIC        ACC
  B:0090H.1       PUBLIC        PD_SCK
  X:017FH         PUBLIC        T_PWM1
  X:0181H         PUBLIC        T_PWM2
  C:25B9H         PUBLIC        _?sys_EXT_drv
  C:3F67H         PUBLIC        GetDecode
  D:00D0H         PUBLIC        PSW
  -------         PROC          _SETPWM
  D:0002H         SYMBOL        PWM1
  D:0005H         SYMBOL        freq1
  D:0044H         SYMBOL        PWM2
  D:0045H         SYMBOL        freq2
  C:2DD6H         LINE#         25
  C:2DDAH         LINE#         26
  C:2DEBH         LINE#         27
  C:2DFDH         LINE#         28
  C:2E31H         LINE#         29
  C:2E65H         LINE#         30
  -------         ENDPROC       _SETPWM
  -------         PROC          READCOUNT
  -------         DO            
  D:0008H         SYMBOL        Count
  D:000CH         SYMBOL        i
  -------         ENDDO         
  C:3436H         LINE#         35
BL51 BANKED LINKER/LOCATER V6.22.4.0                                                  09/16/2025  23:08:06  PAGE 27


  C:3436H         LINE#         36
  C:3436H         LINE#         38
  C:343FH         LINE#         39
  C:3441H         LINE#         40
  C:3443H         LINE#         41
  C:3458H         LINE#         42
  C:3459H         LINE#         43
  C:345BH         LINE#         44
  C:3473H         LINE#         45
  C:347AH         LINE#         46
  C:347BH         LINE#         47
  C:347DH         LINE#         48
  C:347EH         LINE#         49
  C:347FH         LINE#         50
  C:3481H         LINE#         51
  C:348EH         LINE#         52
  -------         ENDPROC       READCOUNT
  -------         PROC          GETWEIGHT
  C:4073H         LINE#         54
  C:4073H         LINE#         55
  C:407BH         LINE#         56
  -------         ENDPROC       GETWEIGHT
  -------         PROC          GETDECODE
  -------         DO            
  D:0006H         SYMBOL        a
  -------         ENDDO         
  C:3F67H         LINE#         58
  C:3F67H         LINE#         59
  C:3F67H         LINE#         60
  C:3F6FH         LINE#         61
  C:3F76H         LINE#         62
  C:3F76H         LINE#         63
  -------         ENDPROC       GETDECODE
  -------         PROC          _?SYS_EXT_DRV
  -------         DO            
  D:003CH         SYMBOL        i
  D:003EH         SYMBOL        j
  D:0040H         SYMBOL        oldPin1
  D:0041H         SYMBOL        UStimer
  -------         ENDDO         
  C:25B9H         LINE#         65
  C:25B9H         LINE#         69
  C:25BFH         LINE#         70
  C:25C3H         LINE#         71
  C:25CEH         LINE#         72
  C:25CEH         LINE#         73
  C:25D7H         LINE#         74
  C:25F3H         LINE#         75
  C:2608H         LINE#         76
  C:2624H         LINE#         77
  C:2639H         LINE#         78
  C:2639H         LINE#         79
  C:263EH         LINE#         80
  C:2655H         LINE#         81
  C:2676H         LINE#         82
  C:267CH         LINE#         83
  C:267CH         LINE#         84
BL51 BANKED LINKER/LOCATER V6.22.4.0                                                  09/16/2025  23:08:06  PAGE 28


  C:2683H         LINE#         85
  C:2689H         LINE#         86
  C:268EH         LINE#         87
  C:2690H         LINE#         88
  C:2693H         LINE#         89
  C:2693H         LINE#         90
  C:269CH         LINE#         91
  C:269FH         LINE#         92
  C:269FH         LINE#         93
  -------         ENDPROC       _?SYS_EXT_DRV
  -------         PROC          _EXTINIT
  D:0007H         SYMBOL        EXTfunction
  C:3936H         LINE#         95
  C:3936H         LINE#         96
  C:3936H         LINE#         97
  C:393BH         LINE#         98
  C:3941H         LINE#         99
  C:3943H         LINE#         100
  C:394AH         LINE#         101
  C:394CH         LINE#         102
  C:394EH         LINE#         103
  C:3950H         LINE#         104
  C:3953H         LINE#         105
  C:3956H         LINE#         106
  C:3958H         LINE#         107
  C:395AH         LINE#         108
  C:395DH         LINE#         109
  C:396BH         LINE#         110
  -------         ENDPROC       _EXTINIT
  -------         ENDMOD        EXT

  -------         MODULE        UART2
  C:0000H         SYMBOL        _ICE_DUMMY_
  D:004BH         PUBLIC        ModBus_Interval_Min
  D:0080H         PUBLIC        P0
  C:1A38H         PUBLIC        Uart2_isr
  D:0090H         PUBLIC        P1
  D:00A0H         PUBLIC        P2
  D:00B0H         PUBLIC        P3
  D:00C0H         PUBLIC        P4
  D:00C8H         PUBLIC        P5
  D:00E8H         PUBLIC        P6
  D:00F8H         PUBLIC        P7
  D:00BAH         PUBLIC        P_SW2
  D:00A8H         PUBLIC        IE
  D:00DBH         PUBLIC        CCAPM1
  D:00B8H         PUBLIC        IP
  C:0042H         PUBLIC        _?nullfunc0
  D:00D8H         PUBLIC        CCON
  C:3A37H         PUBLIC        _SetUart2Rxd
  B:0090H.0       PUBLIC        P10
  B:0090H.1       PUBLIC        P11
  D:0098H         PUBLIC        SCON
  D:0088H         PUBLIC        TCON
  D:00AFH         PUBLIC        IE2
  D:008EH         PUBLIC        AUXR
  C:4023H         PUBLIC        GetUart2TxStatus
BL51 BANKED LINKER/LOCATER V6.22.4.0                                                  09/16/2025  23:08:06  PAGE 29


  D:00D6H         PUBLIC        T2H
  B:00B0H.7       PUBLIC        M485_TxEn
  D:00D7H         PUBLIC        T2L
  C:3A99H         PUBLIC        _Uart2Print
  D:009BH         PUBLIC        S2BUF
  D:009AH         PUBLIC        S2CON
  C:281CH         PUBLIC        _Uart2Init
  D:004CH         PUBLIC        Uart2usage
  C:3F97H         PUBLIC        _?sys_get_Uart2RxdEvent
  X:0130H         PUBLIC        com2
  D:00D0H         PUBLIC        PSW
  -------         PROC          UART2_ISR
  C:1A38H         LINE#         19
  C:1A55H         LINE#         20
  C:1A5AH         LINE#         21
  C:1A5DH         LINE#         22
  C:1A91H         LINE#         24
  C:1A96H         LINE#         25
  C:1A9CH         LINE#         26
  C:1A9CH         LINE#         27
  C:1A9CH         LINE#         29
  C:1AA4H         LINE#         30
  C:1AA7H         LINE#         31
  C:1AAAH         LINE#         32
  C:1AACH         LINE#         33
  C:1AB3H         LINE#         34
  C:1AB5H         LINE#         35
  C:1AB5H         LINE#         36
  C:1ABEH         LINE#         37
  C:1AD2H         LINE#         38
  C:1AE6H         LINE#         39
  C:1AF5H         LINE#         40
  C:1B03H         LINE#         41
  C:1B35H         LINE#         42
  C:1B43H         LINE#         43
  C:1B43H         LINE#         44
  C:1B46H         LINE#         45
  C:1B49H         LINE#         47
  C:1B5DH         LINE#         48
  C:1B71H         LINE#         49
  C:1B80H         LINE#         50
  C:1B8EH         LINE#         51
  C:1BC6H         LINE#         52
  C:1BD4H         LINE#         53
  C:1BD4H         LINE#         54
  C:1BEFH         LINE#         55
  C:1BEFH         LINE#         56
  C:1BEFH         LINE#         57
  -------         ENDPROC       UART2_ISR
  -------         PROC          _?SYS_GET_UART2RXDEVENT
  -------         DO            
  i:0000H         SYMBOL        a
  -------         ENDDO         
  C:3F97H         LINE#         59
  C:3F99H         LINE#         61
  C:3FA1H         LINE#         62
  C:3FA3H         LINE#         63
BL51 BANKED LINKER/LOCATER V6.22.4.0                                                  09/16/2025  23:08:06  PAGE 30


  C:3FA3H         LINE#         64
  -------         ENDPROC       _?SYS_GET_UART2RXDEVENT
  -------         PROC          _?NULLFUNC0
  C:0042H         LINE#         66
  -------         ENDPROC       _?NULLFUNC0
  -------         PROC          _UART2INIT
  D:0008H         SYMBOL        band
  D:000CH         SYMBOL        Uart2mode
  C:281CH         LINE#         68
  C:2824H         LINE#         69
  C:2824H         LINE#         72
  C:2827H         LINE#         73
  C:282DH         LINE#         74
  C:2830H         LINE#         75
  C:2834H         LINE#         76
  C:2842H         LINE#         77
  C:2845H         LINE#         78
  C:2847H         LINE#         79
  C:2849H         LINE#         80
  C:284BH         LINE#         82
  C:284DH         LINE#         83
  C:2861H         LINE#         84
  C:2868H         LINE#         85
  C:286BH         LINE#         86
  C:286BH         LINE#         88
  C:286EH         LINE#         89
  C:288DH         LINE#         90
  C:28BCH         LINE#         91
  C:28BFH         LINE#         92
  C:28C2H         LINE#         93
  C:28D0H         LINE#         94
  -------         ENDPROC       _UART2INIT
  -------         PROC          _SETUART2RXD
  D:0001H         SYMBOL        RxdPt
  D:0004H         SYMBOL        Nmax
  D:000DH         SYMBOL        matchhead
  D:0010H         SYMBOL        matchheadsize
  C:3A37H         LINE#         96
  C:3A37H         LINE#         97
  C:3A42H         LINE#         98
  C:3A48H         LINE#         99
  C:3A52H         LINE#         100
  C:3A60H         LINE#         101
  C:3A62H         LINE#         102
  C:3A67H         LINE#         103
  -------         ENDPROC       _SETUART2RXD
  -------         PROC          _UART2PRINT
  D:0001H         SYMBOL        pt
  D:0004H         SYMBOL        num
  C:3A99H         LINE#         105
  C:3A99H         LINE#         106
  C:3A9FH         LINE#         107
  C:3AAAH         LINE#         108
  C:3AAFH         LINE#         109
  C:3AB5H         LINE#         110
  C:3AB9H         LINE#         112
  C:3ABFH         LINE#         113
BL51 BANKED LINKER/LOCATER V6.22.4.0                                                  09/16/2025  23:08:06  PAGE 31


  C:3AC2H         LINE#         114
  C:3AC5H         LINE#         115
  C:3AC5H         LINE#         116
  C:3AC7H         LINE#         117
  -------         ENDPROC       _UART2PRINT
  -------         PROC          GETUART2TXSTATUS
  C:4023H         LINE#         119
  C:4023H         LINE#         120
  C:402BH         LINE#         121
  C:402DH         LINE#         122
  -------         ENDPROC       GETUART2TXSTATUS
  -------         ENDMOD        UART2

  -------         MODULE        TEMP_MODULE
  C:0000H         SYMBOL        _ICE_DUMMY_
  C:3382H         PUBLIC        UpdateTemp
  D:0080H         PUBLIC        P0
  D:0090H         PUBLIC        P1
  D:00A0H         PUBLIC        P2
  D:00B0H         PUBLIC        P3
  D:00C0H         PUBLIC        P4
  D:00C8H         PUBLIC        P5
  D:00E8H         PUBLIC        P6
  D:00F8H         PUBLIC        P7
  D:00A8H         PUBLIC        IE
  D:00B8H         PUBLIC        IP
  D:00D8H         PUBLIC        CCON
  D:0098H         PUBLIC        SCON
  D:0088H         PUBLIC        TCON
  X:015AH         PUBLIC        temperature
  C:2CAFH         PUBLIC        ShowTemp
  X:015CH         PUBLIC        adc_temp
  C:165DH         PUBLIC        tempdata
  X:0166H         PUBLIC        tempThresholds
  X:016AH         PUBLIC        rt
  D:00D0H         PUBLIC        PSW
  -------         PROC          UPDATETEMP
  C:3382H         LINE#         23
  C:3382H         LINE#         24
  C:3392H         LINE#         25
  C:33A1H         LINE#         26
  C:33B8H         LINE#         27
  C:33DBH         LINE#         28
  -------         ENDPROC       UPDATETEMP
  -------         PROC          SHOWTEMP
  C:2CAFH         LINE#         29
  C:2CAFH         LINE#         30
  C:2CAFH         LINE#         31
  C:2CBFH         LINE#         32
  C:2CF0H         LINE#         34
  C:2D42H         LINE#         35
  -------         ENDPROC       SHOWTEMP
  -------         ENDMOD        TEMP_MODULE

  -------         MODULE        NAV_HANDLER
  C:0000H         SYMBOL        _ICE_DUMMY_
  D:0080H         PUBLIC        P0
BL51 BANKED LINKER/LOCATER V6.22.4.0                                                  09/16/2025  23:08:06  PAGE 32


  D:0090H         PUBLIC        P1
  D:00A0H         PUBLIC        P2
  X:01B5H         PUBLIC        displayMode
  D:00B0H         PUBLIC        P3
  D:00C0H         PUBLIC        P4
  D:00C8H         PUBLIC        P5
  D:00E8H         PUBLIC        P6
  D:00F8H         PUBLIC        P7
  D:00A8H         PUBLIC        IE
  D:00B8H         PUBLIC        IP
  D:00D8H         PUBLIC        CCON
  C:3E35H         PUBLIC        ShowStatus
  D:0098H         PUBLIC        SCON
  D:0088H         PUBLIC        TCON
  C:2B77H         PUBLIC        NavHandler
  D:00D0H         PUBLIC        PSW
  -------         PROC          NAVHANDLER
  -------         DO            
  X:00B2H         SYMBOL        navUp
  X:00B3H         SYMBOL        navDown
  X:00B4H         SYMBOL        navLeft
  X:00B5H         SYMBOL        navRight
  -------         ENDDO         
  C:2B77H         LINE#         6
  C:2B77H         LINE#         7
  C:2B77H         LINE#         8
  C:2B81H         LINE#         9
  C:2B8BH         LINE#         10
  C:2B95H         LINE#         11
  C:2B9FH         LINE#         13
  C:2BA6H         LINE#         14
  C:2BACH         LINE#         15
  C:2BB4H         LINE#         16
  C:2BB4H         LINE#         17
  C:2BBBH         LINE#         18
  C:2BC1H         LINE#         19
  C:2BCAH         LINE#         20
  C:2BCAH         LINE#         21
[...]
  C:3CF5H         LINE#         77
  C:3CF5H         LINE#         78
  C:3CF5H         LINE#         79
  C:3CF7H         LINE#         80
  C:3CF8H         LINE#         81
  C:3CF9H         LINE#         82
  C:3CFAH         LINE#         83
  C:3CFCH         LINE#         84
  C:3CFDH         LINE#         85
  C:3CFFH         LINE#         86
  C:3D01H         LINE#         87
  C:3D02H         LINE#         88
  C:3D03H         LINE#         89
  C:3D0DH         LINE#         90
  C:3D0EH         LINE#         91
  C:3D0FH         LINE#         92
BL51 BANKED LINKER/LOCATER V6.22.4.0                                                  09/16/2025  23:08:06  PAGE 54


  C:3D11H         LINE#         93
  C:3D12H         LINE#         94
  C:3D16H         LINE#         95
  C:3D16H         LINE#         96
  -------         ENDPROC       READBYTE
  -------         PROC          _M24C02_WRITE
  D:0004H         SYMBOL        NVM_addr
  D:0005H         SYMBOL        NVM_data
  C:3EA9H         LINE#         98
  C:3EABH         LINE#         99
  C:3EAEH         LINE#         100
  C:3EB3H         LINE#         101
  C:3EB6H         LINE#         102
  C:3EB8H         LINE#         103
  C:3EB8H         LINE#         104
  C:3EB8H         LINE#         105
  C:3EBBH         LINE#         106
  -------         ENDPROC       _M24C02_WRITE
  -------         PROC          _M24C02_READ
  D:0005H         SYMBOL        NVM_addr
  -------         DO            
  D:0007H         SYMBOL        date
  -------         ENDDO         
  C:3D94H         LINE#         109
  C:3D96H         LINE#         110
  C:3D96H         LINE#         111
  C:3D99H         LINE#         112
  C:3D9BH         LINE#         113
  C:3D9BH         LINE#         114
  C:3D9BH         LINE#         115
  C:3D9EH         LINE#         116
  C:3DA1H         LINE#         117
  C:3DA6H         LINE#         118
  C:3DA9H         LINE#         119
  C:3DACH         LINE#         120
  C:3DAFH         LINE#         121
  C:3DAFH         LINE#         122
  -------         ENDPROC       _M24C02_READ
  -------         ENDMOD        M24C02

  -------         MODULE        FM_RADIO
  C:0000H         SYMBOL        _ICE_DUMMY_
  D:0080H         PUBLIC        P0
  D:0090H         PUBLIC        P1
  D:00A0H         PUBLIC        P2
  D:00B0H         PUBLIC        P3
  D:00C0H         PUBLIC        P4
  D:00C8H         PUBLIC        P5
  D:00E8H         PUBLIC        P6
  D:00F8H         PUBLIC        P7
  D:00A8H         PUBLIC        IE
  B:00A0H.7       PUBLIC        FM_DATA
  C:3EF0H         PUBLIC        _delay
  D:00B8H         PUBLIC        IP
  C:3EFAH         PUBLIC        IIC_Radio_Start
  C:3C42H         PUBLIC        FMRadioInit
  D:00D8H         PUBLIC        CCON
BL51 BANKED LINKER/LOCATER V6.22.4.0                                                  09/16/2025  23:08:06  PAGE 55


  C:3326H         PUBLIC        GetFMRadio
  C:3BF2H         PUBLIC        _IIC_Radio_WriteByte
  C:4017H         PUBLIC        IIC_Radio_Stop
  C:2766H         PUBLIC        SetFMRadio
  D:0098H         PUBLIC        SCON
  D:0088H         PUBLIC        TCON
  X:019FH         PUBLIC        Radio_Write_Data
  X:01A7H         PUBLIC        flag_SetFM
  C:3DB0H         PUBLIC        IIC_Radio_ACK
  B:00C0H.5       PUBLIC        FM_CLOCK
  C:36B6H         PUBLIC        _?sys_FMRadio_drv
  D:00D0H         PUBLIC        PSW
  C:3EE7H         SYMBOL        L?0043
  -------         PROC          L?0042
  -------         ENDPROC       L?0042
  C:3EE7H         SYMBOL        L?0043
  -------         PROC          _DELAY
  D:0007H         SYMBOL        i
  C:3EF0H         LINE#         22
  C:3EF0H         LINE#         23
  C:3EF6H         LINE#         24
  C:3EF9H         LINE#         25
  -------         ENDPROC       _DELAY
  -------         PROC          IIC_RADIO_START
  C:3EFAH         LINE#         28
  C:3EFAH         LINE#         29
  C:3EFCH         LINE#         30
  C:3EFCH         LINE#         31
  C:3EFCH         LINE#         32
  C:3EFFH         LINE#         33
  C:3F01H         LINE#         34
  C:3F06H         LINE#         35
  C:3F08H         LINE#         36
  -------         ENDPROC       IIC_RADIO_START
  -------         PROC          IIC_RADIO_STOP
  C:4017H         LINE#         39
  C:4017H         LINE#         40
  C:4019H         LINE#         41
  C:4019H         LINE#         42
  C:4019H         LINE#         43
  C:401CH         LINE#         44
  C:401EH         LINE#         45
  -------         ENDPROC       IIC_RADIO_STOP
  -------         PROC          IIC_RADIO_ACK
  -------         DO            
  D:0007H         SYMBOL        i
  -------         ENDDO         
  C:3DB0H         LINE#         48
  C:3DB0H         LINE#         49
  C:3DB2H         LINE#         50
  C:3DB4H         LINE#         51
  C:3DC0H         LINE#         52
  C:3DC5H         LINE#         53
  C:3DC7H         LINE#         54
  -------         ENDPROC       IIC_RADIO_ACK
  -------         PROC          _IIC_RADIO_WRITEBYTE
  D:0005H         SYMBOL        Data
BL51 BANKED LINKER/LOCATER V6.22.4.0                                                  09/16/2025  23:08:06  PAGE 56


  -------         DO            
  D:0003H         SYMBOL        i
  -------         ENDDO         
  C:3BF2H         LINE#         57
  C:3BF4H         LINE#         58
  C:3BF4H         LINE#         59
  C:3BF6H         LINE#         60
  C:3BF8H         LINE#         61
  C:3BFDH         LINE#         62
  C:3C01H         LINE#         63
  C:3C05H         LINE#         64
  C:3C05H         LINE#         65
  C:3C05H         LINE#         66
  C:3C08H         LINE#         67
  C:3C0CH         LINE#         68
  C:3C0EH         LINE#         69
  C:3C13H         LINE#         70
  C:3C15H         LINE#         71
  -------         ENDPROC       _IIC_RADIO_WRITEBYTE
  -------         PROC          _?SYS_FMRADIO_DRV
  -------         DO            
  i:0000H         SYMBOL        i
  -------         ENDDO         
  C:36B6H         LINE#         74
  C:36B8H         LINE#         76
  C:36C0H         LINE#         77
  C:36C3H         LINE#         78
  C:36C8H         LINE#         79
  C:36CBH         LINE#         80
  C:36D8H         LINE#         81
  C:36E7H         LINE#         82
  C:36EAH         LINE#         83
  C:36EFH         LINE#         84
  C:36F2H         LINE#         85
  C:36F7H         LINE#         86
  C:36F7H         LINE#         87
  -------         ENDPROC       _?SYS_FMRADIO_DRV
  -------         PROC          GETFMRADIO
  -------         DO            
  D:0014H         SYMBOL        FM
  D:0007H         SYMBOL        chan
  -------         ENDDO         
  C:3326H         LINE#         89
  C:3326H         LINE#         90
  C:3326H         LINE#         92
  C:3337H         LINE#         93
  C:3340H         LINE#         94
  C:3348H         LINE#         95
  C:334FH         LINE#         96
  C:335DH         LINE#         97
  C:336CH         LINE#         98
  C:337BH         LINE#         99
  C:3381H         LINE#         100
  -------         ENDPROC       GETFMRADIO
  -------         PROC          SETFMRADIO
  D:000EH         SYMBOL        FM
  -------         DO            
BL51 BANKED LINKER/LOCATER V6.22.4.0                                                  09/16/2025  23:08:06  PAGE 57


  D:0005H         SYMBOL        a
  -------         ENDDO         
  C:2766H         LINE#         102
  C:2766H         LINE#         103
  C:2766H         LINE#         104
  C:279CH         LINE#         105
  C:27A1H         LINE#         106
  C:27A9H         LINE#         107
  C:27B6H         LINE#         108
  C:27BCH         LINE#         109
  C:27BCH         LINE#         110
  C:27E4H         LINE#         111
  C:27F1H         LINE#         112
  C:27F5H         LINE#         113
  C:27F5H         LINE#         114
  C:27F7H         LINE#         115
  C:27FEH         LINE#         116
  C:2805H         LINE#         117
  C:280CH         LINE#         118
  C:2813H         LINE#         119
  C:2815H         LINE#         120
  C:281BH         LINE#         121
  C:281BH         LINE#         122
  -------         ENDPROC       SETFMRADIO
  -------         PROC          FMRADIOINIT
  D:0008H         SYMBOL        FM
  C:3C42H         LINE#         124
  C:3C42H         LINE#         125
  C:3C42H         LINE#         126
  C:3C58H         LINE#         127
  C:3C66H         LINE#         128
  -------         ENDPROC       FMRADIOINIT
  -------         ENDMOD        FM_RADIO

  -------         MODULE        UART1
  C:0000H         SYMBOL        _ICE_DUMMY_
  C:1F75H         PUBLIC        Uart1_isr
  D:0080H         PUBLIC        P0
  D:0090H         PUBLIC        P1
  D:00A0H         PUBLIC        P2
  D:00B0H         PUBLIC        P3
  D:00C0H         PUBLIC        P4
  D:00C8H         PUBLIC        P5
  D:00E8H         PUBLIC        P6
  D:00F8H         PUBLIC        P7
  D:00A8H         PUBLIC        IE
  B:00A8H.4       PUBLIC        ES
  D:00B8H         PUBLIC        IP
  B:0098H.0       PUBLIC        RI
  B:0098H.1       PUBLIC        TI
  D:00D8H         PUBLIC        CCON
  C:3A68H         PUBLIC        _SetUart1Rxd
  D:0099H         PUBLIC        SBUF
  D:0098H         PUBLIC        SCON
  D:0089H         PUBLIC        TMOD
  D:0088H         PUBLIC        TCON
  D:008EH         PUBLIC        AUXR
BL51 BANKED LINKER/LOCATER V6.22.4.0                                                  09/16/2025  23:08:06  PAGE 58


  C:4044H         PUBLIC        GetUart1TxStatus
  B:00A8H.3       PUBLIC        ET1
  D:008DH         PUBLIC        TH1
  D:008BH         PUBLIC        TL1
  B:0088H.6       PUBLIC        TR1
  C:3C1AH         PUBLIC        _Uart1Print
  C:31F1H         PUBLIC        _Uart1Init
  C:3FB5H         PUBLIC        _?sys_get_Uart1RxdEvent
  X:0145H         PUBLIC        com1
  D:00D0H         PUBLIC        PSW
  -------         PROC          UART1_ISR
  C:1F75H         LINE#         10
  C:1F92H         LINE#         11
  C:1F95H         LINE#         12
  C:1F97H         LINE#         13
  C:1FCBH         LINE#         14
  C:1FD0H         LINE#         15
  C:1FD0H         LINE#         16
  C:1FD6H         LINE#         17
  C:1FD8H         LINE#         18
  C:1FDBH         LINE#         19
  C:1FDDH         LINE#         20
  C:1FE4H         LINE#         21
  C:1FE4H         LINE#         22
  C:1FF8H         LINE#         23
  C:200CH         LINE#         24
  C:201BH         LINE#         25
  C:2029H         LINE#         26
  C:2061H         LINE#         27
  C:206FH         LINE#         28
  C:206FH         LINE#         29
  C:208AH         LINE#         30
  C:208AH         LINE#         31
  -------         ENDPROC       UART1_ISR
  -------         PROC          _?SYS_GET_UART1RXDEVENT
  -------         DO            
  i:0000H         SYMBOL        a
  -------         ENDDO         
  C:3FB5H         LINE#         33
  C:3FB7H         LINE#         35
  C:3FBFH         LINE#         36
  C:3FC1H         LINE#         37
  C:3FC1H         LINE#         38
  -------         ENDPROC       _?SYS_GET_UART1RXDEVENT
  -------         PROC          _UART1INIT
  D:0008H         SYMBOL        band
  C:31F1H         LINE#         40
  C:31F9H         LINE#         41
  C:31F9H         LINE#         43
  C:31FCH         LINE#         44
  C:31FFH         LINE#         45
  C:3202H         LINE#         46
  C:3205H         LINE#         47
  C:3224H         LINE#         48
  C:3253H         LINE#         49
  C:3255H         LINE#         50
  C:3257H         LINE#         51
BL51 BANKED LINKER/LOCATER V6.22.4.0                                                  09/16/2025  23:08:06  PAGE 59


  C:3259H         LINE#         52
  C:3267H         LINE#         53
  -------         ENDPROC       _UART1INIT
  -------         PROC          _SETUART1RXD
  D:0001H         SYMBOL        RxdPt
  D:0004H         SYMBOL        Nmax
  D:000DH         SYMBOL        matchhead
  D:0010H         SYMBOL        matchheadsize
  C:3A68H         LINE#         55
  C:3A68H         LINE#         56
  C:3A73H         LINE#         57
  C:3A79H         LINE#         58
  C:3A83H         LINE#         59
  C:3A91H         LINE#         60
  C:3A93H         LINE#         61
  C:3A98H         LINE#         62
  -------         ENDPROC       _SETUART1RXD
  -------         PROC          _UART1PRINT
  D:0001H         SYMBOL        pt
  D:0004H         SYMBOL        num
  C:3C1AH         LINE#         64
  C:3C1AH         LINE#         65
  C:3C20H         LINE#         66
  C:3C2BH         LINE#         67
  C:3C30H         LINE#         68
  C:3C36H         LINE#         69
  C:3C3AH         LINE#         70
  C:3C3CH         LINE#         71
  C:3C3FH         LINE#         72
  C:3C3FH         LINE#         73
  C:3C41H         LINE#         74
  -------         ENDPROC       _UART1PRINT
  -------         PROC          GETUART1TXSTATUS
  C:4044H         LINE#         76
  C:4044H         LINE#         77
  C:404CH         LINE#         78
  C:404EH         LINE#         79
  -------         ENDPROC       GETUART1TXSTATUS
  -------         ENDMOD        UART1

  -------         MODULE        ?C?FPMUL
  C:0A6EH         PUBLIC        ?C?FPMUL
  -------         ENDMOD        ?C?FPMUL

  -------         MODULE        ?C?FPDIV
  C:0B77H         PUBLIC        ?C?FPDIV
  -------         ENDMOD        ?C?FPDIV

  -------         MODULE        ?C?FCAST
  C:0C1EH         PUBLIC        ?C?FCASTC
  C:0C19H         PUBLIC        ?C?FCASTI
  C:0C14H         PUBLIC        ?C?FCASTL
  -------         ENDMOD        ?C?FCAST

  -------         MODULE        ?C?CASTF
  C:0C52H         PUBLIC        ?C?CASTF
  -------         ENDMOD        ?C?CASTF
BL51 BANKED LINKER/LOCATER V6.22.4.0                                                  09/16/2025  23:08:06  PAGE 60



  -------         MODULE        ?C?COPY
  C:0DA3H         PUBLIC        ?C?COPY
  -------         ENDMOD        ?C?COPY

  -------         MODULE        ?C?CLDPTR
  C:0DC9H         PUBLIC        ?C?CLDPTR
  -------         ENDMOD        ?C?CLDPTR

  -------         MODULE        ?C?CLDOPTR
  C:0DE2H         PUBLIC        ?C?CLDOPTR
  -------         ENDMOD        ?C?CLDOPTR

  -------         MODULE        ?C?CSTPTR
  C:0E0FH         PUBLIC        ?C?CSTPTR
  -------         ENDMOD        ?C?CSTPTR

  -------         MODULE        ?C?CSTOPTR
  C:0E21H         PUBLIC        ?C?CSTOPTR
  -------         ENDMOD        ?C?CSTOPTR

  -------         MODULE        ?C?IMUL
  C:0E43H         PUBLIC        ?C?IMUL
  -------         ENDMOD        ?C?IMUL

  -------         MODULE        ?C?UIDIV
  C:0E55H         PUBLIC        ?C?UIDIV
  -------         ENDMOD        ?C?UIDIV

  -------         MODULE        ?C?SIDIV
  C:0EAAH         PUBLIC        ?C?SIDIV
  -------         ENDMOD        ?C?SIDIV

  -------         MODULE        ?C?IILDX
  C:0EE0H         PUBLIC        ?C?IILDX
  -------         ENDMOD        ?C?IILDX

  -------         MODULE        ?C?ILDIX
  C:0EF6H         PUBLIC        ?C?ILDIX
  -------         ENDMOD        ?C?ILDIX

  -------         MODULE        ?C?ILDPTR
  C:0F0CH         PUBLIC        ?C?ILDPTR
  -------         ENDMOD        ?C?ILDPTR

  -------         MODULE        ?C?LMUL
  C:0F37H         PUBLIC        ?C?LMUL
  -------         ENDMOD        ?C?LMUL

  -------         MODULE        ?C?ULDIV
  C:0FC2H         PUBLIC        ?C?ULDIV
  -------         ENDMOD        ?C?ULDIV

  -------         MODULE        ?C?SLDIV
  C:36FAH         PUBLIC        ?C?SLDIV
  -------         ENDMOD        ?C?SLDIV

BL51 BANKED LINKER/LOCATER V6.22.4.0                                                  09/16/2025  23:08:06  PAGE 61


  -------         MODULE        ?C?LNEG
  C:1054H         PUBLIC        ?C?LNEG
  -------         ENDMOD        ?C?LNEG

  -------         MODULE        ?C?ULSHR
  C:1062H         PUBLIC        ?C?ULSHR
  -------         ENDMOD        ?C?ULSHR

  -------         MODULE        ?C?SLSHR
  C:1075H         PUBLIC        ?C?SLSHR
  -------         ENDMOD        ?C?SLSHR

  -------         MODULE        ?C?LSHL
  C:1089H         PUBLIC        ?C?LSHL
  -------         ENDMOD        ?C?LSHL

  -------         MODULE        ?C?LLDCODE
  C:109CH         PUBLIC        ?C?LLDCODE
  -------         ENDMOD        ?C?LLDCODE

  -------         MODULE        ?C?LSTXDATA
  C:10ACH         PUBLIC        ?C?LSTXDATA
  -------         ENDMOD        ?C?LSTXDATA

  -------         MODULE        ?C?OFFXADD
  C:10B8H         PUBLIC        ?C?OFFXADD
  -------         ENDMOD        ?C?OFFXADD

  -------         MODULE        ?C?ICALL
  C:10C4H         PUBLIC        ?C?ICALL
  C:10C8H         PUBLIC        ?C?ICALL2
  -------         ENDMOD        ?C?ICALL

  -------         MODULE        ?C_IBP
  D:0052H         PUBLIC        ?C_IBP
  -------         ENDMOD        ?C_IBP

  -------         MODULE        ?C?STRCPY
  C:1196H         PUBLIC        ?C?STRCPY
  -------         ENDMOD        ?C?STRCPY

  -------         MODULE        STRLEN
  C:3EBEH         PUBLIC        _STRLEN
  -------         ENDMOD        STRLEN

  -------         MODULE        STRCHR
  C:3DCCH         PUBLIC        _STRCHR
  -------         ENDMOD        STRCHR

  -------         MODULE        STRTOK
  D:000DH         PUBLIC        ?_strtok?BYTE
  C:3001H         PUBLIC        _strtok
  -------         ENDMOD        STRTOK

  -------         MODULE        ATOI
  C:28D1H         PUBLIC        _atoi
  -------         ENDMOD        ATOI
BL51 BANKED LINKER/LOCATER V6.22.4.0                                                  09/16/2025  23:08:06  PAGE 62



  -------         MODULE        ?C?MEMSET
  C:11B3H         PUBLIC        ?C?MEMSET
  -------         ENDMOD        ?C?MEMSET

  -------         MODULE        ISDIGIT
  C:3FC4H         PUBLIC        _isdigit
  -------         ENDMOD        ISDIGIT

  -------         MODULE        ISSPACE
  C:3F0DH         PUBLIC        _isspace
  -------         ENDMOD        ISSPACE

  -------         MODULE        STRSPN
  D:0013H         PUBLIC        ?_strspn?BYTE
  C:3268H         PUBLIC        _strspn
  -------         ENDMOD        STRSPN

  -------         MODULE        STRPBRK
  D:0013H         PUBLIC        ?_strpbrk?BYTE
  C:32C9H         PUBLIC        _strpbrk
  -------         ENDMOD        STRPBRK

*** WARNING L16: UNCALLED SEGMENT, IGNORED FOR OVERLAY PROCESS
    SEGMENT: ?PR?_SETBEEP?BEEP

*** WARNING L16: UNCALLED SEGMENT, IGNORED FOR OVERLAY PROCESS
    SEGMENT: ?PR?GETBEEPSTATUS?BEEP

*** WARNING L16: UNCALLED SEGMENT, IGNORED FOR OVERLAY PROCESS
    SEGMENT: ?PR?_GETKEYACT?KEY

*** WARNING L16: UNCALLED SEGMENT, IGNORED FOR OVERLAY PROCESS
    SEGMENT: ?PR?GETSYSPERFORMANCE?SYS

*** WARNING L16: UNCALLED SEGMENT, IGNORED FOR OVERLAY PROCESS
    SEGMENT: ?PR?GETWEIGHT?EXT

*** WARNING L16: UNCALLED SEGMENT, IGNORED FOR OVERLAY PROCESS
    SEGMENT: ?PR?GETDECODE?EXT

*** WARNING L16: UNCALLED SEGMENT, IGNORED FOR OVERLAY PROCESS
    SEGMENT: ?PR?GETUART2TXSTATUS?UART2

*** WARNING L16: UNCALLED SEGMENT, IGNORED FOR OVERLAY PROCESS
    SEGMENT: ?PR?MYUART1PROCESSRXDATA?MY_UART1

*** WARNING L16: UNCALLED SEGMENT, IGNORED FOR OVERLAY PROCESS
    SEGMENT: ?PR?TEMP_CONTROLLED_MOTOR?TEMP_CONTROLLED_FAN

*** WARNING L16: UNCALLED SEGMENT, IGNORED FOR OVERLAY PROCESS
    SEGMENT: ?PR?AUTODOOR_EMERGENCYSTOP?ULTRASONIC_MODULE

*** WARNING L16: UNCALLED SEGMENT, IGNORED FOR OVERLAY PROCESS
    SEGMENT: ?PR?AUTODOOR_ISMOTORFREE?ULTRASONIC_MODULE

*** WARNING L16: UNCALLED SEGMENT, IGNORED FOR OVERLAY PROCESS
BL51 BANKED LINKER/LOCATER V6.22.4.0                                                  09/16/2025  23:08:06  PAGE 63


    SEGMENT: ?PR?_SETTRAINID?TRAIN_ID_MODULE

Program Size: data=83.2 xdata=438 code=16552
LINK/LOCATE RUN COMPLETE.  12 WARNING(S),  0 ERROR(S)
