BL51 BANKED LINKER/LOCATER V6.22.4.0                                                    09/16/2025  20:36:51  PAGE 1


BL51 BANKED LINKER/LOCATER V6.22.4.0, INVOKED BY:
D:\KEIL_V5\C51\BIN\BL51.EXE .\output\main.obj, .\source\STCBSP_V3.6.LIB, .\output\temp_module.obj, .\output\Nav_handler.
>> obj, .\output\rtc_module.obj, .\output\speed_module.obj, .\output\voice_module.obj, .\output\core.obj, .\output\decod
>> e_table.obj, .\output\nv_temp_threshold.obj, .\output\my_uart1.obj, .\output\radio_module.obj, .\output\temp_controll
>> ed_fan.obj, .\output\ultrasonic_module.obj, .\output\train_id_module.obj TO .\output\BSP_Demo PRINT (.\list\BSP_Demo.
>> m51) RAMSIZE (256) XDATA (0X0000-0X07FF)


MEMORY MODEL: SMALL WITH FLOATING POINT ARITHMETIC


INPUT MODULES INCLUDED:
  .\output\main.obj (MAIN)
  .\source\STCBSP_V3.6.LIB (ADC)
  .\source\STCBSP_V3.6.LIB (BEEP)
  .\source\STCBSP_V3.6.LIB (DISPLAYER)
  .\source\STCBSP_V3.6.LIB (KEY)
  .\source\STCBSP_V3.6.LIB (SYS)
  .\source\STCBSP_V3.6.LIB (EXT)
  .\source\STCBSP_V3.6.LIB (UART2)
  .\output\temp_module.obj (TEMP_MODULE)
  .\output\Nav_handler.obj (NAV_HANDLER)
  .\output\rtc_module.obj (RTC_MODULE)
  .\output\speed_module.obj (SPEED_MODULE)
  .\output\voice_module.obj (VOICE_MODULE)
  .\output\core.obj (CORE)
  .\output\decode_table.obj (DECODE_TABLE)
  .\output\nv_temp_threshold.obj (NV_TEMP_THRESHOLD)
  .\output\my_uart1.obj (MY_UART1)
  .\output\radio_module.obj (RADIO_MODULE)
  .\output\temp_controlled_fan.obj (TEMP_CONTROLLED_FAN)
  .\output\ultrasonic_module.obj (ULTRASONIC_MODULE)
  .\output\train_id_module.obj (TRAIN_ID_MODULE)
  .\source\STCBSP_V3.6.LIB (STEPMOTOR)
  .\source\STCBSP_V3.6.LIB (DS1302)
  .\source\STCBSP_V3.6.LIB (M24C02)
  .\source\STCBSP_V3.6.LIB (FM_RADIO)
  .\source\STCBSP_V3.6.LIB (UART1)
  D:\KEIL_V5\C51\LIB\C51FPS.LIB (?C?FPMUL)
  D:\KEIL_V5\C51\LIB\C51FPS.LIB (?C?FPDIV)
  D:\KEIL_V5\C51\LIB\C51FPS.LIB (?C?FCAST)
  D:\KEIL_V5\C51\LIB\C51FPS.LIB (?C?CASTF)
  D:\KEIL_V5\C51\LIB\C51FPS.LIB (?C?FPGETOPN)
  D:\KEIL_V5\C51\LIB\C51S.LIB (?C_STARTUP)
  D:\KEIL_V5\C51\LIB\C51S.LIB (?C?COPY)
  D:\KEIL_V5\C51\LIB\C51S.LIB (?C?CLDPTR)
  D:\KEIL_V5\C51\LIB\C51S.LIB (?C?CLDOPTR)
  D:\KEIL_V5\C51\LIB\C51S.LIB (?C?CSTPTR)
  D:\KEIL_V5\C51\LIB\C51S.LIB (?C?CSTOPTR)
  D:\KEIL_V5\C51\LIB\C51S.LIB (?C?IMUL)
  D:\KEIL_V5\C51\LIB\C51S.LIB (?C?UIDIV)
  D:\KEIL_V5\C51\LIB\C51S.LIB (?C?SIDIV)
  D:\KEIL_V5\C51\LIB\C51S.LIB (?C?IILDX)
  D:\KEIL_V5\C51\LIB\C51S.LIB (?C?ILDIX)
  D:\KEIL_V5\C51\LIB\C51S.LIB (?C?ILDPTR)
  D:\KEIL_V5\C51\LIB\C51S.LIB (?C?LMUL)
  D:\KEIL_V5\C51\LIB\C51S.LIB (?C?ULDIV)
  D:\KEIL_V5\C51\LIB\C51S.LIB (?C?SLDIV)
BL51 BANKED LINKER/LOCATER V6.22.4.0                                                  09/16/2025  20:36:51  PAGE 2


  D:\KEIL_V5\C51\LIB\C51S.LIB (?C?LNEG)
  D:\KEIL_V5\C51\LIB\C51S.LIB (?C?ULSHR)
  D:\KEIL_V5\C51\LIB\C51S.LIB (?C?SLSHR)
  D:\KEIL_V5\C51\LIB\C51S.LIB (?C?LSHL)
  D:\KEIL_V5\C51\LIB\C51S.LIB (?C?LLDCODE)
  D:\KEIL_V5\C51\LIB\C51S.LIB (?C?LSTXDATA)
  D:\KEIL_V5\C51\LIB\C51S.LIB (?C?OFFXADD)
  D:\KEIL_V5\C51\LIB\C51S.LIB (?C?ICALL)
  D:\KEIL_V5\C51\LIB\C51S.LIB (?C_IBP)
  D:\KEIL_V5\C51\LIB\C51S.LIB (?C?STRCPY)
  D:\KEIL_V5\C51\LIB\C51S.LIB (STRLEN)
  D:\KEIL_V5\C51\LIB\C51S.LIB (STRCHR)
  D:\KEIL_V5\C51\LIB\C51S.LIB (STRTOK)
  D:\KEIL_V5\C51\LIB\C51S.LIB (ATOI)
  D:\KEIL_V5\C51\LIB\C51S.LIB (?C?MEMSET)
  D:\KEIL_V5\C51\LIB\C51S.LIB (?C_INIT)
  D:\KEIL_V5\C51\LIB\C51S.LIB (ISDIGIT)
  D:\KEIL_V5\C51\LIB\C51S.LIB (ISSPACE)
  D:\KEIL_V5\C51\LIB\C51S.LIB (STRSPN)
  D:\KEIL_V5\C51\LIB\C51S.LIB (STRPBRK)


LINK MAP OF MODULE:  .\output\BSP_Demo (MAIN)


            TYPE    BASE      LENGTH    RELOCATION   SEGMENT NAME
            -----------------------------------------------------

            * * * * * * *   D A T A   M E M O R Y   * * * * * * *
            REG     0000H     0008H     ABSOLUTE     "REG BANK 0"
            DATA    0008H     0014H     UNIT         _DATA_GROUP_
            DATA    001CH     0004H     UNIT         ?DT?_SETPWM?EXT
            BIT     0020H.0   0001H.7   UNIT         ?BI?SYS
            BIT     0021H.7   0000H.1   UNIT         ?BI?ADC
            BIT     0022H.0   0000H.1   UNIT         ?BI?RTC_MODULE
            BIT     0022H.1   0000H.1   UNIT         _BIT_GROUP_
                    0022H.2   0000H.6                *** GAP ***
            DATA    0023H     0012H     UNIT         ?DT?SYS
            DATA    0035H     0007H     UNIT         ?DT?RADIO_MODULE
            DATA    003CH     0006H     UNIT         ?DT?EXT
            DATA    0042H     0003H     UNIT         ?DT?STRTOK
            DATA    0045H     0002H     UNIT         ?DT?ADC
            DATA    0047H     0002H     UNIT         ?DT?UART2
            DATA    0049H     0002H     UNIT         ?DT?ULTRASONIC_MODULE
            DATA    004BH     0001H     UNIT         ?DT?KEY
            DATA    004CH     0001H     UNIT         ?DT?CORE
            DATA    004DH     0001H     UNIT         ?C?LIB_DATA
            IDATA   004EH     0001H     UNIT         ?STACK

            * * * * * * *  X D A T A   M E M O R Y  * * * * * * *
            XDATA   0000H     006EH     UNIT         ?XD?SYS
            XDATA   006EH     0044H     UNIT         ?XD?MY_UART1
            XDATA   00B2H     0033H     UNIT         _XDATA_GROUP_
            XDATA   00E5H     001EH     UNIT         ?XD?ADC
            XDATA   0103H     0016H     UNIT         ?XD?RTC_MODULE
            XDATA   0119H     0016H     UNIT         ?XD?STEPMOTOR
            XDATA   012FH     0015H     UNIT         ?XD?UART2
BL51 BANKED LINKER/LOCATER V6.22.4.0                                                  09/16/2025  20:36:51  PAGE 3


            XDATA   0144H     0015H     UNIT         ?XD?UART1
            XDATA   0159H     0012H     UNIT         ?XD?TEMP_MODULE
            XDATA   016BH     000CH     UNIT         ?XD?DISPLAYER
            XDATA   0177H     000BH     UNIT         ?XD?EXT
            XDATA   0182H     000AH     UNIT         ?XD?KEY
            XDATA   018CH     0009H     UNIT         ?XD?CORE
            XDATA   0195H     0009H     UNIT         ?XD?DS1302
            XDATA   019EH     0009H     UNIT         ?XD?FM_RADIO
            XDATA   01A7H     0004H     UNIT         ?XD?SPEED_MODULE
            XDATA   01ABH     0002H     UNIT         ?XD?VOICE_MODULE
            XDATA   01ADH     0002H     UNIT         ?XD?NV_TEMP_THRESHOLD
            XDATA   01AFH     0001H     UNIT         ?XD?NAV_HANDLER

            * * * * * * *   C O D E   M E M O R Y   * * * * * * *
            CODE    0000H     0003H     ABSOLUTE     
            CODE    0003H     0007H     UNIT         ?PR?GETADC?ADC
            CODE    000AH     0001H     UNIT         ?PR?_?NULLFUNC?SYS
            CODE    000BH     0003H     ABSOLUTE     
            CODE    000EH     0015H     UNIT         ?PR?MY1S_CALLBACK?CORE
            CODE    0023H     0003H     ABSOLUTE     
            CODE    0026H     0005H     UNIT         ?PR?AUTODOOR_EMERGENCYSTOP?ULTRASONIC_MODULE
            CODE    002BH     0003H     ABSOLUTE     
            CODE    002EH     000DH     UNIT         ?PR?STOP?M24C02
            CODE    003BH     0003H     ABSOLUTE     
            CODE    003EH     0004H     UNIT         ?CO?CORE
            CODE    0042H     0001H     UNIT         ?PR?_?NULLFUNC0?UART2
            CODE    0043H     0003H     ABSOLUTE     
            CODE    0046H     0A28H     UNIT         ?CO?VOICE_MODULE
            CODE    0A6EH     0771H     UNIT         ?C?LIB_CODE
            CODE    11DFH     0274H     UNIT         ?PR?_?SYS_STEPMOTOR_DRV?STEPMOTOR
            CODE    1453H     01FCH     UNIT         ?CO?TEMP_MODULE
            CODE    164FH     01DFH     UNIT         ?PR?MYUART1SENDCURRENTSTATUS?MY_UART1
            CODE    182EH     01D2H     UNIT         ?PR?UART2_ISR?UART2
            CODE    1A00H     01C5H     UNIT         ?PR?_PARSECOMMAND?MY_UART1
            CODE    1BC5H     01BBH     UNIT         ?C_INITSEG
            CODE    1D80H     01ACH     UNIT         ?PR?_?SYS_ADC_DRV?ADC
            CODE    1F2CH     0130H     UNIT         ?PR?UART1_ISR?UART1
            CODE    205CH     0123H     UNIT         ?PR?_?SYS_KEY_DRV?KEY
            CODE    217FH     011DH     UNIT         ?PR?_MY_UTOA?MY_UART1
            CODE    229CH     00FEH     UNIT         ?PR?DS1302INIT?DS1302
            CODE    239AH     00EDH     UNIT         ?PR?SYS_TASK_1MS?SYS
            CODE    2487H     00E9H     UNIT         ?PR?_?SYS_DISPLAY_DRV?DISPLAYER
            CODE    2570H     00E7H     UNIT         ?PR?_?SYS_EXT_DRV?EXT
            CODE    2657H     00C6H     UNIT         ?PR?RESETTIMER?RTC_MODULE
            CODE    271DH     00B6H     UNIT         ?PR?SETFMRADIO?FM_RADIO
            CODE    27D3H     00B5H     UNIT         ?PR?_UART2INIT?UART2
            CODE    2888H     00AEH     UNIT         ?PR?_ATOI?ATOI
            CODE    2936H     00ABH     UNIT         ?PR?_SETSTEPMOTOR?STEPMOTOR
            CODE    29E1H     00A8H     UNIT         ?PR?SYS_CCP_ISR?SYS
            CODE    2A89H     00A5H     UNIT         ?PR?_?SYS_DS1302_DRV?DS1302
            CODE    2B2EH     00A0H     UNIT         ?PR?NAVHANDLER?NAV_HANDLER
            CODE    2BCEH     0094H     UNIT         ?PR?SHOWTEMP?TEMP_MODULE
            CODE    2C62H     0093H     UNIT         ?PR?SYS_TASK_10MS?SYS
            CODE    2CF5H     0090H     UNIT         ?PR?_SETPWM?EXT
            CODE    2D85H     008CH     UNIT         ?C_C51STARTUP
            CODE    2E11H     008BH     UNIT         ?PR?SYS_TASK_IR?SYS
            CODE    2E9CH     008AH     UNIT         ?PR?CHECKCOUNTDOWNEVENT?VOICE_MODULE
BL51 BANKED LINKER/LOCATER V6.22.4.0                                                  09/16/2025  20:36:51  PAGE 4


            CODE    2F26H     0084H     UNIT         ?PR?UPDATETIME?RTC_MODULE
            CODE    2FAAH     0082H     UNIT         ?PR?INITRTC?RTC_MODULE
            CODE    302CH     0080H     UNIT         ?PR?_STRTOK?STRTOK
            CODE    30ACH     007DH     UNIT         ?PR?MAIN?MAIN
            CODE    3129H     007DH     UNIT         ?PR?_SETEVENTCALLBACK?SYS
            CODE    31A6H     0078H     UNIT         ?PR?_SETBEEP?BEEP
            CODE    321EH     0077H     UNIT         ?PR?_UART1INIT?UART1
            CODE    3295H     006DH     UNIT         ?PR?ULTRASONICUPDATEANDDISPLAY?ULTRASONIC_MODULE
            CODE    3302H     0061H     UNIT         ?PR?_STRSPN?STRSPN
            CODE    3363H     005DH     UNIT         ?PR?_STRPBRK?STRPBRK
            CODE    33C0H     005CH     UNIT         ?PR?GETFMRADIO?FM_RADIO
            CODE    341CH     005AH     UNIT         ?PR?UPDATETEMP?TEMP_MODULE
            CODE    3476H     005AH     UNIT         ?PR?NVTEMPTHRESHOLDINIT?NV_TEMP_THRESHOLD
            CODE    34D0H     0059H     UNIT         ?PR?READCOUNT?EXT
            CODE    3529H     0056H     UNIT         ?PR?MYUART1INIT?MY_UART1
            CODE    357FH     0053H     UNIT         ?PR?GETULTRASONIC?SYS
            CODE    35D2H     0052H     UNIT         ?PR?SYS_TIMER0_ISR?SYS
            CODE    3624H     0048H     UNIT         ?PR?_EMSTOP?STEPMOTOR
            CODE    366CH     0047H     UNIT         ?PR?SYS_TIMER0_INIT?SYS
            CODE    36B3H     0046H     UNIT         ?PR?_GETADCNAVACT?ADC
            CODE    36F9H     0045H     UNIT         ?PR?RADIO_INIT?RADIO_MODULE
            CODE    373EH     0044H     UNIT         ?PR?_?SYS_FMRADIO_DRV?FM_RADIO
            CODE    3782H     0044H     UNIT         ?C?LDIV
            CODE    37C6H     0043H     UNIT         ?PR?SHOWSPEED?SPEED_MODULE
            CODE    3809H     0041H     UNIT         ?PR?SHOWTIME?RTC_MODULE
            CODE    384AH     0040H     UNIT         ?PR?_GETKEYACT?KEY
            CODE    388AH     003FH     UNIT         ?PR?SYS_TASK_100MS?SYS
            CODE    38C9H     003EH     UNIT         ?PR?MYSTC_OS?SYS
            CODE    3907H     003CH     UNIT         ?CO?DECODE_TABLE
            CODE    3943H     0039H     UNIT         ?PR?_NVTEMPTHRESHOLDUPDATE?NV_TEMP_THRESHOLD
            CODE    397CH     0036H     UNIT         ?PR?_EXTINIT?EXT
            CODE    39B2H     0036H     UNIT         ?PR?TEMP_CONTROLLED_MOTOR?TEMP_CONTROLLED_FAN
            CODE    39E8H     0032H     UNIT         ?PR?UART1RXDCALLBACK?MY_UART1
            CODE    3A1AH     0032H     UNIT         ?PR?_GETSTEPMOTORSTATUS?STEPMOTOR
            CODE    3A4CH     0031H     UNIT         ?PR?_ADCINIT?ADC
            CODE    3A7DH     0031H     UNIT         ?PR?_SETUART2RXD?UART2
            CODE    3AAEH     0031H     UNIT         ?PR?_SETUART1RXD?UART1
            CODE    3ADFH     002FH     UNIT         ?PR?_UART2PRINT?UART2
            CODE    3B0EH     002EH     UNIT         ?PR?_DS1302READ?DS1302
            CODE    3B3CH     002BH     UNIT         ?PR?SYS_TASK_1S?SYS
            CODE    3B67H     002BH     UNIT         ?PR?_NVTEMPTHRESHOLDWRITE?NV_TEMP_THRESHOLD
            CODE    3B92H     002AH     UNIT         ?PR?NVTEMPTHRESHOLDREAD?NV_TEMP_THRESHOLD
            CODE    3BBCH     0029H     UNIT         ?PR?_NVM_WRITE?DS1302
            CODE    3BE5H     0028H     UNIT         ?PR?_?SYS_BEEP_DRV?BEEP
            CODE    3C0DH     0028H     UNIT         ?PR?_IIC_RADIO_WRITEBYTE?FM_RADIO
            CODE    3C35H     0028H     UNIT         ?PR?_UART1PRINT?UART1
            CODE    3C5DH     0027H     UNIT         ?PR?ULTRASONICINIT?ULTRASONIC_MODULE
            CODE    3C84H     0025H     UNIT         ?PR?FMRADIOINIT?FM_RADIO
            CODE    3CA9H     0024H     UNIT         ?PR?RESPONS?M24C02
            CODE    3CCDH     0024H     UNIT         ?PR?_WRITEBYTE?M24C02
            CODE    3CF1H     0023H     UNIT         ?PR?AUTODOOR_OPEN?ULTRASONIC_MODULE
            CODE    3D14H     0023H     UNIT         ?PR?AUTODOOR_CLOSE?ULTRASONIC_MODULE
            CODE    3D37H     0022H     UNIT         ?PR?READBYTE?M24C02
            CODE    3D59H     0020H     UNIT         ?PR?BEEPINIT?BEEP
            CODE    3D79H     0020H     UNIT         ?PR?_SEG7PRINT?DISPLAYER
            CODE    3D99H     0020H     UNIT         ?PR?_DS1302WRITE?DS1302
            CODE    3DB9H     001DH     UNIT         ?PR?KEYINIT?KEY
BL51 BANKED LINKER/LOCATER V6.22.4.0                                                  09/16/2025  20:36:51  PAGE 5


            CODE    3DD6H     001CH     UNIT         ?PR?_M24C02_READ?M24C02
            CODE    3DF2H     001CH     UNIT         ?PR?IIC_RADIO_ACK?FM_RADIO
            CODE    3E0EH     001CH     UNIT         ?PR?_STRCHR?STRCHR
            CODE    3E2AH     001BH     UNIT         ?PR?DISPLAYERINIT?DISPLAYER
            CODE    3E45H     0019H     UNIT         ?PR?_DS1302WRITEBYTE?DS1302
            CODE    3E5EH     0019H     UNIT         ?PR?RTC_WRITE?DS1302
            CODE    3E77H     0018H     UNIT         ?PR?SHOWSTATUS?NAV_HANDLER
            CODE    3E8FH     0018H     UNIT         ?PR?STEPMOTORINIT?STEPMOTOR
            CODE    3EA7H     0018H     UNIT         ?PR?DS1302READBYTE?DS1302
            CODE    3EBFH     0015H     UNIT         ?PR?MYUART1CLEARRXBUFFER?MY_UART1
            CODE    3ED4H     0015H     UNIT         ?PR?_M24C02_WRITE?M24C02
            CODE    3EE9H     0015H     UNIT         ?PR?_STRLEN?STRLEN
            CODE    3EFEH     0013H     UNIT         ?PR?_DELAY?FM_RADIO
            CODE    3F11H     0013H     UNIT         ?PR?IIC_RADIO_START?FM_RADIO
            CODE    3F24H     0013H     UNIT         ?PR?_ISSPACE?ISSPACE
            CODE    3F37H     0012H     UNIT         ?PR?GETSPEED?SPEED_MODULE
            CODE    3F49H     0012H     UNIT         ?PR?MYUART2RXD_CALLBACK?VOICE_MODULE
            CODE    3F5BH     0012H     UNIT         ?PR?_NVISVALIDTHRESHOLD?NV_TEMP_THRESHOLD
            CODE    3F6DH     0012H     UNIT         ?PR?_NVM_READ?DS1302
            CODE    3F7FH     0011H     UNIT         ?PR?_SETCCP0?SYS
            CODE    3F90H     0010H     UNIT         ?PR?GETDECODE?EXT
            CODE    3FA0H     0010H     UNIT         ?PR?_SETTRAINID?TRAIN_ID_MODULE
            CODE    3FB0H     0010H     UNIT         ?PR?START?M24C02
            CODE    3FC0H     000FH     UNIT         ?PR?_?SYS_GET_UART2RXDEVENT?UART2
            CODE    3FCFH     000FH     UNIT         ?PR?GETULTRASONICDISTANCE?ULTRASONIC_MODULE
            CODE    3FDEH     000FH     UNIT         ?PR?_?SYS_GET_UART1RXDEVENT?UART1
            CODE    3FEDH     000FH     UNIT         ?PR?_ISDIGIT?ISDIGIT
            CODE    3FFCH     000EH     UNIT         ?PR?_?SYS_GET_KNEVENT?ADC
            CODE    400AH     000EH     UNIT         ?PR?_?SYS_GET_EXTADCEVENT?ADC
            CODE    4018H     000EH     UNIT         ?PR?_?SYS_GET_KEYEVENT?KEY
            CODE    4026H     000EH     UNIT         ?PR?AUTODOOR_ISMOTORFREE?ULTRASONIC_MODULE
            CODE    4034H     000CH     UNIT         ?PR?GETBEEPSTATUS?BEEP
            CODE    4040H     000CH     UNIT         ?PR?IIC_RADIO_STOP?FM_RADIO
            CODE    404CH     000BH     UNIT         ?PR?GETUART2TXSTATUS?UART2
            CODE    4057H     000BH     UNIT         ?PR?MYUART1PROCESSRXDATA?MY_UART1
            CODE    4062H     000BH     UNIT         ?PR?INITTRAINID?TRAIN_ID_MODULE
            CODE    406DH     000BH     UNIT         ?PR?GETUART1TXSTATUS?UART1
            CODE    4078H     0009H     UNIT         ?CO?ADC
            CODE    4081H     0009H     UNIT         ?PR?_SETDISPLAYERAREA?DISPLAYER
            CODE    408AH     0009H     UNIT         ?PR?GETBEEPTIMER?SYS
            CODE    4093H     0009H     UNIT         ?PR?_SETBEEPTIMER?SYS
            CODE    409CH     0009H     UNIT         ?PR?GETWEIGHT?EXT
            CODE    40A5H     0007H     UNIT         ?PR?GETSYSPERFORMANCE?SYS
            CODE    40ACH     0007H     UNIT         ?PR?RTC_READ?DS1302
            CODE    40B3H     0006H     UNIT         ?PR?ADC_ISR?ADC
            CODE    40B9H     0006H     UNIT         ?PR?_LEDPRINT?DISPLAYER
            CODE    40BFH     0006H     UNIT         ?PR?MYSTC_INIT?SYS
            CODE    40C5H     0006H     UNIT         ?CO?MY_UART1
            CODE    40CBH     0003H     UNIT         ?PR?_?RET0FUNC?SYS
            CODE    40CEH     0003H     UNIT         ?PR?CLRBEEPPIN?SYS



OVERLAY MAP OF MODULE:   .\output\BSP_Demo (MAIN)


SEGMENT                                             BIT_GROUP          DATA_GROUP          XDATA_GROUP
BL51 BANKED LINKER/LOCATER V6.22.4.0                                                  09/16/2025  20:36:51  PAGE 6


  +--> CALLED SEGMENT                            START    LENGTH     START    LENGTH     START    LENGTH
--------------------------------------------------------------------------------------------------------
?C_C51STARTUP                                    -----    -----      -----    -----      -----    -----
  +--> ?PR?MAIN?MAIN
  +--> ?C_INITSEG

?PR?MAIN?MAIN                                    -----    -----      -----    -----      -----    -----
  +--> ?PR?_ADCINIT?ADC
  +--> ?PR?DISPLAYERINIT?DISPLAYER
  +--> ?PR?KEYINIT?KEY
  +--> ?PR?BEEPINIT?BEEP
  +--> ?PR?_SETDISPLAYERAREA?DISPLAYER
  +--> ?PR?_UART2INIT?UART2
  +--> ?PR?MYUART1INIT?MY_UART1
  +--> ?PR?NVTEMPTHRESHOLDINIT?NV_TEMP_THRES...
  +--> ?PR?INITRTC?RTC_MODULE
  +--> ?PR?_EXTINIT?EXT
  +--> ?PR?ULTRASONICINIT?ULTRASONIC_MODULE
  +--> ?PR?RADIO_INIT?RADIO_MODULE
  +--> ?PR?_SETTRAINID?TRAIN_ID_MODULE
  +--> ?PR?_SETUART2RXD?UART2
  +--> ?PR?MYUART2RXD_CALLBACK?VOICE_MODULE
  +--> ?PR?_SETEVENTCALLBACK?SYS
  +--> ?PR?MY1S_CALLBACK?CORE
  +--> ?PR?NAVHANDLER?NAV_HANDLER
  +--> ?PR?MYSTC_INIT?SYS
  +--> ?PR?MYSTC_OS?SYS

?PR?_ADCINIT?ADC                                 -----    -----      -----    -----      -----    -----
  +--> ?PR?_?SYS_ADC_DRV?ADC
  +--> ?PR?_?SYS_GET_KNEVENT?ADC
  +--> ?PR?_?SYS_GET_EXTADCEVENT?ADC

?PR?_?SYS_ADC_DRV?ADC                            -----    -----      -----    -----      -----    -----
  +--> ?CO?ADC

?PR?DISPLAYERINIT?DISPLAYER                      -----    -----      -----    -----      -----    -----
  +--> ?PR?_?SYS_DISPLAY_DRV?DISPLAYER

?PR?_?SYS_DISPLAY_DRV?DISPLAYER                  -----    -----      -----    -----      -----    -----
  +--> ?CO?DECODE_TABLE

?PR?KEYINIT?KEY                                  -----    -----      -----    -----      -----    -----
  +--> ?PR?_?SYS_GET_KEYEVENT?KEY
  +--> ?PR?_?SYS_KEY_DRV?KEY

?PR?BEEPINIT?BEEP                                -----    -----      -----    -----      -----    -----
  +--> ?PR?CLRBEEPPIN?SYS
  +--> ?PR?_?SYS_BEEP_DRV?BEEP

?PR?_?SYS_BEEP_DRV?BEEP                          -----    -----      -----    -----      -----    -----
  +--> ?PR?GETBEEPTIMER?SYS
  +--> ?PR?_SETBEEPTIMER?SYS

?PR?_UART2INIT?UART2                             -----    -----      0008H    0005H      -----    -----
  +--> ?PR?_?NULLFUNC0?UART2
  +--> ?CO?CORE
BL51 BANKED LINKER/LOCATER V6.22.4.0                                                  09/16/2025  20:36:51  PAGE 7


  +--> ?PR?_?SYS_GET_UART2RXDEVENT?UART2

?PR?MYUART1INIT?MY_UART1                         -----    -----      -----    -----      -----    -----
  +--> ?PR?_UART1INIT?UART1
  +--> ?PR?UART1RXDCALLBACK?MY_UART1
  +--> ?PR?_SETEVENTCALLBACK?SYS
  +--> ?PR?_SETUART1RXD?UART1

?PR?_UART1INIT?UART1                             -----    -----      0008H    0004H      -----    -----
  +--> ?CO?CORE
  +--> ?PR?_?SYS_GET_UART1RXDEVENT?UART1

?PR?UART1RXDCALLBACK?MY_UART1                    -----    -----      -----    -----      -----    -----
  +--> ?PR?_STRCHR?STRCHR
  +--> ?PR?_PARSECOMMAND?MY_UART1
  +--> ?PR?MYUART1CLEARRXBUFFER?MY_UART1

?PR?_PARSECOMMAND?MY_UART1                       -----    -----      0008H    0005H      00B2H    0030H
  +--> ?PR?_STRLEN?STRLEN
  +--> ?CO?MY_UART1
  +--> ?PR?_ATOI?ATOI
  +--> ?PR?_STRTOK?STRTOK
  +--> ?PR?_NVTEMPTHRESHOLDUPDATE?NV_TEMP_TH...

?PR?_ATOI?ATOI                                   0022H.1  0000H.1    000DH    0005H      -----    -----
  +--> ?PR?_ISSPACE?ISSPACE
  +--> ?PR?_ISDIGIT?ISDIGIT

?PR?_STRTOK?STRTOK                               -----    -----      000DH    0006H      -----    -----
  +--> ?PR?_STRSPN?STRSPN
  +--> ?PR?_STRPBRK?STRPBRK

?PR?_STRSPN?STRSPN                               -----    -----      0013H    0008H      -----    -----

?PR?_STRPBRK?STRPBRK                             -----    -----      0013H    0009H      -----    -----

?PR?_NVTEMPTHRESHOLDUPDATE?NV_TEMP_TH...         -----    -----      000DH    0001H      00E2H    0001H
  +--> ?PR?NVTEMPTHRESHOLDINIT?NV_TEMP_THRES...
  +--> ?PR?_NVISVALIDTHRESHOLD?NV_TEMP_THRES...
  +--> ?PR?NVTEMPTHRESHOLDREAD?NV_TEMP_THRES...
  +--> ?PR?_NVTEMPTHRESHOLDWRITE?NV_TEMP_THR...

?PR?NVTEMPTHRESHOLDINIT?NV_TEMP_THRES...         -----    -----      000FH    0001H      00E4H    0001H
  +--> ?PR?_M24C02_READ?M24C02
  +--> ?PR?_NVISVALIDTHRESHOLD?NV_TEMP_THRES...

?PR?_M24C02_READ?M24C02                          -----    -----      -----    -----      -----    -----
  +--> ?PR?START?M24C02
  +--> ?PR?RESPONS?M24C02
  +--> ?PR?_WRITEBYTE?M24C02
  +--> ?PR?READBYTE?M24C02
  +--> ?PR?STOP?M24C02

?PR?RESPONS?M24C02                               -----    -----      -----    -----      -----    -----
  +--> ?PR?_WRITEBYTE?M24C02

?PR?NVTEMPTHRESHOLDREAD?NV_TEMP_THRES...         -----    -----      -----    -----      00E3H    0001H
BL51 BANKED LINKER/LOCATER V6.22.4.0                                                  09/16/2025  20:36:51  PAGE 8


  +--> ?PR?NVTEMPTHRESHOLDINIT?NV_TEMP_THRES...
  +--> ?PR?_M24C02_READ?M24C02
  +--> ?PR?_NVISVALIDTHRESHOLD?NV_TEMP_THRES...

?PR?_NVTEMPTHRESHOLDWRITE?NV_TEMP_THR...         -----    -----      000EH    0001H      -----    -----
  +--> ?PR?NVTEMPTHRESHOLDINIT?NV_TEMP_THRES...
  +--> ?PR?_NVISVALIDTHRESHOLD?NV_TEMP_THRES...
  +--> ?PR?_M24C02_WRITE?M24C02

?PR?_M24C02_WRITE?M24C02                         -----    -----      -----    -----      -----    -----
  +--> ?PR?START?M24C02
  +--> ?PR?_WRITEBYTE?M24C02
  +--> ?PR?RESPONS?M24C02
  +--> ?PR?STOP?M24C02

?PR?_SETEVENTCALLBACK?SYS                        -----    -----      0008H    0003H      -----    -----

?PR?_SETUART1RXD?UART1                           -----    -----      0008H    000AH      -----    -----

?PR?INITRTC?RTC_MODULE                           -----    -----      -----    -----      -----    -----
  +--> ?PR?DS1302INIT?DS1302
  +--> ?PR?GETSPEED?SPEED_MODULE

?PR?DS1302INIT?DS1302                            -----    -----      0008H    0007H      -----    -----
  +--> ?PR?_DS1302READ?DS1302
  +--> ?PR?_DS1302WRITE?DS1302
  +--> ?PR?_NVM_READ?DS1302
  +--> ?PR?RTC_WRITE?DS1302
  +--> ?PR?_NVM_WRITE?DS1302
  +--> ?PR?_?SYS_DS1302_DRV?DS1302

?PR?_DS1302READ?DS1302                           -----    -----      -----    -----      -----    -----
  +--> ?PR?_DS1302WRITEBYTE?DS1302
  +--> ?PR?DS1302READBYTE?DS1302

?PR?_DS1302WRITE?DS1302                          -----    -----      -----    -----      -----    -----
  +--> ?PR?_DS1302WRITEBYTE?DS1302

?PR?_NVM_READ?DS1302                             -----    -----      -----    -----      -----    -----
  +--> ?PR?_DS1302READ?DS1302

?PR?RTC_WRITE?DS1302                             -----    -----      000FH    0007H      -----    -----

?PR?_NVM_WRITE?DS1302                            -----    -----      -----    -----      -----    -----
  +--> ?PR?_DS1302WRITE?DS1302

?PR?_?SYS_DS1302_DRV?DS1302                      -----    -----      -----    -----      -----    -----
  +--> ?PR?_DS1302READ?DS1302
  +--> ?PR?_DS1302WRITE?DS1302

?PR?_EXTINIT?EXT                                 -----    -----      -----    -----      -----    -----
  +--> ?PR?_?SYS_EXT_DRV?EXT

?PR?_?SYS_EXT_DRV?EXT                            -----    -----      -----    -----      -----    -----
  +--> ?PR?READCOUNT?EXT

?PR?READCOUNT?EXT                                -----    -----      0008H    0005H      -----    -----
BL51 BANKED LINKER/LOCATER V6.22.4.0                                                  09/16/2025  20:36:51  PAGE 9



?PR?ULTRASONICINIT?ULTRASONIC_MODULE             -----    -----      -----    -----      -----    -----
  +--> ?PR?_EXTINIT?EXT
  +--> ?PR?STEPMOTORINIT?STEPMOTOR
  +--> ?PR?_SETBEEP?BEEP

?PR?STEPMOTORINIT?STEPMOTOR                      -----    -----      -----    -----      -----    -----
  +--> ?PR?_?SYS_STEPMOTOR_DRV?STEPMOTOR

?PR?_?SYS_STEPMOTOR_DRV?STEPMOTOR                -----    -----      -----    -----      -----    -----
  +--> ?PR?_LEDPRINT?DISPLAYER

?PR?_SETBEEP?BEEP                                -----    -----      0008H    0004H      -----    -----
  +--> ?PR?GETBEEPTIMER?SYS
  +--> ?PR?_SETBEEPTIMER?SYS
  +--> ?CO?CORE
  +--> ?PR?_SETCCP0?SYS
  +--> ?PR?CLRBEEPPIN?SYS

?PR?RADIO_INIT?RADIO_MODULE                      -----    -----      -----    -----      -----    -----
  +--> ?PR?BEEPINIT?BEEP
  +--> ?PR?FMRADIOINIT?FM_RADIO
  +--> ?PR?SETFMRADIO?FM_RADIO

?PR?FMRADIOINIT?FM_RADIO                         -----    -----      0008H    0006H      -----    -----
  +--> ?PR?SETFMRADIO?FM_RADIO
  +--> ?PR?_?SYS_FMRADIO_DRV?FM_RADIO

?PR?SETFMRADIO?FM_RADIO                          -----    -----      000EH    0006H      -----    -----
  +--> ?PR?GETFMRADIO?FM_RADIO

?PR?GETFMRADIO?FM_RADIO                          -----    -----      0014H    0006H      -----    -----

?PR?_?SYS_FMRADIO_DRV?FM_RADIO                   -----    -----      -----    -----      -----    -----
  +--> ?PR?IIC_RADIO_START?FM_RADIO
  +--> ?PR?_IIC_RADIO_WRITEBYTE?FM_RADIO
  +--> ?PR?IIC_RADIO_ACK?FM_RADIO
  +--> ?PR?IIC_RADIO_STOP?FM_RADIO

?PR?IIC_RADIO_START?FM_RADIO                     -----    -----      -----    -----      -----    -----
  +--> ?PR?_DELAY?FM_RADIO

?PR?_IIC_RADIO_WRITEBYTE?FM_RADIO                -----    -----      -----    -----      -----    -----
  +--> ?PR?_DELAY?FM_RADIO

?PR?IIC_RADIO_ACK?FM_RADIO                       -----    -----      -----    -----      -----    -----
  +--> ?PR?_DELAY?FM_RADIO

?PR?IIC_RADIO_STOP?FM_RADIO                      -----    -----      -----    -----      -----    -----
  +--> ?PR?_DELAY?FM_RADIO

?PR?_SETTRAINID?TRAIN_ID_MODULE                  -----    -----      0008H    0001H      -----    -----
  +--> ?PR?_NVM_WRITE?DS1302

?PR?_SETUART2RXD?UART2                           -----    -----      0008H    000AH      -----    -----

?PR?MY1S_CALLBACK?CORE                           -----    -----      -----    -----      -----    -----
BL51 BANKED LINKER/LOCATER V6.22.4.0                                                  09/16/2025  20:36:51  PAGE 10


  +--> ?PR?UPDATETIME?RTC_MODULE
  +--> ?PR?UPDATETEMP?TEMP_MODULE
  +--> ?PR?GETSPEED?SPEED_MODULE
  +--> ?PR?SHOWSTATUS?NAV_HANDLER
  +--> ?PR?CHECKCOUNTDOWNEVENT?VOICE_MODULE
  +--> ?PR?ULTRASONICUPDATEANDDISPLAY?ULTRAS...
  +--> ?PR?MYUART1SENDCURRENTSTATUS?MY_UART1

?PR?UPDATETIME?RTC_MODULE                        -----    -----      0008H    0002H      -----    -----
  +--> ?PR?RTC_READ?DS1302
  +--> ?PR?RESETTIMER?RTC_MODULE
  +--> ?PR?RTC_WRITE?DS1302

?PR?RESETTIMER?RTC_MODULE                        -----    -----      -----    -----      00B2H    0002H
  +--> ?PR?GETSPEED?SPEED_MODULE
  +--> ?PR?RTC_WRITE?DS1302

?PR?UPDATETEMP?TEMP_MODULE                       -----    -----      -----    -----      -----    -----
  +--> ?PR?GETADC?ADC
  +--> ?CO?TEMP_MODULE

?PR?SHOWSTATUS?NAV_HANDLER                       -----    -----      -----    -----      -----    -----
  +--> ?PR?SHOWTIME?RTC_MODULE
  +--> ?PR?SHOWTEMP?TEMP_MODULE
  +--> ?PR?SHOWSPEED?SPEED_MODULE

?PR?SHOWTIME?RTC_MODULE                          -----    -----      -----    -----      -----    -----
  +--> ?PR?RTC_READ?DS1302
  +--> ?PR?_SEG7PRINT?DISPLAYER

?PR?_SEG7PRINT?DISPLAYER                         -----    -----      0008H    0008H      -----    -----

?PR?SHOWTEMP?TEMP_MODULE                         -----    -----      -----    -----      -----    -----
  +--> ?PR?_SEG7PRINT?DISPLAYER

?PR?SHOWSPEED?SPEED_MODULE                       -----    -----      -----    -----      -----    -----
  +--> ?PR?_SEG7PRINT?DISPLAYER

?PR?CHECKCOUNTDOWNEVENT?VOICE_MODULE             -----    -----      -----    -----      00B2H    0002H
  +--> ?CO?VOICE_MODULE
  +--> ?PR?_UART2PRINT?UART2

?PR?ULTRASONICUPDATEANDDISPLAY?ULTRAS...         -----    -----      -----    -----      -----    -----
  +--> ?PR?GETULTRASONICDISTANCE?ULTRASONIC_...
  +--> ?PR?AUTODOOR_OPEN?ULTRASONIC_MODULE
  +--> ?PR?_SETBEEP?BEEP
  +--> ?PR?AUTODOOR_CLOSE?ULTRASONIC_MODULE

?PR?GETULTRASONICDISTANCE?ULTRASONIC_...         -----    -----      -----    -----      -----    -----
  +--> ?PR?GETULTRASONIC?SYS

?PR?GETULTRASONIC?SYS                            -----    -----      0008H    0002H      -----    -----
  +--> ?CO?CORE

?PR?AUTODOOR_OPEN?ULTRASONIC_MODULE              -----    -----      -----    -----      -----    -----
  +--> ?PR?_GETSTEPMOTORSTATUS?STEPMOTOR
  +--> ?PR?_SETSTEPMOTOR?STEPMOTOR
BL51 BANKED LINKER/LOCATER V6.22.4.0                                                  09/16/2025  20:36:51  PAGE 11



?PR?_SETSTEPMOTOR?STEPMOTOR                      -----    -----      0008H    0001H      -----    -----

?PR?AUTODOOR_CLOSE?ULTRASONIC_MODULE             -----    -----      -----    -----      -----    -----
  +--> ?PR?_GETSTEPMOTORSTATUS?STEPMOTOR
  +--> ?PR?_SETSTEPMOTOR?STEPMOTOR

?PR?MYUART1SENDCURRENTSTATUS?MY_UART1            -----    -----      -----    -----      00B2H    0002H
  +--> ?PR?GETUART1TXSTATUS?UART1
  +--> ?CO?MY_UART1
  +--> ?PR?_STRLEN?STRLEN
  +--> ?PR?_MY_UTOA?MY_UART1
  +--> ?PR?_UART1PRINT?UART1

?PR?_MY_UTOA?MY_UART1                            -----    -----      0008H    0003H      00B4H    0012H

?PR?NAVHANDLER?NAV_HANDLER                       -----    -----      -----    -----      00B2H    0004H
  +--> ?PR?_GETADCNAVACT?ADC
  +--> ?PR?SETFMRADIO?FM_RADIO

?PR?MYSTC_INIT?SYS                               -----    -----      -----    -----      -----    -----
  +--> ?PR?SYS_TIMER0_INIT?SYS

?PR?SYS_TIMER0_INIT?SYS                          -----    -----      -----    -----      -----    -----
  +--> ?CO?CORE

?PR?MYSTC_OS?SYS                                 -----    -----      -----    -----      -----    -----
  +--> ?PR?SYS_TASK_IR?SYS
  +--> ?PR?SYS_TASK_1MS?SYS
  +--> ?PR?SYS_TASK_10MS?SYS
  +--> ?PR?SYS_TASK_100MS?SYS
  +--> ?PR?SYS_TASK_1S?SYS

?C_INITSEG                                       -----    -----      -----    -----      -----    -----
  +--> ?PR?_?NULLFUNC?SYS
  +--> ?PR?_?RET0FUNC?SYS



SYMBOL TABLE OF MODULE:  .\output\BSP_Demo (MAIN)

  VALUE           TYPE          NAME
  ----------------------------------

  -------         MODULE        MAIN
  C:0000H         SYMBOL        _ICE_DUMMY_
  D:0080H         PUBLIC        P0
  D:0090H         PUBLIC        P1
  D:00A0H         PUBLIC        P2
  D:00B0H         PUBLIC        P3
  D:00C0H         PUBLIC        P4
  D:00C8H         PUBLIC        P5
  D:00E8H         PUBLIC        P6
  D:00F8H         PUBLIC        P7
  D:00A8H         PUBLIC        IE
  D:00B8H         PUBLIC        IP
  D:00D8H         PUBLIC        CCON
BL51 BANKED LINKER/LOCATER V6.22.4.0                                                  09/16/2025  20:36:51  PAGE 12


  C:30ACH         PUBLIC        main
  D:0098H         PUBLIC        SCON
  D:0088H         PUBLIC        TCON
  D:00D0H         PUBLIC        PSW
  -------         PROC          MAIN
  C:30ACH         LINE#         3
  C:30ACH         LINE#         4
  C:30B1H         LINE#         5
  C:30B4H         LINE#         6
  C:30B7H         LINE#         7
  C:30BAH         LINE#         8
  C:30C1H         LINE#         9
  C:30CDH         LINE#         10
  C:30D0H         LINE#         11
  C:30D3H         LINE#         12
  C:30D6H         LINE#         13
  C:30DBH         LINE#         14
  C:30DEH         LINE#         15
  C:30E1H         LINE#         16
  C:30E6H         LINE#         17
  C:3100H         LINE#         18
  C:310BH         LINE#         19
  C:3116H         LINE#         20
  C:3121H         LINE#         21
  C:3124H         LINE#         23
  C:3124H         LINE#         24
  C:3127H         LINE#         25
  -------         ENDPROC       MAIN
  -------         ENDMOD        MAIN

  -------         MODULE        ADC
  C:0000H         SYMBOL        _ICE_DUMMY_
  D:0080H         PUBLIC        P0
  D:0090H         PUBLIC        P1
  D:00A0H         PUBLIC        P2
  C:3FFCH         PUBLIC        _?sys_get_KNEvent
  D:0045H         PUBLIC        sys_EXTADCEvent
  D:00B0H         PUBLIC        P3
  D:00C0H         PUBLIC        P4
  D:00C8H         PUBLIC        P5
  D:00E8H         PUBLIC        P6
  D:00F8H         PUBLIC        P7
  B:00A8H.5       PUBLIC        EADC
  D:00A8H         PUBLIC        IE
  D:00BDH         PUBLIC        ADC_RES
  D:00B8H         PUBLIC        IP
  D:0097H         PUBLIC        CLK_DIV
  C:3A4CH         PUBLIC        _AdcInit
  D:00D8H         PUBLIC        CCON
  C:400AH         PUBLIC        _?sys_get_EXTADCEvent
  X:00E7H         PUBLIC        AD_res
  D:00BCH         PUBLIC        ADC_CONTR
  D:0098H         PUBLIC        SCON
  D:0088H         PUBLIC        TCON
  C:1D80H         PUBLIC        _?sys_ADC_drv
  B:0021H.7       PUBLIC        flag_ADC
  X:00F1H         PUBLIC        sys_KN
BL51 BANKED LINKER/LOCATER V6.22.4.0                                                  09/16/2025  20:36:51  PAGE 13


  D:009DH         PUBLIC        P1ASF
  D:0046H         PUBLIC        sys_KNEvent
  D:00BEH         PUBLIC        ADC_RESL
  C:0003H         PUBLIC        GetADC
  C:36B3H         PUBLIC        _GetAdcNavAct
  C:40B3H         PUBLIC        ADC_isr
  D:00D0H         PUBLIC        PSW
  -------         PROC          ADC_ISR
  C:40B3H         LINE#         26
  C:40B3H         LINE#         27
  C:40B6H         LINE#         28
  C:40B8H         LINE#         29
  -------         ENDPROC       ADC_ISR
  -------         PROC          _?SYS_ADC_DRV
  -------         DO            
  X:00E5H         SYMBOL        pc
  X:00E6H         SYMBOL        counter
  i:0000H         SYMBOL        i
  C:4078H         SYMBOL        ADC_ch
  -------         ENDDO         
  C:1D80H         LINE#         31
  C:1D82H         LINE#         35
  C:1D88H         LINE#         36
  C:1D8AH         LINE#         37
  C:1DB8H         LINE#         38
  C:1DB8H         LINE#         39
  C:1DB8H         LINE#         40
  C:1DC8H         LINE#         41
  C:1DCAH         LINE#         42
  C:1DCAH         LINE#         43
  C:1DCAH         LINE#         44
  C:1DDEH         LINE#         45
  C:1DE1H         LINE#         46
  C:1DE4H         LINE#         47
  C:1DF4H         LINE#         48
  C:1DF6H         LINE#         49
  C:1E0AH         LINE#         50
  C:1E0DH         LINE#         51
  C:1E21H         LINE#         52
  C:1E34H         LINE#         53
  C:1E4CH         LINE#         54
  C:1E57H         LINE#         55
  C:1E5AH         LINE#         56
  C:1E6AH         LINE#         57
  C:1E7EH         LINE#         58
  C:1E93H         LINE#         59
  C:1EA4H         LINE#         60
  C:1EA6H         LINE#         61
  C:1EA6H         LINE#         62
  C:1EA8H         LINE#         64
  C:1EBFH         LINE#         65
  C:1ED0H         LINE#         66
  C:1ED3H         LINE#         67
  C:1ED3H         LINE#         68
  C:1ED3H         LINE#         69
  C:1EF6H         LINE#         70
  C:1F07H         LINE#         71
BL51 BANKED LINKER/LOCATER V6.22.4.0                                                  09/16/2025  20:36:51  PAGE 14


  C:1F0BH         LINE#         72
  C:1F0BH         LINE#         73
  C:1F0BH         LINE#         74
  C:1F11H         LINE#         75
  C:1F11H         LINE#         76
  C:1F11H         LINE#         77
  C:1F1DH         LINE#         78
  C:1F29H         LINE#         79
  C:1F29H         LINE#         80
  -------         ENDPROC       _?SYS_ADC_DRV
  -------         PROC          _?SYS_GET_KNEVENT
  -------         DO            
  i:0000H         SYMBOL        a
  -------         ENDDO         
  C:3FFCH         LINE#         82
  C:3FFEH         LINE#         84
  C:4002H         LINE#         85
  C:4005H         LINE#         86
  C:4007H         LINE#         87
  -------         ENDPROC       _?SYS_GET_KNEVENT
  -------         PROC          _?SYS_GET_EXTADCEVENT
  -------         DO            
  i:0000H         SYMBOL        a
  -------         ENDDO         
  C:400AH         LINE#         89
  C:400CH         LINE#         91
  C:4010H         LINE#         92
  C:4013H         LINE#         93
  C:4015H         LINE#         94
  -------         ENDPROC       _?SYS_GET_EXTADCEVENT
  -------         PROC          _ADCINIT
  D:0007H         SYMBOL        ADCsel
  C:3A4CH         LINE#         96
  C:3A4CH         LINE#         97
  C:3A4CH         LINE#         98
  C:3A4EH         LINE#         99
  C:3A51H         LINE#         100
  C:3A54H         LINE#         101
  C:3A56H         LINE#         102
  C:3A64H         LINE#         103
  C:3A70H         LINE#         104
  C:3A7CH         LINE#         105
  -------         ENDPROC       _ADCINIT
  -------         PROC          GETADC
  C:0003H         LINE#         107
  C:0003H         LINE#         108
  C:0009H         LINE#         109
  -------         ENDPROC       GETADC
  -------         PROC          _GETADCNAVACT
  D:0007H         SYMBOL        Nav_button
  -------         DO            
  D:0006H         SYMBOL        a
  -------         ENDDO         
  C:36B3H         LINE#         111
  C:36B3H         LINE#         112
  C:36B3H         LINE#         113
  C:36C3H         LINE#         114
BL51 BANKED LINKER/LOCATER V6.22.4.0                                                  09/16/2025  20:36:51  PAGE 15


  C:36DEH         LINE#         115
  C:36F3H         LINE#         116
  C:36F6H         LINE#         117
  C:36F6H         LINE#         118
  C:36F8H         LINE#         119
  -------         ENDPROC       _GETADCNAVACT
  -------         ENDMOD        ADC

  -------         MODULE        BEEP
  C:0000H         SYMBOL        _ICE_DUMMY_
  D:0080H         PUBLIC        P0
  D:00B2H         PUBLIC        P3M0
  D:0090H         PUBLIC        P1
  D:00B1H         PUBLIC        P3M1
  D:00A0H         PUBLIC        P2
  D:00B0H         PUBLIC        P3
  D:00C0H         PUBLIC        P4
  D:00C8H         PUBLIC        P5
  D:00E8H         PUBLIC        P6
  D:00F8H         PUBLIC        P7
  D:00F9H         PUBLIC        CH
  C:3BE5H         PUBLIC        _?sys_beep_drv
  D:00A8H         PUBLIC        IE
  D:00E9H         PUBLIC        CL
  C:3D59H         PUBLIC        BeepInit
  B:00D8H.6       PUBLIC        CR
  D:00DAH         PUBLIC        CCAPM0
  D:00B8H         PUBLIC        IP
  D:00D9H         PUBLIC        CMOD
  D:00D8H         PUBLIC        CCON
  C:4034H         PUBLIC        GetBeepStatus
  C:31A6H         PUBLIC        _SetBeep
  D:0098H         PUBLIC        SCON
  D:0088H         PUBLIC        TCON
  D:00D0H         PUBLIC        PSW
  B:00D8H.0       PUBLIC        CCF0
  -------         PROC          _?SYS_BEEP_DRV
  -------         DO            
  i:0000H         SYMBOL        a
  -------         ENDDO         
  C:3BE5H         LINE#         11
  C:3BE9H         LINE#         13
  C:3BF3H         LINE#         14
  C:3C08H         LINE#         15
  -------         ENDPROC       _?SYS_BEEP_DRV
  -------         PROC          BEEPINIT
  C:3D59H         LINE#         17
  C:3D59H         LINE#         18
  C:3D59H         LINE#         19
  C:3D5CH         LINE#         20
  C:3D5FH         LINE#         21
  C:3D62H         LINE#         22
  C:3D65H         LINE#         23
  C:3D68H         LINE#         24
  C:3D6AH         LINE#         25
  C:3D78H         LINE#         26
  -------         ENDPROC       BEEPINIT
BL51 BANKED LINKER/LOCATER V6.22.4.0                                                  09/16/2025  20:36:51  PAGE 16


  -------         PROC          _SETBEEP
  D:0008H         SYMBOL        Beep_freq
  D:000AH         SYMBOL        Beep_time
  -------         DO            
  D:0002H         SYMBOL        a
  D:0004H         SYMBOL        b
  -------         ENDDO         
  C:31A6H         LINE#         28
  C:31AEH         LINE#         29
  C:31AEH         LINE#         31
  C:31B5H         LINE#         32
  C:31BCH         LINE#         33
  C:31C7H         LINE#         34
  C:31F0H         LINE#         35
  C:3204H         LINE#         36
  C:320BH         LINE#         37
  C:320DH         LINE#         38
  C:3210H         LINE#         39
  C:3212H         LINE#         41
  C:3215H         LINE#         42
  C:3218H         LINE#         43
  C:3218H         LINE#         44
  C:321BH         LINE#         45
  C:321BH         LINE#         46
  C:321DH         LINE#         47
  -------         ENDPROC       _SETBEEP
  -------         PROC          GETBEEPSTATUS
  C:4034H         LINE#         49
  C:4034H         LINE#         50
  C:403DH         LINE#         51
  C:403FH         LINE#         52
  -------         ENDPROC       GETBEEPSTATUS
  -------         ENDMOD        BEEP

  -------         MODULE        DISPLAYER
  C:0000H         SYMBOL        _ICE_DUMMY_
  D:0093H         PUBLIC        P0M1
  D:0096H         PUBLIC        P2M0
  D:0080H         PUBLIC        P0
  D:0095H         PUBLIC        P2M1
  D:0090H         PUBLIC        P1
  D:00A0H         PUBLIC        P2
  D:00B0H         PUBLIC        P3
  D:00C0H         PUBLIC        P4
  D:00C8H         PUBLIC        P5
  D:00E8H         PUBLIC        P6
  D:00F8H         PUBLIC        P7
  D:00A8H         PUBLIC        IE
  D:00B8H         PUBLIC        IP
  D:00D8H         PUBLIC        CCON
  C:40B9H         PUBLIC        _LedPrint
  B:00A0H.0       PUBLIC        P20
  B:00A0H.1       PUBLIC        P21
  D:0098H         PUBLIC        SCON
  B:00A0H.2       PUBLIC        P22
  D:0088H         PUBLIC        TCON
  B:00A0H.3       PUBLIC        P23
BL51 BANKED LINKER/LOCATER V6.22.4.0                                                  09/16/2025  20:36:51  PAGE 17


  C:3E2AH         PUBLIC        DisplayerInit
  X:016BH         PUBLIC        sys_Disp
  C:4081H         PUBLIC        _SetDisplayerArea
  C:3D79H         PUBLIC        _Seg7Print
  C:2487H         PUBLIC        _?sys_display_drv
  D:00D0H         PUBLIC        PSW
  D:0094H         PUBLIC        P0M0
  -------         PROC          _?SYS_DISPLAY_DRV
  C:2487H         LINE#         16
  C:2487H         LINE#         18
  C:248AH         LINE#         19
  C:24B3H         LINE#         20
  C:24B9H         LINE#         21
  C:24BFH         LINE#         22
  C:24C5H         LINE#         23
  C:24CBH         LINE#         24
  C:24D5H         LINE#         25
  C:24DFH         LINE#         26
  C:24E9H         LINE#         27
  C:24F3H         LINE#         28
  C:24F5H         LINE#         29
  C:24F5H         LINE#         30
  C:24FDH         LINE#         31
  C:2526H         LINE#         33
  C:2541H         LINE#         34
  C:2544H         LINE#         35
  C:2544H         LINE#         36
  C:255BH         LINE#         37
  C:2567H         LINE#         39
  C:256FH         LINE#         40
  -------         ENDPROC       _?SYS_DISPLAY_DRV
  -------         PROC          DISPLAYERINIT
  C:3E2AH         LINE#         42
  C:3E2AH         LINE#         43
  C:3E2AH         LINE#         44
  C:3E2DH         LINE#         45
  C:3E30H         LINE#         46
  C:3E33H         LINE#         47
  C:3E36H         LINE#         48
  C:3E44H         LINE#         49
  -------         ENDPROC       DISPLAYERINIT
  -------         PROC          _SETDISPLAYERAREA
  D:0007H         SYMBOL        Begin_of_scan
  D:0005H         SYMBOL        Ending_of_Scan
  C:4081H         LINE#         51
  C:4081H         LINE#         52
  C:4086H         LINE#         53
  C:4089H         LINE#         54
  -------         ENDPROC       _SETDISPLAYERAREA
  -------         PROC          _SEG7PRINT
  D:0007H         SYMBOL        d0
  D:0005H         SYMBOL        d1
  D:0003H         SYMBOL        d2
  D:000BH         SYMBOL        d3
  D:000CH         SYMBOL        d4
  D:000DH         SYMBOL        d5
  D:000EH         SYMBOL        d6
BL51 BANKED LINKER/LOCATER V6.22.4.0                                                  09/16/2025  20:36:51  PAGE 18


  D:000FH         SYMBOL        d7
  C:3D79H         LINE#         56
  C:3D79H         LINE#         57
  C:3D7EH         LINE#         58
  C:3D81H         LINE#         59
  C:3D84H         LINE#         60
  C:3D88H         LINE#         61
  C:3D8CH         LINE#         62
  C:3D90H         LINE#         63
  C:3D94H         LINE#         64
  C:3D98H         LINE#         65
  -------         ENDPROC       _SEG7PRINT
  -------         PROC          _LEDPRINT
  D:0007H         SYMBOL        led_val
  C:40B9H         LINE#         67
  C:40B9H         LINE#         68
  C:40BEH         LINE#         69
  -------         ENDPROC       _LEDPRINT
  -------         ENDMOD        DISPLAYER

  -------         MODULE        KEY
  C:0000H         SYMBOL        _ICE_DUMMY_
  D:0080H         PUBLIC        P0
  D:0090H         PUBLIC        P1
  D:00A0H         PUBLIC        P2
  D:00B0H         PUBLIC        P3
  D:00C0H         PUBLIC        P4
  D:00C8H         PUBLIC        P5
  D:00E8H         PUBLIC        P6
  D:00F8H         PUBLIC        P7
  D:00A8H         PUBLIC        IE
  D:004BH         PUBLIC        sys_keyEvent
  D:00B8H         PUBLIC        IP
  D:00D8H         PUBLIC        CCON
  C:4018H         PUBLIC        _?sys_get_keyEvent
  D:0098H         PUBLIC        SCON
  D:0088H         PUBLIC        TCON
  C:205CH         PUBLIC        _?sys_key_drv
  C:3DB9H         PUBLIC        KeyInit
  B:00B0H.2       PUBLIC        IO_Key1
  B:00B0H.3       PUBLIC        IO_Key2
  B:0090H.7       PUBLIC        IO_Key3
  C:384AH         PUBLIC        _GetKeyAct
  X:0183H         PUBLIC        sys_Key
  D:00D0H         PUBLIC        PSW
  -------         PROC          _?SYS_KEY_DRV
  -------         DO            
  i:0000H         SYMBOL        i
  X:0182H         SYMBOL        counter
  -------         ENDDO         
  C:205CH         LINE#         28
  C:205EH         LINE#         31
  C:2067H         LINE#         32
  C:2070H         LINE#         33
  C:2079H         LINE#         34
  C:2084H         LINE#         35
  C:2087H         LINE#         36
BL51 BANKED LINKER/LOCATER V6.22.4.0                                                  09/16/2025  20:36:51  PAGE 19


  C:2099H         LINE#         37
  C:20B7H         LINE#         38
  C:20D0H         LINE#         39
  C:20ECH         LINE#         40
  C:20EEH         LINE#         41
  C:20EEH         LINE#         42
  C:20F0H         LINE#         44
  C:2111H         LINE#         45
  C:2127H         LINE#         46
  C:212AH         LINE#         47
  C:212AH         LINE#         48
  C:212AH         LINE#         49
  C:215DH         LINE#         50
  C:2178H         LINE#         51
  C:217CH         LINE#         52
  C:217CH         LINE#         53
  -------         ENDPROC       _?SYS_KEY_DRV
  -------         PROC          _?SYS_GET_KEYEVENT
  -------         DO            
  i:0000H         SYMBOL        a
  -------         ENDDO         
  C:4018H         LINE#         55
  C:401AH         LINE#         57
  C:401EH         LINE#         58
  C:4021H         LINE#         59
  C:4023H         LINE#         60
  -------         ENDPROC       _?SYS_GET_KEYEVENT
  -------         PROC          KEYINIT
  C:3DB9H         LINE#         62
  C:3DB9H         LINE#         63
  C:3DB9H         LINE#         64
  C:3DC7H         LINE#         65
  C:3DD5H         LINE#         66
  -------         ENDPROC       KEYINIT
  -------         PROC          _GETKEYACT
  D:0007H         SYMBOL        Key
  -------         DO            
  D:0006H         SYMBOL        a
  -------         ENDDO         
  C:384AH         LINE#         68
  C:384AH         LINE#         69
  C:384AH         LINE#         70
  C:3854H         LINE#         71
  C:386FH         LINE#         72
  C:3884H         LINE#         73
  C:3887H         LINE#         74
  C:3887H         LINE#         75
  C:3889H         LINE#         76
  -------         ENDPROC       _GETKEYACT
  -------         ENDMOD        KEY

  -------         MODULE        SYS
  C:0000H         SYMBOL        _ICE_DUMMY_
  X:0000H         PUBLIC        count_1mS
  B:00D8H.2       PUBLIC        CCF2
  D:0080H         PUBLIC        P0
  B:0020H.1       PUBLIC        flag_1S
BL51 BANKED LINKER/LOCATER V6.22.4.0                                                  09/16/2025  20:36:51  PAGE 20


  D:0090H         PUBLIC        P1
  D:00A0H         PUBLIC        P2
  D:00B0H         PUBLIC        P3
  D:00C0H         PUBLIC        P4
  X:0001H         PUBLIC        T1
  D:00C8H         PUBLIC        P5
  X:0003H         PUBLIC        T2
  B:00A8H.7       PUBLIC        EA
  D:00E8H         PUBLIC        P6
  D:00F8H         PUBLIC        P7
  D:0024H         PUBLIC        IrDatNum
  B:00D8H.7       PUBLIC        CF
  B:0020H.2       PUBLIC        Ir_Coder
  B:0020H.3       PUBLIC        Ir_RxBusy
  D:00A8H         PUBLIC        IE
  B:0020H.4       PUBLIC        Ir_TxBusy
  X:0005H         PUBLIC        userfunccall
  D:00FAH         PUBLIC        CCAP0H
  D:00FBH         PUBLIC        CCAP1H
  C:2E11H         PUBLIC        sys_task_Ir
  D:0025H         PUBLIC        IrCount_j
  D:0026H         PUBLIC        IrRx_count
  D:0027H         PUBLIC        IrProtocol
  D:00EAH         PUBLIC        CCAP0L
  D:0028H         PUBLIC        IrTx_count
  D:00EBH         PUBLIC        CCAP1L
  D:00DAH         PUBLIC        CCAPM0
  D:00DBH         PUBLIC        CCAPM1
  D:0029H         PUBLIC        MainLoops
  D:00B8H         PUBLIC        IP
  B:00D0H.7       PUBLIC        CY
  B:0020H.5       PUBLIC        flag_10mS
  D:00D8H         PUBLIC        CCON
  C:408AH         PUBLIC        GetBeepTimer
  C:35D2H         PUBLIC        sys_Timer0_isr
  C:3129H         PUBLIC        _SetEventCallBack
  C:40BFH         PUBLIC        MySTC_Init
  C:388AH         PUBLIC        sys_task_100mS
  D:002DH         PUBLIC        ModBus_interval_time
  C:40CBH         PUBLIC        _?ret0func
  C:357FH         PUBLIC        GetUltraSonic
  X:0029H         PUBLIC        count_10mS
  X:002AH         PUBLIC        stcDrivers
  C:4093H         PUBLIC        _SetBeepTimer
  B:0020H.6       PUBLIC        flag_IrRxFinished
  D:0098H         PUBLIC        SCON
  C:3F7FH         PUBLIC        _SetCCP0
  C:38C9H         PUBLIC        MySTC_OS
  D:0089H         PUBLIC        TMOD
  D:0088H         PUBLIC        TCON
  B:0020H.7       PUBLIC        flag_Ir
  B:00B0H.5       PUBLIC        P35
  D:002EH         PUBLIC        IrRxNum
  X:0060H         PUBLIC        SysPerformance
  D:008EH         PUBLIC        AUXR
  C:29E1H         PUBLIC        sys_CCP_isr
  C:239AH         PUBLIC        sys_task_1mS
BL51 BANKED LINKER/LOCATER V6.22.4.0                                                  09/16/2025  20:36:51  PAGE 21


  B:00A8H.1       PUBLIC        ET0
  C:40CEH         PUBLIC        ClrBeepPin
  D:008CH         PUBLIC        TH0
  B:0021H.0       PUBLIC        flag_100mS
  X:0065H         PUBLIC        distance
  D:008AH         PUBLIC        TL0
  D:002FH         PUBLIC        PollingMisses
  X:0067H         PUBLIC        sys_BP
  B:0088H.4       PUBLIC        TR0
  C:3B3CH         PUBLIC        sys_task_1S
  C:40A5H         PUBLIC        GetSysPerformance
  B:0021H.1       PUBLIC        matchModBus
  X:006DH         PUBLIC        count_100mS
  B:0021H.2       PUBLIC        Ir_BitBusy
  D:0030H         PUBLIC        IrDat_count
  D:0031H         PUBLIC        IrMute_count
  B:0021H.3       PUBLIC        newFrame1
  C:366CH         PUBLIC        sys_Timer0_Init
  B:0021H.4       PUBLIC        newFrame2
  D:0032H         PUBLIC        IrDataPc
  C:000AH         PUBLIC        _?nullfunc
  B:0021H.5       PUBLIC        flag_1mS
  B:0021H.6       PUBLIC        newUS
  D:008FH         PUBLIC        INT_CLKO
  C:2C62H         PUBLIC        sys_task_10mS
  D:00D0H         PUBLIC        PSW
  B:00D8H.0       PUBLIC        CCF0
  B:00B0H.4       PUBLIC        Beep
  B:00D8H.1       PUBLIC        CCF1
  -------         PROC          _?NULLFUNC
  C:000AH         LINE#         13
  -------         ENDPROC       _?NULLFUNC
  -------         PROC          _?RET0FUNC
  C:40CBH         LINE#         14
  -------         ENDPROC       _?RET0FUNC
  -------         PROC          SYS_TIMER0_INIT
  C:366CH         LINE#         96
  C:366CH         LINE#         97
  C:366FH         LINE#         98
  C:3672H         LINE#         99
  C:3688H         LINE#         100
  C:36AEH         LINE#         101
  C:36B0H         LINE#         102
  C:36B2H         LINE#         103
  -------         ENDPROC       SYS_TIMER0_INIT
  -------         PROC          SYS_TIMER0_ISR
  -------         DO            
  D:0023H         SYMBOL        i
  -------         ENDDO         
  C:35D2H         LINE#         105
  C:35D6H         LINE#         107
  C:35D9H         LINE#         108
  C:35DCH         LINE#         109
  C:35E1H         LINE#         110
  C:35E3H         LINE#         111
  C:35E3H         LINE#         112
  C:35E9H         LINE#         113
BL51 BANKED LINKER/LOCATER V6.22.4.0                                                  09/16/2025  20:36:51  PAGE 22


  C:35EFH         LINE#         114
  C:35F2H         LINE#         115
  C:35F4H         LINE#         116
  C:35F7H         LINE#         117
  C:35FBH         LINE#         118
  C:35FDH         LINE#         119
  C:3600H         LINE#         120
  C:3602H         LINE#         122
  C:3605H         LINE#         123
  C:3607H         LINE#         124
  C:360CH         LINE#         125
  C:360CH         LINE#         126
  C:360EH         LINE#         128
  C:3617H         LINE#         129
  C:3619H         LINE#         130
  C:361FH         LINE#         131
  C:361FH         LINE#         132
  C:361FH         LINE#         133
  C:361FH         LINE#         134
  -------         ENDPROC       SYS_TIMER0_ISR
  -------         PROC          GETULTRASONIC
  -------         DO            
  D:0008H         SYMBOL        a
  -------         ENDDO         
  C:357FH         LINE#         138
  C:357FH         LINE#         139
  C:357FH         LINE#         140
  C:3582H         LINE#         141
  C:3584H         LINE#         142
  C:3593H         LINE#         143
  C:35C9H         LINE#         144
  C:35C9H         LINE#         145
  C:35D1H         LINE#         146
  -------         ENDPROC       GETULTRASONIC
  -------         PROC          GETBEEPTIMER
  C:408AH         LINE#         148
  C:408AH         LINE#         149
  C:4092H         LINE#         150
  -------         ENDPROC       GETBEEPTIMER
  -------         PROC          _SETBEEPTIMER
  D:0006H         SYMBOL        a
  C:4093H         LINE#         152
  C:4093H         LINE#         153
  C:409BH         LINE#         154
  -------         ENDPROC       _SETBEEPTIMER
  -------         PROC          _SETCCP0
  D:0006H         SYMBOL        step
  D:0004H         SYMBOL        next
  C:3F7FH         LINE#         156
  C:3F7FH         LINE#         157
  C:3F87H         LINE#         158
  C:3F8FH         LINE#         159
  -------         ENDPROC       _SETCCP0
  -------         PROC          CLRBEEPPIN
  C:40CEH         LINE#         161
  C:40CEH         LINE#         162
  C:40D0H         LINE#         163
BL51 BANKED LINKER/LOCATER V6.22.4.0                                                  09/16/2025  20:36:51  PAGE 23


  -------         ENDPROC       CLRBEEPPIN
  -------         PROC          SYS_CCP_ISR
  -------         DO            
  B:0020H.0       SYMBOL        a
  -------         ENDDO         
  C:29E1H         LINE#         165
  C:29F4H         LINE#         167
  C:29FBH         LINE#         168
  C:2A02H         LINE#         169
  C:2A05H         LINE#         170
  C:2A07H         LINE#         171
  C:2A17H         LINE#         172
  C:2A1EH         LINE#         173
  C:2A21H         LINE#         174
  C:2A23H         LINE#         175
  C:2A25H         LINE#         177
  C:2A39H         LINE#         178
  C:2A3CH         LINE#         179
  C:2A3EH         LINE#         180
  C:2A40H         LINE#         181
  C:2A42H         LINE#         183
  C:2A42H         LINE#         184
  C:2A45H         LINE#         185
  C:2A47H         LINE#         186
  C:2A51H         LINE#         187
  C:2A53H         LINE#         188
  C:2A5CH         LINE#         189
  C:2A5FH         LINE#         190
  C:2A71H         LINE#         191
  C:2A73H         LINE#         193
  C:2A75H         LINE#         194
  C:2A78H         LINE#         195
  C:2A78H         LINE#         196
  C:2A78H         LINE#         197
  -------         ENDPROC       SYS_CCP_ISR
  -------         PROC          MYSTC_INIT
  C:40BFH         LINE#         199
  C:40BFH         LINE#         200
  C:40C2H         LINE#         201
  C:40C4H         LINE#         202
  -------         ENDPROC       MYSTC_INIT
  -------         PROC          SYS_TASK_IR
  -------         DO            
  D:0007H         SYMBOL        a
  -------         ENDDO         
  C:2E11H         LINE#         204
  C:2E11H         LINE#         205
  C:2E11H         LINE#         206
  C:2E27H         LINE#         207
  C:2E2EH         LINE#         208
  C:2E31H         LINE#         209
  C:2E34H         LINE#         210
  C:2E4AH         LINE#         211
  C:2E5AH         LINE#         212
  C:2E62H         LINE#         213
  C:2E65H         LINE#         214
  C:2E67H         LINE#         216
BL51 BANKED LINKER/LOCATER V6.22.4.0                                                  09/16/2025  20:36:51  PAGE 24


  C:2E7DH         LINE#         217
  C:2E91H         LINE#         218
  C:2E91H         LINE#         219
  C:2E93H         LINE#         220
  C:2E96H         LINE#         222
  C:2E96H         LINE#         224
  C:2E98H         LINE#         225
  C:2E9BH         LINE#         226
  C:2E9BH         LINE#         227
  -------         ENDPROC       SYS_TASK_IR
  -------         PROC          SYS_TASK_1MS
  C:239AH         LINE#         229
  C:239AH         LINE#         230
  C:23A2H         LINE#         231
  C:23A5H         LINE#         232
  C:23A7H         LINE#         233
  C:23AFH         LINE#         234
  C:23B2H         LINE#         235
  C:23B4H         LINE#         236
  C:23BCH         LINE#         237
  C:23BFH         LINE#         238
  C:23C1H         LINE#         239
  C:23C1H         LINE#         240
  C:23C1H         LINE#         241
  C:23C1H         LINE#         242
  C:23CDH         LINE#         243
  C:23D9H         LINE#         244
  C:23E5H         LINE#         245
  C:23F1H         LINE#         246
  C:23FDH         LINE#         247
  C:2409H         LINE#         248
  C:2424H         LINE#         249
  C:2433H         LINE#         250
  C:243FH         LINE#         251
  C:2441H         LINE#         252
  C:2441H         LINE#         253
  C:2448H         LINE#         254
  C:244BH         LINE#         255
  C:245AH         LINE#         256
  C:245CH         LINE#         257
  C:245CH         LINE#         258
  C:245EH         LINE#         260
  C:246DH         LINE#         261
  C:2479H         LINE#         262
  C:247BH         LINE#         263
  C:247BH         LINE#         264
  C:247BH         LINE#         265
  -------         ENDPROC       SYS_TASK_1MS
  -------         PROC          SYS_TASK_10MS
  C:2C62H         LINE#         268
  C:2C62H         LINE#         269
  C:2C6EH         LINE#         270
  C:2C7AH         LINE#         271
  C:2C86H         LINE#         272
  C:2C92H         LINE#         273
  C:2CADH         LINE#         274
  C:2CC8H         LINE#         275
BL51 BANKED LINKER/LOCATER V6.22.4.0                                                  09/16/2025  20:36:51  PAGE 25


  C:2CE3H         LINE#         276
  C:2CE6H         LINE#         277
  C:2CE8H         LINE#         278
  C:2CF4H         LINE#         279
  C:2CF4H         LINE#         280
  -------         ENDPROC       SYS_TASK_10MS
  -------         PROC          SYS_TASK_100MS
  C:388AH         LINE#         282
  C:388AH         LINE#         283
  C:3896H         LINE#         284
  C:38B1H         LINE#         285
  C:38BDH         LINE#         286
  -------         ENDPROC       SYS_TASK_100MS
  -------         PROC          SYS_TASK_1S
  C:3B3CH         LINE#         289
  C:3B3CH         LINE#         290
  C:3B4AH         LINE#         291
  C:3B50H         LINE#         292
  C:3B59H         LINE#         293
  C:3B5BH         LINE#         294
  -------         ENDPROC       SYS_TASK_1S
  -------         PROC          MYSTC_OS
  C:38C9H         LINE#         297
  C:38C9H         LINE#         298
  C:38D1H         LINE#         299
  C:38D9H         LINE#         300
  C:38E1H         LINE#         301
  C:38E9H         LINE#         302
  C:38F1H         LINE#         303
  C:3906H         LINE#         306
  -------         ENDPROC       MYSTC_OS
  -------         PROC          _SETEVENTCALLBACK
  D:0007H         SYMBOL        event
  D:0008H         SYMBOL        user_callback
  C:3129H         LINE#         308
  C:312FH         LINE#         309
  C:3160H         LINE#         310
  C:3163H         LINE#         311
  C:3165H         LINE#         312
  C:3168H         LINE#         313
  C:316AH         LINE#         314
  C:316DH         LINE#         315
  C:316FH         LINE#         316
  C:3172H         LINE#         317
  C:3174H         LINE#         318
  C:3177H         LINE#         319
  C:3179H         LINE#         320
  C:317CH         LINE#         321
  C:317EH         LINE#         322
  C:3181H         LINE#         323
  C:3183H         LINE#         324
  C:3186H         LINE#         325
  C:3188H         LINE#         326
  C:318BH         LINE#         327
  C:318DH         LINE#         328
  C:3190H         LINE#         329
  C:3192H         LINE#         330
BL51 BANKED LINKER/LOCATER V6.22.4.0                                                  09/16/2025  20:36:51  PAGE 26


  C:3195H         LINE#         331
  C:3197H         LINE#         332
  C:31A5H         LINE#         333
  C:31A5H         LINE#         334
  C:31A5H         LINE#         335
  C:31A5H         LINE#         336
  -------         ENDPROC       _SETEVENTCALLBACK
  -------         PROC          GETSYSPERFORMANCE
  C:40A5H         LINE#         338
  C:40A5H         LINE#         339
  C:40ABH         LINE#         340
  -------         ENDPROC       GETSYSPERFORMANCE
  -------         ENDMOD        SYS

  -------         MODULE        EXT
  C:0000H         SYMBOL        _ICE_DUMMY_
  D:0080H         PUBLIC        P0
  D:0090H         PUBLIC        P1
  D:00A0H         PUBLIC        P2
  D:00B0H         PUBLIC        P3
  D:00C0H         PUBLIC        P4
  D:00C8H         PUBLIC        P5
  D:00E8H         PUBLIC        P6
  X:0177H         PUBLIC        EXTmodel
  D:00F8H         PUBLIC        P7
  C:397CH         PUBLIC        _EXTInit
  C:34D0H         PUBLIC        ReadCount
  D:00A2H         PUBLIC        P_SW1
  C:409CH         PUBLIC        GetWeight
  D:00A8H         PUBLIC        IE
  X:0178H         PUBLIC        T_Pout1
  X:017AH         PUBLIC        T_Pout2
  B:00D8H.6       PUBLIC        CR
  X:017CH         PUBLIC        resultEXT
  D:00DBH         PUBLIC        CCAPM1
  D:00B8H         PUBLIC        IP
  C:2CF5H         PUBLIC        _SetPWM
  D:00D9H         PUBLIC        CMOD
  D:00D8H         PUBLIC        CCON
  D:0098H         PUBLIC        SCON
  D:0088H         PUBLIC        TCON
  B:0090H.0       PUBLIC        DOUT
  D:00E0H         PUBLIC        ACC
  B:0090H.1       PUBLIC        PD_SCK
  X:017EH         PUBLIC        T_PWM1
  X:0180H         PUBLIC        T_PWM2
  C:2570H         PUBLIC        _?sys_EXT_drv
  C:3F90H         PUBLIC        GetDecode
  D:00D0H         PUBLIC        PSW
  -------         PROC          _SETPWM
  D:0002H         SYMBOL        PWM1
  D:0005H         SYMBOL        freq1
  D:001EH         SYMBOL        PWM2
  D:001FH         SYMBOL        freq2
  C:2CF5H         LINE#         25
  C:2CF9H         LINE#         26
  C:2D0AH         LINE#         27
BL51 BANKED LINKER/LOCATER V6.22.4.0                                                  09/16/2025  20:36:51  PAGE 27


  C:2D1CH         LINE#         28
  C:2D50H         LINE#         29
  C:2D84H         LINE#         30
  -------         ENDPROC       _SETPWM
  -------         PROC          READCOUNT
  -------         DO            
  D:0008H         SYMBOL        Count
  D:000CH         SYMBOL        i
  -------         ENDDO         
  C:34D0H         LINE#         35
  C:34D0H         LINE#         36
  C:34D0H         LINE#         38
  C:34D9H         LINE#         39
  C:34DBH         LINE#         40
  C:34DDH         LINE#         41
  C:34F2H         LINE#         42
  C:34F3H         LINE#         43
  C:34F5H         LINE#         44
  C:350DH         LINE#         45
  C:3514H         LINE#         46
  C:3515H         LINE#         47
  C:3517H         LINE#         48
  C:3518H         LINE#         49
  C:3519H         LINE#         50
  C:351BH         LINE#         51
  C:3528H         LINE#         52
  -------         ENDPROC       READCOUNT
  -------         PROC          GETWEIGHT
  C:409CH         LINE#         54
  C:409CH         LINE#         55
  C:40A4H         LINE#         56
  -------         ENDPROC       GETWEIGHT
  -------         PROC          GETDECODE
  -------         DO            
  D:0006H         SYMBOL        a
  -------         ENDDO         
  C:3F90H         LINE#         58
  C:3F90H         LINE#         59
  C:3F90H         LINE#         60
  C:3F98H         LINE#         61
  C:3F9FH         LINE#         62
  C:3F9FH         LINE#         63
  -------         ENDPROC       GETDECODE
  -------         PROC          _?SYS_EXT_DRV
  -------         DO            
  D:003CH         SYMBOL        i
  D:003EH         SYMBOL        j
  D:0040H         SYMBOL        oldPin1
  D:0041H         SYMBOL        UStimer
  -------         ENDDO         
  C:2570H         LINE#         65
  C:2570H         LINE#         69
  C:2576H         LINE#         70
  C:257AH         LINE#         71
  C:2585H         LINE#         72
  C:2585H         LINE#         73
  C:258EH         LINE#         74
BL51 BANKED LINKER/LOCATER V6.22.4.0                                                  09/16/2025  20:36:51  PAGE 28


  C:25AAH         LINE#         75
  C:25BFH         LINE#         76
  C:25DBH         LINE#         77
  C:25F0H         LINE#         78
  C:25F0H         LINE#         79
  C:25F5H         LINE#         80
  C:260CH         LINE#         81
  C:262DH         LINE#         82
  C:2633H         LINE#         83
  C:2633H         LINE#         84
  C:263AH         LINE#         85
  C:2640H         LINE#         86
  C:2645H         LINE#         87
  C:2647H         LINE#         88
  C:264AH         LINE#         89
  C:264AH         LINE#         90
  C:2653H         LINE#         91
  C:2656H         LINE#         92
  C:2656H         LINE#         93
  -------         ENDPROC       _?SYS_EXT_DRV
  -------         PROC          _EXTINIT
  D:0007H         SYMBOL        EXTfunction
  C:397CH         LINE#         95
  C:397CH         LINE#         96
  C:397CH         LINE#         97
  C:3981H         LINE#         98
  C:3987H         LINE#         99
  C:3989H         LINE#         100
  C:3990H         LINE#         101
  C:3992H         LINE#         102
  C:3994H         LINE#         103
  C:3996H         LINE#         104
  C:3999H         LINE#         105
  C:399CH         LINE#         106
  C:399EH         LINE#         107
  C:39A0H         LINE#         108
  C:39A3H         LINE#         109
  C:39B1H         LINE#         110
  -------         ENDPROC       _EXTINIT
  -------         ENDMOD        EXT

  -------         MODULE        UART2
  C:0000H         SYMBOL        _ICE_DUMMY_
  D:0047H         PUBLIC        ModBus_Interval_Min
  D:0080H         PUBLIC        P0
  C:182EH         PUBLIC        Uart2_isr
  D:0090H         PUBLIC        P1
  D:00A0H         PUBLIC        P2
  D:00B0H         PUBLIC        P3
  D:00C0H         PUBLIC        P4
  D:00C8H         PUBLIC        P5
  D:00E8H         PUBLIC        P6
  D:00F8H         PUBLIC        P7
  D:00BAH         PUBLIC        P_SW2
  D:00A8H         PUBLIC        IE
  D:00DBH         PUBLIC        CCAPM1
  D:00B8H         PUBLIC        IP
BL51 BANKED LINKER/LOCATER V6.22.4.0                                                  09/16/2025  20:36:51  PAGE 29


  C:0042H         PUBLIC        _?nullfunc0
  D:00D8H         PUBLIC        CCON
  C:3A7DH         PUBLIC        _SetUart2Rxd
  B:0090H.0       PUBLIC        P10
  B:0090H.1       PUBLIC        P11
  D:0098H         PUBLIC        SCON
  D:0088H         PUBLIC        TCON
  D:00AFH         PUBLIC        IE2
  D:008EH         PUBLIC        AUXR
  C:404CH         PUBLIC        GetUart2TxStatus
  D:00D6H         PUBLIC        T2H
  B:00B0H.7       PUBLIC        M485_TxEn
  D:00D7H         PUBLIC        T2L
  C:3ADFH         PUBLIC        _Uart2Print
  D:009BH         PUBLIC        S2BUF
  D:009AH         PUBLIC        S2CON
  C:27D3H         PUBLIC        _Uart2Init
  D:0048H         PUBLIC        Uart2usage
  C:3FC0H         PUBLIC        _?sys_get_Uart2RxdEvent
  X:012FH         PUBLIC        com2
  D:00D0H         PUBLIC        PSW
  -------         PROC          UART2_ISR
  C:182EH         LINE#         19
  C:184BH         LINE#         20
  C:1850H         LINE#         21
  C:1853H         LINE#         22
  C:1887H         LINE#         24
  C:188CH         LINE#         25
  C:1892H         LINE#         26
  C:1892H         LINE#         27
  C:1892H         LINE#         29
  C:189AH         LINE#         30
  C:189DH         LINE#         31
  C:18A0H         LINE#         32
  C:18A2H         LINE#         33
  C:18A9H         LINE#         34
  C:18ABH         LINE#         35
  C:18ABH         LINE#         36
  C:18B4H         LINE#         37
  C:18C8H         LINE#         38
  C:18DCH         LINE#         39
  C:18EBH         LINE#         40
  C:18F9H         LINE#         41
  C:192BH         LINE#         42
  C:1939H         LINE#         43
  C:1939H         LINE#         44
  C:193CH         LINE#         45
  C:193FH         LINE#         47
  C:1953H         LINE#         48
  C:1967H         LINE#         49
  C:1976H         LINE#         50
  C:1984H         LINE#         51
  C:19BCH         LINE#         52
  C:19CAH         LINE#         53
  C:19CAH         LINE#         54
  C:19E5H         LINE#         55
  C:19E5H         LINE#         56
BL51 BANKED LINKER/LOCATER V6.22.4.0                                                  09/16/2025  20:36:51  PAGE 30


  C:19E5H         LINE#         57
  -------         ENDPROC       UART2_ISR
  -------         PROC          _?SYS_GET_UART2RXDEVENT
  -------         DO            
  i:0000H         SYMBOL        a
  -------         ENDDO         
  C:3FC0H         LINE#         59
  C:3FC2H         LINE#         61
  C:3FCAH         LINE#         62
  C:3FCCH         LINE#         63
  C:3FCCH         LINE#         64
  -------         ENDPROC       _?SYS_GET_UART2RXDEVENT
  -------         PROC          _?NULLFUNC0
  C:0042H         LINE#         66
  -------         ENDPROC       _?NULLFUNC0
  -------         PROC          _UART2INIT
  D:0008H         SYMBOL        band
  D:000CH         SYMBOL        Uart2mode
  C:27D3H         LINE#         68
  C:27DBH         LINE#         69
  C:27DBH         LINE#         72
  C:27DEH         LINE#         73
  C:27E4H         LINE#         74
  C:27E7H         LINE#         75
  C:27EBH         LINE#         76
  C:27F9H         LINE#         77
  C:27FCH         LINE#         78
  C:27FEH         LINE#         79
  C:2800H         LINE#         80
  C:2802H         LINE#         82
  C:2804H         LINE#         83
  C:2818H         LINE#         84
  C:281FH         LINE#         85
  C:2822H         LINE#         86
  C:2822H         LINE#         88
  C:2825H         LINE#         89
  C:2844H         LINE#         90
  C:2873H         LINE#         91
  C:2876H         LINE#         92
  C:2879H         LINE#         93
  C:2887H         LINE#         94
  -------         ENDPROC       _UART2INIT
  -------         PROC          _SETUART2RXD
  D:0001H         SYMBOL        RxdPt
  D:0004H         SYMBOL        Nmax
  D:000DH         SYMBOL        matchhead
  D:0010H         SYMBOL        matchheadsize
  C:3A7DH         LINE#         96
  C:3A7DH         LINE#         97
  C:3A88H         LINE#         98
  C:3A8EH         LINE#         99
  C:3A98H         LINE#         100
  C:3AA6H         LINE#         101
  C:3AA8H         LINE#         102
  C:3AADH         LINE#         103
  -------         ENDPROC       _SETUART2RXD
  -------         PROC          _UART2PRINT
BL51 BANKED LINKER/LOCATER V6.22.4.0                                                  09/16/2025  20:36:51  PAGE 31


  D:0001H         SYMBOL        pt
  D:0004H         SYMBOL        num
  C:3ADFH         LINE#         105
  C:3ADFH         LINE#         106
  C:3AE5H         LINE#         107
  C:3AF0H         LINE#         108
  C:3AF5H         LINE#         109
  C:3AFBH         LINE#         110
  C:3AFFH         LINE#         112
  C:3B05H         LINE#         113
  C:3B08H         LINE#         114
  C:3B0BH         LINE#         115
  C:3B0BH         LINE#         116
  C:3B0DH         LINE#         117
  -------         ENDPROC       _UART2PRINT
  -------         PROC          GETUART2TXSTATUS
  C:404CH         LINE#         119
  C:404CH         LINE#         120
  C:4054H         LINE#         121
  C:4056H         LINE#         122
  -------         ENDPROC       GETUART2TXSTATUS
  -------         ENDMOD        UART2

  -------         MODULE        TEMP_MODULE
  C:0000H         SYMBOL        _ICE_DUMMY_
  C:341CH         PUBLIC        UpdateTemp
  D:0080H         PUBLIC        P0
  D:0090H         PUBLIC        P1
  D:00A0H         PUBLIC        P2
  D:00B0H         PUBLIC        P3
  D:00C0H         PUBLIC        P4
  D:00C8H         PUBLIC        P5
  D:00E8H         PUBLIC        P6
  D:00F8H         PUBLIC        P7
  D:00A8H         PUBLIC        IE
  D:00B8H         PUBLIC        IP
  D:00D8H         PUBLIC        CCON
  D:0098H         PUBLIC        SCON
  D:0088H         PUBLIC        TCON
  X:0159H         PUBLIC        temperature
  C:2BCEH         PUBLIC        ShowTemp
  X:015BH         PUBLIC        adc_temp
  C:1453H         PUBLIC        tempdata
  X:0165H         PUBLIC        tempThresholds
  X:0169H         PUBLIC        rt
  D:00D0H         PUBLIC        PSW
  -------         PROC          UPDATETEMP
  C:341CH         LINE#         23
  C:341CH         LINE#         24
  C:342CH         LINE#         25
  C:343BH         LINE#         26
  C:3452H         LINE#         27
  C:3475H         LINE#         28
  -------         ENDPROC       UPDATETEMP
  -------         PROC          SHOWTEMP
  C:2BCEH         LINE#         29
  C:2BCEH         LINE#         30
BL51 BANKED LINKER/LOCATER V6.22.4.0                                                  09/16/2025  20:36:51  PAGE 32


  C:2BCEH         LINE#         31
  C:2BDEH         LINE#         32
  C:2C0FH         LINE#         34
  C:2C61H         LINE#         35
  -------         ENDPROC       SHOWTEMP
  -------         ENDMOD        TEMP_MODULE

  -------         MODULE        NAV_HANDLER
  C:0000H         SYMBOL        _ICE_DUMMY_
  D:0080H         PUBLIC        P0
  D:0090H         PUBLIC        P1
  D:00A0H         PUBLIC        P2
  X:01AFH         PUBLIC        displayMode
  D:00B0H         PUBLIC        P3
  D:00C0H         PUBLIC        P4
  D:00C8H         PUBLIC        P5
  D:00E8H         PUBLIC        P6
  D:00F8H         PUBLIC        P7
  D:00A8H         PUBLIC        IE
  D:00B8H         PUBLIC        IP
  D:00D8H         PUBLIC        CCON
  C:3E77H         PUBLIC        ShowStatus
  D:0098H         PUBLIC        SCON
  D:0088H         PUBLIC        TCON
  C:2B2EH         PUBLIC        NavHandler
  D:00D0H         PUBLIC        PSW
  -------         PROC          NAVHANDLER
  -------         DO            
  X:00B2H         SYMBOL        navUp
  X:00B3H         SYMBOL        navDown
  X:00B4H         SYMBOL        navLeft
  X:00B5H         SYMBOL        navRight
  -------         ENDDO         
  C:2B2EH         LINE#         6
  C:2B2EH         LINE#         7
  C:2B2EH         LINE#         8
  C:2B38H         LINE#         9
  C:2B42H         LINE#         10
  C:2B4CH         LINE#         11
  C:2B56H         LINE#         13
  C:2B5DH         LINE#         14
  C:2B63H         LINE#         15
  C:2B6BH         LINE#         16
  C:2B6BH         LINE#         17
  C:2B72H         LINE#         18
  C:2B78H         LINE#         19
  C:2B81H         LINE#         20
  C:2B81H         LINE#         21
  C:2B88H         LINE#         22
  C:2B8FH         LINE#         23
  C:2B91H         LINE#         24
  C:2BA7H         LINE#         25
  C:2BA7H         LINE#         26
  C:2BA7H         LINE#         29
  C:2BAEH         LINE#         30
  C:2BB5H         LINE#         31
[...]
  D:0006H         SYMBOL        i
  D:0007H         SYMBOL        k
  -------         ENDDO         
  C:3D37H         LINE#         77
  C:3D37H         LINE#         78
  C:3D37H         LINE#         79
  C:3D39H         LINE#         80
  C:3D3AH         LINE#         81
  C:3D3BH         LINE#         82
  C:3D3CH         LINE#         83
BL51 BANKED LINKER/LOCATER V6.22.4.0                                                  09/16/2025  20:36:51  PAGE 54


  C:3D3EH         LINE#         84
  C:3D3FH         LINE#         85
  C:3D41H         LINE#         86
  C:3D43H         LINE#         87
  C:3D44H         LINE#         88
  C:3D45H         LINE#         89
  C:3D4FH         LINE#         90
  C:3D50H         LINE#         91
  C:3D51H         LINE#         92
  C:3D53H         LINE#         93
  C:3D54H         LINE#         94
  C:3D58H         LINE#         95
  C:3D58H         LINE#         96
  -------         ENDPROC       READBYTE
  -------         PROC          _M24C02_WRITE
  D:0004H         SYMBOL        NVM_addr
  D:0005H         SYMBOL        NVM_data
  C:3ED4H         LINE#         98
  C:3ED6H         LINE#         99
  C:3ED9H         LINE#         100
  C:3EDEH         LINE#         101
  C:3EE1H         LINE#         102
  C:3EE3H         LINE#         103
  C:3EE3H         LINE#         104
  C:3EE3H         LINE#         105
  C:3EE6H         LINE#         106
  -------         ENDPROC       _M24C02_WRITE
  -------         PROC          _M24C02_READ
  D:0005H         SYMBOL        NVM_addr
  -------         DO            
  D:0007H         SYMBOL        date
  -------         ENDDO         
  C:3DD6H         LINE#         109
  C:3DD8H         LINE#         110
  C:3DD8H         LINE#         111
  C:3DDBH         LINE#         112
  C:3DDDH         LINE#         113
  C:3DDDH         LINE#         114
  C:3DDDH         LINE#         115
  C:3DE0H         LINE#         116
  C:3DE3H         LINE#         117
  C:3DE8H         LINE#         118
  C:3DEBH         LINE#         119
  C:3DEEH         LINE#         120
  C:3DF1H         LINE#         121
  C:3DF1H         LINE#         122
  -------         ENDPROC       _M24C02_READ
  -------         ENDMOD        M24C02

  -------         MODULE        FM_RADIO
  C:0000H         SYMBOL        _ICE_DUMMY_
  D:0080H         PUBLIC        P0
  D:0090H         PUBLIC        P1
  D:00A0H         PUBLIC        P2
  D:00B0H         PUBLIC        P3
  D:00C0H         PUBLIC        P4
  D:00C8H         PUBLIC        P5
BL51 BANKED LINKER/LOCATER V6.22.4.0                                                  09/16/2025  20:36:51  PAGE 55


  D:00E8H         PUBLIC        P6
  D:00F8H         PUBLIC        P7
  D:00A8H         PUBLIC        IE
  B:00A0H.7       PUBLIC        FM_DATA
  C:3F07H         PUBLIC        _delay
  D:00B8H         PUBLIC        IP
  C:3F11H         PUBLIC        IIC_Radio_Start
  C:3C84H         PUBLIC        FMRadioInit
  D:00D8H         PUBLIC        CCON
  C:33C0H         PUBLIC        GetFMRadio
  C:3C0DH         PUBLIC        _IIC_Radio_WriteByte
  C:4040H         PUBLIC        IIC_Radio_Stop
  C:271DH         PUBLIC        SetFMRadio
  D:0098H         PUBLIC        SCON
  D:0088H         PUBLIC        TCON
  X:019EH         PUBLIC        Radio_Write_Data
  X:01A6H         PUBLIC        flag_SetFM
  C:3DF2H         PUBLIC        IIC_Radio_ACK
  B:00C0H.5       PUBLIC        FM_CLOCK
  C:373EH         PUBLIC        _?sys_FMRadio_drv
  D:00D0H         PUBLIC        PSW
  C:3EFEH         SYMBOL        L?0043
  -------         PROC          L?0042
  -------         ENDPROC       L?0042
  C:3EFEH         SYMBOL        L?0043
  -------         PROC          _DELAY
  D:0007H         SYMBOL        i
  C:3F07H         LINE#         22
  C:3F07H         LINE#         23
  C:3F0DH         LINE#         24
  C:3F10H         LINE#         25
  -------         ENDPROC       _DELAY
  -------         PROC          IIC_RADIO_START
  C:3F11H         LINE#         28
  C:3F11H         LINE#         29
  C:3F13H         LINE#         30
  C:3F13H         LINE#         31
  C:3F13H         LINE#         32
  C:3F16H         LINE#         33
  C:3F18H         LINE#         34
  C:3F1DH         LINE#         35
  C:3F1FH         LINE#         36
  -------         ENDPROC       IIC_RADIO_START
  -------         PROC          IIC_RADIO_STOP
  C:4040H         LINE#         39
  C:4040H         LINE#         40
  C:4042H         LINE#         41
  C:4042H         LINE#         42
  C:4042H         LINE#         43
  C:4045H         LINE#         44
  C:4047H         LINE#         45
  -------         ENDPROC       IIC_RADIO_STOP
  -------         PROC          IIC_RADIO_ACK
  -------         DO            
  D:0007H         SYMBOL        i
  -------         ENDDO         
  C:3DF2H         LINE#         48
BL51 BANKED LINKER/LOCATER V6.22.4.0                                                  09/16/2025  20:36:51  PAGE 56


  C:3DF2H         LINE#         49
  C:3DF4H         LINE#         50
  C:3DF6H         LINE#         51
  C:3E02H         LINE#         52
  C:3E07H         LINE#         53
  C:3E09H         LINE#         54
  -------         ENDPROC       IIC_RADIO_ACK
  -------         PROC          _IIC_RADIO_WRITEBYTE
  D:0005H         SYMBOL        Data
  -------         DO            
  D:0003H         SYMBOL        i
  -------         ENDDO         
  C:3C0DH         LINE#         57
  C:3C0FH         LINE#         58
  C:3C0FH         LINE#         59
  C:3C11H         LINE#         60
  C:3C13H         LINE#         61
  C:3C18H         LINE#         62
  C:3C1CH         LINE#         63
  C:3C20H         LINE#         64
  C:3C20H         LINE#         65
  C:3C20H         LINE#         66
  C:3C23H         LINE#         67
  C:3C27H         LINE#         68
  C:3C29H         LINE#         69
  C:3C2EH         LINE#         70
  C:3C30H         LINE#         71
  -------         ENDPROC       _IIC_RADIO_WRITEBYTE
  -------         PROC          _?SYS_FMRADIO_DRV
  -------         DO            
  i:0000H         SYMBOL        i
  -------         ENDDO         
  C:373EH         LINE#         74
  C:3740H         LINE#         76
  C:3748H         LINE#         77
  C:374BH         LINE#         78
  C:3750H         LINE#         79
  C:3753H         LINE#         80
  C:3760H         LINE#         81
  C:376FH         LINE#         82
  C:3772H         LINE#         83
  C:3777H         LINE#         84
  C:377AH         LINE#         85
  C:377FH         LINE#         86
  C:377FH         LINE#         87
  -------         ENDPROC       _?SYS_FMRADIO_DRV
  -------         PROC          GETFMRADIO
  -------         DO            
  D:0014H         SYMBOL        FM
  D:0007H         SYMBOL        chan
  -------         ENDDO         
  C:33C0H         LINE#         89
  C:33C0H         LINE#         90
  C:33C0H         LINE#         92
  C:33D1H         LINE#         93
  C:33DAH         LINE#         94
  C:33E2H         LINE#         95
BL51 BANKED LINKER/LOCATER V6.22.4.0                                                  09/16/2025  20:36:51  PAGE 57


  C:33E9H         LINE#         96
  C:33F7H         LINE#         97
  C:3406H         LINE#         98
  C:3415H         LINE#         99
  C:341BH         LINE#         100
  -------         ENDPROC       GETFMRADIO
  -------         PROC          SETFMRADIO
  D:000EH         SYMBOL        FM
  -------         DO            
  D:0005H         SYMBOL        a
  -------         ENDDO         
  C:271DH         LINE#         102
  C:271DH         LINE#         103
  C:271DH         LINE#         104
  C:2753H         LINE#         105
  C:2758H         LINE#         106
  C:2760H         LINE#         107
  C:276DH         LINE#         108
  C:2773H         LINE#         109
  C:2773H         LINE#         110
  C:279BH         LINE#         111
  C:27A8H         LINE#         112
  C:27ACH         LINE#         113
  C:27ACH         LINE#         114
  C:27AEH         LINE#         115
  C:27B5H         LINE#         116
  C:27BCH         LINE#         117
  C:27C3H         LINE#         118
  C:27CAH         LINE#         119
  C:27CCH         LINE#         120
  C:27D2H         LINE#         121
  C:27D2H         LINE#         122
  -------         ENDPROC       SETFMRADIO
  -------         PROC          FMRADIOINIT
  D:0008H         SYMBOL        FM
  C:3C84H         LINE#         124
  C:3C84H         LINE#         125
  C:3C84H         LINE#         126
  C:3C9AH         LINE#         127
  C:3CA8H         LINE#         128
  -------         ENDPROC       FMRADIOINIT
  -------         ENDMOD        FM_RADIO

  -------         MODULE        UART1
  C:0000H         SYMBOL        _ICE_DUMMY_
  C:1F2CH         PUBLIC        Uart1_isr
  D:0080H         PUBLIC        P0
  D:0090H         PUBLIC        P1
  D:00A0H         PUBLIC        P2
  D:00B0H         PUBLIC        P3
  D:00C0H         PUBLIC        P4
  D:00C8H         PUBLIC        P5
  D:00E8H         PUBLIC        P6
  D:00F8H         PUBLIC        P7
  D:00A8H         PUBLIC        IE
  B:00A8H.4       PUBLIC        ES
  D:00B8H         PUBLIC        IP
BL51 BANKED LINKER/LOCATER V6.22.4.0                                                  09/16/2025  20:36:51  PAGE 58


  B:0098H.0       PUBLIC        RI
  B:0098H.1       PUBLIC        TI
  D:00D8H         PUBLIC        CCON
  C:3AAEH         PUBLIC        _SetUart1Rxd
  D:0099H         PUBLIC        SBUF
  D:0098H         PUBLIC        SCON
  D:0089H         PUBLIC        TMOD
  D:0088H         PUBLIC        TCON
  D:008EH         PUBLIC        AUXR
  C:406DH         PUBLIC        GetUart1TxStatus
  B:00A8H.3       PUBLIC        ET1
  D:008DH         PUBLIC        TH1
  D:008BH         PUBLIC        TL1
  B:0088H.6       PUBLIC        TR1
  C:3C35H         PUBLIC        _Uart1Print
  C:321EH         PUBLIC        _Uart1Init
  C:3FDEH         PUBLIC        _?sys_get_Uart1RxdEvent
  X:0144H         PUBLIC        com1
  D:00D0H         PUBLIC        PSW
  -------         PROC          UART1_ISR
  C:1F2CH         LINE#         10
  C:1F49H         LINE#         11
  C:1F4CH         LINE#         12
  C:1F4EH         LINE#         13
  C:1F82H         LINE#         14
  C:1F87H         LINE#         15
  C:1F87H         LINE#         16
  C:1F8DH         LINE#         17
  C:1F8FH         LINE#         18
  C:1F92H         LINE#         19
  C:1F94H         LINE#         20
  C:1F9BH         LINE#         21
  C:1F9BH         LINE#         22
  C:1FAFH         LINE#         23
  C:1FC3H         LINE#         24
  C:1FD2H         LINE#         25
  C:1FE0H         LINE#         26
  C:2018H         LINE#         27
  C:2026H         LINE#         28
  C:2026H         LINE#         29
  C:2041H         LINE#         30
  C:2041H         LINE#         31
  -------         ENDPROC       UART1_ISR
  -------         PROC          _?SYS_GET_UART1RXDEVENT
  -------         DO            
  i:0000H         SYMBOL        a
  -------         ENDDO         
  C:3FDEH         LINE#         33
  C:3FE0H         LINE#         35
  C:3FE8H         LINE#         36
  C:3FEAH         LINE#         37
  C:3FEAH         LINE#         38
  -------         ENDPROC       _?SYS_GET_UART1RXDEVENT
  -------         PROC          _UART1INIT
  D:0008H         SYMBOL        band
  C:321EH         LINE#         40
  C:3226H         LINE#         41
BL51 BANKED LINKER/LOCATER V6.22.4.0                                                  09/16/2025  20:36:51  PAGE 59


  C:3226H         LINE#         43
  C:3229H         LINE#         44
  C:322CH         LINE#         45
  C:322FH         LINE#         46
  C:3232H         LINE#         47
  C:3251H         LINE#         48
  C:3280H         LINE#         49
  C:3282H         LINE#         50
  C:3284H         LINE#         51
  C:3286H         LINE#         52
  C:3294H         LINE#         53
  -------         ENDPROC       _UART1INIT
  -------         PROC          _SETUART1RXD
  D:0001H         SYMBOL        RxdPt
  D:0004H         SYMBOL        Nmax
  D:000DH         SYMBOL        matchhead
  D:0010H         SYMBOL        matchheadsize
  C:3AAEH         LINE#         55
  C:3AAEH         LINE#         56
  C:3AB9H         LINE#         57
  C:3ABFH         LINE#         58
  C:3AC9H         LINE#         59
  C:3AD7H         LINE#         60
  C:3AD9H         LINE#         61
  C:3ADEH         LINE#         62
  -------         ENDPROC       _SETUART1RXD
  -------         PROC          _UART1PRINT
  D:0001H         SYMBOL        pt
  D:0004H         SYMBOL        num
  C:3C35H         LINE#         64
  C:3C35H         LINE#         65
  C:3C3BH         LINE#         66
  C:3C46H         LINE#         67
  C:3C4BH         LINE#         68
  C:3C51H         LINE#         69
  C:3C55H         LINE#         70
  C:3C57H         LINE#         71
  C:3C5AH         LINE#         72
  C:3C5AH         LINE#         73
  C:3C5CH         LINE#         74
  -------         ENDPROC       _UART1PRINT
  -------         PROC          GETUART1TXSTATUS
  C:406DH         LINE#         76
  C:406DH         LINE#         77
  C:4075H         LINE#         78
  C:4077H         LINE#         79
  -------         ENDPROC       GETUART1TXSTATUS
  -------         ENDMOD        UART1

  -------         MODULE        ?C?FPMUL
  C:0A6EH         PUBLIC        ?C?FPMUL
  -------         ENDMOD        ?C?FPMUL

  -------         MODULE        ?C?FPDIV
  C:0B77H         PUBLIC        ?C?FPDIV
  -------         ENDMOD        ?C?FPDIV

BL51 BANKED LINKER/LOCATER V6.22.4.0                                                  09/16/2025  20:36:51  PAGE 60


  -------         MODULE        ?C?FCAST
  C:0C1EH         PUBLIC        ?C?FCASTC
  C:0C19H         PUBLIC        ?C?FCASTI
  C:0C14H         PUBLIC        ?C?FCASTL
  -------         ENDMOD        ?C?FCAST

  -------         MODULE        ?C?CASTF
  C:0C52H         PUBLIC        ?C?CASTF
  -------         ENDMOD        ?C?CASTF

  -------         MODULE        ?C?COPY
  C:0DA3H         PUBLIC        ?C?COPY
  -------         ENDMOD        ?C?COPY

  -------         MODULE        ?C?CLDPTR
  C:0DC9H         PUBLIC        ?C?CLDPTR
  -------         ENDMOD        ?C?CLDPTR

  -------         MODULE        ?C?CLDOPTR
  C:0DE2H         PUBLIC        ?C?CLDOPTR
  -------         ENDMOD        ?C?CLDOPTR

  -------         MODULE        ?C?CSTPTR
  C:0E0FH         PUBLIC        ?C?CSTPTR
  -------         ENDMOD        ?C?CSTPTR

  -------         MODULE        ?C?CSTOPTR
  C:0E21H         PUBLIC        ?C?CSTOPTR
  -------         ENDMOD        ?C?CSTOPTR

  -------         MODULE        ?C?IMUL
  C:0E43H         PUBLIC        ?C?IMUL
  -------         ENDMOD        ?C?IMUL

  -------         MODULE        ?C?UIDIV
  C:0E55H         PUBLIC        ?C?UIDIV
  -------         ENDMOD        ?C?UIDIV

  -------         MODULE        ?C?SIDIV
  C:0EAAH         PUBLIC        ?C?SIDIV
  -------         ENDMOD        ?C?SIDIV

  -------         MODULE        ?C?IILDX
  C:0EE0H         PUBLIC        ?C?IILDX
  -------         ENDMOD        ?C?IILDX

  -------         MODULE        ?C?ILDIX
  C:0EF6H         PUBLIC        ?C?ILDIX
  -------         ENDMOD        ?C?ILDIX

  -------         MODULE        ?C?ILDPTR
  C:0F0CH         PUBLIC        ?C?ILDPTR
  -------         ENDMOD        ?C?ILDPTR

  -------         MODULE        ?C?LMUL
  C:0F37H         PUBLIC        ?C?LMUL
  -------         ENDMOD        ?C?LMUL
BL51 BANKED LINKER/LOCATER V6.22.4.0                                                  09/16/2025  20:36:51  PAGE 61



  -------         MODULE        ?C?ULDIV
  C:0FC2H         PUBLIC        ?C?ULDIV
  -------         ENDMOD        ?C?ULDIV

  -------         MODULE        ?C?SLDIV
  C:3782H         PUBLIC        ?C?SLDIV
  -------         ENDMOD        ?C?SLDIV

  -------         MODULE        ?C?LNEG
  C:1054H         PUBLIC        ?C?LNEG
  -------         ENDMOD        ?C?LNEG

  -------         MODULE        ?C?ULSHR
  C:1062H         PUBLIC        ?C?ULSHR
  -------         ENDMOD        ?C?ULSHR

  -------         MODULE        ?C?SLSHR
  C:1075H         PUBLIC        ?C?SLSHR
  -------         ENDMOD        ?C?SLSHR

  -------         MODULE        ?C?LSHL
  C:1089H         PUBLIC        ?C?LSHL
  -------         ENDMOD        ?C?LSHL

  -------         MODULE        ?C?LLDCODE
  C:109CH         PUBLIC        ?C?LLDCODE
  -------         ENDMOD        ?C?LLDCODE

  -------         MODULE        ?C?LSTXDATA
  C:10ACH         PUBLIC        ?C?LSTXDATA
  -------         ENDMOD        ?C?LSTXDATA

  -------         MODULE        ?C?OFFXADD
  C:10B8H         PUBLIC        ?C?OFFXADD
  -------         ENDMOD        ?C?OFFXADD

  -------         MODULE        ?C?ICALL
  C:10C4H         PUBLIC        ?C?ICALL
  C:10C8H         PUBLIC        ?C?ICALL2
  -------         ENDMOD        ?C?ICALL

  -------         MODULE        ?C_IBP
  D:004DH         PUBLIC        ?C_IBP
  -------         ENDMOD        ?C_IBP

  -------         MODULE        ?C?STRCPY
  C:1196H         PUBLIC        ?C?STRCPY
  -------         ENDMOD        ?C?STRCPY

  -------         MODULE        STRLEN
  C:3EE9H         PUBLIC        _STRLEN
  -------         ENDMOD        STRLEN

  -------         MODULE        STRCHR
  C:3E0EH         PUBLIC        _STRCHR
  -------         ENDMOD        STRCHR
BL51 BANKED LINKER/LOCATER V6.22.4.0                                                  09/16/2025  20:36:51  PAGE 62



  -------         MODULE        STRTOK
  D:000DH         PUBLIC        ?_strtok?BYTE
  C:302CH         PUBLIC        _strtok
  -------         ENDMOD        STRTOK

  -------         MODULE        ATOI
  C:2888H         PUBLIC        _atoi
  -------         ENDMOD        ATOI

  -------         MODULE        ?C?MEMSET
  C:11B3H         PUBLIC        ?C?MEMSET
  -------         ENDMOD        ?C?MEMSET

  -------         MODULE        ISDIGIT
  C:3FEDH         PUBLIC        _isdigit
  -------         ENDMOD        ISDIGIT

  -------         MODULE        ISSPACE
  C:3F24H         PUBLIC        _isspace
  -------         ENDMOD        ISSPACE

  -------         MODULE        STRSPN
  D:0013H         PUBLIC        ?_strspn?BYTE
  C:3302H         PUBLIC        _strspn
  -------         ENDMOD        STRSPN

  -------         MODULE        STRPBRK
  D:0013H         PUBLIC        ?_strpbrk?BYTE
  C:3363H         PUBLIC        _strpbrk
  -------         ENDMOD        STRPBRK

*** WARNING L16: UNCALLED SEGMENT, IGNORED FOR OVERLAY PROCESS
    SEGMENT: ?PR?GETBEEPSTATUS?BEEP

*** WARNING L16: UNCALLED SEGMENT, IGNORED FOR OVERLAY PROCESS
    SEGMENT: ?PR?_GETKEYACT?KEY

*** WARNING L16: UNCALLED SEGMENT, IGNORED FOR OVERLAY PROCESS
    SEGMENT: ?PR?GETSYSPERFORMANCE?SYS

*** WARNING L16: UNCALLED SEGMENT, IGNORED FOR OVERLAY PROCESS
    SEGMENT: ?PR?GETWEIGHT?EXT

*** WARNING L16: UNCALLED SEGMENT, IGNORED FOR OVERLAY PROCESS
    SEGMENT: ?PR?GETDECODE?EXT

*** WARNING L16: UNCALLED SEGMENT, IGNORED FOR OVERLAY PROCESS
    SEGMENT: ?PR?GETUART2TXSTATUS?UART2

*** WARNING L16: UNCALLED SEGMENT, IGNORED FOR OVERLAY PROCESS
    SEGMENT: ?PR?MYUART1PROCESSRXDATA?MY_UART1

*** WARNING L16: UNCALLED SEGMENT, IGNORED FOR OVERLAY PROCESS
    SEGMENT: ?PR?TEMP_CONTROLLED_MOTOR?TEMP_CONTROLLED_FAN

*** WARNING L16: UNCALLED SEGMENT, IGNORED FOR OVERLAY PROCESS
BL51 BANKED LINKER/LOCATER V6.22.4.0                                                  09/16/2025  20:36:51  PAGE 63


    SEGMENT: ?PR?AUTODOOR_EMERGENCYSTOP?ULTRASONIC_MODULE

*** WARNING L16: UNCALLED SEGMENT, IGNORED FOR OVERLAY PROCESS
    SEGMENT: ?PR?AUTODOOR_ISMOTORFREE?ULTRASONIC_MODULE

*** WARNING L16: UNCALLED SEGMENT, IGNORED FOR OVERLAY PROCESS
    SEGMENT: ?PR?INITTRAINID?TRAIN_ID_MODULE

Program Size: data=78.2 xdata=432 code=16593
LINK/LOCATE RUN COMPLETE.  11 WARNING(S),  0 ERROR(S)
