BL51 BANKED LINKER/LOCATER V6.22.4.0                                                    09/16/2025  10:50:34  PAGE 1


BL51 BANKED LINKER/LOCATER V6.22.4.0, INVOKED BY:
D:\SOFTWARE\KEIL5\CORE\C51\BIN\BL51.EXE .\output\main.obj, .\source\STCBSP_V3.6.LIB, .\output\temp_module.obj, .\output\
>> Nav_handler.obj, .\output\rtc_module.obj, .\output\speed_module.obj, .\output\voice_module.obj, .\output\core.obj, .\
>> output\decode_table.obj, .\output\nv_temp_threshold.obj, .\output\my_uart1.obj TO .\output\BSP_Demo PRINT (.\list\BSP
>> _Demo.m51) RAMSIZE (256) XDATA (0X0000-0X07FF)


MEMORY MODEL: SMALL WITH FLOATING POINT ARITHMETIC


INPUT MODULES INCLUDED:
  .\output\main.obj (MAIN)
  .\source\STCBSP_V3.6.LIB (ADC)
  .\source\STCBSP_V3.6.LIB (BEEP)
  .\source\STCBSP_V3.6.LIB (DISPLAYER)
  .\source\STCBSP_V3.6.LIB (KEY)
  .\source\STCBSP_V3.6.LIB (SYS)
  .\source\STCBSP_V3.6.LIB (EXT)
  .\source\STCBSP_V3.6.LIB (UART2)
  .\output\temp_module.obj (TEMP_MODULE)
  .\output\Nav_handler.obj (NAV_HANDLER)
  .\output\rtc_module.obj (RTC_MODULE)
  .\output\speed_module.obj (SPEED_MODULE)
  .\output\voice_module.obj (VOICE_MODULE)
  .\output\core.obj (CORE)
  .\output\decode_table.obj (DECODE_TABLE)
  .\output\nv_temp_threshold.obj (NV_TEMP_THRESHOLD)
  .\output\my_uart1.obj (MY_UART1)
  .\source\STCBSP_V3.6.LIB (DS1302)
  .\source\STCBSP_V3.6.LIB (M24C02)
  .\source\STCBSP_V3.6.LIB (UART1)
  D:\SOFTWARE\KEIL5\CORE\C51\LIB\C51FPS.LIB (?C?FPMUL)
  D:\SOFTWARE\KEIL5\CORE\C51\LIB\C51FPS.LIB (?C?FPDIV)
  D:\SOFTWARE\KEIL5\CORE\C51\LIB\C51FPS.LIB (?C?FCAST)
  D:\SOFTWARE\KEIL5\CORE\C51\LIB\C51FPS.LIB (?C?CASTF)
  D:\SOFTWARE\KEIL5\CORE\C51\LIB\C51FPS.LIB (?C?FPGETOPN)
  D:\SOFTWARE\KEIL5\CORE\C51\LIB\C51S.LIB (?C_STARTUP)
  D:\SOFTWARE\KEIL5\CORE\C51\LIB\C51S.LIB (?C?COPY)
  D:\SOFTWARE\KEIL5\CORE\C51\LIB\C51S.LIB (?C?CLDOPTR)
  D:\SOFTWARE\KEIL5\CORE\C51\LIB\C51S.LIB (?C?CSTPTR)
  D:\SOFTWARE\KEIL5\CORE\C51\LIB\C51S.LIB (?C?CSTOPTR)
  D:\SOFTWARE\KEIL5\CORE\C51\LIB\C51S.LIB (?C?UIDIV)
  D:\SOFTWARE\KEIL5\CORE\C51\LIB\C51S.LIB (?C?SIDIV)
  D:\SOFTWARE\KEIL5\CORE\C51\LIB\C51S.LIB (?C?ILDIX)
  D:\SOFTWARE\KEIL5\CORE\C51\LIB\C51S.LIB (?C?LMUL)
  D:\SOFTWARE\KEIL5\CORE\C51\LIB\C51S.LIB (?C?ULDIV)
  D:\SOFTWARE\KEIL5\CORE\C51\LIB\C51S.LIB (?C?SLDIV)
  D:\SOFTWARE\KEIL5\CORE\C51\LIB\C51S.LIB (?C?LNEG)
  D:\SOFTWARE\KEIL5\CORE\C51\LIB\C51S.LIB (?C?ULSHR)
  D:\SOFTWARE\KEIL5\CORE\C51\LIB\C51S.LIB (?C?SLSHR)
  D:\SOFTWARE\KEIL5\CORE\C51\LIB\C51S.LIB (?C?LSHL)
  D:\SOFTWARE\KEIL5\CORE\C51\LIB\C51S.LIB (?C?LLDCODE)
  D:\SOFTWARE\KEIL5\CORE\C51\LIB\C51S.LIB (?C?LSTXDATA)
  D:\SOFTWARE\KEIL5\CORE\C51\LIB\C51S.LIB (?C?OFFXADD)
  D:\SOFTWARE\KEIL5\CORE\C51\LIB\C51S.LIB (?C?ICALL)
  D:\SOFTWARE\KEIL5\CORE\C51\LIB\C51S.LIB (?C_IBP)
  D:\SOFTWARE\KEIL5\CORE\C51\LIB\C51S.LIB (?C?STRCPY)
  D:\SOFTWARE\KEIL5\CORE\C51\LIB\C51S.LIB (STRLEN)
BL51 BANKED LINKER/LOCATER V6.22.4.0                                                  09/16/2025  10:50:34  PAGE 2


  D:\SOFTWARE\KEIL5\CORE\C51\LIB\C51S.LIB (STRCHR)
  D:\SOFTWARE\KEIL5\CORE\C51\LIB\C51S.LIB (STRTOK)
  D:\SOFTWARE\KEIL5\CORE\C51\LIB\C51S.LIB (ATOI)
  D:\SOFTWARE\KEIL5\CORE\C51\LIB\C51S.LIB (?C?MEMSET)
  D:\SOFTWARE\KEIL5\CORE\C51\LIB\C51S.LIB (?C_INIT)
  D:\SOFTWARE\KEIL5\CORE\C51\LIB\C51S.LIB (?C?CLDPTR)
  D:\SOFTWARE\KEIL5\CORE\C51\LIB\C51S.LIB (?C?IMUL)
  D:\SOFTWARE\KEIL5\CORE\C51\LIB\C51S.LIB (ISDIGIT)
  D:\SOFTWARE\KEIL5\CORE\C51\LIB\C51S.LIB (ISSPACE)
  D:\SOFTWARE\KEIL5\CORE\C51\LIB\C51S.LIB (STRSPN)
  D:\SOFTWARE\KEIL5\CORE\C51\LIB\C51S.LIB (STRPBRK)


LINK MAP OF MODULE:  .\output\BSP_Demo (MAIN)


            TYPE    BASE      LENGTH    RELOCATION   SEGMENT NAME
            -----------------------------------------------------

            * * * * * * *   D A T A   M E M O R Y   * * * * * * *
            REG     0000H     0008H     ABSOLUTE     "REG BANK 0"
            DATA    0008H     0014H     UNIT         _DATA_GROUP_
            DATA    001CH     0004H     UNIT         ?DT?_SETBEEP?BEEP
            BIT     0020H.0   0001H.7   UNIT         ?BI?SYS
            BIT     0021H.7   0000H.1   UNIT         ?BI?ADC
            BIT     0022H.0   0000H.1   UNIT         ?BI?RTC_MODULE
            BIT     0022H.1   0000H.1   UNIT         _BIT_GROUP_
                    0022H.2   0000H.6                *** GAP ***
            DATA    0023H     0012H     UNIT         ?DT?SYS
            DATA    0035H     0007H     UNIT         ?DT?DS1302INIT?DS1302
            DATA    003CH     0006H     UNIT         ?DT?EXT
            DATA    0042H     0004H     UNIT         ?DT?_SETPWM?EXT
            DATA    0046H     0003H     UNIT         ?DT?STRTOK
            DATA    0049H     0002H     UNIT         ?DT?ADC
            DATA    004BH     0002H     UNIT         ?DT?GETULTRASONIC?SYS
            DATA    004DH     0002H     UNIT         ?DT?UART2
            DATA    004FH     0001H     UNIT         ?DT?KEY
            DATA    0050H     0001H     UNIT         ?C?LIB_DATA
            IDATA   0051H     0001H     UNIT         ?STACK

            * * * * * * *  X D A T A   M E M O R Y  * * * * * * *
            XDATA   0000H     006EH     UNIT         ?XD?SYS
            XDATA   006EH     0044H     UNIT         ?XD?MY_UART1
            XDATA   00B2H     0033H     UNIT         _XDATA_GROUP_
            XDATA   00E5H     0022H     UNIT         ?XD?RTC_MODULE
            XDATA   0107H     001EH     UNIT         ?XD?ADC
            XDATA   0125H     0015H     UNIT         ?XD?UART2
            XDATA   013AH     0015H     UNIT         ?XD?UART1
            XDATA   014FH     0012H     UNIT         ?XD?TEMP_MODULE
            XDATA   0161H     000CH     UNIT         ?XD?DISPLAYER
            XDATA   016DH     000BH     UNIT         ?XD?EXT
            XDATA   0178H     000AH     UNIT         ?XD?KEY
            XDATA   0182H     0009H     UNIT         ?XD?CORE
            XDATA   018BH     0009H     UNIT         ?XD?DS1302
            XDATA   0194H     0006H     UNIT         ?XD?SPEED_MODULE
            XDATA   019AH     0002H     UNIT         ?XD?VOICE_MODULE
            XDATA   019CH     0002H     UNIT         ?XD?NV_TEMP_THRESHOLD
BL51 BANKED LINKER/LOCATER V6.22.4.0                                                  09/16/2025  10:50:34  PAGE 3


            XDATA   019EH     0001H     UNIT         ?XD?NAV_HANDLER
            XDATA   019FH     0001H     UNIT         ?XD?MYUART1LOADTEMPTHRESHOLD?MY_UART1

            * * * * * * *   C O D E   M E M O R Y   * * * * * * *
            CODE    0000H     0003H     ABSOLUTE     
            CODE    0003H     0007H     UNIT         ?PR?GETADC?ADC
            CODE    000AH     0001H     UNIT         ?PR?_?NULLFUNC?SYS
            CODE    000BH     0003H     ABSOLUTE     
            CODE    000EH     0015H     UNIT         ?PR?MYUART1CLEARRXBUFFER?MY_UART1
            CODE    0023H     0003H     ABSOLUTE     
            CODE    0026H     0004H     UNIT         ?CO?CORE
            CODE    002AH     0001H     UNIT         ?PR?_?NULLFUNC0?UART2
            CODE    002BH     0003H     ABSOLUTE     
            CODE    002EH     000DH     UNIT         ?PR?STOP?M24C02
            CODE    003BH     0003H     ABSOLUTE     
            CODE    003EH     0003H     UNIT         ?PR?_?RET0FUNC?SYS
                    0041H     0002H                  *** GAP ***
            CODE    0043H     0003H     ABSOLUTE     
            CODE    0046H     0730H     UNIT         ?C?LIB_CODE
            CODE    0776H     04B0H     UNIT         ?CO?VOICE_MODULE
            CODE    0C26H     01FCH     UNIT         ?CO?TEMP_MODULE
            CODE    0E22H     01F7H     UNIT         ?PR?MYUART1SENDCURRENTSTATUS?MY_UART1
            CODE    1019H     01D2H     UNIT         ?PR?UART2_ISR?UART2
            CODE    11EBH     01C5H     UNIT         ?PR?_PARSECOMMAND?MY_UART1
            CODE    13B0H     01ACH     UNIT         ?PR?_?SYS_ADC_DRV?ADC
            CODE    155CH     0183H     UNIT         ?C_INITSEG
            CODE    16DFH     0136H     UNIT         ?PR?SHOWTIME?RTC_MODULE
            CODE    1815H     0130H     UNIT         ?PR?UART1_ISR?UART1
            CODE    1945H     0123H     UNIT         ?PR?_?SYS_KEY_DRV?KEY
            CODE    1A68H     011DH     UNIT         ?PR?_MY_UTOA?MY_UART1
            CODE    1B85H     00FEH     UNIT         ?PR?DS1302INIT?DS1302
            CODE    1C83H     00EDH     UNIT         ?PR?SYS_TASK_1MS?SYS
            CODE    1D70H     00E9H     UNIT         ?PR?_?SYS_DISPLAY_DRV?DISPLAYER
            CODE    1E59H     00E7H     UNIT         ?PR?_?SYS_EXT_DRV?EXT
            CODE    1F40H     00E6H     UNIT         ?PR?SHOWTEMP?TEMP_MODULE
            CODE    2026H     00BEH     UNIT         ?PR?RESETTIMER?RTC_MODULE
            CODE    20E4H     00B5H     UNIT         ?PR?_UART2INIT?UART2
            CODE    2199H     00AEH     UNIT         ?PR?_ATOI?ATOI
            CODE    2247H     00A8H     UNIT         ?PR?SYS_CCP_ISR?SYS
            CODE    22EFH     00A5H     UNIT         ?PR?_?SYS_DS1302_DRV?DS1302
            CODE    2394H     0093H     UNIT         ?PR?SYS_TASK_10MS?SYS
            CODE    2427H     0090H     UNIT         ?PR?_SETPWM?EXT
            CODE    24B7H     008CH     UNIT         ?C_C51STARTUP
            CODE    2543H     008BH     UNIT         ?PR?SYS_TASK_IR?SYS
            CODE    25CEH     0082H     UNIT         ?PR?CHECKCOUNTDOWNEVENT?VOICE_MODULE
            CODE    2650H     0080H     UNIT         ?PR?_STRTOK?STRTOK
            CODE    26D0H     007DH     UNIT         ?PR?_SETEVENTCALLBACK?SYS
            CODE    274DH     0078H     UNIT         ?PR?_SETBEEP?BEEP
            CODE    27C5H     0077H     UNIT         ?PR?_UART1INIT?UART1
            CODE    283CH     006FH     UNIT         ?PR?MAIN?MAIN
            CODE    28ABH     0061H     UNIT         ?PR?_STRSPN?STRSPN
            CODE    290CH     005FH     UNIT         ?PR?GETETA?RTC_MODULE
            CODE    296BH     005DH     UNIT         ?PR?_STRPBRK?STRPBRK
            CODE    29C8H     0059H     UNIT         ?PR?READCOUNT?EXT
            CODE    2A21H     0056H     UNIT         ?PR?MYUART1INIT?MY_UART1
            CODE    2A77H     0053H     UNIT         ?PR?GETULTRASONIC?SYS
            CODE    2ACAH     0052H     UNIT         ?PR?SYS_TIMER0_ISR?SYS
BL51 BANKED LINKER/LOCATER V6.22.4.0                                                  09/16/2025  10:50:34  PAGE 4


            CODE    2B1CH     004BH     UNIT         ?PR?SHOWSPEED?SPEED_MODULE
            CODE    2B67H     0047H     UNIT         ?PR?SYS_TIMER0_INIT?SYS
            CODE    2BAEH     0046H     UNIT         ?PR?_GETADCNAVACT?ADC
            CODE    2BF4H     0044H     UNIT         ?C?LDIV
            CODE    2C38H     0040H     UNIT         ?PR?_GETKEYACT?KEY
            CODE    2C78H     0040H     UNIT         ?PR?NAVHANDLER?NAV_HANDLER
            CODE    2CB8H     003FH     UNIT         ?PR?SYS_TASK_100MS?SYS
            CODE    2CF7H     003EH     UNIT         ?PR?MYSTC_OS?SYS
            CODE    2D35H     003CH     UNIT         ?CO?DECODE_TABLE
            CODE    2D71H     0039H     UNIT         ?PR?_NVTEMPTHRESHOLDUPDATE?NV_TEMP_THRESHOLD
            CODE    2DAAH     0036H     UNIT         ?PR?_EXTINIT?EXT
            CODE    2DE0H     0036H     UNIT         ?PR?NVTEMPTHRESHOLDINIT?NV_TEMP_THRESHOLD
            CODE    2E16H     0032H     UNIT         ?PR?UART1RXDCALLBACK?MY_UART1
            CODE    2E48H     0031H     UNIT         ?PR?_ADCINIT?ADC
            CODE    2E79H     0031H     UNIT         ?PR?_SETUART2RXD?UART2
            CODE    2EAAH     0031H     UNIT         ?PR?_SETUART1RXD?UART1
            CODE    2EDBH     002FH     UNIT         ?PR?_UART2PRINT?UART2
            CODE    2F0AH     002EH     UNIT         ?PR?_DS1302READ?DS1302
            CODE    2F38H     002BH     UNIT         ?PR?SYS_TASK_1S?SYS
            CODE    2F63H     002BH     UNIT         ?PR?_NVTEMPTHRESHOLDWRITE?NV_TEMP_THRESHOLD
            CODE    2F8EH     002AH     UNIT         ?PR?NVTEMPTHRESHOLDREAD?NV_TEMP_THRESHOLD
            CODE    2FB8H     0029H     UNIT         ?PR?_NVM_WRITE?DS1302
            CODE    2FE1H     0028H     UNIT         ?PR?_?SYS_BEEP_DRV?BEEP
            CODE    3009H     0028H     UNIT         ?PR?_UART1PRINT?UART1
            CODE    3031H     0024H     UNIT         ?PR?RESPONS?M24C02
            CODE    3055H     0024H     UNIT         ?PR?_WRITEBYTE?M24C02
            CODE    3079H     0022H     UNIT         ?PR?READBYTE?M24C02
            CODE    309BH     0020H     UNIT         ?PR?BEEPINIT?BEEP
            CODE    30BBH     0020H     UNIT         ?PR?_SEG7PRINT?DISPLAYER
            CODE    30DBH     0020H     UNIT         ?PR?_DS1302WRITE?DS1302
            CODE    30FBH     001DH     UNIT         ?PR?KEYINIT?KEY
            CODE    3118H     001DH     UNIT         ?PR?MYUART1LOADTEMPTHRESHOLD?MY_UART1
            CODE    3135H     001CH     UNIT         ?PR?_M24C02_READ?M24C02
            CODE    3151H     001CH     UNIT         ?PR?_STRCHR?STRCHR
            CODE    316DH     001BH     UNIT         ?PR?DISPLAYERINIT?DISPLAYER
            CODE    3188H     0019H     UNIT         ?PR?_DS1302WRITEBYTE?DS1302
            CODE    31A1H     0019H     UNIT         ?PR?RTC_WRITE?DS1302
            CODE    31BAH     0018H     UNIT         ?PR?SHOWSTATUS?NAV_HANDLER
            CODE    31D2H     0018H     UNIT         ?PR?DS1302READBYTE?DS1302
            CODE    31EAH     0015H     UNIT         ?PR?_M24C02_WRITE?M24C02
            CODE    31FFH     0015H     UNIT         ?PR?_STRLEN?STRLEN
            CODE    3214H     0013H     UNIT         ?PR?_ISSPACE?ISSPACE
            CODE    3227H     0012H     UNIT         ?PR?MYUART2RXD_CALLBACK?VOICE_MODULE
            CODE    3239H     0012H     UNIT         ?PR?_NVISVALIDTHRESHOLD?NV_TEMP_THRESHOLD
            CODE    324BH     0012H     UNIT         ?PR?_NVM_READ?DS1302
            CODE    325DH     0011H     UNIT         ?PR?_SETCCP0?SYS
            CODE    326EH     0010H     UNIT         ?PR?GETDECODE?EXT
            CODE    327EH     0010H     UNIT         ?PR?START?M24C02
            CODE    328EH     000FH     UNIT         ?PR?_?SYS_GET_UART2RXDEVENT?UART2
            CODE    329DH     000FH     UNIT         ?PR?_?SYS_GET_UART1RXDEVENT?UART1
            CODE    32ACH     000FH     UNIT         ?PR?_ISDIGIT?ISDIGIT
            CODE    32BBH     000EH     UNIT         ?PR?_?SYS_GET_KNEVENT?ADC
            CODE    32C9H     000EH     UNIT         ?PR?_?SYS_GET_EXTADCEVENT?ADC
            CODE    32D7H     000EH     UNIT         ?PR?_?SYS_GET_KEYEVENT?KEY
            CODE    32E5H     000CH     UNIT         ?PR?GETBEEPSTATUS?BEEP
            CODE    32F1H     000BH     UNIT         ?PR?GETUART2TXSTATUS?UART2
            CODE    32FCH     000BH     UNIT         ?PR?MYUART1PROCESSRXDATA?MY_UART1
BL51 BANKED LINKER/LOCATER V6.22.4.0                                                  09/16/2025  10:50:34  PAGE 5


            CODE    3307H     000BH     UNIT         ?PR?GETUART1TXSTATUS?UART1
            CODE    3312H     0009H     UNIT         ?CO?ADC
            CODE    331BH     0009H     UNIT         ?PR?_SETDISPLAYERAREA?DISPLAYER
            CODE    3324H     0009H     UNIT         ?PR?GETBEEPTIMER?SYS
            CODE    332DH     0009H     UNIT         ?PR?_SETBEEPTIMER?SYS
            CODE    3336H     0009H     UNIT         ?PR?GETWEIGHT?EXT
            CODE    333FH     0009H     UNIT         ?PR?GETSPEED?SPEED_MODULE
            CODE    3348H     0009H     UNIT         ?PR?MY1S_CALLBACK?CORE
            CODE    3351H     0007H     UNIT         ?PR?GETSYSPERFORMANCE?SYS
            CODE    3358H     0007H     UNIT         ?PR?RTC_READ?DS1302
            CODE    335FH     0006H     UNIT         ?PR?ADC_ISR?ADC
            CODE    3365H     0006H     UNIT         ?PR?_LEDPRINT?DISPLAYER
            CODE    336BH     0006H     UNIT         ?PR?MYSTC_INIT?SYS
            CODE    3371H     0006H     UNIT         ?CO?MY_UART1
            CODE    3377H     0003H     UNIT         ?PR?CLRBEEPPIN?SYS



OVERLAY MAP OF MODULE:   .\output\BSP_Demo (MAIN)


SEGMENT                                             BIT_GROUP          DATA_GROUP          XDATA_GROUP
  +--> CALLED SEGMENT                            START    LENGTH     START    LENGTH     START    LENGTH
--------------------------------------------------------------------------------------------------------
?C_C51STARTUP                                    -----    -----      -----    -----      -----    -----
  +--> ?PR?MAIN?MAIN
  +--> ?C_INITSEG

?PR?MAIN?MAIN                                    -----    -----      -----    -----      -----    -----
  +--> ?PR?_ADCINIT?ADC
  +--> ?PR?DISPLAYERINIT?DISPLAYER
  +--> ?PR?KEYINIT?KEY
  +--> ?PR?BEEPINIT?BEEP
  +--> ?PR?_SETDISPLAYERAREA?DISPLAYER
  +--> ?PR?_UART2INIT?UART2
  +--> ?PR?MYUART1INIT?MY_UART1
  +--> ?PR?NVTEMPTHRESHOLDINIT?NV_TEMP_THRES...
  +--> ?PR?_EXTINIT?EXT
  +--> ?PR?_SETUART2RXD?UART2
  +--> ?PR?MYUART2RXD_CALLBACK?VOICE_MODULE
  +--> ?PR?_SETEVENTCALLBACK?SYS
  +--> ?PR?MY1S_CALLBACK?CORE
  +--> ?PR?NAVHANDLER?NAV_HANDLER
  +--> ?PR?MYSTC_INIT?SYS
  +--> ?PR?MYSTC_OS?SYS

?PR?_ADCINIT?ADC                                 -----    -----      -----    -----      -----    -----
  +--> ?PR?_?SYS_ADC_DRV?ADC
  +--> ?PR?_?SYS_GET_KNEVENT?ADC
  +--> ?PR?_?SYS_GET_EXTADCEVENT?ADC

?PR?_?SYS_ADC_DRV?ADC                            -----    -----      -----    -----      -----    -----
  +--> ?CO?ADC

?PR?DISPLAYERINIT?DISPLAYER                      -----    -----      -----    -----      -----    -----
  +--> ?PR?_?SYS_DISPLAY_DRV?DISPLAYER

BL51 BANKED LINKER/LOCATER V6.22.4.0                                                  09/16/2025  10:50:34  PAGE 6


?PR?_?SYS_DISPLAY_DRV?DISPLAYER                  -----    -----      -----    -----      -----    -----
  +--> ?CO?DECODE_TABLE

?PR?KEYINIT?KEY                                  -----    -----      -----    -----      -----    -----
  +--> ?PR?_?SYS_GET_KEYEVENT?KEY
  +--> ?PR?_?SYS_KEY_DRV?KEY

?PR?BEEPINIT?BEEP                                -----    -----      -----    -----      -----    -----
  +--> ?PR?CLRBEEPPIN?SYS
  +--> ?PR?_?SYS_BEEP_DRV?BEEP

?PR?_?SYS_BEEP_DRV?BEEP                          -----    -----      -----    -----      -----    -----
  +--> ?PR?GETBEEPTIMER?SYS
  +--> ?PR?_SETBEEPTIMER?SYS

?PR?_UART2INIT?UART2                             -----    -----      0008H    0005H      -----    -----
  +--> ?PR?_?NULLFUNC0?UART2
  +--> ?CO?CORE
  +--> ?PR?_?SYS_GET_UART2RXDEVENT?UART2

?PR?MYUART1INIT?MY_UART1                         -----    -----      -----    -----      -----    -----
  +--> ?PR?_UART1INIT?UART1
  +--> ?PR?UART1RXDCALLBACK?MY_UART1
  +--> ?PR?_SETEVENTCALLBACK?SYS
  +--> ?PR?_SETUART1RXD?UART1

?PR?_UART1INIT?UART1                             -----    -----      0008H    0004H      -----    -----
  +--> ?CO?CORE
  +--> ?PR?_?SYS_GET_UART1RXDEVENT?UART1

?PR?UART1RXDCALLBACK?MY_UART1                    -----    -----      -----    -----      -----    -----
  +--> ?PR?_STRCHR?STRCHR
  +--> ?PR?_PARSECOMMAND?MY_UART1
  +--> ?PR?MYUART1CLEARRXBUFFER?MY_UART1

?PR?_PARSECOMMAND?MY_UART1                       -----    -----      0008H    0005H      00B2H    0030H
  +--> ?PR?_STRLEN?STRLEN
  +--> ?CO?MY_UART1
  +--> ?PR?_ATOI?ATOI
  +--> ?PR?_STRTOK?STRTOK
  +--> ?PR?_NVTEMPTHRESHOLDUPDATE?NV_TEMP_TH...

?PR?_ATOI?ATOI                                   0022H.1  0000H.1    000DH    0005H      -----    -----
  +--> ?PR?_ISSPACE?ISSPACE
  +--> ?PR?_ISDIGIT?ISDIGIT

?PR?_STRTOK?STRTOK                               -----    -----      000DH    0006H      -----    -----
  +--> ?PR?_STRSPN?STRSPN
  +--> ?PR?_STRPBRK?STRPBRK

?PR?_STRSPN?STRSPN                               -----    -----      0013H    0008H      -----    -----

?PR?_STRPBRK?STRPBRK                             -----    -----      0013H    0009H      -----    -----

?PR?_NVTEMPTHRESHOLDUPDATE?NV_TEMP_TH...         -----    -----      000DH    0001H      00E2H    0001H
  +--> ?PR?NVTEMPTHRESHOLDINIT?NV_TEMP_THRES...
  +--> ?PR?_NVISVALIDTHRESHOLD?NV_TEMP_THRES...
BL51 BANKED LINKER/LOCATER V6.22.4.0                                                  09/16/2025  10:50:34  PAGE 7


  +--> ?PR?NVTEMPTHRESHOLDREAD?NV_TEMP_THRES...
  +--> ?PR?_NVTEMPTHRESHOLDWRITE?NV_TEMP_THR...

?PR?NVTEMPTHRESHOLDINIT?NV_TEMP_THRES...         -----    -----      -----    -----      00E4H    0001H
  +--> ?PR?_M24C02_READ?M24C02
  +--> ?PR?_NVISVALIDTHRESHOLD?NV_TEMP_THRES...

?PR?_M24C02_READ?M24C02                          -----    -----      -----    -----      -----    -----
  +--> ?PR?START?M24C02
  +--> ?PR?RESPONS?M24C02
  +--> ?PR?_WRITEBYTE?M24C02
  +--> ?PR?READBYTE?M24C02
  +--> ?PR?STOP?M24C02

?PR?RESPONS?M24C02                               -----    -----      -----    -----      -----    -----
  +--> ?PR?_WRITEBYTE?M24C02

?PR?NVTEMPTHRESHOLDREAD?NV_TEMP_THRES...         -----    -----      -----    -----      00E3H    0001H
  +--> ?PR?NVTEMPTHRESHOLDINIT?NV_TEMP_THRES...
  +--> ?PR?_M24C02_READ?M24C02
  +--> ?PR?_NVISVALIDTHRESHOLD?NV_TEMP_THRES...

?PR?_NVTEMPTHRESHOLDWRITE?NV_TEMP_THR...         -----    -----      000EH    0001H      -----    -----
  +--> ?PR?NVTEMPTHRESHOLDINIT?NV_TEMP_THRES...
  +--> ?PR?_NVISVALIDTHRESHOLD?NV_TEMP_THRES...
  +--> ?PR?_M24C02_WRITE?M24C02

?PR?_M24C02_WRITE?M24C02                         -----    -----      -----    -----      -----    -----
  +--> ?PR?START?M24C02
  +--> ?PR?_WRITEBYTE?M24C02
  +--> ?PR?RESPONS?M24C02
  +--> ?PR?STOP?M24C02

?PR?_SETEVENTCALLBACK?SYS                        -----    -----      0008H    0003H      -----    -----

?PR?_SETUART1RXD?UART1                           -----    -----      0008H    000AH      -----    -----

?PR?_EXTINIT?EXT                                 -----    -----      -----    -----      -----    -----
  +--> ?PR?_?SYS_EXT_DRV?EXT

?PR?_?SYS_EXT_DRV?EXT                            -----    -----      -----    -----      -----    -----
  +--> ?PR?READCOUNT?EXT

?PR?READCOUNT?EXT                                -----    -----      0008H    0005H      -----    -----

?PR?_SETUART2RXD?UART2                           -----    -----      0008H    000AH      -----    -----

?PR?MY1S_CALLBACK?CORE                           -----    -----      -----    -----      -----    -----
  +--> ?PR?SHOWSTATUS?NAV_HANDLER
  +--> ?PR?CHECKCOUNTDOWNEVENT?VOICE_MODULE
  +--> ?PR?MYUART1SENDCURRENTSTATUS?MY_UART1

?PR?SHOWSTATUS?NAV_HANDLER                       -----    -----      -----    -----      -----    -----
  +--> ?PR?SHOWTIME?RTC_MODULE
  +--> ?PR?SHOWTEMP?TEMP_MODULE
  +--> ?PR?SHOWSPEED?SPEED_MODULE

BL51 BANKED LINKER/LOCATER V6.22.4.0                                                  09/16/2025  10:50:34  PAGE 8


?PR?SHOWTIME?RTC_MODULE                          -----    -----      -----    -----      -----    -----
  +--> ?PR?RTC_READ?DS1302
  +--> ?PR?RESETTIMER?RTC_MODULE
  +--> ?PR?RTC_WRITE?DS1302
  +--> ?PR?_SEG7PRINT?DISPLAYER

?PR?RESETTIMER?RTC_MODULE                        -----    -----      -----    -----      00B2H    0002H
  +--> ?PR?GETSPEED?SPEED_MODULE
  +--> ?PR?RTC_WRITE?DS1302

?PR?RTC_WRITE?DS1302                             -----    -----      0008H    0007H      -----    -----

?PR?_SEG7PRINT?DISPLAYER                         -----    -----      0008H    0008H      -----    -----

?PR?SHOWTEMP?TEMP_MODULE                         -----    -----      -----    -----      -----    -----
  +--> ?PR?GETADC?ADC
  +--> ?CO?TEMP_MODULE
  +--> ?PR?_SEG7PRINT?DISPLAYER

?PR?SHOWSPEED?SPEED_MODULE                       -----    -----      -----    -----      -----    -----
  +--> ?PR?_SEG7PRINT?DISPLAYER

?PR?CHECKCOUNTDOWNEVENT?VOICE_MODULE             -----    -----      -----    -----      00B2H    0002H
  +--> ?PR?GETETA?RTC_MODULE
  +--> ?CO?VOICE_MODULE
  +--> ?PR?_UART2PRINT?UART2

?PR?GETETA?RTC_MODULE                            -----    -----      -----    -----      -----    -----
  +--> ?PR?RTC_READ?DS1302

?PR?MYUART1SENDCURRENTSTATUS?MY_UART1            -----    -----      -----    -----      00B2H    0002H
  +--> ?PR?GETUART1TXSTATUS?UART1
  +--> ?CO?MY_UART1
  +--> ?PR?_STRLEN?STRLEN
  +--> ?PR?_MY_UTOA?MY_UART1
  +--> ?PR?_UART1PRINT?UART1

?PR?_MY_UTOA?MY_UART1                            -----    -----      0008H    0003H      00B4H    0012H

?PR?NAVHANDLER?NAV_HANDLER                       -----    -----      -----    -----      00B2H    0002H
  +--> ?PR?_GETADCNAVACT?ADC

?PR?MYSTC_INIT?SYS                               -----    -----      -----    -----      -----    -----
  +--> ?PR?SYS_TIMER0_INIT?SYS

?PR?SYS_TIMER0_INIT?SYS                          -----    -----      -----    -----      -----    -----
  +--> ?CO?CORE

?PR?MYSTC_OS?SYS                                 -----    -----      -----    -----      -----    -----
  +--> ?PR?SYS_TASK_IR?SYS
  +--> ?PR?SYS_TASK_1MS?SYS
  +--> ?PR?SYS_TASK_10MS?SYS
  +--> ?PR?SYS_TASK_100MS?SYS
  +--> ?PR?SYS_TASK_1S?SYS

?C_INITSEG                                       -----    -----      -----    -----      -----    -----
  +--> ?PR?_?NULLFUNC?SYS
BL51 BANKED LINKER/LOCATER V6.22.4.0                                                  09/16/2025  10:50:34  PAGE 9


  +--> ?PR?_?RET0FUNC?SYS



SYMBOL TABLE OF MODULE:  .\output\BSP_Demo (MAIN)

  VALUE           TYPE          NAME
  ----------------------------------

  -------         MODULE        MAIN
  C:0000H         SYMBOL        _ICE_DUMMY_
  D:0080H         PUBLIC        P0
  D:0090H         PUBLIC        P1
  D:00A0H         PUBLIC        P2
  D:00B0H         PUBLIC        P3
  D:00C0H         PUBLIC        P4
  D:00C8H         PUBLIC        P5
  D:00E8H         PUBLIC        P6
  D:00F8H         PUBLIC        P7
  D:00A8H         PUBLIC        IE
  D:00B8H         PUBLIC        IP
  D:00D8H         PUBLIC        CCON
  C:283CH         PUBLIC        main
  D:0098H         PUBLIC        SCON
  D:0088H         PUBLIC        TCON
  D:00D0H         PUBLIC        PSW
  -------         PROC          MAIN
  C:283CH         LINE#         3
  C:283CH         LINE#         4
  C:2841H         LINE#         5
  C:2844H         LINE#         6
  C:2847H         LINE#         7
  C:284AH         LINE#         8
  C:2851H         LINE#         9
  C:285DH         LINE#         10
  C:2860H         LINE#         11
  C:2863H         LINE#         12
  C:2868H         LINE#         13
  C:2882H         LINE#         14
  C:288DH         LINE#         15
  C:2898H         LINE#         16
  C:28A3H         LINE#         17
  C:28A6H         LINE#         19
  C:28A6H         LINE#         20
  C:28A9H         LINE#         21
  -------         ENDPROC       MAIN
  -------         ENDMOD        MAIN

  -------         MODULE        ADC
  C:0000H         SYMBOL        _ICE_DUMMY_
  D:0080H         PUBLIC        P0
  D:0090H         PUBLIC        P1
  D:00A0H         PUBLIC        P2
  C:32BBH         PUBLIC        _?sys_get_KNEvent
  D:0049H         PUBLIC        sys_EXTADCEvent
  D:00B0H         PUBLIC        P3
  D:00C0H         PUBLIC        P4
BL51 BANKED LINKER/LOCATER V6.22.4.0                                                  09/16/2025  10:50:34  PAGE 10


  D:00C8H         PUBLIC        P5
  D:00E8H         PUBLIC        P6
  D:00F8H         PUBLIC        P7
  B:00A8H.5       PUBLIC        EADC
  D:00A8H         PUBLIC        IE
  D:00BDH         PUBLIC        ADC_RES
  D:00B8H         PUBLIC        IP
  D:0097H         PUBLIC        CLK_DIV
  C:2E48H         PUBLIC        _AdcInit
  D:00D8H         PUBLIC        CCON
  C:32C9H         PUBLIC        _?sys_get_EXTADCEvent
  X:0109H         PUBLIC        AD_res
  D:00BCH         PUBLIC        ADC_CONTR
  D:0098H         PUBLIC        SCON
  D:0088H         PUBLIC        TCON
  C:13B0H         PUBLIC        _?sys_ADC_drv
  B:0021H.7       PUBLIC        flag_ADC
  X:0113H         PUBLIC        sys_KN
  D:009DH         PUBLIC        P1ASF
  D:004AH         PUBLIC        sys_KNEvent
  D:00BEH         PUBLIC        ADC_RESL
  C:0003H         PUBLIC        GetADC
  C:2BAEH         PUBLIC        _GetAdcNavAct
  C:335FH         PUBLIC        ADC_isr
  D:00D0H         PUBLIC        PSW
  -------         PROC          ADC_ISR
  C:335FH         LINE#         26
  C:335FH         LINE#         27
  C:3362H         LINE#         28
  C:3364H         LINE#         29
  -------         ENDPROC       ADC_ISR
  -------         PROC          _?SYS_ADC_DRV
  -------         DO            
  X:0107H         SYMBOL        pc
  X:0108H         SYMBOL        counter
  i:0000H         SYMBOL        i
  C:3312H         SYMBOL        ADC_ch
  -------         ENDDO         
  C:13B0H         LINE#         31
  C:13B2H         LINE#         35
  C:13B8H         LINE#         36
  C:13BAH         LINE#         37
  C:13E8H         LINE#         38
  C:13E8H         LINE#         39
  C:13E8H         LINE#         40
  C:13F8H         LINE#         41
  C:13FAH         LINE#         42
  C:13FAH         LINE#         43
  C:13FAH         LINE#         44
  C:140EH         LINE#         45
  C:1411H         LINE#         46
  C:1414H         LINE#         47
  C:1424H         LINE#         48
  C:1426H         LINE#         49
  C:143AH         LINE#         50
  C:143DH         LINE#         51
  C:1451H         LINE#         52
BL51 BANKED LINKER/LOCATER V6.22.4.0                                                  09/16/2025  10:50:34  PAGE 11


  C:1464H         LINE#         53
  C:147CH         LINE#         54
  C:1487H         LINE#         55
  C:148AH         LINE#         56
  C:149AH         LINE#         57
  C:14AEH         LINE#         58
  C:14C3H         LINE#         59
  C:14D4H         LINE#         60
  C:14D6H         LINE#         61
  C:14D6H         LINE#         62
  C:14D8H         LINE#         64
  C:14EFH         LINE#         65
  C:1500H         LINE#         66
  C:1503H         LINE#         67
  C:1503H         LINE#         68
  C:1503H         LINE#         69
  C:1526H         LINE#         70
  C:1537H         LINE#         71
  C:153BH         LINE#         72
  C:153BH         LINE#         73
  C:153BH         LINE#         74
  C:1541H         LINE#         75
  C:1541H         LINE#         76
  C:1541H         LINE#         77
  C:154DH         LINE#         78
  C:1559H         LINE#         79
  C:1559H         LINE#         80
  -------         ENDPROC       _?SYS_ADC_DRV
  -------         PROC          _?SYS_GET_KNEVENT
  -------         DO            
  i:0000H         SYMBOL        a
  -------         ENDDO         
  C:32BBH         LINE#         82
  C:32BDH         LINE#         84
  C:32C1H         LINE#         85
  C:32C4H         LINE#         86
  C:32C6H         LINE#         87
  -------         ENDPROC       _?SYS_GET_KNEVENT
  -------         PROC          _?SYS_GET_EXTADCEVENT
  -------         DO            
  i:0000H         SYMBOL        a
  -------         ENDDO         
  C:32C9H         LINE#         89
  C:32CBH         LINE#         91
  C:32CFH         LINE#         92
  C:32D2H         LINE#         93
  C:32D4H         LINE#         94
  -------         ENDPROC       _?SYS_GET_EXTADCEVENT
  -------         PROC          _ADCINIT
  D:0007H         SYMBOL        ADCsel
  C:2E48H         LINE#         96
  C:2E48H         LINE#         97
  C:2E48H         LINE#         98
  C:2E4AH         LINE#         99
  C:2E4DH         LINE#         100
  C:2E50H         LINE#         101
  C:2E52H         LINE#         102
BL51 BANKED LINKER/LOCATER V6.22.4.0                                                  09/16/2025  10:50:34  PAGE 12


  C:2E60H         LINE#         103
  C:2E6CH         LINE#         104
  C:2E78H         LINE#         105
  -------         ENDPROC       _ADCINIT
  -------         PROC          GETADC
  C:0003H         LINE#         107
  C:0003H         LINE#         108
  C:0009H         LINE#         109
  -------         ENDPROC       GETADC
  -------         PROC          _GETADCNAVACT
  D:0007H         SYMBOL        Nav_button
  -------         DO            
  D:0006H         SYMBOL        a
  -------         ENDDO         
  C:2BAEH         LINE#         111
  C:2BAEH         LINE#         112
  C:2BAEH         LINE#         113
  C:2BBEH         LINE#         114
  C:2BD9H         LINE#         115
  C:2BEEH         LINE#         116
  C:2BF1H         LINE#         117
  C:2BF1H         LINE#         118
  C:2BF3H         LINE#         119
  -------         ENDPROC       _GETADCNAVACT
  -------         ENDMOD        ADC

  -------         MODULE        BEEP
  C:0000H         SYMBOL        _ICE_DUMMY_
  D:0080H         PUBLIC        P0
  D:00B2H         PUBLIC        P3M0
  D:0090H         PUBLIC        P1
  D:00B1H         PUBLIC        P3M1
  D:00A0H         PUBLIC        P2
  D:00B0H         PUBLIC        P3
  D:00C0H         PUBLIC        P4
  D:00C8H         PUBLIC        P5
  D:00E8H         PUBLIC        P6
  D:00F8H         PUBLIC        P7
  D:00F9H         PUBLIC        CH
  C:2FE1H         PUBLIC        _?sys_beep_drv
  D:00A8H         PUBLIC        IE
  D:00E9H         PUBLIC        CL
  C:309BH         PUBLIC        BeepInit
  B:00D8H.6       PUBLIC        CR
  D:00DAH         PUBLIC        CCAPM0
  D:00B8H         PUBLIC        IP
  D:00D9H         PUBLIC        CMOD
  D:00D8H         PUBLIC        CCON
  C:32E5H         PUBLIC        GetBeepStatus
  C:274DH         PUBLIC        _SetBeep
  D:0098H         PUBLIC        SCON
  D:0088H         PUBLIC        TCON
  D:00D0H         PUBLIC        PSW
  B:00D8H.0       PUBLIC        CCF0
  -------         PROC          _?SYS_BEEP_DRV
  -------         DO            
  i:0000H         SYMBOL        a
BL51 BANKED LINKER/LOCATER V6.22.4.0                                                  09/16/2025  10:50:34  PAGE 13


  -------         ENDDO         
  C:2FE1H         LINE#         11
  C:2FE5H         LINE#         13
  C:2FEFH         LINE#         14
  C:3004H         LINE#         15
  -------         ENDPROC       _?SYS_BEEP_DRV
  -------         PROC          BEEPINIT
  C:309BH         LINE#         17
  C:309BH         LINE#         18
  C:309BH         LINE#         19
  C:309EH         LINE#         20
  C:30A1H         LINE#         21
  C:30A4H         LINE#         22
  C:30A7H         LINE#         23
  C:30AAH         LINE#         24
  C:30ACH         LINE#         25
  C:30BAH         LINE#         26
  -------         ENDPROC       BEEPINIT
  -------         PROC          _SETBEEP
  D:001CH         SYMBOL        Beep_freq
  D:001EH         SYMBOL        Beep_time
  -------         DO            
  D:0002H         SYMBOL        a
  D:0004H         SYMBOL        b
  -------         ENDDO         
  C:274DH         LINE#         28
  C:2755H         LINE#         29
  C:2755H         LINE#         31
  C:275CH         LINE#         32
  C:2763H         LINE#         33
  C:276EH         LINE#         34
  C:2797H         LINE#         35
  C:27ABH         LINE#         36
  C:27B2H         LINE#         37
  C:27B4H         LINE#         38
  C:27B7H         LINE#         39
  C:27B9H         LINE#         41
  C:27BCH         LINE#         42
  C:27BFH         LINE#         43
  C:27BFH         LINE#         44
  C:27C2H         LINE#         45
  C:27C2H         LINE#         46
  C:27C4H         LINE#         47
  -------         ENDPROC       _SETBEEP
  -------         PROC          GETBEEPSTATUS
  C:32E5H         LINE#         49
  C:32E5H         LINE#         50
  C:32EEH         LINE#         51
  C:32F0H         LINE#         52
  -------         ENDPROC       GETBEEPSTATUS
  -------         ENDMOD        BEEP

  -------         MODULE        DISPLAYER
  C:0000H         SYMBOL        _ICE_DUMMY_
  D:0093H         PUBLIC        P0M1
  D:0096H         PUBLIC        P2M0
  D:0080H         PUBLIC        P0
BL51 BANKED LINKER/LOCATER V6.22.4.0                                                  09/16/2025  10:50:34  PAGE 14


  D:0095H         PUBLIC        P2M1
  D:0090H         PUBLIC        P1
  D:00A0H         PUBLIC        P2
  D:00B0H         PUBLIC        P3
  D:00C0H         PUBLIC        P4
  D:00C8H         PUBLIC        P5
  D:00E8H         PUBLIC        P6
  D:00F8H         PUBLIC        P7
  D:00A8H         PUBLIC        IE
  D:00B8H         PUBLIC        IP
  D:00D8H         PUBLIC        CCON
  C:3365H         PUBLIC        _LedPrint
  B:00A0H.0       PUBLIC        P20
  B:00A0H.1       PUBLIC        P21
  D:0098H         PUBLIC        SCON
  B:00A0H.2       PUBLIC        P22
  D:0088H         PUBLIC        TCON
  B:00A0H.3       PUBLIC        P23
  C:316DH         PUBLIC        DisplayerInit
  X:0161H         PUBLIC        sys_Disp
  C:331BH         PUBLIC        _SetDisplayerArea
  C:30BBH         PUBLIC        _Seg7Print
  C:1D70H         PUBLIC        _?sys_display_drv
  D:00D0H         PUBLIC        PSW
  D:0094H         PUBLIC        P0M0
  -------         PROC          _?SYS_DISPLAY_DRV
  C:1D70H         LINE#         16
  C:1D70H         LINE#         18
  C:1D73H         LINE#         19
  C:1D9CH         LINE#         20
  C:1DA2H         LINE#         21
  C:1DA8H         LINE#         22
  C:1DAEH         LINE#         23
  C:1DB4H         LINE#         24
  C:1DBEH         LINE#         25
  C:1DC8H         LINE#         26
  C:1DD2H         LINE#         27
  C:1DDCH         LINE#         28
  C:1DDEH         LINE#         29
  C:1DDEH         LINE#         30
  C:1DE6H         LINE#         31
  C:1E0FH         LINE#         33
  C:1E2AH         LINE#         34
  C:1E2DH         LINE#         35
  C:1E2DH         LINE#         36
  C:1E44H         LINE#         37
  C:1E50H         LINE#         39
  C:1E58H         LINE#         40
  -------         ENDPROC       _?SYS_DISPLAY_DRV
  -------         PROC          DISPLAYERINIT
  C:316DH         LINE#         42
  C:316DH         LINE#         43
  C:316DH         LINE#         44
  C:3170H         LINE#         45
  C:3173H         LINE#         46
  C:3176H         LINE#         47
  C:3179H         LINE#         48
BL51 BANKED LINKER/LOCATER V6.22.4.0                                                  09/16/2025  10:50:34  PAGE 15


  C:3187H         LINE#         49
  -------         ENDPROC       DISPLAYERINIT
  -------         PROC          _SETDISPLAYERAREA
  D:0007H         SYMBOL        Begin_of_scan
  D:0005H         SYMBOL        Ending_of_Scan
  C:331BH         LINE#         51
  C:331BH         LINE#         52
  C:3320H         LINE#         53
  C:3323H         LINE#         54
  -------         ENDPROC       _SETDISPLAYERAREA
  -------         PROC          _SEG7PRINT
  D:0007H         SYMBOL        d0
  D:0005H         SYMBOL        d1
  D:0003H         SYMBOL        d2
  D:000BH         SYMBOL        d3
  D:000CH         SYMBOL        d4
  D:000DH         SYMBOL        d5
  D:000EH         SYMBOL        d6
  D:000FH         SYMBOL        d7
  C:30BBH         LINE#         56
  C:30BBH         LINE#         57
  C:30C0H         LINE#         58
  C:30C3H         LINE#         59
  C:30C6H         LINE#         60
  C:30CAH         LINE#         61
  C:30CEH         LINE#         62
  C:30D2H         LINE#         63
  C:30D6H         LINE#         64
  C:30DAH         LINE#         65
  -------         ENDPROC       _SEG7PRINT
  -------         PROC          _LEDPRINT
  D:0007H         SYMBOL        led_val
  C:3365H         LINE#         67
  C:3365H         LINE#         68
  C:336AH         LINE#         69
  -------         ENDPROC       _LEDPRINT
  -------         ENDMOD        DISPLAYER

  -------         MODULE        KEY
  C:0000H         SYMBOL        _ICE_DUMMY_
  D:0080H         PUBLIC        P0
  D:0090H         PUBLIC        P1
  D:00A0H         PUBLIC        P2
  D:00B0H         PUBLIC        P3
  D:00C0H         PUBLIC        P4
  D:00C8H         PUBLIC        P5
  D:00E8H         PUBLIC        P6
  D:00F8H         PUBLIC        P7
  D:00A8H         PUBLIC        IE
  D:004FH         PUBLIC        sys_keyEvent
  D:00B8H         PUBLIC        IP
  D:00D8H         PUBLIC        CCON
  C:32D7H         PUBLIC        _?sys_get_keyEvent
  D:0098H         PUBLIC        SCON
  D:0088H         PUBLIC        TCON
  C:1945H         PUBLIC        _?sys_key_drv
  C:30FBH         PUBLIC        KeyInit
BL51 BANKED LINKER/LOCATER V6.22.4.0                                                  09/16/2025  10:50:34  PAGE 16


  B:00B0H.2       PUBLIC        IO_Key1
  B:00B0H.3       PUBLIC        IO_Key2
  B:0090H.7       PUBLIC        IO_Key3
  C:2C38H         PUBLIC        _GetKeyAct
  X:0179H         PUBLIC        sys_Key
  D:00D0H         PUBLIC        PSW
  -------         PROC          _?SYS_KEY_DRV
  -------         DO            
  i:0000H         SYMBOL        i
  X:0178H         SYMBOL        counter
  -------         ENDDO         
  C:1945H         LINE#         28
  C:1947H         LINE#         31
  C:1950H         LINE#         32
  C:1959H         LINE#         33
  C:1962H         LINE#         34
  C:196DH         LINE#         35
  C:1970H         LINE#         36
  C:1982H         LINE#         37
  C:19A0H         LINE#         38
  C:19B9H         LINE#         39
  C:19D5H         LINE#         40
  C:19D7H         LINE#         41
  C:19D7H         LINE#         42
  C:19D9H         LINE#         44
  C:19FAH         LINE#         45
  C:1A10H         LINE#         46
  C:1A13H         LINE#         47
  C:1A13H         LINE#         48
  C:1A13H         LINE#         49
  C:1A46H         LINE#         50
  C:1A61H         LINE#         51
  C:1A65H         LINE#         52
  C:1A65H         LINE#         53
  -------         ENDPROC       _?SYS_KEY_DRV
  -------         PROC          _?SYS_GET_KEYEVENT
  -------         DO            
  i:0000H         SYMBOL        a
  -------         ENDDO         
  C:32D7H         LINE#         55
  C:32D9H         LINE#         57
  C:32DDH         LINE#         58
  C:32E0H         LINE#         59
  C:32E2H         LINE#         60
  -------         ENDPROC       _?SYS_GET_KEYEVENT
  -------         PROC          KEYINIT
  C:30FBH         LINE#         62
  C:30FBH         LINE#         63
  C:30FBH         LINE#         64
  C:3109H         LINE#         65
  C:3117H         LINE#         66
  -------         ENDPROC       KEYINIT
  -------         PROC          _GETKEYACT
  D:0007H         SYMBOL        Key
  -------         DO            
  D:0006H         SYMBOL        a
  -------         ENDDO         
BL51 BANKED LINKER/LOCATER V6.22.4.0                                                  09/16/2025  10:50:34  PAGE 17


  C:2C38H         LINE#         68
  C:2C38H         LINE#         69
  C:2C38H         LINE#         70
  C:2C42H         LINE#         71
  C:2C5DH         LINE#         72
  C:2C72H         LINE#         73
  C:2C75H         LINE#         74
  C:2C75H         LINE#         75
  C:2C77H         LINE#         76
  -------         ENDPROC       _GETKEYACT
  -------         ENDMOD        KEY

  -------         MODULE        SYS
  C:0000H         SYMBOL        _ICE_DUMMY_
  X:0000H         PUBLIC        count_1mS
  B:00D8H.2       PUBLIC        CCF2
  D:0080H         PUBLIC        P0
  B:0020H.1       PUBLIC        flag_1S
  D:0090H         PUBLIC        P1
  D:00A0H         PUBLIC        P2
  D:00B0H         PUBLIC        P3
  D:00C0H         PUBLIC        P4
  X:0001H         PUBLIC        T1
  D:00C8H         PUBLIC        P5
  X:0003H         PUBLIC        T2
  B:00A8H.7       PUBLIC        EA
  D:00E8H         PUBLIC        P6
  D:00F8H         PUBLIC        P7
  D:0024H         PUBLIC        IrDatNum
  B:00D8H.7       PUBLIC        CF
  B:0020H.2       PUBLIC        Ir_Coder
  B:0020H.3       PUBLIC        Ir_RxBusy
  D:00A8H         PUBLIC        IE
  B:0020H.4       PUBLIC        Ir_TxBusy
  X:0005H         PUBLIC        userfunccall
  D:00FAH         PUBLIC        CCAP0H
  D:00FBH         PUBLIC        CCAP1H
  C:2543H         PUBLIC        sys_task_Ir
  D:0025H         PUBLIC        IrCount_j
  D:0026H         PUBLIC        IrRx_count
  D:0027H         PUBLIC        IrProtocol
  D:00EAH         PUBLIC        CCAP0L
  D:0028H         PUBLIC        IrTx_count
  D:00EBH         PUBLIC        CCAP1L
  D:00DAH         PUBLIC        CCAPM0
  D:00DBH         PUBLIC        CCAPM1
  D:0029H         PUBLIC        MainLoops
  D:00B8H         PUBLIC        IP
  B:00D0H.7       PUBLIC        CY
  B:0020H.5       PUBLIC        flag_10mS
  D:00D8H         PUBLIC        CCON
  C:3324H         PUBLIC        GetBeepTimer
  C:2ACAH         PUBLIC        sys_Timer0_isr
  C:26D0H         PUBLIC        _SetEventCallBack
  C:336BH         PUBLIC        MySTC_Init
  C:2CB8H         PUBLIC        sys_task_100mS
  D:002DH         PUBLIC        ModBus_interval_time
BL51 BANKED LINKER/LOCATER V6.22.4.0                                                  09/16/2025  10:50:34  PAGE 18


  C:003EH         PUBLIC        _?ret0func
  C:2A77H         PUBLIC        GetUltraSonic
  X:0029H         PUBLIC        count_10mS
  X:002AH         PUBLIC        stcDrivers
  C:332DH         PUBLIC        _SetBeepTimer
  B:0020H.6       PUBLIC        flag_IrRxFinished
  D:0098H         PUBLIC        SCON
  C:325DH         PUBLIC        _SetCCP0
  C:2CF7H         PUBLIC        MySTC_OS
  D:0089H         PUBLIC        TMOD
  D:0088H         PUBLIC        TCON
  B:0020H.7       PUBLIC        flag_Ir
  B:00B0H.5       PUBLIC        P35
  D:002EH         PUBLIC        IrRxNum
  X:0060H         PUBLIC        SysPerformance
  D:008EH         PUBLIC        AUXR
  C:2247H         PUBLIC        sys_CCP_isr
  C:1C83H         PUBLIC        sys_task_1mS
  B:00A8H.1       PUBLIC        ET0
  C:3377H         PUBLIC        ClrBeepPin
  D:008CH         PUBLIC        TH0
  B:0021H.0       PUBLIC        flag_100mS
  X:0065H         PUBLIC        distance
  D:008AH         PUBLIC        TL0
  D:002FH         PUBLIC        PollingMisses
  X:0067H         PUBLIC        sys_BP
  B:0088H.4       PUBLIC        TR0
  C:2F38H         PUBLIC        sys_task_1S
  C:3351H         PUBLIC        GetSysPerformance
  B:0021H.1       PUBLIC        matchModBus
  X:006DH         PUBLIC        count_100mS
  B:0021H.2       PUBLIC        Ir_BitBusy
  D:0030H         PUBLIC        IrDat_count
  D:0031H         PUBLIC        IrMute_count
  B:0021H.3       PUBLIC        newFrame1
  C:2B67H         PUBLIC        sys_Timer0_Init
  B:0021H.4       PUBLIC        newFrame2
  D:0032H         PUBLIC        IrDataPc
  C:000AH         PUBLIC        _?nullfunc
  B:0021H.5       PUBLIC        flag_1mS
  B:0021H.6       PUBLIC        newUS
  D:008FH         PUBLIC        INT_CLKO
  C:2394H         PUBLIC        sys_task_10mS
  D:00D0H         PUBLIC        PSW
  B:00D8H.0       PUBLIC        CCF0
  B:00B0H.4       PUBLIC        Beep
  B:00D8H.1       PUBLIC        CCF1
  -------         PROC          _?NULLFUNC
  C:000AH         LINE#         13
  -------         ENDPROC       _?NULLFUNC
  -------         PROC          _?RET0FUNC
  C:003EH         LINE#         14
  -------         ENDPROC       _?RET0FUNC
  -------         PROC          SYS_TIMER0_INIT
  C:2B67H         LINE#         96
  C:2B67H         LINE#         97
  C:2B6AH         LINE#         98
BL51 BANKED LINKER/LOCATER V6.22.4.0                                                  09/16/2025  10:50:34  PAGE 19


  C:2B6DH         LINE#         99
  C:2B83H         LINE#         100
  C:2BA9H         LINE#         101
  C:2BABH         LINE#         102
  C:2BADH         LINE#         103
  -------         ENDPROC       SYS_TIMER0_INIT
  -------         PROC          SYS_TIMER0_ISR
  -------         DO            
  D:0023H         SYMBOL        i
  -------         ENDDO         
  C:2ACAH         LINE#         105
  C:2ACEH         LINE#         107
  C:2AD1H         LINE#         108
  C:2AD4H         LINE#         109
  C:2AD9H         LINE#         110
  C:2ADBH         LINE#         111
  C:2ADBH         LINE#         112
  C:2AE1H         LINE#         113
  C:2AE7H         LINE#         114
  C:2AEAH         LINE#         115
  C:2AECH         LINE#         116
  C:2AEFH         LINE#         117
  C:2AF3H         LINE#         118
  C:2AF5H         LINE#         119
  C:2AF8H         LINE#         120
  C:2AFAH         LINE#         122
  C:2AFDH         LINE#         123
  C:2AFFH         LINE#         124
  C:2B04H         LINE#         125
  C:2B04H         LINE#         126
  C:2B06H         LINE#         128
  C:2B0FH         LINE#         129
  C:2B11H         LINE#         130
  C:2B17H         LINE#         131
  C:2B17H         LINE#         132
  C:2B17H         LINE#         133
  C:2B17H         LINE#         134
  -------         ENDPROC       SYS_TIMER0_ISR
  -------         PROC          GETULTRASONIC
  -------         DO            
  D:004BH         SYMBOL        a
  -------         ENDDO         
  C:2A77H         LINE#         138
  C:2A77H         LINE#         139
  C:2A77H         LINE#         140
  C:2A7AH         LINE#         141
  C:2A7CH         LINE#         142
  C:2A8BH         LINE#         143
  C:2AC1H         LINE#         144
  C:2AC1H         LINE#         145
  C:2AC9H         LINE#         146
  -------         ENDPROC       GETULTRASONIC
  -------         PROC          GETBEEPTIMER
  C:3324H         LINE#         148
  C:3324H         LINE#         149
  C:332CH         LINE#         150
  -------         ENDPROC       GETBEEPTIMER
BL51 BANKED LINKER/LOCATER V6.22.4.0                                                  09/16/2025  10:50:34  PAGE 20


  -------         PROC          _SETBEEPTIMER
  D:0006H         SYMBOL        a
  C:332DH         LINE#         152
  C:332DH         LINE#         153
  C:3335H         LINE#         154
  -------         ENDPROC       _SETBEEPTIMER
  -------         PROC          _SETCCP0
  D:0006H         SYMBOL        step
  D:0004H         SYMBOL        next
  C:325DH         LINE#         156
  C:325DH         LINE#         157
  C:3265H         LINE#         158
  C:326DH         LINE#         159
  -------         ENDPROC       _SETCCP0
  -------         PROC          CLRBEEPPIN
  C:3377H         LINE#         161
  C:3377H         LINE#         162
  C:3379H         LINE#         163
  -------         ENDPROC       CLRBEEPPIN
  -------         PROC          SYS_CCP_ISR
  -------         DO            
  B:0020H.0       SYMBOL        a
  -------         ENDDO         
  C:2247H         LINE#         165
  C:225AH         LINE#         167
  C:2261H         LINE#         168
  C:2268H         LINE#         169
  C:226BH         LINE#         170
  C:226DH         LINE#         171
  C:227DH         LINE#         172
  C:2284H         LINE#         173
  C:2287H         LINE#         174
  C:2289H         LINE#         175
  C:228BH         LINE#         177
  C:229FH         LINE#         178
  C:22A2H         LINE#         179
  C:22A4H         LINE#         180
  C:22A6H         LINE#         181
  C:22A8H         LINE#         183
  C:22A8H         LINE#         184
  C:22ABH         LINE#         185
  C:22ADH         LINE#         186
  C:22B7H         LINE#         187
  C:22B9H         LINE#         188
  C:22C2H         LINE#         189
  C:22C5H         LINE#         190
  C:22D7H         LINE#         191
  C:22D9H         LINE#         193
  C:22DBH         LINE#         194
  C:22DEH         LINE#         195
  C:22DEH         LINE#         196
  C:22DEH         LINE#         197
  -------         ENDPROC       SYS_CCP_ISR
  -------         PROC          MYSTC_INIT
  C:336BH         LINE#         199
  C:336BH         LINE#         200
  C:336EH         LINE#         201
BL51 BANKED LINKER/LOCATER V6.22.4.0                                                  09/16/2025  10:50:34  PAGE 21


  C:3370H         LINE#         202
  -------         ENDPROC       MYSTC_INIT
  -------         PROC          SYS_TASK_IR
  -------         DO            
  D:0007H         SYMBOL        a
  -------         ENDDO         
  C:2543H         LINE#         204
  C:2543H         LINE#         205
  C:2543H         LINE#         206
  C:2559H         LINE#         207
  C:2560H         LINE#         208
  C:2563H         LINE#         209
  C:2566H         LINE#         210
  C:257CH         LINE#         211
  C:258CH         LINE#         212
  C:2594H         LINE#         213
  C:2597H         LINE#         214
  C:2599H         LINE#         216
  C:25AFH         LINE#         217
  C:25C3H         LINE#         218
  C:25C3H         LINE#         219
  C:25C5H         LINE#         220
  C:25C8H         LINE#         222
  C:25C8H         LINE#         224
  C:25CAH         LINE#         225
  C:25CDH         LINE#         226
  C:25CDH         LINE#         227
  -------         ENDPROC       SYS_TASK_IR
  -------         PROC          SYS_TASK_1MS
  C:1C83H         LINE#         229
  C:1C83H         LINE#         230
  C:1C8BH         LINE#         231
  C:1C8EH         LINE#         232
  C:1C90H         LINE#         233
  C:1C98H         LINE#         234
  C:1C9BH         LINE#         235
  C:1C9DH         LINE#         236
  C:1CA5H         LINE#         237
  C:1CA8H         LINE#         238
  C:1CAAH         LINE#         239
  C:1CAAH         LINE#         240
  C:1CAAH         LINE#         241
  C:1CAAH         LINE#         242
  C:1CB6H         LINE#         243
  C:1CC2H         LINE#         244
  C:1CCEH         LINE#         245
  C:1CDAH         LINE#         246
  C:1CE6H         LINE#         247
  C:1CF2H         LINE#         248
  C:1D0DH         LINE#         249
  C:1D1CH         LINE#         250
  C:1D28H         LINE#         251
  C:1D2AH         LINE#         252
  C:1D2AH         LINE#         253
  C:1D31H         LINE#         254
  C:1D34H         LINE#         255
  C:1D43H         LINE#         256
BL51 BANKED LINKER/LOCATER V6.22.4.0                                                  09/16/2025  10:50:34  PAGE 22


  C:1D45H         LINE#         257
  C:1D45H         LINE#         258
  C:1D47H         LINE#         260
  C:1D56H         LINE#         261
  C:1D62H         LINE#         262
  C:1D64H         LINE#         263
  C:1D64H         LINE#         264
  C:1D64H         LINE#         265
  -------         ENDPROC       SYS_TASK_1MS
  -------         PROC          SYS_TASK_10MS
  C:2394H         LINE#         268
  C:2394H         LINE#         269
  C:23A0H         LINE#         270
  C:23ACH         LINE#         271
  C:23B8H         LINE#         272
  C:23C4H         LINE#         273
  C:23DFH         LINE#         274
  C:23FAH         LINE#         275
  C:2415H         LINE#         276
  C:2418H         LINE#         277
  C:241AH         LINE#         278
  C:2426H         LINE#         279
  C:2426H         LINE#         280
  -------         ENDPROC       SYS_TASK_10MS
  -------         PROC          SYS_TASK_100MS
  C:2CB8H         LINE#         282
  C:2CB8H         LINE#         283
  C:2CC4H         LINE#         284
  C:2CDFH         LINE#         285
  C:2CEBH         LINE#         286
  -------         ENDPROC       SYS_TASK_100MS
  -------         PROC          SYS_TASK_1S
  C:2F38H         LINE#         289
  C:2F38H         LINE#         290
  C:2F46H         LINE#         291
  C:2F4CH         LINE#         292
  C:2F55H         LINE#         293
  C:2F57H         LINE#         294
  -------         ENDPROC       SYS_TASK_1S
  -------         PROC          MYSTC_OS
  C:2CF7H         LINE#         297
  C:2CF7H         LINE#         298
  C:2CFFH         LINE#         299
  C:2D07H         LINE#         300
  C:2D0FH         LINE#         301
  C:2D17H         LINE#         302
  C:2D1FH         LINE#         303
  C:2D34H         LINE#         306
  -------         ENDPROC       MYSTC_OS
  -------         PROC          _SETEVENTCALLBACK
  D:0007H         SYMBOL        event
  D:0008H         SYMBOL        user_callback
  C:26D0H         LINE#         308
  C:26D6H         LINE#         309
  C:2707H         LINE#         310
  C:270AH         LINE#         311
  C:270CH         LINE#         312
BL51 BANKED LINKER/LOCATER V6.22.4.0                                                  09/16/2025  10:50:34  PAGE 23


  C:270FH         LINE#         313
  C:2711H         LINE#         314
  C:2714H         LINE#         315
  C:2716H         LINE#         316
  C:2719H         LINE#         317
  C:271BH         LINE#         318
  C:271EH         LINE#         319
  C:2720H         LINE#         320
  C:2723H         LINE#         321
  C:2725H         LINE#         322
  C:2728H         LINE#         323
  C:272AH         LINE#         324
  C:272DH         LINE#         325
  C:272FH         LINE#         326
  C:2732H         LINE#         327
  C:2734H         LINE#         328
  C:2737H         LINE#         329
  C:2739H         LINE#         330
  C:273CH         LINE#         331
  C:273EH         LINE#         332
  C:274CH         LINE#         333
  C:274CH         LINE#         334
  C:274CH         LINE#         335
  C:274CH         LINE#         336
  -------         ENDPROC       _SETEVENTCALLBACK
  -------         PROC          GETSYSPERFORMANCE
  C:3351H         LINE#         338
  C:3351H         LINE#         339
  C:3357H         LINE#         340
  -------         ENDPROC       GETSYSPERFORMANCE
  -------         ENDMOD        SYS

  -------         MODULE        EXT
  C:0000H         SYMBOL        _ICE_DUMMY_
  D:0080H         PUBLIC        P0
  D:0090H         PUBLIC        P1
  D:00A0H         PUBLIC        P2
  D:00B0H         PUBLIC        P3
  D:00C0H         PUBLIC        P4
  D:00C8H         PUBLIC        P5
  D:00E8H         PUBLIC        P6
  X:016DH         PUBLIC        EXTmodel
  D:00F8H         PUBLIC        P7
  C:2DAAH         PUBLIC        _EXTInit
  C:29C8H         PUBLIC        ReadCount
  D:00A2H         PUBLIC        P_SW1
  C:3336H         PUBLIC        GetWeight
  D:00A8H         PUBLIC        IE
  X:016EH         PUBLIC        T_Pout1
  X:0170H         PUBLIC        T_Pout2
  B:00D8H.6       PUBLIC        CR
  X:0172H         PUBLIC        resultEXT
  D:00DBH         PUBLIC        CCAPM1
  D:00B8H         PUBLIC        IP
  C:2427H         PUBLIC        _SetPWM
  D:00D9H         PUBLIC        CMOD
  D:00D8H         PUBLIC        CCON
BL51 BANKED LINKER/LOCATER V6.22.4.0                                                  09/16/2025  10:50:34  PAGE 24


  D:0098H         PUBLIC        SCON
  D:0088H         PUBLIC        TCON
  B:0090H.0       PUBLIC        DOUT
  D:00E0H         PUBLIC        ACC
  B:0090H.1       PUBLIC        PD_SCK
  X:0174H         PUBLIC        T_PWM1
  X:0176H         PUBLIC        T_PWM2
  C:1E59H         PUBLIC        _?sys_EXT_drv
  C:326EH         PUBLIC        GetDecode
  D:00D0H         PUBLIC        PSW
  -------         PROC          _SETPWM
  D:0002H         SYMBOL        PWM1
  D:0005H         SYMBOL        freq1
  D:0044H         SYMBOL        PWM2
  D:0045H         SYMBOL        freq2
  C:2427H         LINE#         25
  C:242BH         LINE#         26
  C:243CH         LINE#         27
  C:244EH         LINE#         28
  C:2482H         LINE#         29
  C:24B6H         LINE#         30
  -------         ENDPROC       _SETPWM
  -------         PROC          READCOUNT
  -------         DO            
  D:0008H         SYMBOL        Count
  D:000CH         SYMBOL        i
  -------         ENDDO         
  C:29C8H         LINE#         35
  C:29C8H         LINE#         36
  C:29C8H         LINE#         38
  C:29D1H         LINE#         39
  C:29D3H         LINE#         40
  C:29D5H         LINE#         41
  C:29EAH         LINE#         42
  C:29EBH         LINE#         43
  C:29EDH         LINE#         44
  C:2A05H         LINE#         45
  C:2A0CH         LINE#         46
  C:2A0DH         LINE#         47
  C:2A0FH         LINE#         48
  C:2A10H         LINE#         49
  C:2A11H         LINE#         50
  C:2A13H         LINE#         51
  C:2A20H         LINE#         52
  -------         ENDPROC       READCOUNT
  -------         PROC          GETWEIGHT
  C:3336H         LINE#         54
  C:3336H         LINE#         55
  C:333EH         LINE#         56
  -------         ENDPROC       GETWEIGHT
  -------         PROC          GETDECODE
  -------         DO            
  D:0006H         SYMBOL        a
  -------         ENDDO         
  C:326EH         LINE#         58
  C:326EH         LINE#         59
  C:326EH         LINE#         60
BL51 BANKED LINKER/LOCATER V6.22.4.0                                                  09/16/2025  10:50:34  PAGE 25


  C:3276H         LINE#         61
  C:327DH         LINE#         62
  C:327DH         LINE#         63
  -------         ENDPROC       GETDECODE
  -------         PROC          _?SYS_EXT_DRV
  -------         DO            
  D:003CH         SYMBOL        i
  D:003EH         SYMBOL        j
  D:0040H         SYMBOL        oldPin1
  D:0041H         SYMBOL        UStimer
  -------         ENDDO         
  C:1E59H         LINE#         65
  C:1E59H         LINE#         69
  C:1E5FH         LINE#         70
  C:1E63H         LINE#         71
  C:1E6EH         LINE#         72
  C:1E6EH         LINE#         73
  C:1E77H         LINE#         74
  C:1E93H         LINE#         75
  C:1EA8H         LINE#         76
  C:1EC4H         LINE#         77
  C:1ED9H         LINE#         78
  C:1ED9H         LINE#         79
  C:1EDEH         LINE#         80
  C:1EF5H         LINE#         81
  C:1F16H         LINE#         82
  C:1F1CH         LINE#         83
  C:1F1CH         LINE#         84
  C:1F23H         LINE#         85
  C:1F29H         LINE#         86
  C:1F2EH         LINE#         87
  C:1F30H         LINE#         88
  C:1F33H         LINE#         89
  C:1F33H         LINE#         90
  C:1F3CH         LINE#         91
  C:1F3FH         LINE#         92
  C:1F3FH         LINE#         93
  -------         ENDPROC       _?SYS_EXT_DRV
  -------         PROC          _EXTINIT
  D:0007H         SYMBOL        EXTfunction
  C:2DAAH         LINE#         95
  C:2DAAH         LINE#         96
  C:2DAAH         LINE#         97
  C:2DAFH         LINE#         98
  C:2DB5H         LINE#         99
  C:2DB7H         LINE#         100
  C:2DBEH         LINE#         101
  C:2DC0H         LINE#         102
  C:2DC2H         LINE#         103
  C:2DC4H         LINE#         104
  C:2DC7H         LINE#         105
  C:2DCAH         LINE#         106
  C:2DCCH         LINE#         107
  C:2DCEH         LINE#         108
  C:2DD1H         LINE#         109
  C:2DDFH         LINE#         110
  -------         ENDPROC       _EXTINIT
BL51 BANKED LINKER/LOCATER V6.22.4.0                                                  09/16/2025  10:50:34  PAGE 26


  -------         ENDMOD        EXT

  -------         MODULE        UART2
  C:0000H         SYMBOL        _ICE_DUMMY_
  D:004DH         PUBLIC        ModBus_Interval_Min
  D:0080H         PUBLIC        P0
  C:1019H         PUBLIC        Uart2_isr
  D:0090H         PUBLIC        P1
  D:00A0H         PUBLIC        P2
  D:00B0H         PUBLIC        P3
  D:00C0H         PUBLIC        P4
  D:00C8H         PUBLIC        P5
  D:00E8H         PUBLIC        P6
  D:00F8H         PUBLIC        P7
  D:00BAH         PUBLIC        P_SW2
  D:00A8H         PUBLIC        IE
  D:00DBH         PUBLIC        CCAPM1
  D:00B8H         PUBLIC        IP
  C:002AH         PUBLIC        _?nullfunc0
  D:00D8H         PUBLIC        CCON
  C:2E79H         PUBLIC        _SetUart2Rxd
  B:0090H.0       PUBLIC        P10
  B:0090H.1       PUBLIC        P11
  D:0098H         PUBLIC        SCON
  D:0088H         PUBLIC        TCON
  D:00AFH         PUBLIC        IE2
  D:008EH         PUBLIC        AUXR
  C:32F1H         PUBLIC        GetUart2TxStatus
  D:00D6H         PUBLIC        T2H
  B:00B0H.7       PUBLIC        M485_TxEn
  D:00D7H         PUBLIC        T2L
  C:2EDBH         PUBLIC        _Uart2Print
  D:009BH         PUBLIC        S2BUF
  D:009AH         PUBLIC        S2CON
  C:20E4H         PUBLIC        _Uart2Init
  D:004EH         PUBLIC        Uart2usage
  C:328EH         PUBLIC        _?sys_get_Uart2RxdEvent
  X:0125H         PUBLIC        com2
  D:00D0H         PUBLIC        PSW
  -------         PROC          UART2_ISR
  C:1019H         LINE#         19
  C:1036H         LINE#         20
  C:103BH         LINE#         21
  C:103EH         LINE#         22
  C:1072H         LINE#         24
  C:1077H         LINE#         25
  C:107DH         LINE#         26
  C:107DH         LINE#         27
  C:107DH         LINE#         29
  C:1085H         LINE#         30
  C:1088H         LINE#         31
  C:108BH         LINE#         32
  C:108DH         LINE#         33
  C:1094H         LINE#         34
  C:1096H         LINE#         35
  C:1096H         LINE#         36
  C:109FH         LINE#         37
BL51 BANKED LINKER/LOCATER V6.22.4.0                                                  09/16/2025  10:50:34  PAGE 27


  C:10B3H         LINE#         38
  C:10C7H         LINE#         39
  C:10D6H         LINE#         40
  C:10E4H         LINE#         41
  C:1116H         LINE#         42
  C:1124H         LINE#         43
  C:1124H         LINE#         44
  C:1127H         LINE#         45
  C:112AH         LINE#         47
  C:113EH         LINE#         48
  C:1152H         LINE#         49
  C:1161H         LINE#         50
  C:116FH         LINE#         51
  C:11A7H         LINE#         52
  C:11B5H         LINE#         53
  C:11B5H         LINE#         54
  C:11D0H         LINE#         55
  C:11D0H         LINE#         56
  C:11D0H         LINE#         57
  -------         ENDPROC       UART2_ISR
  -------         PROC          _?SYS_GET_UART2RXDEVENT
  -------         DO            
  i:0000H         SYMBOL        a
  -------         ENDDO         
  C:328EH         LINE#         59
  C:3290H         LINE#         61
  C:3298H         LINE#         62
  C:329AH         LINE#         63
  C:329AH         LINE#         64
  -------         ENDPROC       _?SYS_GET_UART2RXDEVENT
  -------         PROC          _?NULLFUNC0
  C:002AH         LINE#         66
  -------         ENDPROC       _?NULLFUNC0
  -------         PROC          _UART2INIT
  D:0008H         SYMBOL        band
  D:000CH         SYMBOL        Uart2mode
  C:20E4H         LINE#         68
  C:20ECH         LINE#         69
  C:20ECH         LINE#         72
  C:20EFH         LINE#         73
  C:20F5H         LINE#         74
  C:20F8H         LINE#         75
  C:20FCH         LINE#         76
  C:210AH         LINE#         77
  C:210DH         LINE#         78
  C:210FH         LINE#         79
  C:2111H         LINE#         80
  C:2113H         LINE#         82
  C:2115H         LINE#         83
  C:2129H         LINE#         84
  C:2130H         LINE#         85
  C:2133H         LINE#         86
  C:2133H         LINE#         88
  C:2136H         LINE#         89
  C:2155H         LINE#         90
  C:2184H         LINE#         91
  C:2187H         LINE#         92
BL51 BANKED LINKER/LOCATER V6.22.4.0                                                  09/16/2025  10:50:34  PAGE 28


  C:218AH         LINE#         93
  C:2198H         LINE#         94
  -------         ENDPROC       _UART2INIT
  -------         PROC          _SETUART2RXD
  D:0001H         SYMBOL        RxdPt
  D:0004H         SYMBOL        Nmax
  D:000DH         SYMBOL        matchhead
  D:0010H         SYMBOL        matchheadsize
  C:2E79H         LINE#         96
  C:2E79H         LINE#         97
  C:2E84H         LINE#         98
  C:2E8AH         LINE#         99
  C:2E94H         LINE#         100
  C:2EA2H         LINE#         101
  C:2EA4H         LINE#         102
  C:2EA9H         LINE#         103
  -------         ENDPROC       _SETUART2RXD
  -------         PROC          _UART2PRINT
  D:0001H         SYMBOL        pt
  D:0004H         SYMBOL        num
  C:2EDBH         LINE#         105
  C:2EDBH         LINE#         106
  C:2EE1H         LINE#         107
  C:2EECH         LINE#         108
  C:2EF1H         LINE#         109
  C:2EF7H         LINE#         110
  C:2EFBH         LINE#         112
  C:2F01H         LINE#         113
  C:2F04H         LINE#         114
  C:2F07H         LINE#         115
  C:2F07H         LINE#         116
  C:2F09H         LINE#         117
  -------         ENDPROC       _UART2PRINT
  -------         PROC          GETUART2TXSTATUS
  C:32F1H         LINE#         119
  C:32F1H         LINE#         120
  C:32F9H         LINE#         121
  C:32FBH         LINE#         122
  -------         ENDPROC       GETUART2TXSTATUS
  -------         ENDMOD        UART2

  -------         MODULE        TEMP_MODULE
  C:0000H         SYMBOL        _ICE_DUMMY_
  D:0080H         PUBLIC        P0
  D:0090H         PUBLIC        P1
  D:00A0H         PUBLIC        P2
  D:00B0H         PUBLIC        P3
  D:00C0H         PUBLIC        P4
  D:00C8H         PUBLIC        P5
  D:00E8H         PUBLIC        P6
  D:00F8H         PUBLIC        P7
  D:00A8H         PUBLIC        IE
  D:00B8H         PUBLIC        IP
  D:00D8H         PUBLIC        CCON
  D:0098H         PUBLIC        SCON
  D:0088H         PUBLIC        TCON
  X:014FH         PUBLIC        temperature
BL51 BANKED LINKER/LOCATER V6.22.4.0                                                  09/16/2025  10:50:34  PAGE 29


  C:1F40H         PUBLIC        ShowTemp
  X:0151H         PUBLIC        adc_temp
  C:0C26H         PUBLIC        tempdata
  X:015BH         PUBLIC        tempThresholds
  X:015FH         PUBLIC        rt
  D:00D0H         PUBLIC        PSW
  -------         PROC          SHOWTEMP
  C:1F40H         LINE#         23
  C:1F40H         LINE#         24
  C:1F40H         LINE#         25
  C:1F50H         LINE#         26
  C:1F5FH         LINE#         27
  C:1F76H         LINE#         28
  C:1F9AH         LINE#         29
  C:1FAAH         LINE#         30
  C:1FDBH         LINE#         32
  C:2025H         LINE#         33
  -------         ENDPROC       SHOWTEMP
  -------         ENDMOD        TEMP_MODULE

  -------         MODULE        NAV_HANDLER
  C:0000H         SYMBOL        _ICE_DUMMY_
  D:0080H         PUBLIC        P0
  D:0090H         PUBLIC        P1
  D:00A0H         PUBLIC        P2
  X:019EH         PUBLIC        displayMode
  D:00B0H         PUBLIC        P3
  D:00C0H         PUBLIC        P4
  D:00C8H         PUBLIC        P5
  D:00E8H         PUBLIC        P6
  D:00F8H         PUBLIC        P7
  D:00A8H         PUBLIC        IE
  D:00B8H         PUBLIC        IP
  D:00D8H         PUBLIC        CCON
  C:31BAH         PUBLIC        ShowStatus
  D:0098H         PUBLIC        SCON
  D:0088H         PUBLIC        TCON
  C:2C78H         PUBLIC        NavHandler
  D:00D0H         PUBLIC        PSW
  -------         PROC          NAVHANDLER
  -------         DO            
  X:00B2H         SYMBOL        navUp
  X:00B3H         SYMBOL        navDown
  -------         ENDDO         
  C:2C78H         LINE#         12
  C:2C78H         LINE#         13
  C:2C78H         LINE#         14
  C:2C82H         LINE#         15
  C:2C8CH         LINE#         17
  C:2C93H         LINE#         18
  C:2C99H         LINE#         19
  C:2CA1H         LINE#         20
  C:2CA1H         LINE#         21
  C:2CA8H         LINE#         22
  C:2CAEH         LINE#         23
  C:2CB7H         LINE#         24
  C:2CB7H         LINE#         25
BL51 BANKED LINKER/LOCATER V6.22.4.0                                                  09/16/2025  10:50:34  PAGE 30


  -------         ENDPROC       NAVHANDLER
  -------         PROC          SHOWSTATUS
  C:31BAH         LINE#         27
  C:31BAH         LINE#         28
  C:31BAH         LINE#         29
  C:31C8H         LINE#         30
  C:31CBH         LINE#         31
  C:31CEH         LINE#         32
  C:31D1H         LINE#         33
  C:31D1H         LINE#         34
  -------         ENDPROC       SHOWSTATUS
  -------         ENDMOD        NAV_HANDLER

  -------         MODULE        RTC_MODULE
  C:0000H         SYMBOL        _ICE_DUMMY_
  D:0080H         PUBLIC        P0
  D:0090H         PUBLIC        P1
  D:00A0H         PUBLIC        P2
  D:00B0H         PUBLIC        P3
  D:00C0H         PUBLIC        P4
  D:00C8H         PUBLIC        P5
  D:00E8H         PUBLIC        P6
  D:00F8H         PUBLIC        P7
  C:2026H         PUBLIC        ResetTimer
  D:00A8H         PUBLIC        IE
  D:00B8H         PUBLIC        IP
  X:00E5H         PUBLIC        tinfo
  D:00D8H         PUBLIC        CCON
  B:0022H.0       PUBLIC        mode
  D:0098H         PUBLIC        SCON
  C:16DFH         PUBLIC        ShowTime
  D:0088H         PUBLIC        TCON
  X:00E8H         PUBLIC        dist
  X:00EAH         PUBLIC        rtc_time
  X:0106H         PUBLIC        get_speed_res
  D:00D0H         PUBLIC        PSW
  C:290CH         PUBLIC        GetETA
  -------         PROC          RESETTIMER
  -------         DO            
  X:00B2H         SYMBOL        total_seconds
  -------         ENDDO         
  C:2026H         LINE#         7
  C:2026H         LINE#         9
  C:202EH         LINE#         10
  C:2031H         LINE#         11
  C:2076H         LINE#         12
  C:2078H         LINE#         13
  C:2081H         LINE#         14
  C:2081H         LINE#         15
  C:20A6H         LINE#         16
  C:20C5H         LINE#         17
  -------         ENDPROC       RESETTIMER
  -------         PROC          GETETA
  C:290CH         LINE#         19
  C:290CH         LINE#         20
  C:292EH         LINE#         21
  C:2964H         LINE#         22
BL51 BANKED LINKER/LOCATER V6.22.4.0                                                  09/16/2025  10:50:34  PAGE 31


  C:296AH         LINE#         23
  -------         ENDPROC       GETETA
  -------         PROC          SHOWTIME
  C:16DFH         LINE#         24
  C:16DFH         LINE#         25
  C:1701H         LINE#         26
  C:1727H         LINE#         27
  C:1729H         LINE#         28
  C:1729H         LINE#         29
  C:1757H         LINE#         30
  C:175AH         LINE#         31
  C:1771H         LINE#         32
  C:1786H         LINE#         33
  C:1792H         LINE#         34
  C:1794H         LINE#         35
  C:17A5H         LINE#         36
  C:17A5H         LINE#         37
  C:17C7H         LINE#         38
  -------         ENDPROC       SHOWTIME
  -------         ENDMOD        RTC_MODULE

  -------         MODULE        SPEED_MODULE
  C:0000H         SYMBOL        _ICE_DUMMY_
  D:0080H         PUBLIC        P0
  D:0090H         PUBLIC        P1
  D:00A0H         PUBLIC        P2
  D:00B0H         PUBLIC        P3
  D:00C0H         PUBLIC        P4
  D:00C8H         PUBLIC        P5
  D:00E8H         PUBLIC        P6
  D:00F8H         PUBLIC        P7
  D:00A8H         PUBLIC        IE
  X:0194H         PUBLIC        speed
  C:333FH         PUBLIC        GetSpeed
  C:2B1CH         PUBLIC        ShowSpeed
  D:00B8H         PUBLIC        IP
  D:00D8H         PUBLIC        CCON
  D:0098H         PUBLIC        SCON
  D:0088H         PUBLIC        TCON
  X:0198H         PUBLIC        v
  D:00D0H         PUBLIC        PSW
  -------         PROC          GETSPEED
  C:333FH         LINE#         8
  C:333FH         LINE#         9
  C:333FH         LINE#         10
  C:3347H         LINE#         11
  -------         ENDPROC       GETSPEED
  -------         PROC          SHOWSPEED
  C:2B1CH         LINE#         12
  C:2B1CH         LINE#         13
  C:2B1CH         LINE#         14
  -------         ENDPROC       SHOWSPEED
  -------         ENDMOD        SPEED_MODULE

  -------         MODULE        VOICE_MODULE
  C:0000H         SYMBOL        _ICE_DUMMY_
  D:0080H         PUBLIC        P0
BL51 BANKED LINKER/LOCATER V6.22.4.0                                                  09/16/2025  10:50:34  PAGE 32


  D:0090H         PUBLIC        P1
  D:00A0H         PUBLIC        P2
  D:00B0H         PUBLIC        P3
  D:00C0H         PUBLIC        P4
  D:00C8H         PUBLIC        P5
  D:00E8H         PUBLIC        P6
  D:00F8H         PUBLIC        P7
  D:00A8H         PUBLIC        IE
  D:00B8H         PUBLIC        IP
  D:00D8H         PUBLIC        CCON
  C:25CEH         PUBLIC        CheckCountdownEvent
  D:0098H         PUBLIC        SCON
  D:0088H         PUBLIC        TCON
  X:019AH         PUBLIC        Uart2RxBuf
  C:0776H         PUBLIC        VOICE_STRING_1
  C:0906H         PUBLIC        VOICE_STRING_2
  C:0A96H         PUBLIC        VOICE_STRING_3
  X:019BH         PUBLIC        Uart2Busy
  D:00D0H         PUBLIC        PSW
  C:3227H         PUBLIC        myUart2Rxd_callback
  -------         PROC          MYUART2RXD_CALLBACK
  C:3227H         LINE#         22
  C:3227H         LINE#         23
  C:3227H         LINE#         24
  C:322EH         LINE#         25
  C:3233H         LINE#         27
  C:3238H         LINE#         28
  -------         ENDPROC       MYUART2RXD_CALLBACK
  -------         PROC          CHECKCOUNTDOWNEVENT
  -------         DO            
  X:00B2H         SYMBOL        rest_total_seconds
  -------         ENDDO         
  C:25CEH         LINE#         31
  C:25CEH         LINE#         32
  C:25CEH         LINE#         35
  C:25D6H         LINE#         37
  C:25D9H         LINE#         38
  C:25E9H         LINE#         41
  C:25F4H         LINE#         42
  C:25F4H         LINE#         43
  C:2601H         LINE#         44
  C:2603H         LINE#         45
  C:2616H         LINE#         46
  C:2616H         LINE#         47
  C:2623H         LINE#         48
  C:2625H         LINE#         49
  C:2636H         LINE#         50
  C:2636H         LINE#         51
  C:264FH         LINE#         52
  C:264FH         LINE#         53
  -------         ENDPROC       CHECKCOUNTDOWNEVENT
  -------         ENDMOD        VOICE_MODULE

  -------         MODULE        CORE
  C:0000H         SYMBOL        _ICE_DUMMY_
  C:3348H         PUBLIC        my1S_callback
  D:0080H         PUBLIC        P0
BL51 BANKED LINKER/LOCATER V6.22.4.0                                                  09/16/2025  10:50:34  PAGE 33


  D:0090H         PUBLIC        P1
  D:00A0H         PUBLIC        P2
  D:00B0H         PUBLIC        P3
  D:00C0H         PUBLIC        P4
  D:00C8H         PUBLIC        P5
  D:00E8H         PUBLIC        P6
  D:00F8H         PUBLIC        P7
  X:0182H         PUBLIC        is_door_open
  D:00A8H         PUBLIC        IE
  D:00B8H         PUBLIC        IP
  D:00D8H         PUBLIC        CCON
  C:0026H         PUBLIC        SysClock
  D:0098H         PUBLIC        SCON
  D:0088H         PUBLIC        TCON
  X:0186H         PUBLIC        id
  X:0187H         PUBLIC        is_alarm
  D:00D0H         PUBLIC        PSW
  -------         PROC          MY1S_CALLBACK
  C:3348H         LINE#         8
  C:3348H         LINE#         10
  C:334BH         LINE#         11
  C:334EH         LINE#         12
  -------         ENDPROC       MY1S_CALLBACK
  -------         ENDMOD        CORE

  -------         MODULE        DECODE_TABLE
  C:0000H         SYMBOL        _ICE_DUMMY_
  C:2D35H         PUBLIC        decode_table
  -------         ENDMOD        DECODE_TABLE

  -------         MODULE        NV_TEMP_THRESHOLD
  C:0000H         SYMBOL        _ICE_DUMMY_
  D:0080H         PUBLIC        P0
  C:2F63H         PUBLIC        _NVTempThresholdWrite
  D:0090H         PUBLIC        P1
  D:00A0H         PUBLIC        P2
  D:00B0H         PUBLIC        P3
[...]
  C:2FDEH         LINE#         145
  C:2FE0H         LINE#         146
  -------         ENDPROC       _NVM_WRITE
  -------         PROC          _?SYS_DS1302_DRV
  -------         DO            
  X:018BH         SYMBOL        count100mS
  i:0000H         SYMBOL        a
  -------         ENDDO         
  C:22EFH         LINE#         148
BL51 BANKED LINKER/LOCATER V6.22.4.0                                                  09/16/2025  10:50:34  PAGE 42


  C:22F1H         LINE#         151
  C:22F7H         LINE#         152
  C:2300H         LINE#         153
  C:230AH         LINE#         154
  C:230EH         LINE#         155
  C:2317H         LINE#         156
  C:231CH         LINE#         157
  C:231FH         LINE#         158
  C:231FH         LINE#         159
  C:231FH         LINE#         160
  C:2325H         LINE#         161
  C:232FH         LINE#         162
  C:2339H         LINE#         163
  C:2339H         LINE#         164
  C:2339H         LINE#         165
  C:233BH         LINE#         166
  C:2348H         LINE#         167
  C:234AH         LINE#         168
  C:234FH         LINE#         169
  C:2356H         LINE#         170
  C:2360H         LINE#         171
  C:2365H         LINE#         172
  C:236AH         LINE#         173
  C:2372H         LINE#         174
  C:237AH         LINE#         175
  C:2382H         LINE#         176
  C:238AH         LINE#         177
  C:2391H         LINE#         178
  C:2391H         LINE#         179
  -------         ENDPROC       _?SYS_DS1302_DRV
  -------         PROC          DS1302INIT
  D:0035H         SYMBOL        t
  C:1B85H         LINE#         181
  C:1B85H         LINE#         182
  C:1B85H         LINE#         183
  C:1B8FH         LINE#         184
  C:1B96H         LINE#         185
  C:1B96H         LINE#         186
  C:1B96H         LINE#         187
  C:1B9CH         LINE#         188
  C:1BA4H         LINE#         189
  C:1BACH         LINE#         191
  C:1BB3H         LINE#         193
  C:1C36H         LINE#         201
  C:1C4CH         LINE#         202
  C:1C53H         LINE#         203
  C:1C66H         LINE#         204
  C:1C66H         LINE#         205
  C:1C6DH         LINE#         206
  C:1C74H         LINE#         207
  C:1C82H         LINE#         208
  -------         ENDPROC       DS1302INIT
  -------         ENDMOD        DS1302

  -------         MODULE        M24C02
  C:0000H         SYMBOL        _ICE_DUMMY_
  D:0080H         PUBLIC        P0
BL51 BANKED LINKER/LOCATER V6.22.4.0                                                  09/16/2025  10:50:34  PAGE 43


  D:0090H         PUBLIC        P1
  D:00A0H         PUBLIC        P2
  D:00B0H         PUBLIC        P3
  D:00C0H         PUBLIC        P4
  D:00C8H         PUBLIC        P5
  D:00E8H         PUBLIC        P6
  D:00F8H         PUBLIC        P7
  D:00A8H         PUBLIC        IE
  C:303CH         PUBLIC        respons
  D:00B8H         PUBLIC        IP
  B:00D0H.7       PUBLIC        CY
  D:00D8H         PUBLIC        CCON
  C:327EH         PUBLIC        start
  D:0098H         PUBLIC        SCON
  D:0088H         PUBLIC        TCON
  C:3135H         PUBLIC        _M24C02_Read
  C:002EH         PUBLIC        stop
  C:31EAH         PUBLIC        _M24C02_Write
  C:3079H         PUBLIC        readbyte
  B:00C0H.0       PUBLIC        SDA
  B:00C8H.5       PUBLIC        SCL
  C:3055H         PUBLIC        _writebyte
  D:00D0H         PUBLIC        PSW
  -------         PROC          START
  C:327EH         LINE#         9
  C:327EH         LINE#         10
  C:3280H         LINE#         11
  C:3281H         LINE#         12
  C:3282H         LINE#         13
  C:3283H         LINE#         14
  C:3285H         LINE#         15
  C:3286H         LINE#         16
  C:3287H         LINE#         17
  C:3288H         LINE#         18
  C:328AH         LINE#         19
  C:328BH         LINE#         20
  C:328CH         LINE#         21
  C:328DH         LINE#         22
  -------         ENDPROC       START
  -------         PROC          STOP
  C:002EH         LINE#         24
  C:002EH         LINE#         25
  C:0030H         LINE#         26
  C:0031H         LINE#         27
  C:0032H         LINE#         28
  C:0033H         LINE#         29
  C:0035H         LINE#         30
  C:0036H         LINE#         31
  C:0037H         LINE#         32
  C:0038H         LINE#         33
  C:003AH         LINE#         34
  -------         ENDPROC       STOP
  -------         PROC          L?0016
  -------         ENDPROC       L?0016
  -------         PROC          RESPONS
  -------         DO            
  D:0007H         SYMBOL        i
BL51 BANKED LINKER/LOCATER V6.22.4.0                                                  09/16/2025  10:50:34  PAGE 44


  -------         ENDDO         
  C:303CH         LINE#         36
  C:303CH         LINE#         37
  C:303EH         LINE#         38
  C:3040H         LINE#         39
  C:304CH         LINE#         40
  C:304DH         LINE#         41
  C:304EH         LINE#         42
  C:304FH         LINE#         43
  C:3051H         LINE#         44
  C:3052H         LINE#         45
  C:3053H         LINE#         46
  C:3054H         LINE#         47
  -------         ENDPROC       RESPONS
  -------         PROC          _WRITEBYTE
  D:0007H         SYMBOL        date
  -------         DO            
  D:0006H         SYMBOL        i
  D:0007H         SYMBOL        temp
  -------         ENDDO         
  C:3055H         LINE#         49
  C:3055H         LINE#         50
  C:3055H         LINE#         51
  C:3055H         LINE#         52
  C:3057H         LINE#         53
  C:305BH         LINE#         54
  C:305DH         LINE#         55
  C:305EH         LINE#         56
  C:305FH         LINE#         57
  C:3060H         LINE#         58
  C:3062H         LINE#         59
  C:3063H         LINE#         60
  C:3064H         LINE#         61
  C:3065H         LINE#         62
  C:3067H         LINE#         63
  C:3068H         LINE#         64
  C:3069H         LINE#         65
  C:306AH         LINE#         66
  C:306EH         LINE#         67
  C:3070H         LINE#         68
  C:3071H         LINE#         69
  C:3072H         LINE#         70
  C:3073H         LINE#         71
  C:3075H         LINE#         72
  C:3076H         LINE#         73
  C:3077H         LINE#         74
  C:3078H         LINE#         75
  -------         ENDPROC       _WRITEBYTE
  -------         PROC          READBYTE
  -------         DO            
  D:0006H         SYMBOL        i
  D:0007H         SYMBOL        k
  -------         ENDDO         
  C:3079H         LINE#         77
  C:3079H         LINE#         78
  C:3079H         LINE#         79
  C:307BH         LINE#         80
BL51 BANKED LINKER/LOCATER V6.22.4.0                                                  09/16/2025  10:50:34  PAGE 45


  C:307CH         LINE#         81
  C:307DH         LINE#         82
  C:307EH         LINE#         83
  C:3080H         LINE#         84
  C:3081H         LINE#         85
  C:3083H         LINE#         86
  C:3085H         LINE#         87
  C:3086H         LINE#         88
  C:3087H         LINE#         89
  C:3091H         LINE#         90
  C:3092H         LINE#         91
  C:3093H         LINE#         92
  C:3095H         LINE#         93
  C:3096H         LINE#         94
  C:309AH         LINE#         95
  C:309AH         LINE#         96
  -------         ENDPROC       READBYTE
  -------         PROC          _M24C02_WRITE
  D:0004H         SYMBOL        NVM_addr
  D:0005H         SYMBOL        NVM_data
  C:31EAH         LINE#         98
  C:31ECH         LINE#         99
  C:31EFH         LINE#         100
  C:31F4H         LINE#         101
  C:31F7H         LINE#         102
  C:31F9H         LINE#         103
  C:31F9H         LINE#         104
  C:31F9H         LINE#         105
  C:31FCH         LINE#         106
  -------         ENDPROC       _M24C02_WRITE
  -------         PROC          _M24C02_READ
  D:0005H         SYMBOL        NVM_addr
  -------         DO            
  D:0007H         SYMBOL        date
  -------         ENDDO         
  C:3135H         LINE#         109
  C:3137H         LINE#         110
  C:3137H         LINE#         111
  C:313AH         LINE#         112
  C:313CH         LINE#         113
  C:313CH         LINE#         114
  C:313CH         LINE#         115
  C:313FH         LINE#         116
  C:3142H         LINE#         117
  C:3147H         LINE#         118
  C:314AH         LINE#         119
  C:314DH         LINE#         120
  C:3150H         LINE#         121
  C:3150H         LINE#         122
  -------         ENDPROC       _M24C02_READ
  -------         ENDMOD        M24C02

  -------         MODULE        UART1
  C:0000H         SYMBOL        _ICE_DUMMY_
  C:1815H         PUBLIC        Uart1_isr
  D:0080H         PUBLIC        P0
  D:0090H         PUBLIC        P1
BL51 BANKED LINKER/LOCATER V6.22.4.0                                                  09/16/2025  10:50:34  PAGE 46


  D:00A0H         PUBLIC        P2
  D:00B0H         PUBLIC        P3
  D:00C0H         PUBLIC        P4
  D:00C8H         PUBLIC        P5
  D:00E8H         PUBLIC        P6
  D:00F8H         PUBLIC        P7
  D:00A8H         PUBLIC        IE
  B:00A8H.4       PUBLIC        ES
  D:00B8H         PUBLIC        IP
  B:0098H.0       PUBLIC        RI
  B:0098H.1       PUBLIC        TI
  D:00D8H         PUBLIC        CCON
  C:2EAAH         PUBLIC        _SetUart1Rxd
  D:0099H         PUBLIC        SBUF
  D:0098H         PUBLIC        SCON
  D:0089H         PUBLIC        TMOD
  D:0088H         PUBLIC        TCON
  D:008EH         PUBLIC        AUXR
  C:3307H         PUBLIC        GetUart1TxStatus
  B:00A8H.3       PUBLIC        ET1
  D:008DH         PUBLIC        TH1
  D:008BH         PUBLIC        TL1
  B:0088H.6       PUBLIC        TR1
  C:3009H         PUBLIC        _Uart1Print
  C:27C5H         PUBLIC        _Uart1Init
  C:329DH         PUBLIC        _?sys_get_Uart1RxdEvent
  X:013AH         PUBLIC        com1
  D:00D0H         PUBLIC        PSW
  -------         PROC          UART1_ISR
  C:1815H         LINE#         10
  C:1832H         LINE#         11
  C:1835H         LINE#         12
  C:1837H         LINE#         13
  C:186BH         LINE#         14
  C:1870H         LINE#         15
  C:1870H         LINE#         16
  C:1876H         LINE#         17
  C:1878H         LINE#         18
  C:187BH         LINE#         19
  C:187DH         LINE#         20
  C:1884H         LINE#         21
  C:1884H         LINE#         22
  C:1898H         LINE#         23
  C:18ACH         LINE#         24
  C:18BBH         LINE#         25
  C:18C9H         LINE#         26
  C:1901H         LINE#         27
  C:190FH         LINE#         28
  C:190FH         LINE#         29
  C:192AH         LINE#         30
  C:192AH         LINE#         31
  -------         ENDPROC       UART1_ISR
  -------         PROC          _?SYS_GET_UART1RXDEVENT
  -------         DO            
  i:0000H         SYMBOL        a
  -------         ENDDO         
  C:329DH         LINE#         33
BL51 BANKED LINKER/LOCATER V6.22.4.0                                                  09/16/2025  10:50:34  PAGE 47


  C:329FH         LINE#         35
  C:32A7H         LINE#         36
  C:32A9H         LINE#         37
  C:32A9H         LINE#         38
  -------         ENDPROC       _?SYS_GET_UART1RXDEVENT
  -------         PROC          _UART1INIT
  D:0008H         SYMBOL        band
  C:27C5H         LINE#         40
  C:27CDH         LINE#         41
  C:27CDH         LINE#         43
  C:27D0H         LINE#         44
  C:27D3H         LINE#         45
  C:27D6H         LINE#         46
  C:27D9H         LINE#         47
  C:27F8H         LINE#         48
  C:2827H         LINE#         49
  C:2829H         LINE#         50
  C:282BH         LINE#         51
  C:282DH         LINE#         52
  C:283BH         LINE#         53
  -------         ENDPROC       _UART1INIT
  -------         PROC          _SETUART1RXD
  D:0001H         SYMBOL        RxdPt
  D:0004H         SYMBOL        Nmax
  D:000DH         SYMBOL        matchhead
  D:0010H         SYMBOL        matchheadsize
  C:2EAAH         LINE#         55
  C:2EAAH         LINE#         56
  C:2EB5H         LINE#         57
  C:2EBBH         LINE#         58
  C:2EC5H         LINE#         59
  C:2ED3H         LINE#         60
  C:2ED5H         LINE#         61
  C:2EDAH         LINE#         62
  -------         ENDPROC       _SETUART1RXD
  -------         PROC          _UART1PRINT
  D:0001H         SYMBOL        pt
  D:0004H         SYMBOL        num
  C:3009H         LINE#         64
  C:3009H         LINE#         65
  C:300FH         LINE#         66
  C:301AH         LINE#         67
  C:301FH         LINE#         68
  C:3025H         LINE#         69
  C:3029H         LINE#         70
  C:302BH         LINE#         71
  C:302EH         LINE#         72
  C:302EH         LINE#         73
  C:3030H         LINE#         74
  -------         ENDPROC       _UART1PRINT
  -------         PROC          GETUART1TXSTATUS
  C:3307H         LINE#         76
  C:3307H         LINE#         77
  C:330FH         LINE#         78
  C:3311H         LINE#         79
  -------         ENDPROC       GETUART1TXSTATUS
  -------         ENDMOD        UART1
BL51 BANKED LINKER/LOCATER V6.22.4.0                                                  09/16/2025  10:50:34  PAGE 48



  -------         MODULE        ?C?FPMUL
  C:0046H         PUBLIC        ?C?FPMUL
  -------         ENDMOD        ?C?FPMUL

  -------         MODULE        ?C?FPDIV
  C:014FH         PUBLIC        ?C?FPDIV
  -------         ENDMOD        ?C?FPDIV

  -------         MODULE        ?C?FCAST
  C:01F6H         PUBLIC        ?C?FCASTC
  C:01F1H         PUBLIC        ?C?FCASTI
  C:01ECH         PUBLIC        ?C?FCASTL
  -------         ENDMOD        ?C?FCAST

  -------         MODULE        ?C?CASTF
  C:022AH         PUBLIC        ?C?CASTF
  -------         ENDMOD        ?C?CASTF

  -------         MODULE        ?C?COPY
  C:037BH         PUBLIC        ?C?COPY
  -------         ENDMOD        ?C?COPY

  -------         MODULE        ?C?CLDOPTR
  C:03A1H         PUBLIC        ?C?CLDOPTR
  -------         ENDMOD        ?C?CLDOPTR

  -------         MODULE        ?C?CSTPTR
  C:03CEH         PUBLIC        ?C?CSTPTR
  -------         ENDMOD        ?C?CSTPTR

  -------         MODULE        ?C?CSTOPTR
  C:03E0H         PUBLIC        ?C?CSTOPTR
  -------         ENDMOD        ?C?CSTOPTR

  -------         MODULE        ?C?UIDIV
  C:0402H         PUBLIC        ?C?UIDIV
  -------         ENDMOD        ?C?UIDIV

  -------         MODULE        ?C?SIDIV
  C:0457H         PUBLIC        ?C?SIDIV
  -------         ENDMOD        ?C?SIDIV

  -------         MODULE        ?C?ILDIX
  C:048DH         PUBLIC        ?C?ILDIX
  -------         ENDMOD        ?C?ILDIX

  -------         MODULE        ?C?LMUL
  C:04A3H         PUBLIC        ?C?LMUL
  -------         ENDMOD        ?C?LMUL

  -------         MODULE        ?C?ULDIV
  C:052EH         PUBLIC        ?C?ULDIV
  -------         ENDMOD        ?C?ULDIV

  -------         MODULE        ?C?SLDIV
  C:2BF4H         PUBLIC        ?C?SLDIV
BL51 BANKED LINKER/LOCATER V6.22.4.0                                                  09/16/2025  10:50:34  PAGE 49


  -------         ENDMOD        ?C?SLDIV

  -------         MODULE        ?C?LNEG
  C:05C0H         PUBLIC        ?C?LNEG
  -------         ENDMOD        ?C?LNEG

  -------         MODULE        ?C?ULSHR
  C:05CEH         PUBLIC        ?C?ULSHR
  -------         ENDMOD        ?C?ULSHR

  -------         MODULE        ?C?SLSHR
  C:05E1H         PUBLIC        ?C?SLSHR
  -------         ENDMOD        ?C?SLSHR

  -------         MODULE        ?C?LSHL
  C:05F5H         PUBLIC        ?C?LSHL
  -------         ENDMOD        ?C?LSHL

  -------         MODULE        ?C?LLDCODE
  C:0608H         PUBLIC        ?C?LLDCODE
  -------         ENDMOD        ?C?LLDCODE

  -------         MODULE        ?C?LSTXDATA
  C:0618H         PUBLIC        ?C?LSTXDATA
  -------         ENDMOD        ?C?LSTXDATA

  -------         MODULE        ?C?OFFXADD
  C:0624H         PUBLIC        ?C?OFFXADD
  -------         ENDMOD        ?C?OFFXADD

  -------         MODULE        ?C?ICALL
  C:0630H         PUBLIC        ?C?ICALL
  C:0634H         PUBLIC        ?C?ICALL2
  -------         ENDMOD        ?C?ICALL

  -------         MODULE        ?C_IBP
  D:0050H         PUBLIC        ?C_IBP
  -------         ENDMOD        ?C_IBP

  -------         MODULE        ?C?STRCPY
  C:0702H         PUBLIC        ?C?STRCPY
  -------         ENDMOD        ?C?STRCPY

  -------         MODULE        STRLEN
  C:31FFH         PUBLIC        _STRLEN
  -------         ENDMOD        STRLEN

  -------         MODULE        STRCHR
  C:3151H         PUBLIC        _STRCHR
  -------         ENDMOD        STRCHR

  -------         MODULE        STRTOK
  D:000DH         PUBLIC        ?_strtok?BYTE
  C:2650H         PUBLIC        _strtok
  -------         ENDMOD        STRTOK

  -------         MODULE        ATOI
BL51 BANKED LINKER/LOCATER V6.22.4.0                                                  09/16/2025  10:50:34  PAGE 50


  C:2199H         PUBLIC        _atoi
  -------         ENDMOD        ATOI

  -------         MODULE        ?C?MEMSET
  C:071FH         PUBLIC        ?C?MEMSET
  -------         ENDMOD        ?C?MEMSET

  -------         MODULE        ?C?CLDPTR
  C:074BH         PUBLIC        ?C?CLDPTR
  -------         ENDMOD        ?C?CLDPTR

  -------         MODULE        ?C?IMUL
  C:0764H         PUBLIC        ?C?IMUL
  -------         ENDMOD        ?C?IMUL

  -------         MODULE        ISDIGIT
  C:32ACH         PUBLIC        _isdigit
  -------         ENDMOD        ISDIGIT

  -------         MODULE        ISSPACE
  C:3214H         PUBLIC        _isspace
  -------         ENDMOD        ISSPACE

  -------         MODULE        STRSPN
  D:0013H         PUBLIC        ?_strspn?BYTE
  C:28ABH         PUBLIC        _strspn
  -------         ENDMOD        STRSPN

  -------         MODULE        STRPBRK
  D:0013H         PUBLIC        ?_strpbrk?BYTE
  C:296BH         PUBLIC        _strpbrk
  -------         ENDMOD        STRPBRK

*** WARNING L16: UNCALLED SEGMENT, IGNORED FOR OVERLAY PROCESS
    SEGMENT: ?PR?_SETBEEP?BEEP

*** WARNING L16: UNCALLED SEGMENT, IGNORED FOR OVERLAY PROCESS
    SEGMENT: ?PR?GETBEEPSTATUS?BEEP

*** WARNING L16: UNCALLED SEGMENT, IGNORED FOR OVERLAY PROCESS
    SEGMENT: ?PR?_LEDPRINT?DISPLAYER

*** WARNING L16: UNCALLED SEGMENT, IGNORED FOR OVERLAY PROCESS
    SEGMENT: ?PR?_GETKEYACT?KEY

*** WARNING L16: UNCALLED SEGMENT, IGNORED FOR OVERLAY PROCESS
    SEGMENT: ?PR?GETULTRASONIC?SYS

*** WARNING L16: UNCALLED SEGMENT, IGNORED FOR OVERLAY PROCESS
    SEGMENT: ?PR?GETSYSPERFORMANCE?SYS

*** WARNING L16: UNCALLED SEGMENT, IGNORED FOR OVERLAY PROCESS
    SEGMENT: ?PR?_SETPWM?EXT

*** WARNING L16: UNCALLED SEGMENT, IGNORED FOR OVERLAY PROCESS
    SEGMENT: ?PR?GETWEIGHT?EXT

BL51 BANKED LINKER/LOCATER V6.22.4.0                                                  09/16/2025  10:50:34  PAGE 51


*** WARNING L16: UNCALLED SEGMENT, IGNORED FOR OVERLAY PROCESS
    SEGMENT: ?PR?GETDECODE?EXT

*** WARNING L16: UNCALLED SEGMENT, IGNORED FOR OVERLAY PROCESS
    SEGMENT: ?PR?GETUART2TXSTATUS?UART2

*** WARNING L16: UNCALLED SEGMENT, IGNORED FOR OVERLAY PROCESS
    SEGMENT: ?PR?MYUART1PROCESSRXDATA?MY_UART1

*** WARNING L16: UNCALLED SEGMENT, IGNORED FOR OVERLAY PROCESS
    SEGMENT: ?PR?MYUART1LOADTEMPTHRESHOLD?MY_UART1

*** WARNING L16: UNCALLED SEGMENT, IGNORED FOR OVERLAY PROCESS
    SEGMENT: ?PR?DS1302INIT?DS1302

Program Size: data=81.2 xdata=416 code=13176
LINK/LOCATE RUN COMPLETE.  13 WARNING(S),  0 ERROR(S)
