BL51 BANKED LINKER/LOCATER V6.22.4.0                                                    09/18/2025  14:17:49  PAGE 1


BL51 BANKED LINKER/LOCATER V6.22.4.0, INVOKED BY:
D:\SOFTWARE\KEIL5\CORE\C51\BIN\BL51.EXE .\output\main.obj, .\source\STCBSP_V3.6.LIB, .\output\temp_module.obj, .\output\
>> Nav_handler.obj, .\output\time_module.obj, .\output\speed_module.obj, .\output\voice_module.obj, .\output\core.obj, .
>> \output\decode_table.obj, .\output\nv_temp_threshold.obj, .\output\my_uart1.obj, .\output\radio_module.obj, .\output\
>> temp_controlled_fan.obj, .\output\ultrasonic_module.obj, .\output\train_id_module.obj, .\output\music_module.obj, .\o
>> utput\real_time_module.obj TO .\output\BSP_Demo PRINT (.\list\BSP_Demo.m51) RAMSIZE (256) XDATA (0X0000-0X07FF)


MEMORY MODEL: SMALL


INPUT MODULES INCLUDED:
  .\output\main.obj (MAIN)
  .\source\STCBSP_V3.6.LIB (ADC)
  .\source\STCBSP_V3.6.LIB (DISPLAYER)
  .\source\STCBSP_V3.6.LIB (KEY)
  .\source\STCBSP_V3.6.LIB (SYS)
  .\source\STCBSP_V3.6.LIB (MUSIC)
  .\source\STCBSP_V3.6.LIB (UART2)
  .\source\STCBSP_V3.6.LIB (BEEP)
  .\output\temp_module.obj (TEMP_MODULE)
  .\output\Nav_handler.obj (NAV_HANDLER)
  .\output\time_module.obj (TIME_MODULE)
  .\output\speed_module.obj (SPEED_MODULE)
  .\output\voice_module.obj (VOICE_MODULE)
  .\output\core.obj (CORE)
  .\output\decode_table.obj (DECODE_TABLE)
  .\output\nv_temp_threshold.obj (NV_TEMP_THRESHOLD)
  .\output\my_uart1.obj (MY_UART1)
  .\output\radio_module.obj (RADIO_MODULE)
  .\output\temp_controlled_fan.obj (TEMP_CONTROLLED_FAN)
  .\output\ultrasonic_module.obj (ULTRASONIC_MODULE)
  .\output\train_id_module.obj (TRAIN_ID_MODULE)
  .\output\music_module.obj (MUSIC_MODULE)
  .\output\real_time_module.obj (REAL_TIME_MODULE)
  .\source\STCBSP_V3.6.LIB (M24C02)
  .\source\STCBSP_V3.6.LIB (FM_RADIO)
  .\source\STCBSP_V3.6.LIB (EXT)
  .\source\STCBSP_V3.6.LIB (UART1)
  D:\SOFTWARE\KEIL5\CORE\C51\LIB\C51S.LIB (?C_STARTUP)
  D:\SOFTWARE\KEIL5\CORE\C51\LIB\C51S.LIB (?C?COPY)
  D:\SOFTWARE\KEIL5\CORE\C51\LIB\C51S.LIB (?C?CLDPTR)
  D:\SOFTWARE\KEIL5\CORE\C51\LIB\C51S.LIB (?C?CLDOPTR)
  D:\SOFTWARE\KEIL5\CORE\C51\LIB\C51S.LIB (?C?CSTPTR)
  D:\SOFTWARE\KEIL5\CORE\C51\LIB\C51S.LIB (?C?CSTOPTR)
  D:\SOFTWARE\KEIL5\CORE\C51\LIB\C51S.LIB (?C?IMUL)
  D:\SOFTWARE\KEIL5\CORE\C51\LIB\C51S.LIB (?C?UIDIV)
  D:\SOFTWARE\KEIL5\CORE\C51\LIB\C51S.LIB (?C?SIDIV)
  D:\SOFTWARE\KEIL5\CORE\C51\LIB\C51S.LIB (?C?IILDX)
  D:\SOFTWARE\KEIL5\CORE\C51\LIB\C51S.LIB (?C?ILDIX)
  D:\SOFTWARE\KEIL5\CORE\C51\LIB\C51S.LIB (?C?ILDPTR)
  D:\SOFTWARE\KEIL5\CORE\C51\LIB\C51S.LIB (?C?LMUL)
  D:\SOFTWARE\KEIL5\CORE\C51\LIB\C51S.LIB (?C?ULDIV)
  D:\SOFTWARE\KEIL5\CORE\C51\LIB\C51S.LIB (?C?SLDIV)
  D:\SOFTWARE\KEIL5\CORE\C51\LIB\C51S.LIB (?C?ULSHR)
  D:\SOFTWARE\KEIL5\CORE\C51\LIB\C51S.LIB (?C?SLSHR)
  D:\SOFTWARE\KEIL5\CORE\C51\LIB\C51S.LIB (?C?LSHL)
  D:\SOFTWARE\KEIL5\CORE\C51\LIB\C51S.LIB (?C?LLDCODE)
BL51 BANKED LINKER/LOCATER V6.22.4.0                                                  09/18/2025  14:17:49  PAGE 2


  D:\SOFTWARE\KEIL5\CORE\C51\LIB\C51S.LIB (?C?LSTXDATA)
  D:\SOFTWARE\KEIL5\CORE\C51\LIB\C51S.LIB (?C?OFFXADD)
  D:\SOFTWARE\KEIL5\CORE\C51\LIB\C51S.LIB (?C?ICALL)
  D:\SOFTWARE\KEIL5\CORE\C51\LIB\C51S.LIB (?C_IBP)
  D:\SOFTWARE\KEIL5\CORE\C51\LIB\C51S.LIB (?C?STRCPY)
  D:\SOFTWARE\KEIL5\CORE\C51\LIB\C51S.LIB (STRLEN)
  D:\SOFTWARE\KEIL5\CORE\C51\LIB\C51S.LIB (STRCHR)
  D:\SOFTWARE\KEIL5\CORE\C51\LIB\C51S.LIB (STRTOK)
  D:\SOFTWARE\KEIL5\CORE\C51\LIB\C51S.LIB (ATOI)
  D:\SOFTWARE\KEIL5\CORE\C51\LIB\C51S.LIB (?C?MEMSET)
  D:\SOFTWARE\KEIL5\CORE\C51\LIB\C51S.LIB (?C_INIT)
  D:\SOFTWARE\KEIL5\CORE\C51\LIB\C51S.LIB (ISDIGIT)
  D:\SOFTWARE\KEIL5\CORE\C51\LIB\C51S.LIB (ISSPACE)
  D:\SOFTWARE\KEIL5\CORE\C51\LIB\C51S.LIB (STRSPN)
  D:\SOFTWARE\KEIL5\CORE\C51\LIB\C51S.LIB (STRPBRK)


LINK MAP OF MODULE:  .\output\BSP_Demo (MAIN)


            TYPE    BASE      LENGTH    RELOCATION   SEGMENT NAME
            -----------------------------------------------------

            * * * * * * *   D A T A   M E M O R Y   * * * * * * *
            REG     0000H     0008H     ABSOLUTE     "REG BANK 0"
            DATA    0008H     0014H     UNIT         _DATA_GROUP_
            DATA    001CH     0003H     UNIT         ?DT?STRTOK
            DATA    001FH     0001H     UNIT         ?DT?KEY
            BIT     0020H.0   0001H.7   UNIT         ?BI?SYS
            BIT     0021H.7   0000H.1   UNIT         ?BI?ADC
            BIT     0022H.0   0000H.1   UNIT         ?BI?MUSIC
            BIT     0022H.1   0000H.1   UNIT         ?BI?TIME_MODULE
            BIT     0022H.2   0000H.1   UNIT         _BIT_GROUP_
                    0022H.3   0000H.5                *** GAP ***
            DATA    0023H     0012H     UNIT         ?DT?SYS
            DATA    0035H     0007H     UNIT         ?DT?RADIO_MODULE
            DATA    003CH     0006H     UNIT         ?DT?EXT
            DATA    0042H     0005H     UNIT         ?DT?READCOUNT?EXT
            DATA    0047H     0002H     UNIT         ?DT?ADC
            DATA    0049H     0002H     UNIT         ?DT?GETULTRASONIC?SYS
            DATA    004BH     0002H     UNIT         ?DT?UART2
            DATA    004DH     0001H     UNIT         ?DT?_SETTRAINID?TRAIN_ID_MODULE
            DATA    004EH     0001H     UNIT         ?C?LIB_DATA
            IDATA   004FH     0001H     UNIT         ?STACK

            * * * * * * *  X D A T A   M E M O R Y  * * * * * * *
            XDATA   0000H     006EH     UNIT         ?XD?SYS
            XDATA   006EH     0068H     UNIT         ?XD?MY_UART1
            XDATA   00D6H     004CH     UNIT         _XDATA_GROUP_
            XDATA   0122H     001EH     UNIT         ?XD?ADC
            XDATA   0140H     0015H     UNIT         ?XD?UART2
            XDATA   0155H     0015H     UNIT         ?XD?UART1
            XDATA   016AH     0014H     UNIT         ?XD?TIME_MODULE
            XDATA   017EH     0012H     UNIT         ?XD?TEMP_MODULE
            XDATA   0190H     0010H     UNIT         ?XD?MUSIC
            XDATA   01A0H     000CH     UNIT         ?XD?DISPLAYER
            XDATA   01ACH     000BH     UNIT         ?XD?EXT
BL51 BANKED LINKER/LOCATER V6.22.4.0                                                  09/18/2025  14:17:49  PAGE 3


            XDATA   01B7H     000AH     UNIT         ?XD?KEY
            XDATA   01C1H     0009H     UNIT         ?XD?CORE
            XDATA   01CAH     0009H     UNIT         ?XD?FM_RADIO
            XDATA   01D3H     0007H     UNIT         ?XD?VOICE_MODULE
            XDATA   01DAH     0006H     UNIT         ?XD?REAL_TIME_MODULE
            XDATA   01E0H     0004H     UNIT         ?XD?SPEED_MODULE
            XDATA   01E4H     0002H     UNIT         ?XD?NV_TEMP_THRESHOLD
            XDATA   01E6H     0001H     UNIT         ?XD?NAV_HANDLER

            * * * * * * *   C O D E   M E M O R Y   * * * * * * *
            CODE    0000H     0003H     ABSOLUTE     
            CODE    0003H     0007H     UNIT         ?PR?GETADC?ADC
            CODE    000AH     0001H     UNIT         ?PR?_?NULLFUNC?SYS
            CODE    000BH     0003H     ABSOLUTE     
            CODE    000EH     0015H     UNIT         ?PR?MY1S_CALLBACK?CORE
            CODE    0023H     0003H     ABSOLUTE     
            CODE    0026H     0004H     UNIT         ?CO?CORE
            CODE    002AH     0001H     UNIT         ?PR?_?NULLFUNC0?UART2
            CODE    002BH     0003H     ABSOLUTE     
            CODE    002EH     000DH     UNIT         ?PR?STOP?M24C02
            CODE    003BH     0003H     ABSOLUTE     
            CODE    003EH     0003H     UNIT         ?PR?_?RET0FUNC?SYS
                    0041H     0002H                  *** GAP ***
            CODE    0043H     0003H     ABSOLUTE     
            CODE    0046H     0834H     UNIT         ?CO?VOICE_MODULE
            CODE    087AH     04FEH     UNIT         ?C?LIB_CODE
            CODE    0D78H     02F6H     UNIT         ?PR?_?SYS_MUSIC_DRV?MUSIC
            CODE    106EH     02B2H     UNIT         ?PR?MYUART1SENDCURRENTSTATUS?MY_UART1
            CODE    1320H     02A4H     UNIT         ?PR?_PARSECOMMAND?MY_UART1
            CODE    15C4H     01FCH     UNIT         ?CO?TEMP_MODULE
            CODE    17C0H     01D2H     UNIT         ?PR?UART2_ISR?UART2
            CODE    1992H     01C7H     UNIT         ?C_INITSEG
            CODE    1B59H     01ACH     UNIT         ?PR?_?SYS_ADC_DRV?ADC
            CODE    1D05H     0130H     UNIT         ?PR?UART1_ISR?UART1
            CODE    1E35H     0126H     UNIT         ?CO?MUSIC
            CODE    1F5BH     0123H     UNIT         ?PR?_?SYS_KEY_DRV?KEY
            CODE    207EH     011CH     UNIT         ?PR?_MY_UTOA?MY_UART1
            CODE    219AH     00EDH     UNIT         ?PR?SYS_TASK_1MS?SYS
            CODE    2287H     00E9H     UNIT         ?PR?_?SYS_DISPLAY_DRV?DISPLAYER
            CODE    2370H     00E7H     UNIT         ?PR?_?SYS_EXT_DRV?EXT
            CODE    2457H     00B6H     UNIT         ?PR?SETFMRADIO?FM_RADIO
            CODE    250DH     00B5H     UNIT         ?PR?_UART2INIT?UART2
            CODE    25C2H     00AEH     UNIT         ?PR?_ATOI?ATOI
            CODE    2670H     00AAH     UNIT         ?PR?_PLAYTONE?MUSIC
            CODE    271AH     00A8H     UNIT         ?PR?SYS_CCP_ISR?SYS
            CODE    27C2H     00A8H     UNIT         ?PR?UPDATETIME?TIME_MODULE
            CODE    286AH     00A5H     UNIT         ?PR?RESETTIMER?TIME_MODULE
            CODE    290FH     00A4H     UNIT         ?PR?NAVHANDLER?NAV_HANDLER
            CODE    29B3H     00A3H     UNIT         ?PR?ONSPEEDCHANGE?TIME_MODULE
            CODE    2A56H     0094H     UNIT         ?PR?SHOWTEMP?TEMP_MODULE
            CODE    2AEAH     0094H     UNIT         ?PR?CHECKCOUNTDOWNEVENT?VOICE_MODULE
            CODE    2B7EH     0093H     UNIT         ?PR?SYS_TASK_10MS?SYS
            CODE    2C11H     0090H     UNIT         ?PR?_SETPWM?EXT
            CODE    2CA1H     008CH     UNIT         ?C_C51STARTUP
            CODE    2D2DH     008BH     UNIT         ?PR?SYS_TASK_IR?SYS
            CODE    2DB8H     0081H     UNIT         ?PR?MAIN?MAIN
            CODE    2E39H     0080H     UNIT         ?PR?_STRTOK?STRTOK
BL51 BANKED LINKER/LOCATER V6.22.4.0                                                  09/18/2025  14:17:49  PAGE 4


            CODE    2EB9H     007DH     UNIT         ?PR?_SETEVENTCALLBACK?SYS
            CODE    2F36H     0078H     UNIT         ?PR?_SETBEEP?BEEP
            CODE    2FAEH     0077H     UNIT         ?PR?_UART1INIT?UART1
            CODE    3025H     0074H     UNIT         ?PR?SHOWREALTIME?REAL_TIME_MODULE
            CODE    3099H     0064H     UNIT         ?PR?UPDATEREALTIMEPERSECOND?REAL_TIME_MODULE
            CODE    30FDH     0061H     UNIT         ?PR?_STRSPN?STRSPN
            CODE    315EH     005DH     UNIT         ?PR?_STRPBRK?STRPBRK
            CODE    31BBH     005CH     UNIT         ?PR?GETFMRADIO?FM_RADIO
            CODE    3217H     005AH     UNIT         ?PR?UPDATETEMP?TEMP_MODULE
            CODE    3271H     005AH     UNIT         ?PR?NVTEMPTHRESHOLDINIT?NV_TEMP_THRESHOLD
            CODE    32CBH     0059H     UNIT         ?PR?READCOUNT?EXT
            CODE    3324H     0058H     UNIT         ?PR?_SETMUSIC?MUSIC
            CODE    337CH     0056H     UNIT         ?PR?MYUART1INIT?MY_UART1
            CODE    33D2H     0053H     UNIT         ?PR?GETULTRASONIC?SYS
            CODE    3425H     0052H     UNIT         ?PR?SYS_TIMER0_ISR?SYS
            CODE    3477H     0051H     UNIT         ?PR?SHOWTIME?TIME_MODULE
            CODE    34C8H     004DH     UNIT         ?CO?TIME_MODULE
            CODE    3515H     0048H     UNIT         ?PR?SHOWSPEED?SPEED_MODULE
            CODE    355DH     0047H     UNIT         ?PR?SYS_TIMER0_INIT?SYS
            CODE    35A4H     0046H     UNIT         ?PR?_GETADCNAVACT?ADC
            CODE    35EAH     0045H     UNIT         ?PR?IS_PLAY_MUSIC?MUSIC_MODULE
            CODE    362FH     0044H     UNIT         ?PR?_?SYS_FMRADIO_DRV?FM_RADIO
            CODE    3673H     0044H     UNIT         ?C?LDIV
            CODE    36B7H     0042H     UNIT         ?PR?RADIO_INIT?RADIO_MODULE
            CODE    36F9H     0040H     UNIT         ?PR?_GETKEYACT?KEY
            CODE    3739H     003FH     UNIT         ?PR?SYS_TASK_100MS?SYS
            CODE    3778H     003EH     UNIT         ?PR?MYSTC_OS?SYS
            CODE    37B6H     003CH     UNIT         ?CO?DECODE_TABLE
            CODE    37F2H     003CH     UNIT         ?PR?TEMP_CONTROLLED_MOTOR?TEMP_CONTROLLED_FAN
            CODE    382EH     0039H     UNIT         ?PR?_NVTEMPTHRESHOLDUPDATE?NV_TEMP_THRESHOLD
            CODE    3867H     0036H     UNIT         ?PR?_EXTINIT?EXT
            CODE    389DH     0033H     UNIT         ?PR?SHOWMODE?TIME_MODULE
            CODE    38D0H     0032H     UNIT         ?PR?UART1RXDCALLBACK?MY_UART1
            CODE    3902H     0031H     UNIT         ?PR?_ADCINIT?ADC
            CODE    3933H     0031H     UNIT         ?PR?_SETUART2RXD?UART2
            CODE    3964H     0031H     UNIT         ?PR?_SETUART1RXD?UART1
            CODE    3995H     002FH     UNIT         ?PR?_UART2PRINT?UART2
            CODE    39C4H     002BH     UNIT         ?PR?SYS_TASK_1S?SYS
            CODE    39EFH     002BH     UNIT         ?PR?_NVTEMPTHRESHOLDWRITE?NV_TEMP_THRESHOLD
            CODE    3A1AH     002AH     UNIT         ?PR?NVTEMPTHRESHOLDREAD?NV_TEMP_THRESHOLD
            CODE    3A44H     0028H     UNIT         ?PR?_SETPLAYERMODE?MUSIC
            CODE    3A6CH     0028H     UNIT         ?PR?_?SYS_BEEP_DRV?BEEP
            CODE    3A94H     0028H     UNIT         ?PR?INITRTC?TIME_MODULE
            CODE    3ABCH     0028H     UNIT         ?PR?_IIC_RADIO_WRITEBYTE?FM_RADIO
            CODE    3AE4H     0028H     UNIT         ?PR?_UART1PRINT?UART1
            CODE    3B0CH     0025H     UNIT         ?PR?FMRADIOINIT?FM_RADIO
            CODE    3B31H     0024H     UNIT         ?PR?SHOWSTATUS?NAV_HANDLER
            CODE    3B55H     0024H     UNIT         ?PR?RESPONS?M24C02
            CODE    3B79H     0024H     UNIT         ?PR?_WRITEBYTE?M24C02
            CODE    3B9DH     0022H     UNIT         ?PR?READBYTE?M24C02
            CODE    3BBFH     0020H     UNIT         ?PR?_SEG7PRINT?DISPLAYER
            CODE    3BDFH     0020H     UNIT         ?PR?BEEPINIT?BEEP
            CODE    3BFFH     001DH     UNIT         ?PR?KEYINIT?KEY
            CODE    3C1CH     001CH     UNIT         ?PR?_M24C02_READ?M24C02
            CODE    3C38H     001CH     UNIT         ?PR?IIC_RADIO_ACK?FM_RADIO
            CODE    3C54H     001CH     UNIT         ?PR?_STRCHR?STRCHR
            CODE    3C70H     001BH     UNIT         ?PR?DISPLAYERINIT?DISPLAYER
BL51 BANKED LINKER/LOCATER V6.22.4.0                                                  09/18/2025  14:17:49  PAGE 5


            CODE    3C8BH     0016H     UNIT         ?PR?SET_MUSIC?MUSIC_MODULE
            CODE    3CA1H     0015H     UNIT         ?PR?MYUART1CLEARRXBUFFER?MY_UART1
            CODE    3CB6H     0015H     UNIT         ?PR?_M24C02_WRITE?M24C02
            CODE    3CCBH     0015H     UNIT         ?PR?_STRLEN?STRLEN
            CODE    3CE0H     0014H     UNIT         ?PR?MYUART2RXD_CALLBACK?VOICE_MODULE
            CODE    3CF4H     0013H     UNIT         ?PR?_DELAY?FM_RADIO
            CODE    3D07H     0013H     UNIT         ?PR?IIC_RADIO_START?FM_RADIO
            CODE    3D1AH     0013H     UNIT         ?PR?_ISSPACE?ISSPACE
            CODE    3D2DH     0012H     UNIT         ?PR?_NVISVALIDTHRESHOLD?NV_TEMP_THRESHOLD
            CODE    3D3FH     0011H     UNIT         ?PR?_SETCCP0?SYS
            CODE    3D50H     0010H     UNIT         ?PR?_SETTRAINID?TRAIN_ID_MODULE
            CODE    3D60H     0010H     UNIT         ?CO?MUSIC_MODULE
            CODE    3D70H     0010H     UNIT         ?PR?START?M24C02
            CODE    3D80H     0010H     UNIT         ?PR?GETDECODE?EXT
            CODE    3D90H     000FH     UNIT         ?PR?MUSICPLAYERINIT?MUSIC
            CODE    3D9FH     000FH     UNIT         ?PR?_?SYS_GET_UART2RXDEVENT?UART2
            CODE    3DAEH     000FH     UNIT         ?PR?_?SYS_GET_UART1RXDEVENT?UART1
            CODE    3DBDH     000FH     UNIT         ?PR?_ISDIGIT?ISDIGIT
            CODE    3DCCH     000EH     UNIT         ?PR?_?SYS_GET_KNEVENT?ADC
            CODE    3DDAH     000EH     UNIT         ?PR?_?SYS_GET_EXTADCEVENT?ADC
            CODE    3DE8H     000EH     UNIT         ?PR?_?SYS_GET_KEYEVENT?KEY
            CODE    3DF6H     000CH     UNIT         ?PR?GETBEEPSTATUS?BEEP
            CODE    3E02H     000CH     UNIT         ?PR?IIC_RADIO_STOP?FM_RADIO
            CODE    3E0EH     000BH     UNIT         ?PR?GETUART2TXSTATUS?UART2
            CODE    3E19H     000BH     UNIT         ?PR?MYUART1PROCESSRXDATA?MY_UART1
            CODE    3E24H     000BH     UNIT         ?PR?INITTRAINID?TRAIN_ID_MODULE
            CODE    3E2FH     000BH     UNIT         ?PR?GETUART1TXSTATUS?UART1
            CODE    3E3AH     0009H     UNIT         ?CO?ADC
            CODE    3E43H     0009H     UNIT         ?PR?_SETDISPLAYERAREA?DISPLAYER
            CODE    3E4CH     0009H     UNIT         ?PR?GETBEEPTIMER?SYS
            CODE    3E55H     0009H     UNIT         ?PR?_SETBEEPTIMER?SYS
            CODE    3E5EH     0009H     UNIT         ?PR?GETWEIGHT?EXT
            CODE    3E67H     0007H     UNIT         ?PR?GETSYSPERFORMANCE?SYS
            CODE    3E6EH     0006H     UNIT         ?PR?ADC_ISR?ADC
            CODE    3E74H     0006H     UNIT         ?PR?_LEDPRINT?DISPLAYER
            CODE    3E7AH     0006H     UNIT         ?PR?MYSTC_INIT?SYS
            CODE    3E80H     0006H     UNIT         ?PR?GETPLAYERMODE?MUSIC
            CODE    3E86H     0006H     UNIT         ?CO?MY_UART1
            CODE    3E8CH     0003H     UNIT         ?PR?CLRBEEPPIN?SYS
            CODE    3E8FH     0003H     UNIT         ?PR?MY100MS_CALLBACK?CORE



OVERLAY MAP OF MODULE:   .\output\BSP_Demo (MAIN)


SEGMENT                                             BIT_GROUP          DATA_GROUP          XDATA_GROUP
  +--> CALLED SEGMENT                            START    LENGTH     START    LENGTH     START    LENGTH
--------------------------------------------------------------------------------------------------------
?C_C51STARTUP                                    -----    -----      -----    -----      -----    -----
  +--> ?PR?MAIN?MAIN
  +--> ?C_INITSEG

?PR?MAIN?MAIN                                    -----    -----      -----    -----      -----    -----
  +--> ?PR?_ADCINIT?ADC
  +--> ?PR?DISPLAYERINIT?DISPLAYER
  +--> ?PR?KEYINIT?KEY
BL51 BANKED LINKER/LOCATER V6.22.4.0                                                  09/18/2025  14:17:49  PAGE 6


  +--> ?PR?_SETDISPLAYERAREA?DISPLAYER
  +--> ?PR?_UART2INIT?UART2
  +--> ?PR?MYUART1INIT?MY_UART1
  +--> ?PR?NVTEMPTHRESHOLDINIT?NV_TEMP_THRES...
  +--> ?PR?INITTRAINID?TRAIN_ID_MODULE
  +--> ?PR?INITRTC?TIME_MODULE
  +--> ?PR?RADIO_INIT?RADIO_MODULE
  +--> ?PR?MUSICPLAYERINIT?MUSIC
  +--> ?PR?SET_MUSIC?MUSIC_MODULE
  +--> ?PR?_SETUART2RXD?UART2
  +--> ?PR?MYUART2RXD_CALLBACK?VOICE_MODULE
  +--> ?PR?_SETEVENTCALLBACK?SYS
  +--> ?PR?MY1S_CALLBACK?CORE
  +--> ?PR?MY100MS_CALLBACK?CORE
  +--> ?PR?NAVHANDLER?NAV_HANDLER
  +--> ?PR?MYSTC_INIT?SYS
  +--> ?PR?MYSTC_OS?SYS

?PR?_ADCINIT?ADC                                 -----    -----      -----    -----      -----    -----
  +--> ?PR?_?SYS_ADC_DRV?ADC
  +--> ?PR?_?SYS_GET_KNEVENT?ADC
  +--> ?PR?_?SYS_GET_EXTADCEVENT?ADC

?PR?_?SYS_ADC_DRV?ADC                            -----    -----      -----    -----      -----    -----
  +--> ?CO?ADC

?PR?DISPLAYERINIT?DISPLAYER                      -----    -----      -----    -----      -----    -----
  +--> ?PR?_?SYS_DISPLAY_DRV?DISPLAYER

?PR?_?SYS_DISPLAY_DRV?DISPLAYER                  -----    -----      -----    -----      -----    -----
  +--> ?CO?DECODE_TABLE

?PR?KEYINIT?KEY                                  -----    -----      -----    -----      -----    -----
  +--> ?PR?_?SYS_GET_KEYEVENT?KEY
  +--> ?PR?_?SYS_KEY_DRV?KEY

?PR?_UART2INIT?UART2                             -----    -----      0008H    0005H      -----    -----
  +--> ?PR?_?NULLFUNC0?UART2
  +--> ?CO?CORE
  +--> ?PR?_?SYS_GET_UART2RXDEVENT?UART2

?PR?MYUART1INIT?MY_UART1                         -----    -----      -----    -----      -----    -----
  +--> ?PR?_UART1INIT?UART1
  +--> ?PR?UART1RXDCALLBACK?MY_UART1
  +--> ?PR?_SETEVENTCALLBACK?SYS
  +--> ?PR?_SETUART1RXD?UART1

?PR?_UART1INIT?UART1                             -----    -----      0008H    0004H      -----    -----
  +--> ?CO?CORE
  +--> ?PR?_?SYS_GET_UART1RXDEVENT?UART1

?PR?UART1RXDCALLBACK?MY_UART1                    -----    -----      -----    -----      -----    -----
  +--> ?PR?_STRCHR?STRCHR
  +--> ?PR?_PARSECOMMAND?MY_UART1
  +--> ?PR?MYUART1CLEARRXBUFFER?MY_UART1

?PR?_PARSECOMMAND?MY_UART1                       -----    -----      0008H    0005H      00D6H    0049H
BL51 BANKED LINKER/LOCATER V6.22.4.0                                                  09/18/2025  14:17:49  PAGE 7


  +--> ?PR?_STRLEN?STRLEN
  +--> ?CO?MY_UART1
  +--> ?PR?_ATOI?ATOI
  +--> ?PR?_STRTOK?STRTOK
  +--> ?PR?_NVTEMPTHRESHOLDUPDATE?NV_TEMP_TH...
  +--> ?PR?ONSPEEDCHANGE?TIME_MODULE

?PR?_ATOI?ATOI                                   0022H.2  0000H.1    000DH    0005H      -----    -----
  +--> ?PR?_ISSPACE?ISSPACE
  +--> ?PR?_ISDIGIT?ISDIGIT

?PR?_STRTOK?STRTOK                               -----    -----      000DH    0006H      -----    -----
  +--> ?PR?_STRSPN?STRSPN
  +--> ?PR?_STRPBRK?STRPBRK

?PR?_STRSPN?STRSPN                               -----    -----      0013H    0008H      -----    -----

?PR?_STRPBRK?STRPBRK                             -----    -----      0013H    0009H      -----    -----

?PR?_NVTEMPTHRESHOLDUPDATE?NV_TEMP_TH...         -----    -----      000DH    0001H      011FH    0001H
  +--> ?PR?NVTEMPTHRESHOLDINIT?NV_TEMP_THRES...
  +--> ?PR?_NVISVALIDTHRESHOLD?NV_TEMP_THRES...
  +--> ?PR?NVTEMPTHRESHOLDREAD?NV_TEMP_THRES...
  +--> ?PR?_NVTEMPTHRESHOLDWRITE?NV_TEMP_THR...

?PR?NVTEMPTHRESHOLDINIT?NV_TEMP_THRES...         -----    -----      000FH    0001H      0121H    0001H
  +--> ?PR?_M24C02_READ?M24C02
  +--> ?PR?_NVISVALIDTHRESHOLD?NV_TEMP_THRES...

?PR?_M24C02_READ?M24C02                          -----    -----      -----    -----      -----    -----
  +--> ?PR?START?M24C02
  +--> ?PR?RESPONS?M24C02
  +--> ?PR?_WRITEBYTE?M24C02
  +--> ?PR?READBYTE?M24C02
  +--> ?PR?STOP?M24C02

?PR?RESPONS?M24C02                               -----    -----      -----    -----      -----    -----
  +--> ?PR?_WRITEBYTE?M24C02

?PR?NVTEMPTHRESHOLDREAD?NV_TEMP_THRES...         -----    -----      -----    -----      0120H    0001H
  +--> ?PR?NVTEMPTHRESHOLDINIT?NV_TEMP_THRES...
  +--> ?PR?_M24C02_READ?M24C02
  +--> ?PR?_NVISVALIDTHRESHOLD?NV_TEMP_THRES...

?PR?_NVTEMPTHRESHOLDWRITE?NV_TEMP_THR...         -----    -----      000EH    0001H      -----    -----
  +--> ?PR?NVTEMPTHRESHOLDINIT?NV_TEMP_THRES...
  +--> ?PR?_NVISVALIDTHRESHOLD?NV_TEMP_THRES...
  +--> ?PR?_M24C02_WRITE?M24C02

?PR?_M24C02_WRITE?M24C02                         -----    -----      -----    -----      -----    -----
  +--> ?PR?START?M24C02
  +--> ?PR?_WRITEBYTE?M24C02
  +--> ?PR?RESPONS?M24C02
  +--> ?PR?STOP?M24C02

?PR?_SETEVENTCALLBACK?SYS                        -----    -----      0008H    0003H      -----    -----

BL51 BANKED LINKER/LOCATER V6.22.4.0                                                  09/18/2025  14:17:49  PAGE 8


?PR?_SETUART1RXD?UART1                           -----    -----      0008H    000AH      -----    -----

?PR?INITTRAINID?TRAIN_ID_MODULE                  -----    -----      -----    -----      -----    -----
  +--> ?PR?_M24C02_READ?M24C02

?PR?RADIO_INIT?RADIO_MODULE                      -----    -----      -----    -----      -----    -----
  +--> ?PR?FMRADIOINIT?FM_RADIO
  +--> ?PR?SETFMRADIO?FM_RADIO

?PR?FMRADIOINIT?FM_RADIO                         -----    -----      0008H    0006H      -----    -----
  +--> ?PR?SETFMRADIO?FM_RADIO
  +--> ?PR?_?SYS_FMRADIO_DRV?FM_RADIO

?PR?SETFMRADIO?FM_RADIO                          -----    -----      000EH    0006H      -----    -----
  +--> ?PR?GETFMRADIO?FM_RADIO

?PR?GETFMRADIO?FM_RADIO                          -----    -----      0014H    0006H      -----    -----

?PR?_?SYS_FMRADIO_DRV?FM_RADIO                   -----    -----      -----    -----      -----    -----
  +--> ?PR?IIC_RADIO_START?FM_RADIO
  +--> ?PR?_IIC_RADIO_WRITEBYTE?FM_RADIO
  +--> ?PR?IIC_RADIO_ACK?FM_RADIO
  +--> ?PR?IIC_RADIO_STOP?FM_RADIO

?PR?IIC_RADIO_START?FM_RADIO                     -----    -----      -----    -----      -----    -----
  +--> ?PR?_DELAY?FM_RADIO

?PR?_IIC_RADIO_WRITEBYTE?FM_RADIO                -----    -----      -----    -----      -----    -----
  +--> ?PR?_DELAY?FM_RADIO

?PR?IIC_RADIO_ACK?FM_RADIO                       -----    -----      -----    -----      -----    -----
  +--> ?PR?_DELAY?FM_RADIO

?PR?IIC_RADIO_STOP?FM_RADIO                      -----    -----      -----    -----      -----    -----
  +--> ?PR?_DELAY?FM_RADIO

?PR?MUSICPLAYERINIT?MUSIC                        -----    -----      -----    -----      -----    -----
  +--> ?PR?_?SYS_MUSIC_DRV?MUSIC

?PR?_?SYS_MUSIC_DRV?MUSIC                        -----    -----      -----    -----      -----    -----
  +--> ?PR?GETBEEPSTATUS?BEEP
  +--> ?PR?_SEG7PRINT?DISPLAYER
  +--> ?PR?_LEDPRINT?DISPLAYER
  +--> ?PR?_PLAYTONE?MUSIC

?PR?GETBEEPSTATUS?BEEP                           -----    -----      -----    -----      -----    -----
  +--> ?PR?GETBEEPTIMER?SYS

?PR?_SEG7PRINT?DISPLAYER                         -----    -----      0008H    0008H      -----    -----

?PR?_PLAYTONE?MUSIC                              -----    -----      0008H    0006H      -----    -----
  +--> ?PR?GETBEEPSTATUS?BEEP
  +--> ?CO?MUSIC
  +--> ?PR?_SETBEEP?BEEP

?PR?_SETBEEP?BEEP                                -----    -----      000EH    0004H      -----    -----
  +--> ?PR?GETBEEPTIMER?SYS
BL51 BANKED LINKER/LOCATER V6.22.4.0                                                  09/18/2025  14:17:49  PAGE 9


  +--> ?PR?_SETBEEPTIMER?SYS
  +--> ?CO?CORE
  +--> ?PR?_SETCCP0?SYS
  +--> ?PR?CLRBEEPPIN?SYS

?PR?SET_MUSIC?MUSIC_MODULE                       -----    -----      -----    -----      -----    -----
  +--> ?CO?MUSIC_MODULE
  +--> ?PR?_SETMUSIC?MUSIC

?PR?_SETMUSIC?MUSIC                              -----    -----      0008H    0008H      -----    -----

?PR?_SETUART2RXD?UART2                           -----    -----      0008H    000AH      -----    -----

?PR?MY1S_CALLBACK?CORE                           -----    -----      -----    -----      -----    -----
  +--> ?PR?UPDATETIME?TIME_MODULE
  +--> ?PR?CHECKCOUNTDOWNEVENT?VOICE_MODULE
  +--> ?PR?UPDATETEMP?TEMP_MODULE
  +--> ?PR?IS_PLAY_MUSIC?MUSIC_MODULE
  +--> ?PR?MYUART1SENDCURRENTSTATUS?MY_UART1
  +--> ?PR?TEMP_CONTROLLED_MOTOR?TEMP_CONTRO...
  +--> ?PR?UPDATEREALTIMEPERSECOND?REAL_TIME...

?PR?UPDATETIME?TIME_MODULE                       -----    -----      -----    -----      -----    -----
  +--> ?PR?RESETTIMER?TIME_MODULE
  +--> ?CO?VOICE_MODULE
  +--> ?PR?_UART2PRINT?UART2

?PR?CHECKCOUNTDOWNEVENT?VOICE_MODULE             -----    -----      -----    -----      -----    -----
  +--> ?CO?VOICE_MODULE
  +--> ?PR?_UART2PRINT?UART2

?PR?UPDATETEMP?TEMP_MODULE                       -----    -----      -----    -----      -----    -----
  +--> ?PR?GETADC?ADC
  +--> ?CO?TEMP_MODULE

?PR?IS_PLAY_MUSIC?MUSIC_MODULE                   -----    -----      0008H    0001H      -----    -----
  +--> ?PR?GETPLAYERMODE?MUSIC
  +--> ?PR?_SETPLAYERMODE?MUSIC

?PR?MYUART1SENDCURRENTSTATUS?MY_UART1            -----    -----      -----    -----      00D6H    0002H
  +--> ?PR?GETUART1TXSTATUS?UART1
  +--> ?CO?MY_UART1
  +--> ?PR?_STRLEN?STRLEN
  +--> ?PR?_MY_UTOA?MY_UART1
  +--> ?PR?_UART1PRINT?UART1

?PR?_MY_UTOA?MY_UART1                            -----    -----      0008H    0003H      00D8H    0012H

?PR?TEMP_CONTROLLED_MOTOR?TEMP_CONTRO...         -----    -----      -----    -----      -----    -----
  +--> ?PR?_SETPWM?EXT

?PR?_SETPWM?EXT                                  -----    -----      0008H    0004H      -----    -----

?PR?MY100MS_CALLBACK?CORE                        -----    -----      -----    -----      -----    -----
  +--> ?PR?SHOWSTATUS?NAV_HANDLER

?PR?SHOWSTATUS?NAV_HANDLER                       -----    -----      -----    -----      -----    -----
BL51 BANKED LINKER/LOCATER V6.22.4.0                                                  09/18/2025  14:17:49  PAGE 10


  +--> ?PR?SHOWTIME?TIME_MODULE
  +--> ?PR?SHOWTEMP?TEMP_MODULE
  +--> ?PR?SHOWSPEED?SPEED_MODULE
  +--> ?PR?SHOWMODE?TIME_MODULE
  +--> ?PR?SHOWREALTIME?REAL_TIME_MODULE

?PR?SHOWTIME?TIME_MODULE                         -----    -----      -----    -----      -----    -----
  +--> ?PR?_SEG7PRINT?DISPLAYER

?PR?SHOWTEMP?TEMP_MODULE                         -----    -----      -----    -----      -----    -----
  +--> ?PR?_SEG7PRINT?DISPLAYER

?PR?SHOWSPEED?SPEED_MODULE                       -----    -----      -----    -----      -----    -----
  +--> ?PR?_SEG7PRINT?DISPLAYER

?PR?SHOWMODE?TIME_MODULE                         -----    -----      -----    -----      -----    -----
  +--> ?PR?_SEG7PRINT?DISPLAYER

?PR?SHOWREALTIME?REAL_TIME_MODULE                -----    -----      -----    -----      -----    -----
  +--> ?PR?_SEG7PRINT?DISPLAYER

?PR?NAVHANDLER?NAV_HANDLER                       -----    -----      -----    -----      00D6H    0004H
  +--> ?PR?_GETADCNAVACT?ADC
  +--> ?PR?SETFMRADIO?FM_RADIO

?PR?MYSTC_INIT?SYS                               -----    -----      -----    -----      -----    -----
  +--> ?PR?SYS_TIMER0_INIT?SYS

?PR?SYS_TIMER0_INIT?SYS                          -----    -----      -----    -----      -----    -----
  +--> ?CO?CORE

?PR?MYSTC_OS?SYS                                 -----    -----      -----    -----      -----    -----
  +--> ?PR?SYS_TASK_IR?SYS
  +--> ?PR?SYS_TASK_1MS?SYS
  +--> ?PR?SYS_TASK_10MS?SYS
  +--> ?PR?SYS_TASK_100MS?SYS
  +--> ?PR?SYS_TASK_1S?SYS

?C_INITSEG                                       -----    -----      -----    -----      -----    -----
  +--> ?PR?_?NULLFUNC?SYS
  +--> ?PR?_?RET0FUNC?SYS



SYMBOL TABLE OF MODULE:  .\output\BSP_Demo (MAIN)

  VALUE           TYPE          NAME
  ----------------------------------

  -------         MODULE        MAIN
  C:0000H         SYMBOL        _ICE_DUMMY_
  D:0080H         PUBLIC        P0
  D:0090H         PUBLIC        P1
  D:00A0H         PUBLIC        P2
  D:00B0H         PUBLIC        P3
  D:00C0H         PUBLIC        P4
  D:00C8H         PUBLIC        P5
BL51 BANKED LINKER/LOCATER V6.22.4.0                                                  09/18/2025  14:17:49  PAGE 11


  D:00E8H         PUBLIC        P6
  D:00F8H         PUBLIC        P7
  D:00A8H         PUBLIC        IE
  D:00B8H         PUBLIC        IP
  D:00D8H         PUBLIC        CCON
  C:2DB8H         PUBLIC        main
  D:0098H         PUBLIC        SCON
  D:0088H         PUBLIC        TCON
  D:00D0H         PUBLIC        PSW
  -------         PROC          MAIN
  C:2DB8H         LINE#         3
  C:2DB8H         LINE#         4
  C:2DBDH         LINE#         5
  C:2DC0H         LINE#         6
  C:2DC3H         LINE#         8
  C:2DCAH         LINE#         9
  C:2DD6H         LINE#         10
  C:2DD9H         LINE#         11
  C:2DDCH         LINE#         13
  C:2DDFH         LINE#         14
  C:2DE2H         LINE#         17
  C:2DE5H         LINE#         18
  C:2DE8H         LINE#         19
  C:2DEBH         LINE#         20
  C:2E05H         LINE#         21
  C:2E10H         LINE#         22
  C:2E1BH         LINE#         23
  C:2E26H         LINE#         24
  C:2E31H         LINE#         25
  C:2E34H         LINE#         27
  C:2E34H         LINE#         28
  C:2E37H         LINE#         29
  -------         ENDPROC       MAIN
  -------         ENDMOD        MAIN

  -------         MODULE        ADC
  C:0000H         SYMBOL        _ICE_DUMMY_
  D:0080H         PUBLIC        P0
  D:0090H         PUBLIC        P1
  D:00A0H         PUBLIC        P2
  C:3DCCH         PUBLIC        _?sys_get_KNEvent
  D:0047H         PUBLIC        sys_EXTADCEvent
  D:00B0H         PUBLIC        P3
  D:00C0H         PUBLIC        P4
  D:00C8H         PUBLIC        P5
  D:00E8H         PUBLIC        P6
  D:00F8H         PUBLIC        P7
  B:00A8H.5       PUBLIC        EADC
  D:00A8H         PUBLIC        IE
  D:00BDH         PUBLIC        ADC_RES
  D:00B8H         PUBLIC        IP
  D:0097H         PUBLIC        CLK_DIV
  C:3902H         PUBLIC        _AdcInit
  D:00D8H         PUBLIC        CCON
  C:3DDAH         PUBLIC        _?sys_get_EXTADCEvent
  X:0124H         PUBLIC        AD_res
  D:00BCH         PUBLIC        ADC_CONTR
BL51 BANKED LINKER/LOCATER V6.22.4.0                                                  09/18/2025  14:17:49  PAGE 12


  D:0098H         PUBLIC        SCON
  D:0088H         PUBLIC        TCON
  C:1B59H         PUBLIC        _?sys_ADC_drv
  B:0021H.7       PUBLIC        flag_ADC
  X:012EH         PUBLIC        sys_KN
  D:009DH         PUBLIC        P1ASF
  D:0048H         PUBLIC        sys_KNEvent
  D:00BEH         PUBLIC        ADC_RESL
  C:0003H         PUBLIC        GetADC
  C:35A4H         PUBLIC        _GetAdcNavAct
  C:3E6EH         PUBLIC        ADC_isr
  D:00D0H         PUBLIC        PSW
  -------         PROC          ADC_ISR
  C:3E6EH         LINE#         26
  C:3E6EH         LINE#         27
  C:3E71H         LINE#         28
  C:3E73H         LINE#         29
  -------         ENDPROC       ADC_ISR
  -------         PROC          _?SYS_ADC_DRV
  -------         DO            
  X:0122H         SYMBOL        pc
  X:0123H         SYMBOL        counter
  i:0000H         SYMBOL        i
  C:3E3AH         SYMBOL        ADC_ch
  -------         ENDDO         
  C:1B59H         LINE#         31
  C:1B5BH         LINE#         35
  C:1B61H         LINE#         36
  C:1B63H         LINE#         37
  C:1B91H         LINE#         38
  C:1B91H         LINE#         39
  C:1B91H         LINE#         40
  C:1BA1H         LINE#         41
  C:1BA3H         LINE#         42
  C:1BA3H         LINE#         43
  C:1BA3H         LINE#         44
  C:1BB7H         LINE#         45
  C:1BBAH         LINE#         46
  C:1BBDH         LINE#         47
  C:1BCDH         LINE#         48
  C:1BCFH         LINE#         49
  C:1BE3H         LINE#         50
  C:1BE6H         LINE#         51
  C:1BFAH         LINE#         52
  C:1C0DH         LINE#         53
  C:1C25H         LINE#         54
  C:1C30H         LINE#         55
  C:1C33H         LINE#         56
  C:1C43H         LINE#         57
  C:1C57H         LINE#         58
  C:1C6CH         LINE#         59
  C:1C7DH         LINE#         60
  C:1C7FH         LINE#         61
  C:1C7FH         LINE#         62
  C:1C81H         LINE#         64
  C:1C98H         LINE#         65
  C:1CA9H         LINE#         66
BL51 BANKED LINKER/LOCATER V6.22.4.0                                                  09/18/2025  14:17:49  PAGE 13


  C:1CACH         LINE#         67
  C:1CACH         LINE#         68
  C:1CACH         LINE#         69
  C:1CCFH         LINE#         70
  C:1CE0H         LINE#         71
  C:1CE4H         LINE#         72
  C:1CE4H         LINE#         73
  C:1CE4H         LINE#         74
  C:1CEAH         LINE#         75
  C:1CEAH         LINE#         76
  C:1CEAH         LINE#         77
  C:1CF6H         LINE#         78
  C:1D02H         LINE#         79
  C:1D02H         LINE#         80
  -------         ENDPROC       _?SYS_ADC_DRV
  -------         PROC          _?SYS_GET_KNEVENT
  -------         DO            
  i:0000H         SYMBOL        a
  -------         ENDDO         
  C:3DCCH         LINE#         82
  C:3DCEH         LINE#         84
  C:3DD2H         LINE#         85
  C:3DD5H         LINE#         86
  C:3DD7H         LINE#         87
  -------         ENDPROC       _?SYS_GET_KNEVENT
  -------         PROC          _?SYS_GET_EXTADCEVENT
  -------         DO            
  i:0000H         SYMBOL        a
  -------         ENDDO         
  C:3DDAH         LINE#         89
  C:3DDCH         LINE#         91
  C:3DE0H         LINE#         92
  C:3DE3H         LINE#         93
  C:3DE5H         LINE#         94
  -------         ENDPROC       _?SYS_GET_EXTADCEVENT
  -------         PROC          _ADCINIT
  D:0007H         SYMBOL        ADCsel
  C:3902H         LINE#         96
  C:3902H         LINE#         97
  C:3902H         LINE#         98
  C:3904H         LINE#         99
  C:3907H         LINE#         100
  C:390AH         LINE#         101
  C:390CH         LINE#         102
  C:391AH         LINE#         103
  C:3926H         LINE#         104
  C:3932H         LINE#         105
  -------         ENDPROC       _ADCINIT
  -------         PROC          GETADC
  C:0003H         LINE#         107
  C:0003H         LINE#         108
  C:0009H         LINE#         109
  -------         ENDPROC       GETADC
  -------         PROC          _GETADCNAVACT
  D:0007H         SYMBOL        Nav_button
  -------         DO            
  D:0006H         SYMBOL        a
BL51 BANKED LINKER/LOCATER V6.22.4.0                                                  09/18/2025  14:17:49  PAGE 14


  -------         ENDDO         
  C:35A4H         LINE#         111
  C:35A4H         LINE#         112
  C:35A4H         LINE#         113
  C:35B4H         LINE#         114
  C:35CFH         LINE#         115
  C:35E4H         LINE#         116
  C:35E7H         LINE#         117
  C:35E7H         LINE#         118
  C:35E9H         LINE#         119
  -------         ENDPROC       _GETADCNAVACT
  -------         ENDMOD        ADC

  -------         MODULE        DISPLAYER
  C:0000H         SYMBOL        _ICE_DUMMY_
  D:0093H         PUBLIC        P0M1
  D:0096H         PUBLIC        P2M0
  D:0080H         PUBLIC        P0
  D:0095H         PUBLIC        P2M1
  D:0090H         PUBLIC        P1
  D:00A0H         PUBLIC        P2
  D:00B0H         PUBLIC        P3
  D:00C0H         PUBLIC        P4
  D:00C8H         PUBLIC        P5
  D:00E8H         PUBLIC        P6
  D:00F8H         PUBLIC        P7
  D:00A8H         PUBLIC        IE
  D:00B8H         PUBLIC        IP
  D:00D8H         PUBLIC        CCON
  C:3E74H         PUBLIC        _LedPrint
  B:00A0H.0       PUBLIC        P20
  B:00A0H.1       PUBLIC        P21
  D:0098H         PUBLIC        SCON
  B:00A0H.2       PUBLIC        P22
  D:0088H         PUBLIC        TCON
  B:00A0H.3       PUBLIC        P23
  C:3C70H         PUBLIC        DisplayerInit
  X:01A0H         PUBLIC        sys_Disp
  C:3E43H         PUBLIC        _SetDisplayerArea
  C:3BBFH         PUBLIC        _Seg7Print
  C:2287H         PUBLIC        _?sys_display_drv
  D:00D0H         PUBLIC        PSW
  D:0094H         PUBLIC        P0M0
  -------         PROC          _?SYS_DISPLAY_DRV
  C:2287H         LINE#         16
  C:2287H         LINE#         18
  C:228AH         LINE#         19
  C:22B3H         LINE#         20
  C:22B9H         LINE#         21
  C:22BFH         LINE#         22
  C:22C5H         LINE#         23
  C:22CBH         LINE#         24
  C:22D5H         LINE#         25
  C:22DFH         LINE#         26
  C:22E9H         LINE#         27
  C:22F3H         LINE#         28
  C:22F5H         LINE#         29
BL51 BANKED LINKER/LOCATER V6.22.4.0                                                  09/18/2025  14:17:49  PAGE 15


  C:22F5H         LINE#         30
  C:22FDH         LINE#         31
  C:2326H         LINE#         33
  C:2341H         LINE#         34
  C:2344H         LINE#         35
  C:2344H         LINE#         36
  C:235BH         LINE#         37
  C:2367H         LINE#         39
  C:236FH         LINE#         40
  -------         ENDPROC       _?SYS_DISPLAY_DRV
  -------         PROC          DISPLAYERINIT
  C:3C70H         LINE#         42
  C:3C70H         LINE#         43
  C:3C70H         LINE#         44
  C:3C73H         LINE#         45
  C:3C76H         LINE#         46
  C:3C79H         LINE#         47
  C:3C7CH         LINE#         48
  C:3C8AH         LINE#         49
  -------         ENDPROC       DISPLAYERINIT
  -------         PROC          _SETDISPLAYERAREA
  D:0007H         SYMBOL        Begin_of_scan
  D:0005H         SYMBOL        Ending_of_Scan
  C:3E43H         LINE#         51
  C:3E43H         LINE#         52
  C:3E48H         LINE#         53
  C:3E4BH         LINE#         54
  -------         ENDPROC       _SETDISPLAYERAREA
  -------         PROC          _SEG7PRINT
  D:0007H         SYMBOL        d0
  D:0005H         SYMBOL        d1
  D:0003H         SYMBOL        d2
  D:000BH         SYMBOL        d3
  D:000CH         SYMBOL        d4
  D:000DH         SYMBOL        d5
  D:000EH         SYMBOL        d6
  D:000FH         SYMBOL        d7
  C:3BBFH         LINE#         56
  C:3BBFH         LINE#         57
  C:3BC4H         LINE#         58
  C:3BC7H         LINE#         59
  C:3BCAH         LINE#         60
  C:3BCEH         LINE#         61
  C:3BD2H         LINE#         62
  C:3BD6H         LINE#         63
  C:3BDAH         LINE#         64
  C:3BDEH         LINE#         65
  -------         ENDPROC       _SEG7PRINT
  -------         PROC          _LEDPRINT
  D:0007H         SYMBOL        led_val
  C:3E74H         LINE#         67
  C:3E74H         LINE#         68
  C:3E79H         LINE#         69
  -------         ENDPROC       _LEDPRINT
  -------         ENDMOD        DISPLAYER

  -------         MODULE        KEY
BL51 BANKED LINKER/LOCATER V6.22.4.0                                                  09/18/2025  14:17:49  PAGE 16


  C:0000H         SYMBOL        _ICE_DUMMY_
  D:0080H         PUBLIC        P0
  D:0090H         PUBLIC        P1
  D:00A0H         PUBLIC        P2
  D:00B0H         PUBLIC        P3
  D:00C0H         PUBLIC        P4
  D:00C8H         PUBLIC        P5
  D:00E8H         PUBLIC        P6
  D:00F8H         PUBLIC        P7
  D:00A8H         PUBLIC        IE
  D:001FH         PUBLIC        sys_keyEvent
  D:00B8H         PUBLIC        IP
  D:00D8H         PUBLIC        CCON
  C:3DE8H         PUBLIC        _?sys_get_keyEvent
  D:0098H         PUBLIC        SCON
  D:0088H         PUBLIC        TCON
  C:1F5BH         PUBLIC        _?sys_key_drv
  C:3BFFH         PUBLIC        KeyInit
  B:00B0H.2       PUBLIC        IO_Key1
  B:00B0H.3       PUBLIC        IO_Key2
  B:0090H.7       PUBLIC        IO_Key3
  C:36F9H         PUBLIC        _GetKeyAct
  X:01B8H         PUBLIC        sys_Key
  D:00D0H         PUBLIC        PSW
  -------         PROC          _?SYS_KEY_DRV
  -------         DO            
  i:0000H         SYMBOL        i
  X:01B7H         SYMBOL        counter
  -------         ENDDO         
  C:1F5BH         LINE#         28
  C:1F5DH         LINE#         31
  C:1F66H         LINE#         32
  C:1F6FH         LINE#         33
  C:1F78H         LINE#         34
  C:1F83H         LINE#         35
  C:1F86H         LINE#         36
  C:1F98H         LINE#         37
  C:1FB6H         LINE#         38
  C:1FCFH         LINE#         39
  C:1FEBH         LINE#         40
  C:1FEDH         LINE#         41
  C:1FEDH         LINE#         42
  C:1FEFH         LINE#         44
  C:2010H         LINE#         45
  C:2026H         LINE#         46
  C:2029H         LINE#         47
  C:2029H         LINE#         48
  C:2029H         LINE#         49
  C:205CH         LINE#         50
  C:2077H         LINE#         51
  C:207BH         LINE#         52
  C:207BH         LINE#         53
  -------         ENDPROC       _?SYS_KEY_DRV
  -------         PROC          _?SYS_GET_KEYEVENT
  -------         DO            
  i:0000H         SYMBOL        a
  -------         ENDDO         
BL51 BANKED LINKER/LOCATER V6.22.4.0                                                  09/18/2025  14:17:49  PAGE 17


  C:3DE8H         LINE#         55
  C:3DEAH         LINE#         57
  C:3DEEH         LINE#         58
  C:3DF1H         LINE#         59
  C:3DF3H         LINE#         60
  -------         ENDPROC       _?SYS_GET_KEYEVENT
  -------         PROC          KEYINIT
  C:3BFFH         LINE#         62
  C:3BFFH         LINE#         63
  C:3BFFH         LINE#         64
  C:3C0DH         LINE#         65
  C:3C1BH         LINE#         66
  -------         ENDPROC       KEYINIT
  -------         PROC          _GETKEYACT
  D:0007H         SYMBOL        Key
  -------         DO            
  D:0006H         SYMBOL        a
  -------         ENDDO         
  C:36F9H         LINE#         68
  C:36F9H         LINE#         69
  C:36F9H         LINE#         70
  C:3703H         LINE#         71
  C:371EH         LINE#         72
  C:3733H         LINE#         73
  C:3736H         LINE#         74
  C:3736H         LINE#         75
  C:3738H         LINE#         76
  -------         ENDPROC       _GETKEYACT
  -------         ENDMOD        KEY

  -------         MODULE        SYS
  C:0000H         SYMBOL        _ICE_DUMMY_
  X:0000H         PUBLIC        count_1mS
  B:00D8H.2       PUBLIC        CCF2
  D:0080H         PUBLIC        P0
  B:0020H.1       PUBLIC        flag_1S
  D:0090H         PUBLIC        P1
  D:00A0H         PUBLIC        P2
  D:00B0H         PUBLIC        P3
  D:00C0H         PUBLIC        P4
  X:0001H         PUBLIC        T1
  D:00C8H         PUBLIC        P5
  X:0003H         PUBLIC        T2
  B:00A8H.7       PUBLIC        EA
  D:00E8H         PUBLIC        P6
  D:00F8H         PUBLIC        P7
  D:0024H         PUBLIC        IrDatNum
  B:00D8H.7       PUBLIC        CF
  B:0020H.2       PUBLIC        Ir_Coder
  B:0020H.3       PUBLIC        Ir_RxBusy
  D:00A8H         PUBLIC        IE
  B:0020H.4       PUBLIC        Ir_TxBusy
  X:0005H         PUBLIC        userfunccall
  D:00FAH         PUBLIC        CCAP0H
  D:00FBH         PUBLIC        CCAP1H
  C:2D2DH         PUBLIC        sys_task_Ir
  D:0025H         PUBLIC        IrCount_j
BL51 BANKED LINKER/LOCATER V6.22.4.0                                                  09/18/2025  14:17:49  PAGE 18


  D:0026H         PUBLIC        IrRx_count
  D:0027H         PUBLIC        IrProtocol
  D:00EAH         PUBLIC        CCAP0L
  D:0028H         PUBLIC        IrTx_count
  D:00EBH         PUBLIC        CCAP1L
  D:00DAH         PUBLIC        CCAPM0
  D:00DBH         PUBLIC        CCAPM1
  D:0029H         PUBLIC        MainLoops
  D:00B8H         PUBLIC        IP
  B:00D0H.7       PUBLIC        CY
  B:0020H.5       PUBLIC        flag_10mS
  D:00D8H         PUBLIC        CCON
  C:3E4CH         PUBLIC        GetBeepTimer
  C:3425H         PUBLIC        sys_Timer0_isr
  C:2EB9H         PUBLIC        _SetEventCallBack
  C:3E7AH         PUBLIC        MySTC_Init
  C:3739H         PUBLIC        sys_task_100mS
  D:002DH         PUBLIC        ModBus_interval_time
  C:003EH         PUBLIC        _?ret0func
  C:33D2H         PUBLIC        GetUltraSonic
  X:0029H         PUBLIC        count_10mS
  X:002AH         PUBLIC        stcDrivers
  C:3E55H         PUBLIC        _SetBeepTimer
  B:0020H.6       PUBLIC        flag_IrRxFinished
  D:0098H         PUBLIC        SCON
  C:3D3FH         PUBLIC        _SetCCP0
  C:3778H         PUBLIC        MySTC_OS
  D:0089H         PUBLIC        TMOD
  D:0088H         PUBLIC        TCON
  B:0020H.7       PUBLIC        flag_Ir
  B:00B0H.5       PUBLIC        P35
  D:002EH         PUBLIC        IrRxNum
  X:0060H         PUBLIC        SysPerformance
  D:008EH         PUBLIC        AUXR
  C:271AH         PUBLIC        sys_CCP_isr
  C:219AH         PUBLIC        sys_task_1mS
  B:00A8H.1       PUBLIC        ET0
  C:3E8CH         PUBLIC        ClrBeepPin
  D:008CH         PUBLIC        TH0
  B:0021H.0       PUBLIC        flag_100mS
  X:0065H         PUBLIC        distance
  D:008AH         PUBLIC        TL0
  D:002FH         PUBLIC        PollingMisses
  X:0067H         PUBLIC        sys_BP
  B:0088H.4       PUBLIC        TR0
  C:39C4H         PUBLIC        sys_task_1S
  C:3E67H         PUBLIC        GetSysPerformance
  B:0021H.1       PUBLIC        matchModBus
  X:006DH         PUBLIC        count_100mS
  B:0021H.2       PUBLIC        Ir_BitBusy
  D:0030H         PUBLIC        IrDat_count
  D:0031H         PUBLIC        IrMute_count
  B:0021H.3       PUBLIC        newFrame1
  C:355DH         PUBLIC        sys_Timer0_Init
  B:0021H.4       PUBLIC        newFrame2
  D:0032H         PUBLIC        IrDataPc
  C:000AH         PUBLIC        _?nullfunc
BL51 BANKED LINKER/LOCATER V6.22.4.0                                                  09/18/2025  14:17:49  PAGE 19


  B:0021H.5       PUBLIC        flag_1mS
  B:0021H.6       PUBLIC        newUS
  D:008FH         PUBLIC        INT_CLKO
  C:2B7EH         PUBLIC        sys_task_10mS
  D:00D0H         PUBLIC        PSW
  B:00D8H.0       PUBLIC        CCF0
  B:00B0H.4       PUBLIC        Beep
  B:00D8H.1       PUBLIC        CCF1
  -------         PROC          _?NULLFUNC
  C:000AH         LINE#         13
  -------         ENDPROC       _?NULLFUNC
  -------         PROC          _?RET0FUNC
  C:003EH         LINE#         14
  -------         ENDPROC       _?RET0FUNC
  -------         PROC          SYS_TIMER0_INIT
  C:355DH         LINE#         96
  C:355DH         LINE#         97
  C:3560H         LINE#         98
  C:3563H         LINE#         99
  C:3579H         LINE#         100
  C:359FH         LINE#         101
  C:35A1H         LINE#         102
  C:35A3H         LINE#         103
  -------         ENDPROC       SYS_TIMER0_INIT
  -------         PROC          SYS_TIMER0_ISR
  -------         DO            
  D:0023H         SYMBOL        i
  -------         ENDDO         
  C:3425H         LINE#         105
  C:3429H         LINE#         107
  C:342CH         LINE#         108
  C:342FH         LINE#         109
  C:3434H         LINE#         110
  C:3436H         LINE#         111
  C:3436H         LINE#         112
  C:343CH         LINE#         113
  C:3442H         LINE#         114
  C:3445H         LINE#         115
  C:3447H         LINE#         116
  C:344AH         LINE#         117
  C:344EH         LINE#         118
  C:3450H         LINE#         119
  C:3453H         LINE#         120
  C:3455H         LINE#         122
  C:3458H         LINE#         123
  C:345AH         LINE#         124
  C:345FH         LINE#         125
  C:345FH         LINE#         126
  C:3461H         LINE#         128
  C:346AH         LINE#         129
  C:346CH         LINE#         130
  C:3472H         LINE#         131
  C:3472H         LINE#         132
  C:3472H         LINE#         133
  C:3472H         LINE#         134
  -------         ENDPROC       SYS_TIMER0_ISR
  -------         PROC          GETULTRASONIC
BL51 BANKED LINKER/LOCATER V6.22.4.0                                                  09/18/2025  14:17:49  PAGE 20


  -------         DO            
  D:0049H         SYMBOL        a
  -------         ENDDO         
  C:33D2H         LINE#         138
  C:33D2H         LINE#         139
  C:33D2H         LINE#         140
  C:33D5H         LINE#         141
  C:33D7H         LINE#         142
  C:33E6H         LINE#         143
  C:341CH         LINE#         144
  C:341CH         LINE#         145
  C:3424H         LINE#         146
  -------         ENDPROC       GETULTRASONIC
  -------         PROC          GETBEEPTIMER
  C:3E4CH         LINE#         148
  C:3E4CH         LINE#         149
  C:3E54H         LINE#         150
  -------         ENDPROC       GETBEEPTIMER
  -------         PROC          _SETBEEPTIMER
  D:0006H         SYMBOL        a
  C:3E55H         LINE#         152
  C:3E55H         LINE#         153
  C:3E5DH         LINE#         154
  -------         ENDPROC       _SETBEEPTIMER
  -------         PROC          _SETCCP0
  D:0006H         SYMBOL        step
  D:0004H         SYMBOL        next
  C:3D3FH         LINE#         156
  C:3D3FH         LINE#         157
  C:3D47H         LINE#         158
  C:3D4FH         LINE#         159
  -------         ENDPROC       _SETCCP0
  -------         PROC          CLRBEEPPIN
  C:3E8CH         LINE#         161
  C:3E8CH         LINE#         162
  C:3E8EH         LINE#         163
  -------         ENDPROC       CLRBEEPPIN
  -------         PROC          SYS_CCP_ISR
  -------         DO            
  B:0020H.0       SYMBOL        a
  -------         ENDDO         
  C:271AH         LINE#         165
  C:272DH         LINE#         167
  C:2734H         LINE#         168
  C:273BH         LINE#         169
  C:273EH         LINE#         170
  C:2740H         LINE#         171
  C:2750H         LINE#         172
  C:2757H         LINE#         173
  C:275AH         LINE#         174
  C:275CH         LINE#         175
  C:275EH         LINE#         177
  C:2772H         LINE#         178
  C:2775H         LINE#         179
  C:2777H         LINE#         180
  C:2779H         LINE#         181
  C:277BH         LINE#         183
BL51 BANKED LINKER/LOCATER V6.22.4.0                                                  09/18/2025  14:17:49  PAGE 21


  C:277BH         LINE#         184
  C:277EH         LINE#         185
  C:2780H         LINE#         186
  C:278AH         LINE#         187
  C:278CH         LINE#         188
  C:2795H         LINE#         189
  C:2798H         LINE#         190
  C:27AAH         LINE#         191
  C:27ACH         LINE#         193
  C:27AEH         LINE#         194
  C:27B1H         LINE#         195
  C:27B1H         LINE#         196
  C:27B1H         LINE#         197
  -------         ENDPROC       SYS_CCP_ISR
  -------         PROC          MYSTC_INIT
  C:3E7AH         LINE#         199
  C:3E7AH         LINE#         200
  C:3E7DH         LINE#         201
  C:3E7FH         LINE#         202
  -------         ENDPROC       MYSTC_INIT
  -------         PROC          SYS_TASK_IR
  -------         DO            
  D:0007H         SYMBOL        a
  -------         ENDDO         
  C:2D2DH         LINE#         204
  C:2D2DH         LINE#         205
  C:2D2DH         LINE#         206
  C:2D43H         LINE#         207
  C:2D4AH         LINE#         208
  C:2D4DH         LINE#         209
  C:2D50H         LINE#         210
  C:2D66H         LINE#         211
  C:2D76H         LINE#         212
  C:2D7EH         LINE#         213
  C:2D81H         LINE#         214
  C:2D83H         LINE#         216
  C:2D99H         LINE#         217
  C:2DADH         LINE#         218
  C:2DADH         LINE#         219
  C:2DAFH         LINE#         220
  C:2DB2H         LINE#         222
  C:2DB2H         LINE#         224
  C:2DB4H         LINE#         225
  C:2DB7H         LINE#         226
  C:2DB7H         LINE#         227
  -------         ENDPROC       SYS_TASK_IR
  -------         PROC          SYS_TASK_1MS
  C:219AH         LINE#         229
  C:219AH         LINE#         230
  C:21A2H         LINE#         231
  C:21A5H         LINE#         232
  C:21A7H         LINE#         233
  C:21AFH         LINE#         234
  C:21B2H         LINE#         235
  C:21B4H         LINE#         236
  C:21BCH         LINE#         237
  C:21BFH         LINE#         238
BL51 BANKED LINKER/LOCATER V6.22.4.0                                                  09/18/2025  14:17:49  PAGE 22


  C:21C1H         LINE#         239
  C:21C1H         LINE#         240
  C:21C1H         LINE#         241
  C:21C1H         LINE#         242
  C:21CDH         LINE#         243
  C:21D9H         LINE#         244
  C:21E5H         LINE#         245
  C:21F1H         LINE#         246
  C:21FDH         LINE#         247
  C:2209H         LINE#         248
  C:2224H         LINE#         249
  C:2233H         LINE#         250
  C:223FH         LINE#         251
  C:2241H         LINE#         252
  C:2241H         LINE#         253
  C:2248H         LINE#         254
  C:224BH         LINE#         255
  C:225AH         LINE#         256
  C:225CH         LINE#         257
  C:225CH         LINE#         258
  C:225EH         LINE#         260
  C:226DH         LINE#         261
  C:2279H         LINE#         262
  C:227BH         LINE#         263
  C:227BH         LINE#         264
  C:227BH         LINE#         265
  -------         ENDPROC       SYS_TASK_1MS
  -------         PROC          SYS_TASK_10MS
  C:2B7EH         LINE#         268
  C:2B7EH         LINE#         269
  C:2B8AH         LINE#         270
  C:2B96H         LINE#         271
  C:2BA2H         LINE#         272
  C:2BAEH         LINE#         273
  C:2BC9H         LINE#         274
  C:2BE4H         LINE#         275
  C:2BFFH         LINE#         276
  C:2C02H         LINE#         277
  C:2C04H         LINE#         278
  C:2C10H         LINE#         279
  C:2C10H         LINE#         280
  -------         ENDPROC       SYS_TASK_10MS
  -------         PROC          SYS_TASK_100MS
  C:3739H         LINE#         282
  C:3739H         LINE#         283
  C:3745H         LINE#         284
  C:3760H         LINE#         285
  C:376CH         LINE#         286
  -------         ENDPROC       SYS_TASK_100MS
  -------         PROC          SYS_TASK_1S
  C:39C4H         LINE#         289
  C:39C4H         LINE#         290
  C:39D2H         LINE#         291
  C:39D8H         LINE#         292
  C:39E1H         LINE#         293
  C:39E3H         LINE#         294
  -------         ENDPROC       SYS_TASK_1S
BL51 BANKED LINKER/LOCATER V6.22.4.0                                                  09/18/2025  14:17:49  PAGE 23


  -------         PROC          MYSTC_OS
  C:3778H         LINE#         297
  C:3778H         LINE#         298
  C:3780H         LINE#         299
  C:3788H         LINE#         300
  C:3790H         LINE#         301
  C:3798H         LINE#         302
  C:37A0H         LINE#         303
  C:37B5H         LINE#         306
  -------         ENDPROC       MYSTC_OS
  -------         PROC          _SETEVENTCALLBACK
  D:0007H         SYMBOL        event
  D:0008H         SYMBOL        user_callback
  C:2EB9H         LINE#         308
  C:2EBFH         LINE#         309
  C:2EF0H         LINE#         310
  C:2EF3H         LINE#         311
  C:2EF5H         LINE#         312
  C:2EF8H         LINE#         313
  C:2EFAH         LINE#         314
  C:2EFDH         LINE#         315
  C:2EFFH         LINE#         316
  C:2F02H         LINE#         317
  C:2F04H         LINE#         318
  C:2F07H         LINE#         319
  C:2F09H         LINE#         320
  C:2F0CH         LINE#         321
  C:2F0EH         LINE#         322
  C:2F11H         LINE#         323
  C:2F13H         LINE#         324
  C:2F16H         LINE#         325
  C:2F18H         LINE#         326
  C:2F1BH         LINE#         327
  C:2F1DH         LINE#         328
  C:2F20H         LINE#         329
  C:2F22H         LINE#         330
  C:2F25H         LINE#         331
  C:2F27H         LINE#         332
  C:2F35H         LINE#         333
  C:2F35H         LINE#         334
  C:2F35H         LINE#         335
  C:2F35H         LINE#         336
  -------         ENDPROC       _SETEVENTCALLBACK
  -------         PROC          GETSYSPERFORMANCE
  C:3E67H         LINE#         338
  C:3E67H         LINE#         339
  C:3E6DH         LINE#         340
  -------         ENDPROC       GETSYSPERFORMANCE
  -------         ENDMOD        SYS

  -------         MODULE        MUSIC
  C:0000H         SYMBOL        _ICE_DUMMY_
  D:0080H         PUBLIC        P0
  D:0090H         PUBLIC        P1
  D:00A0H         PUBLIC        P2
  D:00B0H         PUBLIC        P3
  D:00C0H         PUBLIC        P4
BL51 BANKED LINKER/LOCATER V6.22.4.0                                                  09/18/2025  14:17:49  PAGE 24


  D:00C8H         PUBLIC        P5
  D:00E8H         PUBLIC        P6
  D:00F8H         PUBLIC        P7
  C:3D90H         PUBLIC        MusicPlayerInit
  D:00A8H         PUBLIC        IE
  C:0D78H         PUBLIC        _?sys_music_drv
  D:00B8H         PUBLIC        IP
  C:3E80H         PUBLIC        GetPlayerMode
  X:0193H         PUBLIC        music
  D:00D8H         PUBLIC        CCON
  C:3A44H         PUBLIC        _SetPlayerMode
  C:2670H         PUBLIC        _PlayTone
  C:3324H         PUBLIC        _SetMusic
  D:0098H         PUBLIC        SCON
  D:0088H         PUBLIC        TCON
  B:0022H.0       PUBLIC        beat_dir
  D:00D0H         PUBLIC        PSW
  -------         PROC          _PLAYTONE
  D:0008H         SYMBOL        tone
  D:0009H         SYMBOL        beatsPM
  D:000AH         SYMBOL        scale
  D:000BH         SYMBOL        beats
  -------         DO            
  D:000CH         SYMBOL        freq
  D:0004H         SYMBOL        playtime
  C:1E35H         SYMBOL        sound_freq
  -------         ENDDO         
  C:2670H         LINE#         22
  C:2676H         LINE#         23
  C:2676H         LINE#         34
  C:267FH         LINE#         35
  C:26B4H         LINE#         36
  C:26B7H         LINE#         37
  C:26F8H         LINE#         38
  C:26FDH         LINE#         39
  C:2712H         LINE#         40
  C:2719H         LINE#         41
  C:2719H         LINE#         42
  -------         ENDPROC       _PLAYTONE
  -------         PROC          _?SYS_MUSIC_DRV
  -------         DO            
  i:0000H         SYMBOL        a
  i:0001H         SYMBOL        b
  X:0190H         SYMBOL        scale
  X:0191H         SYMBOL        repeat_pt
  -------         ENDDO         
  C:0D78H         LINE#         44
  C:0D7CH         LINE#         48
  C:0D9DH         LINE#         49
  C:0DA1H         LINE#         50
  C:0DABH         LINE#         52
  C:0DABH         LINE#         54
  C:0DC7H         LINE#         55
  C:0E05H         LINE#         56
  C:0E24H         LINE#         57
  C:0E36H         LINE#         58
  C:0E4BH         LINE#         59
BL51 BANKED LINKER/LOCATER V6.22.4.0                                                  09/18/2025  14:17:49  PAGE 25


  C:0E62H         LINE#         60
  C:0E8EH         LINE#         61
  C:0EB1H         LINE#         62
  C:0EB9H         LINE#         63
  C:0EBBH         LINE#         64
  C:0EC2H         LINE#         65
  C:0EC2H         LINE#         67
  C:0EDAH         LINE#         68
  C:0EE3H         LINE#         69
  C:0F05H         LINE#         70
  C:0F22H         LINE#         71
  C:0F43H         LINE#         72
  C:0F51H         LINE#         73
  C:0F53H         LINE#         74
  C:0F74H         LINE#         75
  C:0F82H         LINE#         76
  C:0F85H         LINE#         77
  C:0F85H         LINE#         78
  C:0F85H         LINE#         79
  C:0F85H         LINE#         80
  C:0FA6H         LINE#         81
  C:0FA9H         LINE#         82
  C:0FBCH         LINE#         83
  C:0FBFH         LINE#         84
  C:0FDCH         LINE#         85
  C:0FEAH         LINE#         86
  C:0FEDH         LINE#         87
  C:0FFBH         LINE#         88
  C:0FFEH         LINE#         89
  C:0FFEH         LINE#         90
  C:0FFEH         LINE#         91
  C:1013H         LINE#         92
  C:1034H         LINE#         93
  C:1061H         LINE#         94
  C:1061H         LINE#         95
  C:1061H         LINE#         96
  C:1063H         LINE#         98
  C:1069H         LINE#         100
  C:1069H         LINE#         101
  -------         ENDPROC       _?SYS_MUSIC_DRV
  -------         PROC          MUSICPLAYERINIT
  C:3D90H         LINE#         103
  C:3D90H         LINE#         104
  C:3D90H         LINE#         105
  C:3D9EH         LINE#         106
  -------         ENDPROC       MUSICPLAYERINIT
  -------         PROC          _SETMUSIC
  D:0007H         SYMBOL        beatsPM
  D:0005H         SYMBOL        tone
  D:0001H         SYMBOL        pt
  D:000DH         SYMBOL        datasize
  D:000FH         SYMBOL        display
  C:3324H         LINE#         108
  C:3324H         LINE#         109
  C:332BH         LINE#         110
  C:3332H         LINE#         111
  C:3336H         LINE#         112
BL51 BANKED LINKER/LOCATER V6.22.4.0                                                  09/18/2025  14:17:49  PAGE 26


  C:3338H         LINE#         113
  C:3338H         LINE#         114
  C:333FH         LINE#         115
  C:3346H         LINE#         116
  C:3360H         LINE#         117
  C:336BH         LINE#         118
  C:3373H         LINE#         119
  C:3373H         LINE#         120
  C:337BH         LINE#         122
  -------         ENDPROC       _SETMUSIC
  -------         PROC          _SETPLAYERMODE
  D:0007H         SYMBOL        play_ctrl
  C:3A44H         LINE#         124
  C:3A44H         LINE#         125
  C:3A66H         LINE#         126
  C:3A6BH         LINE#         127
  -------         ENDPROC       _SETPLAYERMODE
  -------         PROC          GETPLAYERMODE
  C:3E80H         LINE#         129
  C:3E80H         LINE#         130
  C:3E85H         LINE#         131
  -------         ENDPROC       GETPLAYERMODE
  -------         ENDMOD        MUSIC

  -------         MODULE        UART2
  C:0000H         SYMBOL        _ICE_DUMMY_
  D:004BH         PUBLIC        ModBus_Interval_Min
  D:0080H         PUBLIC        P0
  C:17C0H         PUBLIC        Uart2_isr
  D:0090H         PUBLIC        P1
  D:00A0H         PUBLIC        P2
  D:00B0H         PUBLIC        P3
  D:00C0H         PUBLIC        P4
  D:00C8H         PUBLIC        P5
  D:00E8H         PUBLIC        P6
  D:00F8H         PUBLIC        P7
  D:00BAH         PUBLIC        P_SW2
  D:00A8H         PUBLIC        IE
  D:00DBH         PUBLIC        CCAPM1
  D:00B8H         PUBLIC        IP
  C:002AH         PUBLIC        _?nullfunc0
  D:00D8H         PUBLIC        CCON
  C:3933H         PUBLIC        _SetUart2Rxd
  B:0090H.0       PUBLIC        P10
  B:0090H.1       PUBLIC        P11
  D:0098H         PUBLIC        SCON
  D:0088H         PUBLIC        TCON
  D:00AFH         PUBLIC        IE2
  D:008EH         PUBLIC        AUXR
  C:3E0EH         PUBLIC        GetUart2TxStatus
  D:00D6H         PUBLIC        T2H
  B:00B0H.7       PUBLIC        M485_TxEn
  D:00D7H         PUBLIC        T2L
  C:3995H         PUBLIC        _Uart2Print
  D:009BH         PUBLIC        S2BUF
  D:009AH         PUBLIC        S2CON
  C:250DH         PUBLIC        _Uart2Init
BL51 BANKED LINKER/LOCATER V6.22.4.0                                                  09/18/2025  14:17:49  PAGE 27


  D:004CH         PUBLIC        Uart2usage
  C:3D9FH         PUBLIC        _?sys_get_Uart2RxdEvent
  X:0140H         PUBLIC        com2
  D:00D0H         PUBLIC        PSW
  -------         PROC          UART2_ISR
  C:17C0H         LINE#         19
  C:17DDH         LINE#         20
  C:17E2H         LINE#         21
  C:17E5H         LINE#         22
  C:1819H         LINE#         24
  C:181EH         LINE#         25
  C:1824H         LINE#         26
  C:1824H         LINE#         27
  C:1824H         LINE#         29
  C:182CH         LINE#         30
  C:182FH         LINE#         31
  C:1832H         LINE#         32
  C:1834H         LINE#         33
  C:183BH         LINE#         34
  C:183DH         LINE#         35
  C:183DH         LINE#         36
  C:1846H         LINE#         37
  C:185AH         LINE#         38
  C:186EH         LINE#         39
  C:187DH         LINE#         40
  C:188BH         LINE#         41
  C:18BDH         LINE#         42
  C:18CBH         LINE#         43
  C:18CBH         LINE#         44
  C:18CEH         LINE#         45
  C:18D1H         LINE#         47
  C:18E5H         LINE#         48
  C:18F9H         LINE#         49
  C:1908H         LINE#         50
  C:1916H         LINE#         51
  C:194EH         LINE#         52
  C:195CH         LINE#         53
  C:195CH         LINE#         54
  C:1977H         LINE#         55
  C:1977H         LINE#         56
  C:1977H         LINE#         57
  -------         ENDPROC       UART2_ISR
  -------         PROC          _?SYS_GET_UART2RXDEVENT
  -------         DO            
  i:0000H         SYMBOL        a
  -------         ENDDO         
  C:3D9FH         LINE#         59
  C:3DA1H         LINE#         61
  C:3DA9H         LINE#         62
  C:3DABH         LINE#         63
  C:3DABH         LINE#         64
  -------         ENDPROC       _?SYS_GET_UART2RXDEVENT
  -------         PROC          _?NULLFUNC0
  C:002AH         LINE#         66
  -------         ENDPROC       _?NULLFUNC0
  -------         PROC          _UART2INIT
  D:0008H         SYMBOL        band
BL51 BANKED LINKER/LOCATER V6.22.4.0                                                  09/18/2025  14:17:49  PAGE 28


  D:000CH         SYMBOL        Uart2mode
  C:250DH         LINE#         68
  C:2515H         LINE#         69
  C:2515H         LINE#         72
  C:2518H         LINE#         73
  C:251EH         LINE#         74
  C:2521H         LINE#         75
  C:2525H         LINE#         76
  C:2533H         LINE#         77
  C:2536H         LINE#         78
  C:2538H         LINE#         79
  C:253AH         LINE#         80
  C:253CH         LINE#         82
  C:253EH         LINE#         83
  C:2552H         LINE#         84
  C:2559H         LINE#         85
  C:255CH         LINE#         86
  C:255CH         LINE#         88
  C:255FH         LINE#         89
  C:257EH         LINE#         90
  C:25ADH         LINE#         91
  C:25B0H         LINE#         92
  C:25B3H         LINE#         93
  C:25C1H         LINE#         94
  -------         ENDPROC       _UART2INIT
  -------         PROC          _SETUART2RXD
  D:0001H         SYMBOL        RxdPt
  D:0004H         SYMBOL        Nmax
  D:000DH         SYMBOL        matchhead
  D:0010H         SYMBOL        matchheadsize
  C:3933H         LINE#         96
  C:3933H         LINE#         97
  C:393EH         LINE#         98
  C:3944H         LINE#         99
  C:394EH         LINE#         100
  C:395CH         LINE#         101
  C:395EH         LINE#         102
  C:3963H         LINE#         103
  -------         ENDPROC       _SETUART2RXD
  -------         PROC          _UART2PRINT
  D:0001H         SYMBOL        pt
  D:0004H         SYMBOL        num
  C:3995H         LINE#         105
  C:3995H         LINE#         106
  C:399BH         LINE#         107
  C:39A6H         LINE#         108
  C:39ABH         LINE#         109
  C:39B1H         LINE#         110
  C:39B5H         LINE#         112
  C:39BBH         LINE#         113
  C:39BEH         LINE#         114
  C:39C1H         LINE#         115
  C:39C1H         LINE#         116
  C:39C3H         LINE#         117
  -------         ENDPROC       _UART2PRINT
  -------         PROC          GETUART2TXSTATUS
  C:3E0EH         LINE#         119
BL51 BANKED LINKER/LOCATER V6.22.4.0                                                  09/18/2025  14:17:49  PAGE 29


  C:3E0EH         LINE#         120
  C:3E16H         LINE#         121
  C:3E18H         LINE#         122
  -------         ENDPROC       GETUART2TXSTATUS
  -------         ENDMOD        UART2

  -------         MODULE        BEEP
  C:0000H         SYMBOL        _ICE_DUMMY_
  D:0080H         PUBLIC        P0
  D:00B2H         PUBLIC        P3M0
  D:0090H         PUBLIC        P1
  D:00B1H         PUBLIC        P3M1
  D:00A0H         PUBLIC        P2
  D:00B0H         PUBLIC        P3
  D:00C0H         PUBLIC        P4
  D:00C8H         PUBLIC        P5
  D:00E8H         PUBLIC        P6
  D:00F8H         PUBLIC        P7
  D:00F9H         PUBLIC        CH
  C:3A6CH         PUBLIC        _?sys_beep_drv
  D:00A8H         PUBLIC        IE
  D:00E9H         PUBLIC        CL
  C:3BDFH         PUBLIC        BeepInit
  B:00D8H.6       PUBLIC        CR
  D:00DAH         PUBLIC        CCAPM0
  D:00B8H         PUBLIC        IP
  D:00D9H         PUBLIC        CMOD
  D:00D8H         PUBLIC        CCON
  C:3DF6H         PUBLIC        GetBeepStatus
  C:2F36H         PUBLIC        _SetBeep
  D:0098H         PUBLIC        SCON
  D:0088H         PUBLIC        TCON
  D:00D0H         PUBLIC        PSW
  B:00D8H.0       PUBLIC        CCF0
  -------         PROC          _?SYS_BEEP_DRV
  -------         DO            
  i:0000H         SYMBOL        a
  -------         ENDDO         
  C:3A6CH         LINE#         11
  C:3A70H         LINE#         13
  C:3A7AH         LINE#         14
  C:3A8FH         LINE#         15
  -------         ENDPROC       _?SYS_BEEP_DRV
  -------         PROC          BEEPINIT
  C:3BDFH         LINE#         17
  C:3BDFH         LINE#         18
  C:3BDFH         LINE#         19
  C:3BE2H         LINE#         20
  C:3BE5H         LINE#         21
  C:3BE8H         LINE#         22
  C:3BEBH         LINE#         23
  C:3BEEH         LINE#         24
  C:3BF0H         LINE#         25
  C:3BFEH         LINE#         26
  -------         ENDPROC       BEEPINIT
  -------         PROC          _SETBEEP
  D:000EH         SYMBOL        Beep_freq
BL51 BANKED LINKER/LOCATER V6.22.4.0                                                  09/18/2025  14:17:49  PAGE 30


  D:0010H         SYMBOL        Beep_time
  -------         DO            
  D:0002H         SYMBOL        a
  D:0004H         SYMBOL        b
  -------         ENDDO         
  C:2F36H         LINE#         28
  C:2F3EH         LINE#         29
  C:2F3EH         LINE#         31
  C:2F45H         LINE#         32
  C:2F4CH         LINE#         33
  C:2F57H         LINE#         34
  C:2F80H         LINE#         35
  C:2F94H         LINE#         36
  C:2F9BH         LINE#         37
  C:2F9DH         LINE#         38
  C:2FA0H         LINE#         39
  C:2FA2H         LINE#         41
  C:2FA5H         LINE#         42
  C:2FA8H         LINE#         43
  C:2FA8H         LINE#         44
  C:2FABH         LINE#         45
  C:2FABH         LINE#         46
  C:2FADH         LINE#         47
  -------         ENDPROC       _SETBEEP
  -------         PROC          GETBEEPSTATUS
  C:3DF6H         LINE#         49
  C:3DF6H         LINE#         50
  C:3DFFH         LINE#         51
  C:3E01H         LINE#         52
  -------         ENDPROC       GETBEEPSTATUS
  -------         ENDMOD        BEEP

  -------         MODULE        TEMP_MODULE
  C:0000H         SYMBOL        _ICE_DUMMY_
  C:3217H         PUBLIC        UpdateTemp
  D:0080H         PUBLIC        P0
  D:0090H         PUBLIC        P1
  D:00A0H         PUBLIC        P2
  D:00B0H         PUBLIC        P3
  D:00C0H         PUBLIC        P4
  D:00C8H         PUBLIC        P5
  D:00E8H         PUBLIC        P6
  D:00F8H         PUBLIC        P7
  D:00A8H         PUBLIC        IE
  D:00B8H         PUBLIC        IP
  D:00D8H         PUBLIC        CCON
  D:0098H         PUBLIC        SCON
  D:0088H         PUBLIC        TCON
  X:017EH         PUBLIC        temperature
  C:2A56H         PUBLIC        ShowTemp
  X:0180H         PUBLIC        adc_temp
  C:15C4H         PUBLIC        tempdata
  X:018AH         PUBLIC        tempThresholds
  X:018EH         PUBLIC        rt
  D:00D0H         PUBLIC        PSW
  -------         PROC          UPDATETEMP
  C:3217H         LINE#         23
BL51 BANKED LINKER/LOCATER V6.22.4.0                                                  09/18/2025  14:17:49  PAGE 31


  C:3217H         LINE#         24
  C:3227H         LINE#         25
  C:3236H         LINE#         26
  C:324DH         LINE#         27
  C:3270H         LINE#         28
  -------         ENDPROC       UPDATETEMP
  -------         PROC          SHOWTEMP
  C:2A56H         LINE#         29
  C:2A56H         LINE#         30
  C:2A56H         LINE#         31
  C:2A66H         LINE#         32
  C:2A97H         LINE#         34
  C:2AE9H         LINE#         35
  -------         ENDPROC       SHOWTEMP
  -------         ENDMOD        TEMP_MODULE

  -------         MODULE        NAV_HANDLER
  C:0000H         SYMBOL        _ICE_DUMMY_
  D:0080H         PUBLIC        P0
  D:0090H         PUBLIC        P1
  D:00A0H         PUBLIC        P2
  X:01E6H         PUBLIC        displayMode
  D:00B0H         PUBLIC        P3
  D:00C0H         PUBLIC        P4
  D:00C8H         PUBLIC        P5
  D:00E8H         PUBLIC        P6
  D:00F8H         PUBLIC        P7
  D:00A8H         PUBLIC        IE
  D:00B8H         PUBLIC        IP
  D:00D8H         PUBLIC        CCON
  C:3B31H         PUBLIC        ShowStatus
  D:0098H         PUBLIC        SCON
  D:0088H         PUBLIC        TCON
  C:290FH         PUBLIC        NavHandler
  D:00D0H         PUBLIC        PSW
  -------         PROC          NAVHANDLER
  -------         DO            
  X:00D6H         SYMBOL        navUp
  X:00D7H         SYMBOL        navDown
  X:00D8H         SYMBOL        navLeft
  X:00D9H         SYMBOL        navRight
  -------         ENDDO         
  C:290FH         LINE#         6
  C:290FH         LINE#         7
  C:290FH         LINE#         8
  C:2919H         LINE#         9
  C:2923H         LINE#         10
  C:292DH         LINE#         11
  C:2937H         LINE#         13
  C:293EH         LINE#         14
  C:2944H         LINE#         15
  C:294EH         LINE#         16
  C:294EH         LINE#         17
  C:2955H         LINE#         18
  C:295BH         LINE#         19
  C:2966H         LINE#         20
  C:2966H         LINE#         21
BL51 BANKED LINKER/LOCATER V6.22.4.0                                                  09/18/2025  14:17:49  PAGE 32


  C:296DH         LINE#         22
  C:2974H         LINE#         23
  C:2976H         LINE#         24
  C:298CH         LINE#         25
  C:298CH         LINE#         26
  C:298CH         LINE#         29
  C:2993H         LINE#         30
  C:299AH         LINE#         31
  C:299CH         LINE#         32
  C:29B2H         LINE#         33
  C:29B2H         LINE#         34
  C:29B2H         LINE#         35
  -------         ENDPROC       NAVHANDLER
  -------         PROC          SHOWSTATUS
  C:3B31H         LINE#         37
  C:3B31H         LINE#         38
  C:3B31H         LINE#         39
  C:3B45H         LINE#         40
  C:3B48H         LINE#         41
  C:3B4BH         LINE#         42
  C:3B4EH         LINE#         43
  C:3B51H         LINE#         44
  C:3B54H         LINE#         45
  C:3B54H         LINE#         46
  C:3B54H         LINE#         47
  -------         ENDPROC       SHOWSTATUS
  -------         ENDMOD        NAV_HANDLER

  -------         MODULE        TIME_MODULE
  C:0000H         SYMBOL        _ICE_DUMMY_
  D:0080H         PUBLIC        P0
  C:3A94H         PUBLIC        InitRTC
  D:0090H         PUBLIC        P1
  D:00A0H         PUBLIC        P2
  D:00B0H         PUBLIC        P3
  D:00C0H         PUBLIC        P4
  D:00C8H         PUBLIC        P5
  D:00E8H         PUBLIC        P6
  D:00F8H         PUBLIC        P7
  C:286AH         PUBLIC        ResetTimer
  D:00A8H         PUBLIC        IE
  X:016AH         PUBLIC        rest_arrive_second
  D:00B8H         PUBLIC        IP
  C:29B3H         PUBLIC        onSpeedChange
  X:016CH         PUBLIC        rest_total_seconds
  D:00D8H         PUBLIC        CCON
  X:016EH         PUBLIC        rest_arrive_minute
  B:0022H.1       PUBLIC        mode
  C:389DH         PUBLIC        ShowMode
  X:0170H         PUBLIC        remain_distance
  D:0098H         PUBLIC        SCON
  C:3477H         PUBLIC        ShowTime
  X:0172H         PUBLIC        station_id
  D:0088H         PUBLIC        TCON
  X:0174H         PUBLIC        dist
  C:34C8H         PUBLIC        tmp
  C:27C2H         PUBLIC        UpdateTime
[...]


  C:3E04H         LINE#         41
  C:3E04H         LINE#         42
  C:3E04H         LINE#         43
  C:3E07H         LINE#         44
  C:3E09H         LINE#         45
  -------         ENDPROC       IIC_RADIO_STOP
  -------         PROC          IIC_RADIO_ACK
  -------         DO            
  D:0007H         SYMBOL        i
  -------         ENDDO         
  C:3C38H         LINE#         48
  C:3C38H         LINE#         49
  C:3C3AH         LINE#         50
  C:3C3CH         LINE#         51
  C:3C48H         LINE#         52
  C:3C4DH         LINE#         53
  C:3C4FH         LINE#         54
  -------         ENDPROC       IIC_RADIO_ACK
  -------         PROC          _IIC_RADIO_WRITEBYTE
  D:0005H         SYMBOL        Data
  -------         DO            
  D:0003H         SYMBOL        i
  -------         ENDDO         
  C:3ABCH         LINE#         57
  C:3ABEH         LINE#         58
  C:3ABEH         LINE#         59
  C:3AC0H         LINE#         60
  C:3AC2H         LINE#         61
  C:3AC7H         LINE#         62
  C:3ACBH         LINE#         63
  C:3ACFH         LINE#         64
  C:3ACFH         LINE#         65
  C:3ACFH         LINE#         66
  C:3AD2H         LINE#         67
  C:3AD6H         LINE#         68
  C:3AD8H         LINE#         69
  C:3ADDH         LINE#         70
  C:3ADFH         LINE#         71
  -------         ENDPROC       _IIC_RADIO_WRITEBYTE
  -------         PROC          _?SYS_FMRADIO_DRV
  -------         DO            
  i:0000H         SYMBOL        i
  -------         ENDDO         
  C:362FH         LINE#         74
  C:3631H         LINE#         76
  C:3639H         LINE#         77
  C:363CH         LINE#         78
  C:3641H         LINE#         79
  C:3644H         LINE#         80
  C:3651H         LINE#         81
  C:3660H         LINE#         82
  C:3663H         LINE#         83
  C:3668H         LINE#         84
  C:366BH         LINE#         85
  C:3670H         LINE#         86
  C:3670H         LINE#         87
  -------         ENDPROC       _?SYS_FMRADIO_DRV
BL51 BANKED LINKER/LOCATER V6.22.4.0                                                  09/18/2025  14:17:49  PAGE 51


  -------         PROC          GETFMRADIO
  -------         DO            
  D:0014H         SYMBOL        FM
  D:0007H         SYMBOL        chan
  -------         ENDDO         
  C:31BBH         LINE#         89
  C:31BBH         LINE#         90
  C:31BBH         LINE#         92
  C:31CCH         LINE#         93
  C:31D5H         LINE#         94
  C:31DDH         LINE#         95
  C:31E4H         LINE#         96
  C:31F2H         LINE#         97
  C:3201H         LINE#         98
  C:3210H         LINE#         99
  C:3216H         LINE#         100
  -------         ENDPROC       GETFMRADIO
  -------         PROC          SETFMRADIO
  D:000EH         SYMBOL        FM
  -------         DO            
  D:0005H         SYMBOL        a
  -------         ENDDO         
  C:2457H         LINE#         102
  C:2457H         LINE#         103
  C:2457H         LINE#         104
  C:248DH         LINE#         105
  C:2492H         LINE#         106
  C:249AH         LINE#         107
  C:24A7H         LINE#         108
  C:24ADH         LINE#         109
  C:24ADH         LINE#         110
  C:24D5H         LINE#         111
  C:24E2H         LINE#         112
  C:24E6H         LINE#         113
  C:24E6H         LINE#         114
  C:24E8H         LINE#         115
  C:24EFH         LINE#         116
  C:24F6H         LINE#         117
  C:24FDH         LINE#         118
  C:2504H         LINE#         119
  C:2506H         LINE#         120
  C:250CH         LINE#         121
  C:250CH         LINE#         122
  -------         ENDPROC       SETFMRADIO
  -------         PROC          FMRADIOINIT
  D:0008H         SYMBOL        FM
  C:3B0CH         LINE#         124
  C:3B0CH         LINE#         125
  C:3B0CH         LINE#         126
  C:3B22H         LINE#         127
  C:3B30H         LINE#         128
  -------         ENDPROC       FMRADIOINIT
  -------         ENDMOD        FM_RADIO

  -------         MODULE        EXT
  C:0000H         SYMBOL        _ICE_DUMMY_
  D:0080H         PUBLIC        P0
BL51 BANKED LINKER/LOCATER V6.22.4.0                                                  09/18/2025  14:17:49  PAGE 52


  D:0090H         PUBLIC        P1
  D:00A0H         PUBLIC        P2
  D:00B0H         PUBLIC        P3
  D:00C0H         PUBLIC        P4
  D:00C8H         PUBLIC        P5
  D:00E8H         PUBLIC        P6
  X:01ACH         PUBLIC        EXTmodel
  D:00F8H         PUBLIC        P7
  C:3867H         PUBLIC        _EXTInit
  C:32CBH         PUBLIC        ReadCount
  D:00A2H         PUBLIC        P_SW1
  C:3E5EH         PUBLIC        GetWeight
  D:00A8H         PUBLIC        IE
  X:01ADH         PUBLIC        T_Pout1
  X:01AFH         PUBLIC        T_Pout2
  B:00D8H.6       PUBLIC        CR
  X:01B1H         PUBLIC        resultEXT
  D:00DBH         PUBLIC        CCAPM1
  D:00B8H         PUBLIC        IP
  C:2C11H         PUBLIC        _SetPWM
  D:00D9H         PUBLIC        CMOD
  D:00D8H         PUBLIC        CCON
  D:0098H         PUBLIC        SCON
  D:0088H         PUBLIC        TCON
  B:0090H.0       PUBLIC        DOUT
  D:00E0H         PUBLIC        ACC
  B:0090H.1       PUBLIC        PD_SCK
  X:01B3H         PUBLIC        T_PWM1
  X:01B5H         PUBLIC        T_PWM2
  C:2370H         PUBLIC        _?sys_EXT_drv
  C:3D80H         PUBLIC        GetDecode
  D:00D0H         PUBLIC        PSW
  -------         PROC          _SETPWM
  D:0002H         SYMBOL        PWM1
  D:0005H         SYMBOL        freq1
  D:000AH         SYMBOL        PWM2
  D:000BH         SYMBOL        freq2
  C:2C11H         LINE#         25
  C:2C15H         LINE#         26
  C:2C26H         LINE#         27
  C:2C38H         LINE#         28
  C:2C6CH         LINE#         29
  C:2CA0H         LINE#         30
  -------         ENDPROC       _SETPWM
  -------         PROC          READCOUNT
  -------         DO            
  D:0042H         SYMBOL        Count
  D:0046H         SYMBOL        i
  -------         ENDDO         
  C:32CBH         LINE#         35
  C:32CBH         LINE#         36
  C:32CBH         LINE#         38
  C:32D4H         LINE#         39
  C:32D6H         LINE#         40
  C:32D8H         LINE#         41
  C:32EDH         LINE#         42
  C:32EEH         LINE#         43
BL51 BANKED LINKER/LOCATER V6.22.4.0                                                  09/18/2025  14:17:49  PAGE 53


  C:32F0H         LINE#         44
  C:3308H         LINE#         45
  C:330FH         LINE#         46
  C:3310H         LINE#         47
  C:3312H         LINE#         48
  C:3313H         LINE#         49
  C:3314H         LINE#         50
  C:3316H         LINE#         51
  C:3323H         LINE#         52
  -------         ENDPROC       READCOUNT
  -------         PROC          GETWEIGHT
  C:3E5EH         LINE#         54
  C:3E5EH         LINE#         55
  C:3E66H         LINE#         56
  -------         ENDPROC       GETWEIGHT
  -------         PROC          GETDECODE
  -------         DO            
  D:0006H         SYMBOL        a
  -------         ENDDO         
  C:3D80H         LINE#         58
  C:3D80H         LINE#         59
  C:3D80H         LINE#         60
  C:3D88H         LINE#         61
  C:3D8FH         LINE#         62
  C:3D8FH         LINE#         63
  -------         ENDPROC       GETDECODE
  -------         PROC          _?SYS_EXT_DRV
  -------         DO            
  D:003CH         SYMBOL        i
  D:003EH         SYMBOL        j
  D:0040H         SYMBOL        oldPin1
  D:0041H         SYMBOL        UStimer
  -------         ENDDO         
  C:2370H         LINE#         65
  C:2370H         LINE#         69
  C:2376H         LINE#         70
  C:237AH         LINE#         71
  C:2385H         LINE#         72
  C:2385H         LINE#         73
  C:238EH         LINE#         74
  C:23AAH         LINE#         75
  C:23BFH         LINE#         76
  C:23DBH         LINE#         77
  C:23F0H         LINE#         78
  C:23F0H         LINE#         79
  C:23F5H         LINE#         80
  C:240CH         LINE#         81
  C:242DH         LINE#         82
  C:2433H         LINE#         83
  C:2433H         LINE#         84
  C:243AH         LINE#         85
  C:2440H         LINE#         86
  C:2445H         LINE#         87
  C:2447H         LINE#         88
  C:244AH         LINE#         89
  C:244AH         LINE#         90
  C:2453H         LINE#         91
BL51 BANKED LINKER/LOCATER V6.22.4.0                                                  09/18/2025  14:17:49  PAGE 54


  C:2456H         LINE#         92
  C:2456H         LINE#         93
  -------         ENDPROC       _?SYS_EXT_DRV
  -------         PROC          _EXTINIT
  D:0007H         SYMBOL        EXTfunction
  C:3867H         LINE#         95
  C:3867H         LINE#         96
  C:3867H         LINE#         97
  C:386CH         LINE#         98
  C:3872H         LINE#         99
  C:3874H         LINE#         100
  C:387BH         LINE#         101
  C:387DH         LINE#         102
  C:387FH         LINE#         103
  C:3881H         LINE#         104
  C:3884H         LINE#         105
  C:3887H         LINE#         106
  C:3889H         LINE#         107
  C:388BH         LINE#         108
  C:388EH         LINE#         109
  C:389CH         LINE#         110
  -------         ENDPROC       _EXTINIT
  -------         ENDMOD        EXT

  -------         MODULE        UART1
  C:0000H         SYMBOL        _ICE_DUMMY_
  C:1D05H         PUBLIC        Uart1_isr
  D:0080H         PUBLIC        P0
  D:0090H         PUBLIC        P1
  D:00A0H         PUBLIC        P2
  D:00B0H         PUBLIC        P3
  D:00C0H         PUBLIC        P4
  D:00C8H         PUBLIC        P5
  D:00E8H         PUBLIC        P6
  D:00F8H         PUBLIC        P7
  D:00A8H         PUBLIC        IE
  B:00A8H.4       PUBLIC        ES
  D:00B8H         PUBLIC        IP
  B:0098H.0       PUBLIC        RI
  B:0098H.1       PUBLIC        TI
  D:00D8H         PUBLIC        CCON
  C:3964H         PUBLIC        _SetUart1Rxd
  D:0099H         PUBLIC        SBUF
  D:0098H         PUBLIC        SCON
  D:0089H         PUBLIC        TMOD
  D:0088H         PUBLIC        TCON
  D:008EH         PUBLIC        AUXR
  C:3E2FH         PUBLIC        GetUart1TxStatus
  B:00A8H.3       PUBLIC        ET1
  D:008DH         PUBLIC        TH1
  D:008BH         PUBLIC        TL1
  B:0088H.6       PUBLIC        TR1
  C:3AE4H         PUBLIC        _Uart1Print
  C:2FAEH         PUBLIC        _Uart1Init
  C:3DAEH         PUBLIC        _?sys_get_Uart1RxdEvent
  X:0155H         PUBLIC        com1
  D:00D0H         PUBLIC        PSW
BL51 BANKED LINKER/LOCATER V6.22.4.0                                                  09/18/2025  14:17:49  PAGE 55


  -------         PROC          UART1_ISR
  C:1D05H         LINE#         10
  C:1D22H         LINE#         11
  C:1D25H         LINE#         12
  C:1D27H         LINE#         13
  C:1D5BH         LINE#         14
  C:1D60H         LINE#         15
  C:1D60H         LINE#         16
  C:1D66H         LINE#         17
  C:1D68H         LINE#         18
  C:1D6BH         LINE#         19
  C:1D6DH         LINE#         20
  C:1D74H         LINE#         21
  C:1D74H         LINE#         22
  C:1D88H         LINE#         23
  C:1D9CH         LINE#         24
  C:1DABH         LINE#         25
  C:1DB9H         LINE#         26
  C:1DF1H         LINE#         27
  C:1DFFH         LINE#         28
  C:1DFFH         LINE#         29
  C:1E1AH         LINE#         30
  C:1E1AH         LINE#         31
  -------         ENDPROC       UART1_ISR
  -------         PROC          _?SYS_GET_UART1RXDEVENT
  -------         DO            
  i:0000H         SYMBOL        a
  -------         ENDDO         
  C:3DAEH         LINE#         33
  C:3DB0H         LINE#         35
  C:3DB8H         LINE#         36
  C:3DBAH         LINE#         37
  C:3DBAH         LINE#         38
  -------         ENDPROC       _?SYS_GET_UART1RXDEVENT
  -------         PROC          _UART1INIT
  D:0008H         SYMBOL        band
  C:2FAEH         LINE#         40
  C:2FB6H         LINE#         41
  C:2FB6H         LINE#         43
  C:2FB9H         LINE#         44
  C:2FBCH         LINE#         45
  C:2FBFH         LINE#         46
  C:2FC2H         LINE#         47
  C:2FE1H         LINE#         48
  C:3010H         LINE#         49
  C:3012H         LINE#         50
  C:3014H         LINE#         51
  C:3016H         LINE#         52
  C:3024H         LINE#         53
  -------         ENDPROC       _UART1INIT
  -------         PROC          _SETUART1RXD
  D:0001H         SYMBOL        RxdPt
  D:0004H         SYMBOL        Nmax
  D:000DH         SYMBOL        matchhead
  D:0010H         SYMBOL        matchheadsize
  C:3964H         LINE#         55
  C:3964H         LINE#         56
BL51 BANKED LINKER/LOCATER V6.22.4.0                                                  09/18/2025  14:17:49  PAGE 56


  C:396FH         LINE#         57
  C:3975H         LINE#         58
  C:397FH         LINE#         59
  C:398DH         LINE#         60
  C:398FH         LINE#         61
  C:3994H         LINE#         62
  -------         ENDPROC       _SETUART1RXD
  -------         PROC          _UART1PRINT
  D:0001H         SYMBOL        pt
  D:0004H         SYMBOL        num
  C:3AE4H         LINE#         64
  C:3AE4H         LINE#         65
  C:3AEAH         LINE#         66
  C:3AF5H         LINE#         67
  C:3AFAH         LINE#         68
  C:3B00H         LINE#         69
  C:3B04H         LINE#         70
  C:3B06H         LINE#         71
  C:3B09H         LINE#         72
  C:3B09H         LINE#         73
  C:3B0BH         LINE#         74
  -------         ENDPROC       _UART1PRINT
  -------         PROC          GETUART1TXSTATUS
  C:3E2FH         LINE#         76
  C:3E2FH         LINE#         77
  C:3E37H         LINE#         78
  C:3E39H         LINE#         79
  -------         ENDPROC       GETUART1TXSTATUS
  -------         ENDMOD        UART1

  -------         MODULE        ?C?COPY
  C:094AH         PUBLIC        ?C?COPY
  -------         ENDMOD        ?C?COPY

  -------         MODULE        ?C?CLDPTR
  C:0970H         PUBLIC        ?C?CLDPTR
  -------         ENDMOD        ?C?CLDPTR

  -------         MODULE        ?C?CLDOPTR
  C:0989H         PUBLIC        ?C?CLDOPTR
  -------         ENDMOD        ?C?CLDOPTR

  -------         MODULE        ?C?CSTPTR
  C:09B6H         PUBLIC        ?C?CSTPTR
  -------         ENDMOD        ?C?CSTPTR

  -------         MODULE        ?C?CSTOPTR
  C:09C8H         PUBLIC        ?C?CSTOPTR
  -------         ENDMOD        ?C?CSTOPTR

  -------         MODULE        ?C?IMUL
  C:09EAH         PUBLIC        ?C?IMUL
  -------         ENDMOD        ?C?IMUL

  -------         MODULE        ?C?UIDIV
  C:09FCH         PUBLIC        ?C?UIDIV
  -------         ENDMOD        ?C?UIDIV
BL51 BANKED LINKER/LOCATER V6.22.4.0                                                  09/18/2025  14:17:49  PAGE 57



  -------         MODULE        ?C?SIDIV
  C:0A51H         PUBLIC        ?C?SIDIV
  -------         ENDMOD        ?C?SIDIV

  -------         MODULE        ?C?IILDX
  C:0A87H         PUBLIC        ?C?IILDX
  -------         ENDMOD        ?C?IILDX

  -------         MODULE        ?C?ILDIX
  C:0A9DH         PUBLIC        ?C?ILDIX
  -------         ENDMOD        ?C?ILDIX

  -------         MODULE        ?C?ILDPTR
  C:0AB3H         PUBLIC        ?C?ILDPTR
  -------         ENDMOD        ?C?ILDPTR

  -------         MODULE        ?C?LMUL
  C:0ADEH         PUBLIC        ?C?LMUL
  -------         ENDMOD        ?C?LMUL

  -------         MODULE        ?C?ULDIV
  C:0B69H         PUBLIC        ?C?ULDIV
  -------         ENDMOD        ?C?ULDIV

  -------         MODULE        ?C?SLDIV
  C:3673H         PUBLIC        ?C?SLDIV
  -------         ENDMOD        ?C?SLDIV

  -------         MODULE        ?C?ULSHR
  C:0BFBH         PUBLIC        ?C?ULSHR
  -------         ENDMOD        ?C?ULSHR

  -------         MODULE        ?C?SLSHR
  C:0C0EH         PUBLIC        ?C?SLSHR
  -------         ENDMOD        ?C?SLSHR

  -------         MODULE        ?C?LSHL
  C:0C22H         PUBLIC        ?C?LSHL
  -------         ENDMOD        ?C?LSHL

  -------         MODULE        ?C?LLDCODE
  C:0C35H         PUBLIC        ?C?LLDCODE
  -------         ENDMOD        ?C?LLDCODE

  -------         MODULE        ?C?LSTXDATA
  C:0C45H         PUBLIC        ?C?LSTXDATA
  -------         ENDMOD        ?C?LSTXDATA

  -------         MODULE        ?C?OFFXADD
  C:0C51H         PUBLIC        ?C?OFFXADD
  -------         ENDMOD        ?C?OFFXADD

  -------         MODULE        ?C?ICALL
  C:0C5DH         PUBLIC        ?C?ICALL
  C:0C61H         PUBLIC        ?C?ICALL2
  -------         ENDMOD        ?C?ICALL
BL51 BANKED LINKER/LOCATER V6.22.4.0                                                  09/18/2025  14:17:49  PAGE 58



  -------         MODULE        ?C_IBP
  D:004EH         PUBLIC        ?C_IBP
  -------         ENDMOD        ?C_IBP

  -------         MODULE        ?C?STRCPY
  C:0D2FH         PUBLIC        ?C?STRCPY
  -------         ENDMOD        ?C?STRCPY

  -------         MODULE        STRLEN
  C:3CCBH         PUBLIC        _STRLEN
  -------         ENDMOD        STRLEN

  -------         MODULE        STRCHR
  C:3C54H         PUBLIC        _STRCHR
  -------         ENDMOD        STRCHR

  -------         MODULE        STRTOK
  D:000DH         PUBLIC        ?_strtok?BYTE
  C:2E39H         PUBLIC        _strtok
  -------         ENDMOD        STRTOK

  -------         MODULE        ATOI
  C:25C2H         PUBLIC        _atoi
  -------         ENDMOD        ATOI

  -------         MODULE        ?C?MEMSET
  C:0D4CH         PUBLIC        ?C?MEMSET
  -------         ENDMOD        ?C?MEMSET

  -------         MODULE        ISDIGIT
  C:3DBDH         PUBLIC        _isdigit
  -------         ENDMOD        ISDIGIT

  -------         MODULE        ISSPACE
  C:3D1AH         PUBLIC        _isspace
  -------         ENDMOD        ISSPACE

  -------         MODULE        STRSPN
  D:0013H         PUBLIC        ?_strspn?BYTE
  C:30FDH         PUBLIC        _strspn
  -------         ENDMOD        STRSPN

  -------         MODULE        STRPBRK
  D:0013H         PUBLIC        ?_strpbrk?BYTE
  C:315EH         PUBLIC        _strpbrk
  -------         ENDMOD        STRPBRK

*** WARNING L16: UNCALLED SEGMENT, IGNORED FOR OVERLAY PROCESS
    SEGMENT: ?PR?_GETKEYACT?KEY

*** WARNING L16: UNCALLED SEGMENT, IGNORED FOR OVERLAY PROCESS
    SEGMENT: ?PR?GETULTRASONIC?SYS

*** WARNING L16: UNCALLED SEGMENT, IGNORED FOR OVERLAY PROCESS
    SEGMENT: ?PR?GETSYSPERFORMANCE?SYS

BL51 BANKED LINKER/LOCATER V6.22.4.0                                                  09/18/2025  14:17:49  PAGE 59


*** WARNING L16: UNCALLED SEGMENT, IGNORED FOR OVERLAY PROCESS
    SEGMENT: ?PR?GETUART2TXSTATUS?UART2

*** WARNING L16: UNCALLED SEGMENT, IGNORED FOR OVERLAY PROCESS
    SEGMENT: ?PR?BEEPINIT?BEEP

*** WARNING L16: UNCALLED SEGMENT, IGNORED FOR OVERLAY PROCESS
    SEGMENT: ?CO?TIME_MODULE

*** WARNING L16: UNCALLED SEGMENT, IGNORED FOR OVERLAY PROCESS
    SEGMENT: ?PR?MYUART1PROCESSRXDATA?MY_UART1

*** WARNING L16: UNCALLED SEGMENT, IGNORED FOR OVERLAY PROCESS
    SEGMENT: ?PR?_SETTRAINID?TRAIN_ID_MODULE

*** WARNING L16: UNCALLED SEGMENT, IGNORED FOR OVERLAY PROCESS
    SEGMENT: ?PR?GETWEIGHT?EXT

*** WARNING L16: UNCALLED SEGMENT, IGNORED FOR OVERLAY PROCESS
    SEGMENT: ?PR?GETDECODE?EXT

*** WARNING L16: UNCALLED SEGMENT, IGNORED FOR OVERLAY PROCESS
    SEGMENT: ?PR?_EXTINIT?EXT

Program Size: data=79.3 xdata=487 code=16016
LINK/LOCATE RUN COMPLETE.  11 WARNING(S),  0 ERROR(S)
