BL51 BANKED LINKER/LOCATER V6.22.4.0                                                    09/18/2025  23:57:46  PAGE 1


BL51 BANKED LINKER/LOCATER V6.22.4.0, INVOKED BY:
D:\KEIL_V5\C51\BIN\BL51.EXE .\output\main.obj, .\source\STCBSP_V3.6.LIB, .\output\temp_module.obj, .\output\Nav_handler.
>> obj, .\output\time_module.obj, .\output\speed_module.obj, .\output\voice_module.obj, .\output\core.obj, .\output\deco
>> de_table.obj, .\output\nv_temp_threshold.obj, .\output\my_uart1.obj, .\output\radio_module.obj, .\output\temp_control
>> led_fan.obj, .\output\ultrasonic_module.obj, .\output\train_id_module.obj, .\output\music_module.obj, .\output\real_t
>> ime_module.obj TO .\output\BSP_Demo PRINT (.\list\BSP_Demo.m51) RAMSIZE (256) XDATA (0X0000-0X07FF)


MEMORY MODEL: SMALL


INPUT MODULES INCLUDED:
  .\output\main.obj (MAIN)
  .\source\STCBSP_V3.6.LIB (ADC)
  .\source\STCBSP_V3.6.LIB (BEEP)
  .\source\STCBSP_V3.6.LIB (DISPLAYER)
  .\source\STCBSP_V3.6.LIB (KEY)
  .\source\STCBSP_V3.6.LIB (SYS)
  .\source\STCBSP_V3.6.LIB (MUSIC)
  .\source\STCBSP_V3.6.LIB (EXT)
  .\source\STCBSP_V3.6.LIB (UART2)
  .\output\temp_module.obj (TEMP_MODULE)
  .\output\Nav_handler.obj (NAV_HANDLER)
  .\output\time_module.obj (TIME_MODULE)
  .\output\speed_module.obj (SPEED_MODULE)
  .\output\voice_module.obj (VOICE_MODULE)
  .\output\core.obj (CORE)
  .\output\decode_table.obj (DECODE_TABLE)
  .\output\nv_temp_threshold.obj (NV_TEMP_THRESHOLD)
  .\output\my_uart1.obj (MY_UART1)
  .\output\radio_module.obj (RADIO_MODULE)
  .\output\temp_controlled_fan.obj (TEMP_CONTROLLED_FAN)
  .\output\ultrasonic_module.obj (ULTRASONIC_MODULE)
  .\output\train_id_module.obj (TRAIN_ID_MODULE)
  .\output\music_module.obj (MUSIC_MODULE)
  .\output\real_time_module.obj (REAL_TIME_MODULE)
  .\source\STCBSP_V3.6.LIB (STEPMOTOR)
  .\source\STCBSP_V3.6.LIB (M24C02)
  .\source\STCBSP_V3.6.LIB (FM_RADIO)
  .\source\STCBSP_V3.6.LIB (UART1)
  D:\KEIL_V5\C51\LIB\C51S.LIB (?C_STARTUP)
  D:\KEIL_V5\C51\LIB\C51S.LIB (?C?COPY)
  D:\KEIL_V5\C51\LIB\C51S.LIB (?C?CLDPTR)
  D:\KEIL_V5\C51\LIB\C51S.LIB (?C?CLDOPTR)
  D:\KEIL_V5\C51\LIB\C51S.LIB (?C?CSTPTR)
  D:\KEIL_V5\C51\LIB\C51S.LIB (?C?CSTOPTR)
  D:\KEIL_V5\C51\LIB\C51S.LIB (?C?IMUL)
  D:\KEIL_V5\C51\LIB\C51S.LIB (?C?UIDIV)
  D:\KEIL_V5\C51\LIB\C51S.LIB (?C?SIDIV)
  D:\KEIL_V5\C51\LIB\C51S.LIB (?C?IILDX)
  D:\KEIL_V5\C51\LIB\C51S.LIB (?C?ILDIX)
  D:\KEIL_V5\C51\LIB\C51S.LIB (?C?ILDPTR)
  D:\KEIL_V5\C51\LIB\C51S.LIB (?C?LMUL)
  D:\KEIL_V5\C51\LIB\C51S.LIB (?C?ULDIV)
  D:\KEIL_V5\C51\LIB\C51S.LIB (?C?SLDIV)
  D:\KEIL_V5\C51\LIB\C51S.LIB (?C?SLCMP)
  D:\KEIL_V5\C51\LIB\C51S.LIB (?C?ULSHR)
  D:\KEIL_V5\C51\LIB\C51S.LIB (?C?SLSHR)
BL51 BANKED LINKER/LOCATER V6.22.4.0                                                  09/18/2025  23:57:46  PAGE 2


  D:\KEIL_V5\C51\LIB\C51S.LIB (?C?LSHL)
  D:\KEIL_V5\C51\LIB\C51S.LIB (?C?LLDCODE)
  D:\KEIL_V5\C51\LIB\C51S.LIB (?C?LSTXDATA)
  D:\KEIL_V5\C51\LIB\C51S.LIB (?C?OFFXADD)
  D:\KEIL_V5\C51\LIB\C51S.LIB (?C?ICALL)
  D:\KEIL_V5\C51\LIB\C51S.LIB (?C_IBP)
  D:\KEIL_V5\C51\LIB\C51S.LIB (?C?STRCPY)
  D:\KEIL_V5\C51\LIB\C51S.LIB (STRLEN)
  D:\KEIL_V5\C51\LIB\C51S.LIB (STRCHR)
  D:\KEIL_V5\C51\LIB\C51S.LIB (STRTOK)
  D:\KEIL_V5\C51\LIB\C51S.LIB (ATOI)
  D:\KEIL_V5\C51\LIB\C51S.LIB (?C?MEMSET)
  D:\KEIL_V5\C51\LIB\C51S.LIB (?C_INIT)
  D:\KEIL_V5\C51\LIB\C51S.LIB (ISDIGIT)
  D:\KEIL_V5\C51\LIB\C51S.LIB (ISSPACE)
  D:\KEIL_V5\C51\LIB\C51S.LIB (STRSPN)
  D:\KEIL_V5\C51\LIB\C51S.LIB (STRPBRK)


LINK MAP OF MODULE:  .\output\BSP_Demo (MAIN)


            TYPE    BASE      LENGTH    RELOCATION   SEGMENT NAME
            -----------------------------------------------------

            * * * * * * *   D A T A   M E M O R Y   * * * * * * *
            REG     0000H     0008H     ABSOLUTE     "REG BANK 0"
            DATA    0008H     0014H     UNIT         _DATA_GROUP_
            DATA    001CH     0003H     UNIT         ?DT?GETULTRASONICDISTANCE?ULTRASONIC_MODULE
            DATA    001FH     0001H     UNIT         ?DT?KEY
            BIT     0020H.0   0001H.7   UNIT         ?BI?SYS
            BIT     0021H.7   0000H.1   UNIT         ?BI?ADC
            BIT     0022H.0   0000H.1   UNIT         ?BI?MUSIC
            BIT     0022H.1   0000H.1   UNIT         ?BI?TIME_MODULE
            BIT     0022H.2   0000H.1   UNIT         _BIT_GROUP_
                    0022H.3   0000H.5                *** GAP ***
            DATA    0023H     0012H     UNIT         ?DT?SYS
            DATA    0035H     0007H     UNIT         ?DT?RADIO_MODULE
            DATA    003CH     0006H     UNIT         ?DT?EXT
            DATA    0042H     0003H     UNIT         ?DT?STRTOK
            DATA    0045H     0002H     UNIT         ?DT?ADC
            DATA    0047H     0002H     UNIT         ?DT?GETULTRASONIC?SYS
            DATA    0049H     0002H     UNIT         ?DT?UART2
            DATA    004BH     0002H     UNIT         ?DT?ULTRASONIC_MODULE
            DATA    004DH     0001H     UNIT         ?DT?ULTRASONICUPDATEANDDISPLAY?ULTRASONIC_MODULE
            DATA    004EH     0001H     UNIT         ?DT?_SETTRAINID?TRAIN_ID_MODULE
            DATA    004FH     0001H     UNIT         ?C?LIB_DATA
            IDATA   0050H     0001H     UNIT         ?STACK

            * * * * * * *  X D A T A   M E M O R Y  * * * * * * *
            XDATA   0000H     006EH     UNIT         ?XD?SYS
            XDATA   006EH     0068H     UNIT         ?XD?MY_UART1
            XDATA   00D6H     004CH     UNIT         _XDATA_GROUP_
            XDATA   0122H     001EH     UNIT         ?XD?ADC
            XDATA   0140H     0016H     UNIT         ?XD?STEPMOTOR
            XDATA   0156H     0015H     UNIT         ?XD?UART2
            XDATA   016BH     0015H     UNIT         ?XD?UART1
BL51 BANKED LINKER/LOCATER V6.22.4.0                                                  09/18/2025  23:57:46  PAGE 3


            XDATA   0180H     0014H     UNIT         ?XD?TIME_MODULE
            XDATA   0194H     0012H     UNIT         ?XD?TEMP_MODULE
            XDATA   01A6H     0010H     UNIT         ?XD?MUSIC
            XDATA   01B6H     000CH     UNIT         ?XD?DISPLAYER
            XDATA   01C2H     000CH     UNIT         ?XD?ULTRASONIC_MODULE
            XDATA   01CEH     000BH     UNIT         ?XD?EXT
            XDATA   01D9H     000AH     UNIT         ?XD?KEY
            XDATA   01E3H     0009H     UNIT         ?XD?CORE
            XDATA   01ECH     0009H     UNIT         ?XD?FM_RADIO
            XDATA   01F5H     0007H     UNIT         ?XD?VOICE_MODULE
            XDATA   01FCH     0006H     UNIT         ?XD?REAL_TIME_MODULE
            XDATA   0202H     0004H     UNIT         ?XD?SPEED_MODULE
            XDATA   0206H     0002H     UNIT         ?XD?NV_TEMP_THRESHOLD
            XDATA   0208H     0001H     UNIT         ?XD?NAV_HANDLER

            * * * * * * *   C O D E   M E M O R Y   * * * * * * *
            CODE    0000H     0003H     ABSOLUTE     
            CODE    0003H     0007H     UNIT         ?PR?GETADC?ADC
            CODE    000AH     0001H     UNIT         ?PR?_?NULLFUNC?SYS
            CODE    000BH     0003H     ABSOLUTE     
            CODE    000EH     0015H     UNIT         ?PR?MY1S_CALLBACK?CORE
            CODE    0023H     0003H     ABSOLUTE     
            CODE    0026H     0005H     UNIT         ?PR?AUTODOOR_EMERGENCYSTOP?ULTRASONIC_MODULE
            CODE    002BH     0003H     ABSOLUTE     
            CODE    002EH     000DH     UNIT         ?PR?STOP?M24C02
            CODE    003BH     0003H     ABSOLUTE     
            CODE    003EH     0004H     UNIT         ?CO?CORE
            CODE    0042H     0001H     UNIT         ?PR?_?NULLFUNC0?UART2
            CODE    0043H     0003H     ABSOLUTE     
            CODE    0046H     0834H     UNIT         ?CO?VOICE_MODULE
            CODE    087AH     0514H     UNIT         ?C?LIB_CODE
            CODE    0D8EH     02F6H     UNIT         ?PR?_?SYS_MUSIC_DRV?MUSIC
            CODE    1084H     02B2H     UNIT         ?PR?MYUART1SENDCURRENTSTATUS?MY_UART1
            CODE    1336H     02A4H     UNIT         ?PR?_PARSECOMMAND?MY_UART1
            CODE    15DAH     0274H     UNIT         ?PR?_?SYS_STEPMOTOR_DRV?STEPMOTOR
            CODE    184EH     01FCH     UNIT         ?C_INITSEG
            CODE    1A4AH     01FCH     UNIT         ?CO?TEMP_MODULE
            CODE    1C46H     01D2H     UNIT         ?PR?UART2_ISR?UART2
            CODE    1E18H     01ACH     UNIT         ?PR?_?SYS_ADC_DRV?ADC
            CODE    1FC4H     0130H     UNIT         ?PR?UART1_ISR?UART1
            CODE    20F4H     0126H     UNIT         ?CO?MUSIC
            CODE    221AH     0123H     UNIT         ?PR?_?SYS_KEY_DRV?KEY
            CODE    233DH     011CH     UNIT         ?PR?_MY_UTOA?MY_UART1
            CODE    2459H     00EDH     UNIT         ?PR?SYS_TASK_1MS?SYS
            CODE    2546H     00E9H     UNIT         ?PR?_?SYS_DISPLAY_DRV?DISPLAYER
            CODE    262FH     00E7H     UNIT         ?PR?_?SYS_EXT_DRV?EXT
            CODE    2716H     00B6H     UNIT         ?PR?SETFMRADIO?FM_RADIO
            CODE    27CCH     00B5H     UNIT         ?PR?_UART2INIT?UART2
            CODE    2881H     00AEH     UNIT         ?PR?_ATOI?ATOI
            CODE    292FH     00ABH     UNIT         ?PR?_SETSTEPMOTOR?STEPMOTOR
            CODE    29DAH     00AAH     UNIT         ?PR?_PLAYTONE?MUSIC
            CODE    2A84H     00A8H     UNIT         ?PR?SYS_CCP_ISR?SYS
            CODE    2B2CH     00A8H     UNIT         ?PR?UPDATETIME?TIME_MODULE
            CODE    2BD4H     00A5H     UNIT         ?PR?RESETTIMER?TIME_MODULE
            CODE    2C79H     00A5H     UNIT         ?PR?GETULTRASONICDISTANCE?ULTRASONIC_MODULE
            CODE    2D1EH     00A4H     UNIT         ?PR?NAVHANDLER?NAV_HANDLER
            CODE    2DC2H     00A3H     UNIT         ?PR?ONSPEEDCHANGE?TIME_MODULE
BL51 BANKED LINKER/LOCATER V6.22.4.0                                                  09/18/2025  23:57:46  PAGE 4


            CODE    2E65H     00A2H     UNIT         ?PR?ULTRASONICUPDATEANDDISPLAY?ULTRASONIC_MODULE
            CODE    2F07H     0094H     UNIT         ?PR?SHOWTEMP?TEMP_MODULE
            CODE    2F9BH     0094H     UNIT         ?PR?CHECKCOUNTDOWNEVENT?VOICE_MODULE
            CODE    302FH     0093H     UNIT         ?PR?SYS_TASK_10MS?SYS
            CODE    30C2H     0090H     UNIT         ?PR?_SETPWM?EXT
            CODE    3152H     008CH     UNIT         ?PR?MAIN?MAIN
            CODE    31DEH     008CH     UNIT         ?C_C51STARTUP
            CODE    326AH     008BH     UNIT         ?PR?SYS_TASK_IR?SYS
            CODE    32F5H     0080H     UNIT         ?PR?_STRTOK?STRTOK
            CODE    3375H     007DH     UNIT         ?PR?_SETEVENTCALLBACK?SYS
            CODE    33F2H     0078H     UNIT         ?PR?_SETBEEP?BEEP
            CODE    346AH     0077H     UNIT         ?PR?_UART1INIT?UART1
            CODE    34E1H     0074H     UNIT         ?PR?SHOWREALTIME?REAL_TIME_MODULE
            CODE    3555H     0067H     UNIT         ?PR?ULTRASONICINIT?ULTRASONIC_MODULE
            CODE    35BCH     0064H     UNIT         ?PR?UPDATEREALTIMEPERSECOND?REAL_TIME_MODULE
            CODE    3620H     0061H     UNIT         ?PR?_STRSPN?STRSPN
            CODE    3681H     005DH     UNIT         ?PR?_STRPBRK?STRPBRK
            CODE    36DEH     005CH     UNIT         ?PR?GETFMRADIO?FM_RADIO
            CODE    373AH     005AH     UNIT         ?PR?UPDATETEMP?TEMP_MODULE
            CODE    3794H     005AH     UNIT         ?PR?NVTEMPTHRESHOLDINIT?NV_TEMP_THRESHOLD
            CODE    37EEH     0059H     UNIT         ?PR?READCOUNT?EXT
            CODE    3847H     0058H     UNIT         ?PR?_SETMUSIC?MUSIC
            CODE    389FH     0056H     UNIT         ?PR?MYUART1INIT?MY_UART1
            CODE    38F5H     0053H     UNIT         ?PR?GETULTRASONIC?SYS
            CODE    3948H     0052H     UNIT         ?PR?SYS_TIMER0_ISR?SYS
            CODE    399AH     0051H     UNIT         ?PR?SHOWTIME?TIME_MODULE
            CODE    39EBH     004DH     UNIT         ?CO?TIME_MODULE
            CODE    3A38H     0048H     UNIT         ?PR?SHOWSPEED?SPEED_MODULE
            CODE    3A80H     0048H     UNIT         ?PR?_EMSTOP?STEPMOTOR
            CODE    3AC8H     0047H     UNIT         ?PR?SYS_TIMER0_INIT?SYS
            CODE    3B0FH     0046H     UNIT         ?PR?_GETADCNAVACT?ADC
            CODE    3B55H     0045H     UNIT         ?PR?IS_PLAY_MUSIC?MUSIC_MODULE
            CODE    3B9AH     0044H     UNIT         ?PR?_?SYS_FMRADIO_DRV?FM_RADIO
            CODE    3BDEH     0044H     UNIT         ?C?LDIV
            CODE    3C22H     0042H     UNIT         ?PR?RADIO_INIT?RADIO_MODULE
            CODE    3C64H     0040H     UNIT         ?PR?_GETKEYACT?KEY
            CODE    3CA4H     003FH     UNIT         ?PR?SYS_TASK_100MS?SYS
            CODE    3CE3H     003EH     UNIT         ?PR?MYSTC_OS?SYS
            CODE    3D21H     003CH     UNIT         ?CO?DECODE_TABLE
            CODE    3D5DH     003CH     UNIT         ?PR?TEMP_CONTROLLED_MOTOR?TEMP_CONTROLLED_FAN
            CODE    3D99H     0039H     UNIT         ?PR?_NVTEMPTHRESHOLDUPDATE?NV_TEMP_THRESHOLD
            CODE    3DD2H     0036H     UNIT         ?PR?_EXTINIT?EXT
            CODE    3E08H     0033H     UNIT         ?PR?SHOWMODE?TIME_MODULE
            CODE    3E3BH     0032H     UNIT         ?PR?UART1RXDCALLBACK?MY_UART1
            CODE    3E6DH     0032H     UNIT         ?PR?_GETSTEPMOTORSTATUS?STEPMOTOR
            CODE    3E9FH     0031H     UNIT         ?PR?_ADCINIT?ADC
            CODE    3ED0H     0031H     UNIT         ?PR?_SETUART2RXD?UART2
            CODE    3F01H     0031H     UNIT         ?PR?_SETUART1RXD?UART1
            CODE    3F32H     002FH     UNIT         ?PR?_UART2PRINT?UART2
            CODE    3F61H     002BH     UNIT         ?PR?SYS_TASK_1S?SYS
            CODE    3F8CH     002BH     UNIT         ?PR?_NVTEMPTHRESHOLDWRITE?NV_TEMP_THRESHOLD
            CODE    3FB7H     002AH     UNIT         ?PR?NVTEMPTHRESHOLDREAD?NV_TEMP_THRESHOLD
            CODE    3FE1H     002AH     UNIT         ?PR?AUTODOOR_OPEN?ULTRASONIC_MODULE
            CODE    400BH     0028H     UNIT         ?PR?_?SYS_BEEP_DRV?BEEP
            CODE    4033H     0028H     UNIT         ?PR?_SETPLAYERMODE?MUSIC
            CODE    405BH     0028H     UNIT         ?PR?INITRTC?TIME_MODULE
            CODE    4083H     0028H     UNIT         ?PR?AUTODOOR_CLOSE?ULTRASONIC_MODULE
BL51 BANKED LINKER/LOCATER V6.22.4.0                                                  09/18/2025  23:57:46  PAGE 5


            CODE    40ABH     0028H     UNIT         ?PR?_IIC_RADIO_WRITEBYTE?FM_RADIO
            CODE    40D3H     0028H     UNIT         ?PR?_UART1PRINT?UART1
            CODE    40FBH     0025H     UNIT         ?PR?FMRADIOINIT?FM_RADIO
            CODE    4120H     0024H     UNIT         ?PR?SHOWSTATUS?NAV_HANDLER
            CODE    4144H     0024H     UNIT         ?PR?RESPONS?M24C02
            CODE    4168H     0024H     UNIT         ?PR?_WRITEBYTE?M24C02
            CODE    418CH     0022H     UNIT         ?PR?READBYTE?M24C02
            CODE    41AEH     0020H     UNIT         ?PR?BEEPINIT?BEEP
            CODE    41CEH     0020H     UNIT         ?PR?_SEG7PRINT?DISPLAYER
            CODE    41EEH     001DH     UNIT         ?PR?KEYINIT?KEY
            CODE    420BH     001CH     UNIT         ?PR?_M24C02_READ?M24C02
            CODE    4227H     001CH     UNIT         ?PR?IIC_RADIO_ACK?FM_RADIO
            CODE    4243H     001CH     UNIT         ?PR?_STRCHR?STRCHR
            CODE    425FH     001BH     UNIT         ?PR?DISPLAYERINIT?DISPLAYER
            CODE    427AH     0018H     UNIT         ?PR?STEPMOTORINIT?STEPMOTOR
            CODE    4292H     0016H     UNIT         ?PR?SET_MUSIC?MUSIC_MODULE
            CODE    42A8H     0015H     UNIT         ?PR?MYUART1CLEARRXBUFFER?MY_UART1
            CODE    42BDH     0015H     UNIT         ?PR?_M24C02_WRITE?M24C02
            CODE    42D2H     0015H     UNIT         ?PR?_STRLEN?STRLEN
            CODE    42E7H     0014H     UNIT         ?PR?MYUART2RXD_CALLBACK?VOICE_MODULE
            CODE    42FBH     0013H     UNIT         ?PR?_DELAY?FM_RADIO
            CODE    430EH     0013H     UNIT         ?PR?IIC_RADIO_START?FM_RADIO
            CODE    4321H     0013H     UNIT         ?PR?_ISSPACE?ISSPACE
            CODE    4334H     0012H     UNIT         ?PR?_NVISVALIDTHRESHOLD?NV_TEMP_THRESHOLD
            CODE    4346H     0011H     UNIT         ?PR?_SETCCP0?SYS
            CODE    4357H     0010H     UNIT         ?PR?GETDECODE?EXT
            CODE    4367H     0010H     UNIT         ?PR?_SETTRAINID?TRAIN_ID_MODULE
            CODE    4377H     0010H     UNIT         ?CO?MUSIC_MODULE
            CODE    4387H     0010H     UNIT         ?PR?START?M24C02
            CODE    4397H     000FH     UNIT         ?PR?MUSICPLAYERINIT?MUSIC
            CODE    43A6H     000FH     UNIT         ?PR?_?SYS_GET_UART2RXDEVENT?UART2
            CODE    43B5H     000FH     UNIT         ?PR?_?SYS_GET_UART1RXDEVENT?UART1
            CODE    43C4H     000FH     UNIT         ?PR?_ISDIGIT?ISDIGIT
            CODE    43D3H     000EH     UNIT         ?PR?_?SYS_GET_KNEVENT?ADC
            CODE    43E1H     000EH     UNIT         ?PR?_?SYS_GET_EXTADCEVENT?ADC
            CODE    43EFH     000EH     UNIT         ?PR?_?SYS_GET_KEYEVENT?KEY
            CODE    43FDH     000EH     UNIT         ?PR?AUTODOOR_ISMOTORFREE?ULTRASONIC_MODULE
            CODE    440BH     000CH     UNIT         ?PR?GETBEEPSTATUS?BEEP
            CODE    4417H     000CH     UNIT         ?PR?IIC_RADIO_STOP?FM_RADIO
            CODE    4423H     000BH     UNIT         ?PR?GETUART2TXSTATUS?UART2
            CODE    442EH     000BH     UNIT         ?PR?MYUART1PROCESSRXDATA?MY_UART1
            CODE    4439H     000BH     UNIT         ?PR?INITTRAINID?TRAIN_ID_MODULE
            CODE    4444H     000BH     UNIT         ?PR?GETUART1TXSTATUS?UART1
            CODE    444FH     0009H     UNIT         ?CO?ADC
            CODE    4458H     0009H     UNIT         ?PR?_SETDISPLAYERAREA?DISPLAYER
            CODE    4461H     0009H     UNIT         ?PR?GETBEEPTIMER?SYS
            CODE    446AH     0009H     UNIT         ?PR?_SETBEEPTIMER?SYS
            CODE    4473H     0009H     UNIT         ?PR?GETWEIGHT?EXT
            CODE    447CH     0007H     UNIT         ?PR?GETSYSPERFORMANCE?SYS
            CODE    4483H     0006H     UNIT         ?PR?ADC_ISR?ADC
            CODE    4489H     0006H     UNIT         ?PR?_LEDPRINT?DISPLAYER
            CODE    448FH     0006H     UNIT         ?PR?MYSTC_INIT?SYS
            CODE    4495H     0006H     UNIT         ?PR?GETPLAYERMODE?MUSIC
            CODE    449BH     0006H     UNIT         ?CO?MY_UART1
            CODE    44A1H     0006H     UNIT         ?PR?ISULTRASONICVALID?ULTRASONIC_MODULE
            CODE    44A7H     0003H     UNIT         ?PR?_?RET0FUNC?SYS
            CODE    44AAH     0003H     UNIT         ?PR?CLRBEEPPIN?SYS
BL51 BANKED LINKER/LOCATER V6.22.4.0                                                  09/18/2025  23:57:46  PAGE 6


            CODE    44ADH     0003H     UNIT         ?PR?MY100MS_CALLBACK?CORE



OVERLAY MAP OF MODULE:   .\output\BSP_Demo (MAIN)


SEGMENT                                             BIT_GROUP          DATA_GROUP          XDATA_GROUP
  +--> CALLED SEGMENT                            START    LENGTH     START    LENGTH     START    LENGTH
--------------------------------------------------------------------------------------------------------
?C_C51STARTUP                                    -----    -----      -----    -----      -----    -----
  +--> ?PR?MAIN?MAIN
  +--> ?C_INITSEG

?PR?MAIN?MAIN                                    -----    -----      -----    -----      -----    -----
  +--> ?PR?_ADCINIT?ADC
  +--> ?PR?DISPLAYERINIT?DISPLAYER
  +--> ?PR?KEYINIT?KEY
  +--> ?PR?BEEPINIT?BEEP
  +--> ?PR?_SETDISPLAYERAREA?DISPLAYER
  +--> ?PR?_UART2INIT?UART2
  +--> ?PR?MYUART1INIT?MY_UART1
  +--> ?PR?NVTEMPTHRESHOLDINIT?NV_TEMP_THRES...
  +--> ?PR?INITTRAINID?TRAIN_ID_MODULE
  +--> ?PR?INITRTC?TIME_MODULE
  +--> ?PR?_EXTINIT?EXT
  +--> ?PR?ULTRASONICINIT?ULTRASONIC_MODULE
  +--> ?PR?RADIO_INIT?RADIO_MODULE
  +--> ?PR?MUSICPLAYERINIT?MUSIC
  +--> ?PR?SET_MUSIC?MUSIC_MODULE
  +--> ?PR?_SETUART2RXD?UART2
  +--> ?PR?MYUART2RXD_CALLBACK?VOICE_MODULE
  +--> ?PR?_SETEVENTCALLBACK?SYS
  +--> ?PR?MY1S_CALLBACK?CORE
  +--> ?PR?MY100MS_CALLBACK?CORE
  +--> ?PR?NAVHANDLER?NAV_HANDLER
  +--> ?PR?MYSTC_INIT?SYS
  +--> ?PR?MYSTC_OS?SYS

?PR?_ADCINIT?ADC                                 -----    -----      -----    -----      -----    -----
  +--> ?PR?_?SYS_ADC_DRV?ADC
  +--> ?PR?_?SYS_GET_KNEVENT?ADC
  +--> ?PR?_?SYS_GET_EXTADCEVENT?ADC

?PR?_?SYS_ADC_DRV?ADC                            -----    -----      -----    -----      -----    -----
  +--> ?CO?ADC

?PR?DISPLAYERINIT?DISPLAYER                      -----    -----      -----    -----      -----    -----
  +--> ?PR?_?SYS_DISPLAY_DRV?DISPLAYER

?PR?_?SYS_DISPLAY_DRV?DISPLAYER                  -----    -----      -----    -----      -----    -----
  +--> ?CO?DECODE_TABLE

?PR?KEYINIT?KEY                                  -----    -----      -----    -----      -----    -----
  +--> ?PR?_?SYS_GET_KEYEVENT?KEY
  +--> ?PR?_?SYS_KEY_DRV?KEY

BL51 BANKED LINKER/LOCATER V6.22.4.0                                                  09/18/2025  23:57:46  PAGE 7


?PR?BEEPINIT?BEEP                                -----    -----      -----    -----      -----    -----
  +--> ?PR?CLRBEEPPIN?SYS
  +--> ?PR?_?SYS_BEEP_DRV?BEEP

?PR?_?SYS_BEEP_DRV?BEEP                          -----    -----      -----    -----      -----    -----
  +--> ?PR?GETBEEPTIMER?SYS
  +--> ?PR?_SETBEEPTIMER?SYS

?PR?_UART2INIT?UART2                             -----    -----      0008H    0005H      -----    -----
  +--> ?PR?_?NULLFUNC0?UART2
  +--> ?CO?CORE
  +--> ?PR?_?SYS_GET_UART2RXDEVENT?UART2

?PR?MYUART1INIT?MY_UART1                         -----    -----      -----    -----      -----    -----
  +--> ?PR?_UART1INIT?UART1
  +--> ?PR?UART1RXDCALLBACK?MY_UART1
  +--> ?PR?_SETEVENTCALLBACK?SYS
  +--> ?PR?_SETUART1RXD?UART1

?PR?_UART1INIT?UART1                             -----    -----      0008H    0004H      -----    -----
  +--> ?CO?CORE
  +--> ?PR?_?SYS_GET_UART1RXDEVENT?UART1

?PR?UART1RXDCALLBACK?MY_UART1                    -----    -----      -----    -----      -----    -----
  +--> ?PR?_STRCHR?STRCHR
  +--> ?PR?_PARSECOMMAND?MY_UART1
  +--> ?PR?MYUART1CLEARRXBUFFER?MY_UART1

?PR?_PARSECOMMAND?MY_UART1                       -----    -----      0008H    0005H      00D6H    0049H
  +--> ?PR?_STRLEN?STRLEN
  +--> ?CO?MY_UART1
  +--> ?PR?_ATOI?ATOI
  +--> ?PR?_STRTOK?STRTOK
  +--> ?PR?_NVTEMPTHRESHOLDUPDATE?NV_TEMP_TH...
  +--> ?PR?ONSPEEDCHANGE?TIME_MODULE

?PR?_ATOI?ATOI                                   0022H.2  0000H.1    000DH    0005H      -----    -----
  +--> ?PR?_ISSPACE?ISSPACE
  +--> ?PR?_ISDIGIT?ISDIGIT

?PR?_STRTOK?STRTOK                               -----    -----      000DH    0006H      -----    -----
  +--> ?PR?_STRSPN?STRSPN
  +--> ?PR?_STRPBRK?STRPBRK

?PR?_STRSPN?STRSPN                               -----    -----      0013H    0008H      -----    -----

?PR?_STRPBRK?STRPBRK                             -----    -----      0013H    0009H      -----    -----

?PR?_NVTEMPTHRESHOLDUPDATE?NV_TEMP_TH...         -----    -----      000DH    0001H      011FH    0001H
  +--> ?PR?NVTEMPTHRESHOLDINIT?NV_TEMP_THRES...
  +--> ?PR?_NVISVALIDTHRESHOLD?NV_TEMP_THRES...
  +--> ?PR?NVTEMPTHRESHOLDREAD?NV_TEMP_THRES...
  +--> ?PR?_NVTEMPTHRESHOLDWRITE?NV_TEMP_THR...

?PR?NVTEMPTHRESHOLDINIT?NV_TEMP_THRES...         -----    -----      000FH    0001H      0121H    0001H
  +--> ?PR?_M24C02_READ?M24C02
  +--> ?PR?_NVISVALIDTHRESHOLD?NV_TEMP_THRES...
BL51 BANKED LINKER/LOCATER V6.22.4.0                                                  09/18/2025  23:57:46  PAGE 8



?PR?_M24C02_READ?M24C02                          -----    -----      -----    -----      -----    -----
  +--> ?PR?START?M24C02
  +--> ?PR?RESPONS?M24C02
  +--> ?PR?_WRITEBYTE?M24C02
  +--> ?PR?READBYTE?M24C02
  +--> ?PR?STOP?M24C02

?PR?RESPONS?M24C02                               -----    -----      -----    -----      -----    -----
  +--> ?PR?_WRITEBYTE?M24C02

?PR?NVTEMPTHRESHOLDREAD?NV_TEMP_THRES...         -----    -----      -----    -----      0120H    0001H
  +--> ?PR?NVTEMPTHRESHOLDINIT?NV_TEMP_THRES...
  +--> ?PR?_M24C02_READ?M24C02
  +--> ?PR?_NVISVALIDTHRESHOLD?NV_TEMP_THRES...

?PR?_NVTEMPTHRESHOLDWRITE?NV_TEMP_THR...         -----    -----      000EH    0001H      -----    -----
  +--> ?PR?NVTEMPTHRESHOLDINIT?NV_TEMP_THRES...
  +--> ?PR?_NVISVALIDTHRESHOLD?NV_TEMP_THRES...
  +--> ?PR?_M24C02_WRITE?M24C02

?PR?_M24C02_WRITE?M24C02                         -----    -----      -----    -----      -----    -----
  +--> ?PR?START?M24C02
  +--> ?PR?_WRITEBYTE?M24C02
  +--> ?PR?RESPONS?M24C02
  +--> ?PR?STOP?M24C02

?PR?_SETEVENTCALLBACK?SYS                        -----    -----      0008H    0003H      -----    -----

?PR?_SETUART1RXD?UART1                           -----    -----      0008H    000AH      -----    -----

?PR?INITTRAINID?TRAIN_ID_MODULE                  -----    -----      -----    -----      -----    -----
  +--> ?PR?_M24C02_READ?M24C02

?PR?_EXTINIT?EXT                                 -----    -----      -----    -----      -----    -----
  +--> ?PR?_?SYS_EXT_DRV?EXT

?PR?_?SYS_EXT_DRV?EXT                            -----    -----      -----    -----      -----    -----
  +--> ?PR?READCOUNT?EXT

?PR?READCOUNT?EXT                                -----    -----      0008H    0005H      -----    -----

?PR?ULTRASONICINIT?ULTRASONIC_MODULE             -----    -----      -----    -----      00D6H    0001H
  +--> ?PR?_EXTINIT?EXT
  +--> ?PR?STEPMOTORINIT?STEPMOTOR
  +--> ?PR?_GETSTEPMOTORSTATUS?STEPMOTOR
  +--> ?PR?_SETSTEPMOTOR?STEPMOTOR

?PR?STEPMOTORINIT?STEPMOTOR                      -----    -----      -----    -----      -----    -----
  +--> ?PR?_?SYS_STEPMOTOR_DRV?STEPMOTOR

?PR?_?SYS_STEPMOTOR_DRV?STEPMOTOR                -----    -----      -----    -----      -----    -----
  +--> ?PR?_LEDPRINT?DISPLAYER

?PR?_SETSTEPMOTOR?STEPMOTOR                      -----    -----      0008H    0001H      -----    -----

?PR?RADIO_INIT?RADIO_MODULE                      -----    -----      -----    -----      -----    -----
BL51 BANKED LINKER/LOCATER V6.22.4.0                                                  09/18/2025  23:57:46  PAGE 9


  +--> ?PR?FMRADIOINIT?FM_RADIO
  +--> ?PR?SETFMRADIO?FM_RADIO

?PR?FMRADIOINIT?FM_RADIO                         -----    -----      0008H    0006H      -----    -----
  +--> ?PR?SETFMRADIO?FM_RADIO
  +--> ?PR?_?SYS_FMRADIO_DRV?FM_RADIO

?PR?SETFMRADIO?FM_RADIO                          -----    -----      000EH    0006H      -----    -----
  +--> ?PR?GETFMRADIO?FM_RADIO

?PR?GETFMRADIO?FM_RADIO                          -----    -----      0014H    0006H      -----    -----

?PR?_?SYS_FMRADIO_DRV?FM_RADIO                   -----    -----      -----    -----      -----    -----
  +--> ?PR?IIC_RADIO_START?FM_RADIO
  +--> ?PR?_IIC_RADIO_WRITEBYTE?FM_RADIO
  +--> ?PR?IIC_RADIO_ACK?FM_RADIO
  +--> ?PR?IIC_RADIO_STOP?FM_RADIO

?PR?IIC_RADIO_START?FM_RADIO                     -----    -----      -----    -----      -----    -----
  +--> ?PR?_DELAY?FM_RADIO

?PR?_IIC_RADIO_WRITEBYTE?FM_RADIO                -----    -----      -----    -----      -----    -----
  +--> ?PR?_DELAY?FM_RADIO

?PR?IIC_RADIO_ACK?FM_RADIO                       -----    -----      -----    -----      -----    -----
  +--> ?PR?_DELAY?FM_RADIO

?PR?IIC_RADIO_STOP?FM_RADIO                      -----    -----      -----    -----      -----    -----
  +--> ?PR?_DELAY?FM_RADIO

?PR?MUSICPLAYERINIT?MUSIC                        -----    -----      -----    -----      -----    -----
  +--> ?PR?_?SYS_MUSIC_DRV?MUSIC

?PR?_?SYS_MUSIC_DRV?MUSIC                        -----    -----      -----    -----      -----    -----
  +--> ?PR?GETBEEPSTATUS?BEEP
  +--> ?PR?_SEG7PRINT?DISPLAYER
  +--> ?PR?_LEDPRINT?DISPLAYER
  +--> ?PR?_PLAYTONE?MUSIC

?PR?GETBEEPSTATUS?BEEP                           -----    -----      -----    -----      -----    -----
  +--> ?PR?GETBEEPTIMER?SYS

?PR?_SEG7PRINT?DISPLAYER                         -----    -----      0008H    0008H      -----    -----

?PR?_PLAYTONE?MUSIC                              -----    -----      0008H    0006H      -----    -----
  +--> ?PR?GETBEEPSTATUS?BEEP
  +--> ?CO?MUSIC
  +--> ?PR?_SETBEEP?BEEP

?PR?_SETBEEP?BEEP                                -----    -----      000EH    0004H      -----    -----
  +--> ?PR?GETBEEPTIMER?SYS
  +--> ?PR?_SETBEEPTIMER?SYS
  +--> ?CO?CORE
  +--> ?PR?_SETCCP0?SYS
  +--> ?PR?CLRBEEPPIN?SYS

?PR?SET_MUSIC?MUSIC_MODULE                       -----    -----      -----    -----      -----    -----
BL51 BANKED LINKER/LOCATER V6.22.4.0                                                  09/18/2025  23:57:46  PAGE 10


  +--> ?CO?MUSIC_MODULE
  +--> ?PR?_SETMUSIC?MUSIC

?PR?_SETMUSIC?MUSIC                              -----    -----      0008H    0008H      -----    -----

?PR?_SETUART2RXD?UART2                           -----    -----      0008H    000AH      -----    -----

?PR?MY1S_CALLBACK?CORE                           -----    -----      -----    -----      -----    -----
  +--> ?PR?UPDATETIME?TIME_MODULE
  +--> ?PR?CHECKCOUNTDOWNEVENT?VOICE_MODULE
  +--> ?PR?UPDATETEMP?TEMP_MODULE
  +--> ?PR?IS_PLAY_MUSIC?MUSIC_MODULE
  +--> ?PR?MYUART1SENDCURRENTSTATUS?MY_UART1
  +--> ?PR?TEMP_CONTROLLED_MOTOR?TEMP_CONTRO...
  +--> ?PR?UPDATEREALTIMEPERSECOND?REAL_TIME...

?PR?UPDATETIME?TIME_MODULE                       -----    -----      -----    -----      -----    -----
  +--> ?PR?RESETTIMER?TIME_MODULE
  +--> ?CO?VOICE_MODULE
  +--> ?PR?_UART2PRINT?UART2

?PR?CHECKCOUNTDOWNEVENT?VOICE_MODULE             -----    -----      -----    -----      -----    -----
  +--> ?CO?VOICE_MODULE
  +--> ?PR?_UART2PRINT?UART2

?PR?UPDATETEMP?TEMP_MODULE                       -----    -----      -----    -----      -----    -----
  +--> ?PR?GETADC?ADC
  +--> ?CO?TEMP_MODULE

?PR?IS_PLAY_MUSIC?MUSIC_MODULE                   -----    -----      0008H    0001H      -----    -----
  +--> ?PR?GETPLAYERMODE?MUSIC
  +--> ?PR?_SETPLAYERMODE?MUSIC

?PR?MYUART1SENDCURRENTSTATUS?MY_UART1            -----    -----      -----    -----      00D6H    0002H
  +--> ?PR?GETUART1TXSTATUS?UART1
  +--> ?CO?MY_UART1
  +--> ?PR?_STRLEN?STRLEN
  +--> ?PR?_MY_UTOA?MY_UART1
  +--> ?PR?_UART1PRINT?UART1

?PR?_MY_UTOA?MY_UART1                            -----    -----      0008H    0003H      00D8H    0012H

?PR?TEMP_CONTROLLED_MOTOR?TEMP_CONTRO...         -----    -----      -----    -----      -----    -----
  +--> ?PR?_SETPWM?EXT

?PR?_SETPWM?EXT                                  -----    -----      0008H    0004H      -----    -----

?PR?MY100MS_CALLBACK?CORE                        -----    -----      -----    -----      -----    -----
  +--> ?PR?SHOWSTATUS?NAV_HANDLER

?PR?SHOWSTATUS?NAV_HANDLER                       -----    -----      -----    -----      -----    -----
  +--> ?PR?SHOWTIME?TIME_MODULE
  +--> ?PR?SHOWTEMP?TEMP_MODULE
  +--> ?PR?SHOWSPEED?SPEED_MODULE
  +--> ?PR?SHOWMODE?TIME_MODULE
  +--> ?PR?SHOWREALTIME?REAL_TIME_MODULE

BL51 BANKED LINKER/LOCATER V6.22.4.0                                                  09/18/2025  23:57:46  PAGE 11


?PR?SHOWTIME?TIME_MODULE                         -----    -----      -----    -----      -----    -----
  +--> ?PR?_SEG7PRINT?DISPLAYER

?PR?SHOWTEMP?TEMP_MODULE                         -----    -----      -----    -----      -----    -----
  +--> ?PR?_SEG7PRINT?DISPLAYER

?PR?SHOWSPEED?SPEED_MODULE                       -----    -----      -----    -----      -----    -----
  +--> ?PR?_SEG7PRINT?DISPLAYER

?PR?SHOWMODE?TIME_MODULE                         -----    -----      -----    -----      -----    -----
  +--> ?PR?_SEG7PRINT?DISPLAYER

?PR?SHOWREALTIME?REAL_TIME_MODULE                -----    -----      -----    -----      -----    -----
  +--> ?PR?_SEG7PRINT?DISPLAYER

?PR?NAVHANDLER?NAV_HANDLER                       -----    -----      -----    -----      00D6H    0004H
  +--> ?PR?_GETADCNAVACT?ADC
  +--> ?PR?SETFMRADIO?FM_RADIO

?PR?MYSTC_INIT?SYS                               -----    -----      -----    -----      -----    -----
  +--> ?PR?SYS_TIMER0_INIT?SYS

?PR?SYS_TIMER0_INIT?SYS                          -----    -----      -----    -----      -----    -----
  +--> ?CO?CORE

?PR?MYSTC_OS?SYS                                 -----    -----      -----    -----      -----    -----
  +--> ?PR?SYS_TASK_IR?SYS
  +--> ?PR?SYS_TASK_1MS?SYS
  +--> ?PR?SYS_TASK_10MS?SYS
  +--> ?PR?SYS_TASK_100MS?SYS
  +--> ?PR?SYS_TASK_1S?SYS

?C_INITSEG                                       -----    -----      -----    -----      -----    -----
  +--> ?PR?_?NULLFUNC?SYS
  +--> ?PR?_?RET0FUNC?SYS



SYMBOL TABLE OF MODULE:  .\output\BSP_Demo (MAIN)

  VALUE           TYPE          NAME
  ----------------------------------

  -------         MODULE        MAIN
  C:0000H         SYMBOL        _ICE_DUMMY_
  D:0080H         PUBLIC        P0
  D:0090H         PUBLIC        P1
  D:00A0H         PUBLIC        P2
  D:00B0H         PUBLIC        P3
  D:00C0H         PUBLIC        P4
  D:00C8H         PUBLIC        P5
  D:00E8H         PUBLIC        P6
  D:00F8H         PUBLIC        P7
  D:00A8H         PUBLIC        IE
  D:00B8H         PUBLIC        IP
  D:00D8H         PUBLIC        CCON
  C:3152H         PUBLIC        main
BL51 BANKED LINKER/LOCATER V6.22.4.0                                                  09/18/2025  23:57:46  PAGE 12


  D:0098H         PUBLIC        SCON
  D:0088H         PUBLIC        TCON
  D:00D0H         PUBLIC        PSW
  -------         PROC          MAIN
  C:3152H         LINE#         3
  C:3152H         LINE#         4
  C:3157H         LINE#         5
  C:315AH         LINE#         6
  C:315DH         LINE#         7
  C:3160H         LINE#         8
  C:3167H         LINE#         9
  C:3173H         LINE#         10
  C:3176H         LINE#         11
  C:3179H         LINE#         13
  C:317CH         LINE#         14
  C:317FH         LINE#         15
  C:3184H         LINE#         16
  C:3187H         LINE#         17
  C:318AH         LINE#         18
  C:318DH         LINE#         19
  C:3190H         LINE#         20
  C:31AAH         LINE#         21
  C:31B5H         LINE#         22
  C:31C0H         LINE#         23
  C:31CBH         LINE#         24
  C:31D6H         LINE#         25
  C:31D9H         LINE#         27
  C:31D9H         LINE#         28
  C:31DCH         LINE#         29
  -------         ENDPROC       MAIN
  -------         ENDMOD        MAIN

  -------         MODULE        ADC
  C:0000H         SYMBOL        _ICE_DUMMY_
  D:0080H         PUBLIC        P0
  D:0090H         PUBLIC        P1
  D:00A0H         PUBLIC        P2
  C:43D3H         PUBLIC        _?sys_get_KNEvent
  D:0045H         PUBLIC        sys_EXTADCEvent
  D:00B0H         PUBLIC        P3
  D:00C0H         PUBLIC        P4
  D:00C8H         PUBLIC        P5
  D:00E8H         PUBLIC        P6
  D:00F8H         PUBLIC        P7
  B:00A8H.5       PUBLIC        EADC
  D:00A8H         PUBLIC        IE
  D:00BDH         PUBLIC        ADC_RES
  D:00B8H         PUBLIC        IP
  D:0097H         PUBLIC        CLK_DIV
  C:3E9FH         PUBLIC        _AdcInit
  D:00D8H         PUBLIC        CCON
  C:43E1H         PUBLIC        _?sys_get_EXTADCEvent
  X:0124H         PUBLIC        AD_res
  D:00BCH         PUBLIC        ADC_CONTR
  D:0098H         PUBLIC        SCON
  D:0088H         PUBLIC        TCON
  C:1E18H         PUBLIC        _?sys_ADC_drv
BL51 BANKED LINKER/LOCATER V6.22.4.0                                                  09/18/2025  23:57:46  PAGE 13


  B:0021H.7       PUBLIC        flag_ADC
  X:012EH         PUBLIC        sys_KN
  D:009DH         PUBLIC        P1ASF
  D:0046H         PUBLIC        sys_KNEvent
  D:00BEH         PUBLIC        ADC_RESL
  C:0003H         PUBLIC        GetADC
  C:3B0FH         PUBLIC        _GetAdcNavAct
  C:4483H         PUBLIC        ADC_isr
  D:00D0H         PUBLIC        PSW
  -------         PROC          ADC_ISR
  C:4483H         LINE#         26
  C:4483H         LINE#         27
  C:4486H         LINE#         28
  C:4488H         LINE#         29
  -------         ENDPROC       ADC_ISR
  -------         PROC          _?SYS_ADC_DRV
  -------         DO            
  X:0122H         SYMBOL        pc
  X:0123H         SYMBOL        counter
  i:0000H         SYMBOL        i
  C:444FH         SYMBOL        ADC_ch
  -------         ENDDO         
  C:1E18H         LINE#         31
  C:1E1AH         LINE#         35
  C:1E20H         LINE#         36
  C:1E22H         LINE#         37
  C:1E50H         LINE#         38
  C:1E50H         LINE#         39
  C:1E50H         LINE#         40
  C:1E60H         LINE#         41
  C:1E62H         LINE#         42
  C:1E62H         LINE#         43
  C:1E62H         LINE#         44
  C:1E76H         LINE#         45
  C:1E79H         LINE#         46
  C:1E7CH         LINE#         47
  C:1E8CH         LINE#         48
  C:1E8EH         LINE#         49
  C:1EA2H         LINE#         50
  C:1EA5H         LINE#         51
  C:1EB9H         LINE#         52
  C:1ECCH         LINE#         53
  C:1EE4H         LINE#         54
  C:1EEFH         LINE#         55
  C:1EF2H         LINE#         56
  C:1F02H         LINE#         57
  C:1F16H         LINE#         58
  C:1F2BH         LINE#         59
  C:1F3CH         LINE#         60
  C:1F3EH         LINE#         61
  C:1F3EH         LINE#         62
  C:1F40H         LINE#         64
  C:1F57H         LINE#         65
  C:1F68H         LINE#         66
  C:1F6BH         LINE#         67
  C:1F6BH         LINE#         68
  C:1F6BH         LINE#         69
BL51 BANKED LINKER/LOCATER V6.22.4.0                                                  09/18/2025  23:57:46  PAGE 14


  C:1F8EH         LINE#         70
  C:1F9FH         LINE#         71
  C:1FA3H         LINE#         72
  C:1FA3H         LINE#         73
  C:1FA3H         LINE#         74
  C:1FA9H         LINE#         75
  C:1FA9H         LINE#         76
  C:1FA9H         LINE#         77
  C:1FB5H         LINE#         78
  C:1FC1H         LINE#         79
  C:1FC1H         LINE#         80
  -------         ENDPROC       _?SYS_ADC_DRV
  -------         PROC          _?SYS_GET_KNEVENT
  -------         DO            
  i:0000H         SYMBOL        a
  -------         ENDDO         
  C:43D3H         LINE#         82
  C:43D5H         LINE#         84
  C:43D9H         LINE#         85
  C:43DCH         LINE#         86
  C:43DEH         LINE#         87
  -------         ENDPROC       _?SYS_GET_KNEVENT
  -------         PROC          _?SYS_GET_EXTADCEVENT
  -------         DO            
  i:0000H         SYMBOL        a
  -------         ENDDO         
  C:43E1H         LINE#         89
  C:43E3H         LINE#         91
  C:43E7H         LINE#         92
  C:43EAH         LINE#         93
  C:43ECH         LINE#         94
  -------         ENDPROC       _?SYS_GET_EXTADCEVENT
  -------         PROC          _ADCINIT
  D:0007H         SYMBOL        ADCsel
  C:3E9FH         LINE#         96
  C:3E9FH         LINE#         97
  C:3E9FH         LINE#         98
  C:3EA1H         LINE#         99
  C:3EA4H         LINE#         100
  C:3EA7H         LINE#         101
  C:3EA9H         LINE#         102
  C:3EB7H         LINE#         103
  C:3EC3H         LINE#         104
  C:3ECFH         LINE#         105
  -------         ENDPROC       _ADCINIT
  -------         PROC          GETADC
  C:0003H         LINE#         107
  C:0003H         LINE#         108
  C:0009H         LINE#         109
  -------         ENDPROC       GETADC
  -------         PROC          _GETADCNAVACT
  D:0007H         SYMBOL        Nav_button
  -------         DO            
  D:0006H         SYMBOL        a
  -------         ENDDO         
  C:3B0FH         LINE#         111
  C:3B0FH         LINE#         112
BL51 BANKED LINKER/LOCATER V6.22.4.0                                                  09/18/2025  23:57:46  PAGE 15


  C:3B0FH         LINE#         113
  C:3B1FH         LINE#         114
  C:3B3AH         LINE#         115
  C:3B4FH         LINE#         116
  C:3B52H         LINE#         117
  C:3B52H         LINE#         118
  C:3B54H         LINE#         119
  -------         ENDPROC       _GETADCNAVACT
  -------         ENDMOD        ADC

  -------         MODULE        BEEP
  C:0000H         SYMBOL        _ICE_DUMMY_
  D:0080H         PUBLIC        P0
  D:00B2H         PUBLIC        P3M0
  D:0090H         PUBLIC        P1
  D:00B1H         PUBLIC        P3M1
  D:00A0H         PUBLIC        P2
  D:00B0H         PUBLIC        P3
  D:00C0H         PUBLIC        P4
  D:00C8H         PUBLIC        P5
  D:00E8H         PUBLIC        P6
  D:00F8H         PUBLIC        P7
  D:00F9H         PUBLIC        CH
  C:400BH         PUBLIC        _?sys_beep_drv
  D:00A8H         PUBLIC        IE
  D:00E9H         PUBLIC        CL
  C:41AEH         PUBLIC        BeepInit
  B:00D8H.6       PUBLIC        CR
  D:00DAH         PUBLIC        CCAPM0
  D:00B8H         PUBLIC        IP
  D:00D9H         PUBLIC        CMOD
  D:00D8H         PUBLIC        CCON
  C:440BH         PUBLIC        GetBeepStatus
  C:33F2H         PUBLIC        _SetBeep
  D:0098H         PUBLIC        SCON
  D:0088H         PUBLIC        TCON
  D:00D0H         PUBLIC        PSW
  B:00D8H.0       PUBLIC        CCF0
  -------         PROC          _?SYS_BEEP_DRV
  -------         DO            
  i:0000H         SYMBOL        a
  -------         ENDDO         
  C:400BH         LINE#         11
  C:400FH         LINE#         13
  C:4019H         LINE#         14
  C:402EH         LINE#         15
  -------         ENDPROC       _?SYS_BEEP_DRV
  -------         PROC          BEEPINIT
  C:41AEH         LINE#         17
  C:41AEH         LINE#         18
  C:41AEH         LINE#         19
  C:41B1H         LINE#         20
  C:41B4H         LINE#         21
  C:41B7H         LINE#         22
  C:41BAH         LINE#         23
  C:41BDH         LINE#         24
  C:41BFH         LINE#         25
BL51 BANKED LINKER/LOCATER V6.22.4.0                                                  09/18/2025  23:57:46  PAGE 16


  C:41CDH         LINE#         26
  -------         ENDPROC       BEEPINIT
  -------         PROC          _SETBEEP
  D:000EH         SYMBOL        Beep_freq
  D:0010H         SYMBOL        Beep_time
  -------         DO            
  D:0002H         SYMBOL        a
  D:0004H         SYMBOL        b
  -------         ENDDO         
  C:33F2H         LINE#         28
  C:33FAH         LINE#         29
  C:33FAH         LINE#         31
  C:3401H         LINE#         32
  C:3408H         LINE#         33
  C:3413H         LINE#         34
  C:343CH         LINE#         35
  C:3450H         LINE#         36
  C:3457H         LINE#         37
  C:3459H         LINE#         38
  C:345CH         LINE#         39
  C:345EH         LINE#         41
  C:3461H         LINE#         42
  C:3464H         LINE#         43
  C:3464H         LINE#         44
  C:3467H         LINE#         45
  C:3467H         LINE#         46
  C:3469H         LINE#         47
  -------         ENDPROC       _SETBEEP
  -------         PROC          GETBEEPSTATUS
  C:440BH         LINE#         49
  C:440BH         LINE#         50
  C:4414H         LINE#         51
  C:4416H         LINE#         52
  -------         ENDPROC       GETBEEPSTATUS
  -------         ENDMOD        BEEP

  -------         MODULE        DISPLAYER
  C:0000H         SYMBOL        _ICE_DUMMY_
  D:0093H         PUBLIC        P0M1
  D:0096H         PUBLIC        P2M0
  D:0080H         PUBLIC        P0
  D:0095H         PUBLIC        P2M1
  D:0090H         PUBLIC        P1
  D:00A0H         PUBLIC        P2
  D:00B0H         PUBLIC        P3
  D:00C0H         PUBLIC        P4
  D:00C8H         PUBLIC        P5
  D:00E8H         PUBLIC        P6
  D:00F8H         PUBLIC        P7
  D:00A8H         PUBLIC        IE
  D:00B8H         PUBLIC        IP
  D:00D8H         PUBLIC        CCON
  C:4489H         PUBLIC        _LedPrint
  B:00A0H.0       PUBLIC        P20
  B:00A0H.1       PUBLIC        P21
  D:0098H         PUBLIC        SCON
  B:00A0H.2       PUBLIC        P22
BL51 BANKED LINKER/LOCATER V6.22.4.0                                                  09/18/2025  23:57:46  PAGE 17


  D:0088H         PUBLIC        TCON
  B:00A0H.3       PUBLIC        P23
  C:425FH         PUBLIC        DisplayerInit
  X:01B6H         PUBLIC        sys_Disp
  C:4458H         PUBLIC        _SetDisplayerArea
  C:41CEH         PUBLIC        _Seg7Print
  C:2546H         PUBLIC        _?sys_display_drv
  D:00D0H         PUBLIC        PSW
  D:0094H         PUBLIC        P0M0
  -------         PROC          _?SYS_DISPLAY_DRV
  C:2546H         LINE#         16
  C:2546H         LINE#         18
  C:2549H         LINE#         19
  C:2572H         LINE#         20
  C:2578H         LINE#         21
  C:257EH         LINE#         22
  C:2584H         LINE#         23
  C:258AH         LINE#         24
  C:2594H         LINE#         25
  C:259EH         LINE#         26
  C:25A8H         LINE#         27
  C:25B2H         LINE#         28
  C:25B4H         LINE#         29
  C:25B4H         LINE#         30
  C:25BCH         LINE#         31
  C:25E5H         LINE#         33
  C:2600H         LINE#         34
  C:2603H         LINE#         35
  C:2603H         LINE#         36
  C:261AH         LINE#         37
  C:2626H         LINE#         39
  C:262EH         LINE#         40
  -------         ENDPROC       _?SYS_DISPLAY_DRV
  -------         PROC          DISPLAYERINIT
  C:425FH         LINE#         42
  C:425FH         LINE#         43
  C:425FH         LINE#         44
  C:4262H         LINE#         45
  C:4265H         LINE#         46
  C:4268H         LINE#         47
  C:426BH         LINE#         48
  C:4279H         LINE#         49
  -------         ENDPROC       DISPLAYERINIT
  -------         PROC          _SETDISPLAYERAREA
  D:0007H         SYMBOL        Begin_of_scan
  D:0005H         SYMBOL        Ending_of_Scan
  C:4458H         LINE#         51
  C:4458H         LINE#         52
  C:445DH         LINE#         53
  C:4460H         LINE#         54
  -------         ENDPROC       _SETDISPLAYERAREA
  -------         PROC          _SEG7PRINT
  D:0007H         SYMBOL        d0
  D:0005H         SYMBOL        d1
  D:0003H         SYMBOL        d2
  D:000BH         SYMBOL        d3
  D:000CH         SYMBOL        d4
BL51 BANKED LINKER/LOCATER V6.22.4.0                                                  09/18/2025  23:57:46  PAGE 18


  D:000DH         SYMBOL        d5
  D:000EH         SYMBOL        d6
  D:000FH         SYMBOL        d7
  C:41CEH         LINE#         56
  C:41CEH         LINE#         57
  C:41D3H         LINE#         58
  C:41D6H         LINE#         59
  C:41D9H         LINE#         60
  C:41DDH         LINE#         61
  C:41E1H         LINE#         62
  C:41E5H         LINE#         63
  C:41E9H         LINE#         64
  C:41EDH         LINE#         65
  -------         ENDPROC       _SEG7PRINT
  -------         PROC          _LEDPRINT
  D:0007H         SYMBOL        led_val
  C:4489H         LINE#         67
  C:4489H         LINE#         68
  C:448EH         LINE#         69
  -------         ENDPROC       _LEDPRINT
  -------         ENDMOD        DISPLAYER

  -------         MODULE        KEY
  C:0000H         SYMBOL        _ICE_DUMMY_
  D:0080H         PUBLIC        P0
  D:0090H         PUBLIC        P1
  D:00A0H         PUBLIC        P2
  D:00B0H         PUBLIC        P3
  D:00C0H         PUBLIC        P4
  D:00C8H         PUBLIC        P5
  D:00E8H         PUBLIC        P6
  D:00F8H         PUBLIC        P7
  D:00A8H         PUBLIC        IE
  D:001FH         PUBLIC        sys_keyEvent
  D:00B8H         PUBLIC        IP
  D:00D8H         PUBLIC        CCON
  C:43EFH         PUBLIC        _?sys_get_keyEvent
  D:0098H         PUBLIC        SCON
  D:0088H         PUBLIC        TCON
  C:221AH         PUBLIC        _?sys_key_drv
  C:41EEH         PUBLIC        KeyInit
  B:00B0H.2       PUBLIC        IO_Key1
  B:00B0H.3       PUBLIC        IO_Key2
  B:0090H.7       PUBLIC        IO_Key3
  C:3C64H         PUBLIC        _GetKeyAct
  X:01DAH         PUBLIC        sys_Key
  D:00D0H         PUBLIC        PSW
  -------         PROC          _?SYS_KEY_DRV
  -------         DO            
  i:0000H         SYMBOL        i
  X:01D9H         SYMBOL        counter
  -------         ENDDO         
  C:221AH         LINE#         28
  C:221CH         LINE#         31
  C:2225H         LINE#         32
  C:222EH         LINE#         33
  C:2237H         LINE#         34
BL51 BANKED LINKER/LOCATER V6.22.4.0                                                  09/18/2025  23:57:46  PAGE 19


  C:2242H         LINE#         35
  C:2245H         LINE#         36
  C:2257H         LINE#         37
  C:2275H         LINE#         38
  C:228EH         LINE#         39
  C:22AAH         LINE#         40
  C:22ACH         LINE#         41
  C:22ACH         LINE#         42
  C:22AEH         LINE#         44
  C:22CFH         LINE#         45
  C:22E5H         LINE#         46
  C:22E8H         LINE#         47
  C:22E8H         LINE#         48
  C:22E8H         LINE#         49
  C:231BH         LINE#         50
  C:2336H         LINE#         51
  C:233AH         LINE#         52
  C:233AH         LINE#         53
  -------         ENDPROC       _?SYS_KEY_DRV
  -------         PROC          _?SYS_GET_KEYEVENT
  -------         DO            
  i:0000H         SYMBOL        a
  -------         ENDDO         
  C:43EFH         LINE#         55
  C:43F1H         LINE#         57
  C:43F5H         LINE#         58
  C:43F8H         LINE#         59
  C:43FAH         LINE#         60
  -------         ENDPROC       _?SYS_GET_KEYEVENT
  -------         PROC          KEYINIT
  C:41EEH         LINE#         62
  C:41EEH         LINE#         63
  C:41EEH         LINE#         64
  C:41FCH         LINE#         65
  C:420AH         LINE#         66
  -------         ENDPROC       KEYINIT
  -------         PROC          _GETKEYACT
  D:0007H         SYMBOL        Key
  -------         DO            
  D:0006H         SYMBOL        a
  -------         ENDDO         
  C:3C64H         LINE#         68
  C:3C64H         LINE#         69
  C:3C64H         LINE#         70
  C:3C6EH         LINE#         71
  C:3C89H         LINE#         72
  C:3C9EH         LINE#         73
  C:3CA1H         LINE#         74
  C:3CA1H         LINE#         75
  C:3CA3H         LINE#         76
  -------         ENDPROC       _GETKEYACT
  -------         ENDMOD        KEY

  -------         MODULE        SYS
  C:0000H         SYMBOL        _ICE_DUMMY_
  X:0000H         PUBLIC        count_1mS
  B:00D8H.2       PUBLIC        CCF2
BL51 BANKED LINKER/LOCATER V6.22.4.0                                                  09/18/2025  23:57:46  PAGE 20


  D:0080H         PUBLIC        P0
  B:0020H.1       PUBLIC        flag_1S
  D:0090H         PUBLIC        P1
  D:00A0H         PUBLIC        P2
  D:00B0H         PUBLIC        P3
  D:00C0H         PUBLIC        P4
  X:0001H         PUBLIC        T1
  D:00C8H         PUBLIC        P5
  X:0003H         PUBLIC        T2
  B:00A8H.7       PUBLIC        EA
  D:00E8H         PUBLIC        P6
  D:00F8H         PUBLIC        P7
  D:0024H         PUBLIC        IrDatNum
  B:00D8H.7       PUBLIC        CF
  B:0020H.2       PUBLIC        Ir_Coder
  B:0020H.3       PUBLIC        Ir_RxBusy
  D:00A8H         PUBLIC        IE
  B:0020H.4       PUBLIC        Ir_TxBusy
  X:0005H         PUBLIC        userfunccall
  D:00FAH         PUBLIC        CCAP0H
  D:00FBH         PUBLIC        CCAP1H
  C:326AH         PUBLIC        sys_task_Ir
  D:0025H         PUBLIC        IrCount_j
  D:0026H         PUBLIC        IrRx_count
  D:0027H         PUBLIC        IrProtocol
  D:00EAH         PUBLIC        CCAP0L
  D:0028H         PUBLIC        IrTx_count
  D:00EBH         PUBLIC        CCAP1L
  D:00DAH         PUBLIC        CCAPM0
  D:00DBH         PUBLIC        CCAPM1
  D:0029H         PUBLIC        MainLoops
  D:00B8H         PUBLIC        IP
  B:00D0H.7       PUBLIC        CY
  B:0020H.5       PUBLIC        flag_10mS
  D:00D8H         PUBLIC        CCON
  C:4461H         PUBLIC        GetBeepTimer
  C:3948H         PUBLIC        sys_Timer0_isr
  C:3375H         PUBLIC        _SetEventCallBack
  C:448FH         PUBLIC        MySTC_Init
  C:3CA4H         PUBLIC        sys_task_100mS
  D:002DH         PUBLIC        ModBus_interval_time
  C:44A7H         PUBLIC        _?ret0func
  C:38F5H         PUBLIC        GetUltraSonic
  X:0029H         PUBLIC        count_10mS
  X:002AH         PUBLIC        stcDrivers
  C:446AH         PUBLIC        _SetBeepTimer
  B:0020H.6       PUBLIC        flag_IrRxFinished
  D:0098H         PUBLIC        SCON
  C:4346H         PUBLIC        _SetCCP0
  C:3CE3H         PUBLIC        MySTC_OS
  D:0089H         PUBLIC        TMOD
  D:0088H         PUBLIC        TCON
  B:0020H.7       PUBLIC        flag_Ir
  B:00B0H.5       PUBLIC        P35
  D:002EH         PUBLIC        IrRxNum
  X:0060H         PUBLIC        SysPerformance
  D:008EH         PUBLIC        AUXR
BL51 BANKED LINKER/LOCATER V6.22.4.0                                                  09/18/2025  23:57:46  PAGE 21


  C:2A84H         PUBLIC        sys_CCP_isr
  C:2459H         PUBLIC        sys_task_1mS
  B:00A8H.1       PUBLIC        ET0
  C:44AAH         PUBLIC        ClrBeepPin
  D:008CH         PUBLIC        TH0
  B:0021H.0       PUBLIC        flag_100mS
  X:0065H         PUBLIC        distance
  D:008AH         PUBLIC        TL0
  D:002FH         PUBLIC        PollingMisses
  X:0067H         PUBLIC        sys_BP
  B:0088H.4       PUBLIC        TR0
  C:3F61H         PUBLIC        sys_task_1S
  C:447CH         PUBLIC        GetSysPerformance
  B:0021H.1       PUBLIC        matchModBus
  X:006DH         PUBLIC        count_100mS
  B:0021H.2       PUBLIC        Ir_BitBusy
  D:0030H         PUBLIC        IrDat_count
  D:0031H         PUBLIC        IrMute_count
  B:0021H.3       PUBLIC        newFrame1
  C:3AC8H         PUBLIC        sys_Timer0_Init
  B:0021H.4       PUBLIC        newFrame2
  D:0032H         PUBLIC        IrDataPc
  C:000AH         PUBLIC        _?nullfunc
  B:0021H.5       PUBLIC        flag_1mS
  B:0021H.6       PUBLIC        newUS
  D:008FH         PUBLIC        INT_CLKO
  C:302FH         PUBLIC        sys_task_10mS
  D:00D0H         PUBLIC        PSW
  B:00D8H.0       PUBLIC        CCF0
  B:00B0H.4       PUBLIC        Beep
  B:00D8H.1       PUBLIC        CCF1
  -------         PROC          _?NULLFUNC
  C:000AH         LINE#         13
  -------         ENDPROC       _?NULLFUNC
  -------         PROC          _?RET0FUNC
  C:44A7H         LINE#         14
  -------         ENDPROC       _?RET0FUNC
  -------         PROC          SYS_TIMER0_INIT
  C:3AC8H         LINE#         96
  C:3AC8H         LINE#         97
  C:3ACBH         LINE#         98
  C:3ACEH         LINE#         99
  C:3AE4H         LINE#         100
  C:3B0AH         LINE#         101
  C:3B0CH         LINE#         102
  C:3B0EH         LINE#         103
  -------         ENDPROC       SYS_TIMER0_INIT
  -------         PROC          SYS_TIMER0_ISR
  -------         DO            
  D:0023H         SYMBOL        i
  -------         ENDDO         
  C:3948H         LINE#         105
  C:394CH         LINE#         107
  C:394FH         LINE#         108
  C:3952H         LINE#         109
  C:3957H         LINE#         110
  C:3959H         LINE#         111
BL51 BANKED LINKER/LOCATER V6.22.4.0                                                  09/18/2025  23:57:46  PAGE 22


  C:3959H         LINE#         112
  C:395FH         LINE#         113
  C:3965H         LINE#         114
  C:3968H         LINE#         115
  C:396AH         LINE#         116
  C:396DH         LINE#         117
  C:3971H         LINE#         118
  C:3973H         LINE#         119
  C:3976H         LINE#         120
  C:3978H         LINE#         122
  C:397BH         LINE#         123
  C:397DH         LINE#         124
  C:3982H         LINE#         125
  C:3982H         LINE#         126
  C:3984H         LINE#         128
  C:398DH         LINE#         129
  C:398FH         LINE#         130
  C:3995H         LINE#         131
  C:3995H         LINE#         132
  C:3995H         LINE#         133
  C:3995H         LINE#         134
  -------         ENDPROC       SYS_TIMER0_ISR
  -------         PROC          GETULTRASONIC
  -------         DO            
  D:0047H         SYMBOL        a
  -------         ENDDO         
  C:38F5H         LINE#         138
  C:38F5H         LINE#         139
  C:38F5H         LINE#         140
  C:38F8H         LINE#         141
  C:38FAH         LINE#         142
  C:3909H         LINE#         143
  C:393FH         LINE#         144
  C:393FH         LINE#         145
  C:3947H         LINE#         146
  -------         ENDPROC       GETULTRASONIC
  -------         PROC          GETBEEPTIMER
  C:4461H         LINE#         148
  C:4461H         LINE#         149
  C:4469H         LINE#         150
  -------         ENDPROC       GETBEEPTIMER
  -------         PROC          _SETBEEPTIMER
  D:0006H         SYMBOL        a
  C:446AH         LINE#         152
  C:446AH         LINE#         153
  C:4472H         LINE#         154
  -------         ENDPROC       _SETBEEPTIMER
  -------         PROC          _SETCCP0
  D:0006H         SYMBOL        step
  D:0004H         SYMBOL        next
  C:4346H         LINE#         156
  C:4346H         LINE#         157
  C:434EH         LINE#         158
  C:4356H         LINE#         159
  -------         ENDPROC       _SETCCP0
  -------         PROC          CLRBEEPPIN
  C:44AAH         LINE#         161
BL51 BANKED LINKER/LOCATER V6.22.4.0                                                  09/18/2025  23:57:46  PAGE 23


  C:44AAH         LINE#         162
  C:44ACH         LINE#         163
  -------         ENDPROC       CLRBEEPPIN
  -------         PROC          SYS_CCP_ISR
  -------         DO            
  B:0020H.0       SYMBOL        a
  -------         ENDDO         
  C:2A84H         LINE#         165
  C:2A97H         LINE#         167
  C:2A9EH         LINE#         168
  C:2AA5H         LINE#         169
  C:2AA8H         LINE#         170
  C:2AAAH         LINE#         171
  C:2ABAH         LINE#         172
  C:2AC1H         LINE#         173
  C:2AC4H         LINE#         174
  C:2AC6H         LINE#         175
  C:2AC8H         LINE#         177
  C:2ADCH         LINE#         178
  C:2ADFH         LINE#         179
  C:2AE1H         LINE#         180
  C:2AE3H         LINE#         181
  C:2AE5H         LINE#         183
  C:2AE5H         LINE#         184
  C:2AE8H         LINE#         185
  C:2AEAH         LINE#         186
  C:2AF4H         LINE#         187
  C:2AF6H         LINE#         188
  C:2AFFH         LINE#         189
  C:2B02H         LINE#         190
  C:2B14H         LINE#         191
  C:2B16H         LINE#         193
  C:2B18H         LINE#         194
  C:2B1BH         LINE#         195
  C:2B1BH         LINE#         196
  C:2B1BH         LINE#         197
  -------         ENDPROC       SYS_CCP_ISR
  -------         PROC          MYSTC_INIT
  C:448FH         LINE#         199
  C:448FH         LINE#         200
  C:4492H         LINE#         201
  C:4494H         LINE#         202
  -------         ENDPROC       MYSTC_INIT
  -------         PROC          SYS_TASK_IR
  -------         DO            
  D:0007H         SYMBOL        a
  -------         ENDDO         
  C:326AH         LINE#         204
  C:326AH         LINE#         205
  C:326AH         LINE#         206
  C:3280H         LINE#         207
  C:3287H         LINE#         208
  C:328AH         LINE#         209
  C:328DH         LINE#         210
  C:32A3H         LINE#         211
  C:32B3H         LINE#         212
  C:32BBH         LINE#         213
BL51 BANKED LINKER/LOCATER V6.22.4.0                                                  09/18/2025  23:57:46  PAGE 24


  C:32BEH         LINE#         214
  C:32C0H         LINE#         216
  C:32D6H         LINE#         217
  C:32EAH         LINE#         218
  C:32EAH         LINE#         219
  C:32ECH         LINE#         220
  C:32EFH         LINE#         222
  C:32EFH         LINE#         224
  C:32F1H         LINE#         225
  C:32F4H         LINE#         226
  C:32F4H         LINE#         227
  -------         ENDPROC       SYS_TASK_IR
  -------         PROC          SYS_TASK_1MS
  C:2459H         LINE#         229
  C:2459H         LINE#         230
  C:2461H         LINE#         231
  C:2464H         LINE#         232
  C:2466H         LINE#         233
  C:246EH         LINE#         234
  C:2471H         LINE#         235
  C:2473H         LINE#         236
  C:247BH         LINE#         237
  C:247EH         LINE#         238
  C:2480H         LINE#         239
  C:2480H         LINE#         240
  C:2480H         LINE#         241
  C:2480H         LINE#         242
  C:248CH         LINE#         243
  C:2498H         LINE#         244
  C:24A4H         LINE#         245
  C:24B0H         LINE#         246
  C:24BCH         LINE#         247
  C:24C8H         LINE#         248
  C:24E3H         LINE#         249
  C:24F2H         LINE#         250
  C:24FEH         LINE#         251
  C:2500H         LINE#         252
  C:2500H         LINE#         253
  C:2507H         LINE#         254
  C:250AH         LINE#         255
  C:2519H         LINE#         256
  C:251BH         LINE#         257
  C:251BH         LINE#         258
  C:251DH         LINE#         260
  C:252CH         LINE#         261
  C:2538H         LINE#         262
  C:253AH         LINE#         263
  C:253AH         LINE#         264
  C:253AH         LINE#         265
  -------         ENDPROC       SYS_TASK_1MS
  -------         PROC          SYS_TASK_10MS
  C:302FH         LINE#         268
  C:302FH         LINE#         269
  C:303BH         LINE#         270
  C:3047H         LINE#         271
  C:3053H         LINE#         272
  C:305FH         LINE#         273
BL51 BANKED LINKER/LOCATER V6.22.4.0                                                  09/18/2025  23:57:46  PAGE 25


  C:307AH         LINE#         274
  C:3095H         LINE#         275
  C:30B0H         LINE#         276
  C:30B3H         LINE#         277
  C:30B5H         LINE#         278
  C:30C1H         LINE#         279
  C:30C1H         LINE#         280
  -------         ENDPROC       SYS_TASK_10MS
  -------         PROC          SYS_TASK_100MS
  C:3CA4H         LINE#         282
  C:3CA4H         LINE#         283
  C:3CB0H         LINE#         284
  C:3CCBH         LINE#         285
  C:3CD7H         LINE#         286
  -------         ENDPROC       SYS_TASK_100MS
  -------         PROC          SYS_TASK_1S
  C:3F61H         LINE#         289
  C:3F61H         LINE#         290
  C:3F6FH         LINE#         291
  C:3F75H         LINE#         292
  C:3F7EH         LINE#         293
  C:3F80H         LINE#         294
  -------         ENDPROC       SYS_TASK_1S
  -------         PROC          MYSTC_OS
  C:3CE3H         LINE#         297
  C:3CE3H         LINE#         298
  C:3CEBH         LINE#         299
  C:3CF3H         LINE#         300
  C:3CFBH         LINE#         301
  C:3D03H         LINE#         302
  C:3D0BH         LINE#         303
  C:3D20H         LINE#         306
  -------         ENDPROC       MYSTC_OS
  -------         PROC          _SETEVENTCALLBACK
  D:0007H         SYMBOL        event
  D:0008H         SYMBOL        user_callback
  C:3375H         LINE#         308
  C:337BH         LINE#         309
  C:33ACH         LINE#         310
  C:33AFH         LINE#         311
  C:33B1H         LINE#         312
  C:33B4H         LINE#         313
  C:33B6H         LINE#         314
  C:33B9H         LINE#         315
  C:33BBH         LINE#         316
  C:33BEH         LINE#         317
  C:33C0H         LINE#         318
  C:33C3H         LINE#         319
  C:33C5H         LINE#         320
  C:33C8H         LINE#         321
  C:33CAH         LINE#         322
  C:33CDH         LINE#         323
  C:33CFH         LINE#         324
  C:33D2H         LINE#         325
  C:33D4H         LINE#         326
  C:33D7H         LINE#         327
  C:33D9H         LINE#         328
BL51 BANKED LINKER/LOCATER V6.22.4.0                                                  09/18/2025  23:57:46  PAGE 26


  C:33DCH         LINE#         329
  C:33DEH         LINE#         330
  C:33E1H         LINE#         331
  C:33E3H         LINE#         332
  C:33F1H         LINE#         333
  C:33F1H         LINE#         334
  C:33F1H         LINE#         335
  C:33F1H         LINE#         336
  -------         ENDPROC       _SETEVENTCALLBACK
  -------         PROC          GETSYSPERFORMANCE
  C:447CH         LINE#         338
  C:447CH         LINE#         339
  C:4482H         LINE#         340
  -------         ENDPROC       GETSYSPERFORMANCE
  -------         ENDMOD        SYS

  -------         MODULE        MUSIC
  C:0000H         SYMBOL        _ICE_DUMMY_
  D:0080H         PUBLIC        P0
  D:0090H         PUBLIC        P1
  D:00A0H         PUBLIC        P2
  D:00B0H         PUBLIC        P3
  D:00C0H         PUBLIC        P4
  D:00C8H         PUBLIC        P5
  D:00E8H         PUBLIC        P6
  D:00F8H         PUBLIC        P7
  C:4397H         PUBLIC        MusicPlayerInit
  D:00A8H         PUBLIC        IE
  C:0D8EH         PUBLIC        _?sys_music_drv
  D:00B8H         PUBLIC        IP
  C:4495H         PUBLIC        GetPlayerMode
  X:01A9H         PUBLIC        music
  D:00D8H         PUBLIC        CCON
  C:4033H         PUBLIC        _SetPlayerMode
  C:29DAH         PUBLIC        _PlayTone
  C:3847H         PUBLIC        _SetMusic
  D:0098H         PUBLIC        SCON
  D:0088H         PUBLIC        TCON
  B:0022H.0       PUBLIC        beat_dir
  D:00D0H         PUBLIC        PSW
  -------         PROC          _PLAYTONE
  D:0008H         SYMBOL        tone
  D:0009H         SYMBOL        beatsPM
  D:000AH         SYMBOL        scale
  D:000BH         SYMBOL        beats
  -------         DO            
  D:000CH         SYMBOL        freq
  D:0004H         SYMBOL        playtime
  C:20F4H         SYMBOL        sound_freq
  -------         ENDDO         
  C:29DAH         LINE#         22
  C:29E0H         LINE#         23
  C:29E0H         LINE#         34
  C:29E9H         LINE#         35
  C:2A1EH         LINE#         36
  C:2A21H         LINE#         37
  C:2A62H         LINE#         38
BL51 BANKED LINKER/LOCATER V6.22.4.0                                                  09/18/2025  23:57:46  PAGE 27


  C:2A67H         LINE#         39
  C:2A7CH         LINE#         40
  C:2A83H         LINE#         41
  C:2A83H         LINE#         42
  -------         ENDPROC       _PLAYTONE
  -------         PROC          _?SYS_MUSIC_DRV
  -------         DO            
  i:0000H         SYMBOL        a
  i:0001H         SYMBOL        b
  X:01A6H         SYMBOL        scale
  X:01A7H         SYMBOL        repeat_pt
  -------         ENDDO         
  C:0D8EH         LINE#         44
  C:0D92H         LINE#         48
  C:0DB3H         LINE#         49
  C:0DB7H         LINE#         50
  C:0DC1H         LINE#         52
  C:0DC1H         LINE#         54
  C:0DDDH         LINE#         55
  C:0E1BH         LINE#         56
  C:0E3AH         LINE#         57
  C:0E4CH         LINE#         58
  C:0E61H         LINE#         59
  C:0E78H         LINE#         60
  C:0EA4H         LINE#         61
  C:0EC7H         LINE#         62
  C:0ECFH         LINE#         63
  C:0ED1H         LINE#         64
  C:0ED8H         LINE#         65
  C:0ED8H         LINE#         67
  C:0EF0H         LINE#         68
  C:0EF9H         LINE#         69
  C:0F1BH         LINE#         70
  C:0F38H         LINE#         71
  C:0F59H         LINE#         72
  C:0F67H         LINE#         73
  C:0F69H         LINE#         74
  C:0F8AH         LINE#         75
  C:0F98H         LINE#         76
  C:0F9BH         LINE#         77
  C:0F9BH         LINE#         78
  C:0F9BH         LINE#         79
  C:0F9BH         LINE#         80
  C:0FBCH         LINE#         81
  C:0FBFH         LINE#         82
  C:0FD2H         LINE#         83
  C:0FD5H         LINE#         84
  C:0FF2H         LINE#         85
  C:1000H         LINE#         86
  C:1003H         LINE#         87
  C:1011H         LINE#         88
  C:1014H         LINE#         89
  C:1014H         LINE#         90
  C:1014H         LINE#         91
  C:1029H         LINE#         92
  C:104AH         LINE#         93
  C:1077H         LINE#         94
BL51 BANKED LINKER/LOCATER V6.22.4.0                                                  09/18/2025  23:57:46  PAGE 28


  C:1077H         LINE#         95
  C:1077H         LINE#         96
  C:1079H         LINE#         98
  C:107FH         LINE#         100
  C:107FH         LINE#         101
  -------         ENDPROC       _?SYS_MUSIC_DRV
  -------         PROC          MUSICPLAYERINIT
  C:4397H         LINE#         103
  C:4397H         LINE#         104
  C:4397H         LINE#         105
  C:43A5H         LINE#         106
  -------         ENDPROC       MUSICPLAYERINIT
  -------         PROC          _SETMUSIC
  D:0007H         SYMBOL        beatsPM
  D:0005H         SYMBOL        tone
  D:0001H         SYMBOL        pt
  D:000DH         SYMBOL        datasize
  D:000FH         SYMBOL        display
  C:3847H         LINE#         108
  C:3847H         LINE#         109
  C:384EH         LINE#         110
  C:3855H         LINE#         111
  C:3859H         LINE#         112
  C:385BH         LINE#         113
  C:385BH         LINE#         114
  C:3862H         LINE#         115
  C:3869H         LINE#         116
  C:3883H         LINE#         117
  C:388EH         LINE#         118
  C:3896H         LINE#         119
  C:3896H         LINE#         120
  C:389EH         LINE#         122
  -------         ENDPROC       _SETMUSIC
  -------         PROC          _SETPLAYERMODE
  D:0007H         SYMBOL        play_ctrl
  C:4033H         LINE#         124
  C:4033H         LINE#         125
  C:4055H         LINE#         126
  C:405AH         LINE#         127
  -------         ENDPROC       _SETPLAYERMODE
  -------         PROC          GETPLAYERMODE
  C:4495H         LINE#         129
  C:4495H         LINE#         130
  C:449AH         LINE#         131
  -------         ENDPROC       GETPLAYERMODE
  -------         ENDMOD        MUSIC

  -------         MODULE        EXT
  C:0000H         SYMBOL        _ICE_DUMMY_
  D:0080H         PUBLIC        P0
  D:0090H         PUBLIC        P1
  D:00A0H         PUBLIC        P2
  D:00B0H         PUBLIC        P3
  D:00C0H         PUBLIC        P4
  D:00C8H         PUBLIC        P5
  D:00E8H         PUBLIC        P6
  X:01CEH         PUBLIC        EXTmodel
BL51 BANKED LINKER/LOCATER V6.22.4.0                                                  09/18/2025  23:57:46  PAGE 29


  D:00F8H         PUBLIC        P7
  C:3DD2H         PUBLIC        _EXTInit
  C:37EEH         PUBLIC        ReadCount
  D:00A2H         PUBLIC        P_SW1
  C:4473H         PUBLIC        GetWeight
  D:00A8H         PUBLIC        IE
  X:01CFH         PUBLIC        T_Pout1
  X:01D1H         PUBLIC        T_Pout2
  B:00D8H.6       PUBLIC        CR
  X:01D3H         PUBLIC        resultEXT
  D:00DBH         PUBLIC        CCAPM1
  D:00B8H         PUBLIC        IP
  C:30C2H         PUBLIC        _SetPWM
  D:00D9H         PUBLIC        CMOD
  D:00D8H         PUBLIC        CCON
  D:0098H         PUBLIC        SCON
  D:0088H         PUBLIC        TCON
  B:0090H.0       PUBLIC        DOUT
  D:00E0H         PUBLIC        ACC
  B:0090H.1       PUBLIC        PD_SCK
  X:01D5H         PUBLIC        T_PWM1
  X:01D7H         PUBLIC        T_PWM2
  C:262FH         PUBLIC        _?sys_EXT_drv
  C:4357H         PUBLIC        GetDecode
  D:00D0H         PUBLIC        PSW
  -------         PROC          _SETPWM
  D:0002H         SYMBOL        PWM1
  D:0005H         SYMBOL        freq1
  D:000AH         SYMBOL        PWM2
  D:000BH         SYMBOL        freq2
  C:30C2H         LINE#         25
  C:30C6H         LINE#         26
  C:30D7H         LINE#         27
  C:30E9H         LINE#         28
  C:311DH         LINE#         29
  C:3151H         LINE#         30
  -------         ENDPROC       _SETPWM
  -------         PROC          READCOUNT
  -------         DO            
  D:0008H         SYMBOL        Count
  D:000CH         SYMBOL        i
  -------         ENDDO         
  C:37EEH         LINE#         35
  C:37EEH         LINE#         36
  C:37EEH         LINE#         38
  C:37F7H         LINE#         39
  C:37F9H         LINE#         40
  C:37FBH         LINE#         41
  C:3810H         LINE#         42
  C:3811H         LINE#         43
  C:3813H         LINE#         44
  C:382BH         LINE#         45
  C:3832H         LINE#         46
  C:3833H         LINE#         47
  C:3835H         LINE#         48
  C:3836H         LINE#         49
  C:3837H         LINE#         50
BL51 BANKED LINKER/LOCATER V6.22.4.0                                                  09/18/2025  23:57:46  PAGE 30


  C:3839H         LINE#         51
  C:3846H         LINE#         52
  -------         ENDPROC       READCOUNT
  -------         PROC          GETWEIGHT
  C:4473H         LINE#         54
  C:4473H         LINE#         55
  C:447BH         LINE#         56
  -------         ENDPROC       GETWEIGHT
  -------         PROC          GETDECODE
  -------         DO            
  D:0006H         SYMBOL        a
  -------         ENDDO         
  C:4357H         LINE#         58
  C:4357H         LINE#         59
  C:4357H         LINE#         60
  C:435FH         LINE#         61
  C:4366H         LINE#         62
  C:4366H         LINE#         63
  -------         ENDPROC       GETDECODE
  -------         PROC          _?SYS_EXT_DRV
  -------         DO            
  D:003CH         SYMBOL        i
  D:003EH         SYMBOL        j
  D:0040H         SYMBOL        oldPin1
  D:0041H         SYMBOL        UStimer
  -------         ENDDO         
  C:262FH         LINE#         65
  C:262FH         LINE#         69
  C:2635H         LINE#         70
  C:2639H         LINE#         71
  C:2644H         LINE#         72
  C:2644H         LINE#         73
  C:264DH         LINE#         74
  C:2669H         LINE#         75
  C:267EH         LINE#         76
  C:269AH         LINE#         77
  C:26AFH         LINE#         78
  C:26AFH         LINE#         79
  C:26B4H         LINE#         80
  C:26CBH         LINE#         81
  C:26ECH         LINE#         82
  C:26F2H         LINE#         83
  C:26F2H         LINE#         84
  C:26F9H         LINE#         85
  C:26FFH         LINE#         86
  C:2704H         LINE#         87
  C:2706H         LINE#         88
  C:2709H         LINE#         89
  C:2709H         LINE#         90
  C:2712H         LINE#         91
  C:2715H         LINE#         92
  C:2715H         LINE#         93
  -------         ENDPROC       _?SYS_EXT_DRV
  -------         PROC          _EXTINIT
  D:0007H         SYMBOL        EXTfunction
  C:3DD2H         LINE#         95
  C:3DD2H         LINE#         96
BL51 BANKED LINKER/LOCATER V6.22.4.0                                                  09/18/2025  23:57:46  PAGE 31


  C:3DD2H         LINE#         97
  C:3DD7H         LINE#         98
  C:3DDDH         LINE#         99
  C:3DDFH         LINE#         100
  C:3DE6H         LINE#         101
  C:3DE8H         LINE#         102
  C:3DEAH         LINE#         103
  C:3DECH         LINE#         104
  C:3DEFH         LINE#         105
  C:3DF2H         LINE#         106
  C:3DF4H         LINE#         107
  C:3DF6H         LINE#         108
  C:3DF9H         LINE#         109
  C:3E07H         LINE#         110
  -------         ENDPROC       _EXTINIT
  -------         ENDMOD        EXT

  -------         MODULE        UART2
  C:0000H         SYMBOL        _ICE_DUMMY_
  D:0049H         PUBLIC        ModBus_Interval_Min
  D:0080H         PUBLIC        P0
  C:1C46H         PUBLIC        Uart2_isr
  D:0090H         PUBLIC        P1
  D:00A0H         PUBLIC        P2
  D:00B0H         PUBLIC        P3
  D:00C0H         PUBLIC        P4
  D:00C8H         PUBLIC        P5
  D:00E8H         PUBLIC        P6
  D:00F8H         PUBLIC        P7
  D:00BAH         PUBLIC        P_SW2
  D:00A8H         PUBLIC        IE
  D:00DBH         PUBLIC        CCAPM1
  D:00B8H         PUBLIC        IP
  C:0042H         PUBLIC        _?nullfunc0
  D:00D8H         PUBLIC        CCON
  C:3ED0H         PUBLIC        _SetUart2Rxd
  B:0090H.0       PUBLIC        P10
  B:0090H.1       PUBLIC        P11
  D:0098H         PUBLIC        SCON
  D:0088H         PUBLIC        TCON
  D:00AFH         PUBLIC        IE2
  D:008EH         PUBLIC        AUXR
  C:4423H         PUBLIC        GetUart2TxStatus
  D:00D6H         PUBLIC        T2H
  B:00B0H.7       PUBLIC        M485_TxEn
  D:00D7H         PUBLIC        T2L
  C:3F32H         PUBLIC        _Uart2Print
  D:009BH         PUBLIC        S2BUF
  D:009AH         PUBLIC        S2CON
  C:27CCH         PUBLIC        _Uart2Init
  D:004AH         PUBLIC        Uart2usage
  C:43A6H         PUBLIC        _?sys_get_Uart2RxdEvent
  X:0156H         PUBLIC        com2
  D:00D0H         PUBLIC        PSW
  -------         PROC          UART2_ISR
  C:1C46H         LINE#         19
  C:1C63H         LINE#         20
BL51 BANKED LINKER/LOCATER V6.22.4.0                                                  09/18/2025  23:57:46  PAGE 32


  C:1C68H         LINE#         21
  C:1C6BH         LINE#         22
  C:1C9FH         LINE#         24
  C:1CA4H         LINE#         25
  C:1CAAH         LINE#         26
  C:1CAAH         LINE#         27
  C:1CAAH         LINE#         29
  C:1CB2H         LINE#         30
  C:1CB5H         LINE#         31
  C:1CB8H         LINE#         32
  C:1CBAH         LINE#         33
  C:1CC1H         LINE#         34
  C:1CC3H         LINE#         35
  C:1CC3H         LINE#         36
  C:1CCCH         LINE#         37
  C:1CE0H         LINE#         38
  C:1CF4H         LINE#         39
  C:1D03H         LINE#         40
  C:1D11H         LINE#         41
  C:1D43H         LINE#         42
  C:1D51H         LINE#         43
  C:1D51H         LINE#         44
  C:1D54H         LINE#         45
  C:1D57H         LINE#         47
  C:1D6BH         LINE#         48
  C:1D7FH         LINE#         49
  C:1D8EH         LINE#         50
  C:1D9CH         LINE#         51
  C:1DD4H         LINE#         52
  C:1DE2H         LINE#         53
  C:1DE2H         LINE#         54
  C:1DFDH         LINE#         55
  C:1DFDH         LINE#         56
  C:1DFDH         LINE#         57
  -------         ENDPROC       UART2_ISR
  -------         PROC          _?SYS_GET_UART2RXDEVENT
  -------         DO            
  i:0000H         SYMBOL        a
  -------         ENDDO         
  C:43A6H         LINE#         59
  C:43A8H         LINE#         61
  C:43B0H         LINE#         62
[...]
  C:4178H         LINE#         62
  C:417AH         LINE#         63
  C:417BH         LINE#         64
  C:417CH         LINE#         65
  C:417DH         LINE#         66
  C:4181H         LINE#         67
  C:4183H         LINE#         68
  C:4184H         LINE#         69
  C:4185H         LINE#         70
  C:4186H         LINE#         71
  C:4188H         LINE#         72
  C:4189H         LINE#         73
  C:418AH         LINE#         74
  C:418BH         LINE#         75
  -------         ENDPROC       _WRITEBYTE
  -------         PROC          READBYTE
  -------         DO            
  D:0006H         SYMBOL        i
  D:0007H         SYMBOL        k
  -------         ENDDO         
  C:418CH         LINE#         77
  C:418CH         LINE#         78
  C:418CH         LINE#         79
  C:418EH         LINE#         80
  C:418FH         LINE#         81
  C:4190H         LINE#         82
  C:4191H         LINE#         83
  C:4193H         LINE#         84
  C:4194H         LINE#         85
  C:4196H         LINE#         86
  C:4198H         LINE#         87
  C:4199H         LINE#         88
  C:419AH         LINE#         89
  C:41A4H         LINE#         90
  C:41A5H         LINE#         91
  C:41A6H         LINE#         92
BL51 BANKED LINKER/LOCATER V6.22.4.0                                                  09/18/2025  23:57:46  PAGE 57


  C:41A8H         LINE#         93
  C:41A9H         LINE#         94
  C:41ADH         LINE#         95
  C:41ADH         LINE#         96
  -------         ENDPROC       READBYTE
  -------         PROC          _M24C02_WRITE
  D:0004H         SYMBOL        NVM_addr
  D:0005H         SYMBOL        NVM_data
  C:42BDH         LINE#         98
  C:42BFH         LINE#         99
  C:42C2H         LINE#         100
  C:42C7H         LINE#         101
  C:42CAH         LINE#         102
  C:42CCH         LINE#         103
  C:42CCH         LINE#         104
  C:42CCH         LINE#         105
  C:42CFH         LINE#         106
  -------         ENDPROC       _M24C02_WRITE
  -------         PROC          _M24C02_READ
  D:0005H         SYMBOL        NVM_addr
  -------         DO            
  D:0007H         SYMBOL        date
  -------         ENDDO         
  C:420BH         LINE#         109
  C:420DH         LINE#         110
  C:420DH         LINE#         111
  C:4210H         LINE#         112
  C:4212H         LINE#         113
  C:4212H         LINE#         114
  C:4212H         LINE#         115
  C:4215H         LINE#         116
  C:4218H         LINE#         117
  C:421DH         LINE#         118
  C:4220H         LINE#         119
  C:4223H         LINE#         120
  C:4226H         LINE#         121
  C:4226H         LINE#         122
  -------         ENDPROC       _M24C02_READ
  -------         ENDMOD        M24C02

  -------         MODULE        FM_RADIO
  C:0000H         SYMBOL        _ICE_DUMMY_
  D:0080H         PUBLIC        P0
  D:0090H         PUBLIC        P1
  D:00A0H         PUBLIC        P2
  D:00B0H         PUBLIC        P3
  D:00C0H         PUBLIC        P4
  D:00C8H         PUBLIC        P5
  D:00E8H         PUBLIC        P6
  D:00F8H         PUBLIC        P7
  D:00A8H         PUBLIC        IE
  B:00A0H.7       PUBLIC        FM_DATA
  C:4304H         PUBLIC        _delay
  D:00B8H         PUBLIC        IP
  C:430EH         PUBLIC        IIC_Radio_Start
  C:40FBH         PUBLIC        FMRadioInit
  D:00D8H         PUBLIC        CCON
BL51 BANKED LINKER/LOCATER V6.22.4.0                                                  09/18/2025  23:57:46  PAGE 58


  C:36DEH         PUBLIC        GetFMRadio
  C:40ABH         PUBLIC        _IIC_Radio_WriteByte
  C:4417H         PUBLIC        IIC_Radio_Stop
  C:2716H         PUBLIC        SetFMRadio
  D:0098H         PUBLIC        SCON
  D:0088H         PUBLIC        TCON
  X:01ECH         PUBLIC        Radio_Write_Data
  X:01F4H         PUBLIC        flag_SetFM
  C:4227H         PUBLIC        IIC_Radio_ACK
  B:00C0H.5       PUBLIC        FM_CLOCK
  C:3B9AH         PUBLIC        _?sys_FMRadio_drv
  D:00D0H         PUBLIC        PSW
  C:42FBH         SYMBOL        L?0043
  -------         PROC          L?0042
  -------         ENDPROC       L?0042
  C:42FBH         SYMBOL        L?0043
  -------         PROC          _DELAY
  D:0007H         SYMBOL        i
  C:4304H         LINE#         22
  C:4304H         LINE#         23
  C:430AH         LINE#         24
  C:430DH         LINE#         25
  -------         ENDPROC       _DELAY
  -------         PROC          IIC_RADIO_START
  C:430EH         LINE#         28
  C:430EH         LINE#         29
  C:4310H         LINE#         30
  C:4310H         LINE#         31
  C:4310H         LINE#         32
  C:4313H         LINE#         33
  C:4315H         LINE#         34
  C:431AH         LINE#         35
  C:431CH         LINE#         36
  -------         ENDPROC       IIC_RADIO_START
  -------         PROC          IIC_RADIO_STOP
  C:4417H         LINE#         39
  C:4417H         LINE#         40
  C:4419H         LINE#         41
  C:4419H         LINE#         42
  C:4419H         LINE#         43
  C:441CH         LINE#         44
  C:441EH         LINE#         45
  -------         ENDPROC       IIC_RADIO_STOP
  -------         PROC          IIC_RADIO_ACK
  -------         DO            
  D:0007H         SYMBOL        i
  -------         ENDDO         
  C:4227H         LINE#         48
  C:4227H         LINE#         49
  C:4229H         LINE#         50
  C:422BH         LINE#         51
  C:4237H         LINE#         52
  C:423CH         LINE#         53
  C:423EH         LINE#         54
  -------         ENDPROC       IIC_RADIO_ACK
  -------         PROC          _IIC_RADIO_WRITEBYTE
  D:0005H         SYMBOL        Data
BL51 BANKED LINKER/LOCATER V6.22.4.0                                                  09/18/2025  23:57:46  PAGE 59


  -------         DO            
  D:0003H         SYMBOL        i
  -------         ENDDO         
  C:40ABH         LINE#         57
  C:40ADH         LINE#         58
  C:40ADH         LINE#         59
  C:40AFH         LINE#         60
  C:40B1H         LINE#         61
  C:40B6H         LINE#         62
  C:40BAH         LINE#         63
  C:40BEH         LINE#         64
  C:40BEH         LINE#         65
  C:40BEH         LINE#         66
  C:40C1H         LINE#         67
  C:40C5H         LINE#         68
  C:40C7H         LINE#         69
  C:40CCH         LINE#         70
  C:40CEH         LINE#         71
  -------         ENDPROC       _IIC_RADIO_WRITEBYTE
  -------         PROC          _?SYS_FMRADIO_DRV
  -------         DO            
  i:0000H         SYMBOL        i
  -------         ENDDO         
  C:3B9AH         LINE#         74
  C:3B9CH         LINE#         76
  C:3BA4H         LINE#         77
  C:3BA7H         LINE#         78
  C:3BACH         LINE#         79
  C:3BAFH         LINE#         80
  C:3BBCH         LINE#         81
  C:3BCBH         LINE#         82
  C:3BCEH         LINE#         83
  C:3BD3H         LINE#         84
  C:3BD6H         LINE#         85
  C:3BDBH         LINE#         86
  C:3BDBH         LINE#         87
  -------         ENDPROC       _?SYS_FMRADIO_DRV
  -------         PROC          GETFMRADIO
  -------         DO            
  D:0014H         SYMBOL        FM
  D:0007H         SYMBOL        chan
  -------         ENDDO         
  C:36DEH         LINE#         89
  C:36DEH         LINE#         90
  C:36DEH         LINE#         92
  C:36EFH         LINE#         93
  C:36F8H         LINE#         94
  C:3700H         LINE#         95
  C:3707H         LINE#         96
  C:3715H         LINE#         97
  C:3724H         LINE#         98
  C:3733H         LINE#         99
  C:3739H         LINE#         100
  -------         ENDPROC       GETFMRADIO
  -------         PROC          SETFMRADIO
  D:000EH         SYMBOL        FM
  -------         DO            
BL51 BANKED LINKER/LOCATER V6.22.4.0                                                  09/18/2025  23:57:46  PAGE 60


  D:0005H         SYMBOL        a
  -------         ENDDO         
  C:2716H         LINE#         102
  C:2716H         LINE#         103
  C:2716H         LINE#         104
  C:274CH         LINE#         105
  C:2751H         LINE#         106
  C:2759H         LINE#         107
  C:2766H         LINE#         108
  C:276CH         LINE#         109
  C:276CH         LINE#         110
  C:2794H         LINE#         111
  C:27A1H         LINE#         112
  C:27A5H         LINE#         113
  C:27A5H         LINE#         114
  C:27A7H         LINE#         115
  C:27AEH         LINE#         116
  C:27B5H         LINE#         117
  C:27BCH         LINE#         118
  C:27C3H         LINE#         119
  C:27C5H         LINE#         120
  C:27CBH         LINE#         121
  C:27CBH         LINE#         122
  -------         ENDPROC       SETFMRADIO
  -------         PROC          FMRADIOINIT
  D:0008H         SYMBOL        FM
  C:40FBH         LINE#         124
  C:40FBH         LINE#         125
  C:40FBH         LINE#         126
  C:4111H         LINE#         127
  C:411FH         LINE#         128
  -------         ENDPROC       FMRADIOINIT
  -------         ENDMOD        FM_RADIO

  -------         MODULE        UART1
  C:0000H         SYMBOL        _ICE_DUMMY_
  C:1FC4H         PUBLIC        Uart1_isr
  D:0080H         PUBLIC        P0
  D:0090H         PUBLIC        P1
  D:00A0H         PUBLIC        P2
  D:00B0H         PUBLIC        P3
  D:00C0H         PUBLIC        P4
  D:00C8H         PUBLIC        P5
  D:00E8H         PUBLIC        P6
  D:00F8H         PUBLIC        P7
  D:00A8H         PUBLIC        IE
  B:00A8H.4       PUBLIC        ES
  D:00B8H         PUBLIC        IP
  B:0098H.0       PUBLIC        RI
  B:0098H.1       PUBLIC        TI
  D:00D8H         PUBLIC        CCON
  C:3F01H         PUBLIC        _SetUart1Rxd
  D:0099H         PUBLIC        SBUF
  D:0098H         PUBLIC        SCON
  D:0089H         PUBLIC        TMOD
  D:0088H         PUBLIC        TCON
  D:008EH         PUBLIC        AUXR
BL51 BANKED LINKER/LOCATER V6.22.4.0                                                  09/18/2025  23:57:46  PAGE 61


  C:4444H         PUBLIC        GetUart1TxStatus
  B:00A8H.3       PUBLIC        ET1
  D:008DH         PUBLIC        TH1
  D:008BH         PUBLIC        TL1
  B:0088H.6       PUBLIC        TR1
  C:40D3H         PUBLIC        _Uart1Print
  C:346AH         PUBLIC        _Uart1Init
  C:43B5H         PUBLIC        _?sys_get_Uart1RxdEvent
  X:016BH         PUBLIC        com1
  D:00D0H         PUBLIC        PSW
  -------         PROC          UART1_ISR
  C:1FC4H         LINE#         10
  C:1FE1H         LINE#         11
  C:1FE4H         LINE#         12
  C:1FE6H         LINE#         13
  C:201AH         LINE#         14
  C:201FH         LINE#         15
  C:201FH         LINE#         16
  C:2025H         LINE#         17
  C:2027H         LINE#         18
  C:202AH         LINE#         19
  C:202CH         LINE#         20
  C:2033H         LINE#         21
  C:2033H         LINE#         22
  C:2047H         LINE#         23
  C:205BH         LINE#         24
  C:206AH         LINE#         25
  C:2078H         LINE#         26
  C:20B0H         LINE#         27
  C:20BEH         LINE#         28
  C:20BEH         LINE#         29
  C:20D9H         LINE#         30
  C:20D9H         LINE#         31
  -------         ENDPROC       UART1_ISR
  -------         PROC          _?SYS_GET_UART1RXDEVENT
  -------         DO            
  i:0000H         SYMBOL        a
  -------         ENDDO         
  C:43B5H         LINE#         33
  C:43B7H         LINE#         35
  C:43BFH         LINE#         36
  C:43C1H         LINE#         37
  C:43C1H         LINE#         38
  -------         ENDPROC       _?SYS_GET_UART1RXDEVENT
  -------         PROC          _UART1INIT
  D:0008H         SYMBOL        band
  C:346AH         LINE#         40
  C:3472H         LINE#         41
  C:3472H         LINE#         43
  C:3475H         LINE#         44
  C:3478H         LINE#         45
  C:347BH         LINE#         46
  C:347EH         LINE#         47
  C:349DH         LINE#         48
  C:34CCH         LINE#         49
  C:34CEH         LINE#         50
  C:34D0H         LINE#         51
BL51 BANKED LINKER/LOCATER V6.22.4.0                                                  09/18/2025  23:57:46  PAGE 62


  C:34D2H         LINE#         52
  C:34E0H         LINE#         53
  -------         ENDPROC       _UART1INIT
  -------         PROC          _SETUART1RXD
  D:0001H         SYMBOL        RxdPt
  D:0004H         SYMBOL        Nmax
  D:000DH         SYMBOL        matchhead
  D:0010H         SYMBOL        matchheadsize
  C:3F01H         LINE#         55
  C:3F01H         LINE#         56
  C:3F0CH         LINE#         57
  C:3F12H         LINE#         58
  C:3F1CH         LINE#         59
  C:3F2AH         LINE#         60
  C:3F2CH         LINE#         61
  C:3F31H         LINE#         62
  -------         ENDPROC       _SETUART1RXD
  -------         PROC          _UART1PRINT
  D:0001H         SYMBOL        pt
  D:0004H         SYMBOL        num
  C:40D3H         LINE#         64
  C:40D3H         LINE#         65
  C:40D9H         LINE#         66
  C:40E4H         LINE#         67
  C:40E9H         LINE#         68
  C:40EFH         LINE#         69
  C:40F3H         LINE#         70
  C:40F5H         LINE#         71
  C:40F8H         LINE#         72
  C:40F8H         LINE#         73
  C:40FAH         LINE#         74
  -------         ENDPROC       _UART1PRINT
  -------         PROC          GETUART1TXSTATUS
  C:4444H         LINE#         76
  C:4444H         LINE#         77
  C:444CH         LINE#         78
  C:444EH         LINE#         79
  -------         ENDPROC       GETUART1TXSTATUS
  -------         ENDMOD        UART1

  -------         MODULE        ?C?COPY
  C:094AH         PUBLIC        ?C?COPY
  -------         ENDMOD        ?C?COPY

  -------         MODULE        ?C?CLDPTR
  C:0970H         PUBLIC        ?C?CLDPTR
  -------         ENDMOD        ?C?CLDPTR

  -------         MODULE        ?C?CLDOPTR
  C:0989H         PUBLIC        ?C?CLDOPTR
  -------         ENDMOD        ?C?CLDOPTR

  -------         MODULE        ?C?CSTPTR
  C:09B6H         PUBLIC        ?C?CSTPTR
  -------         ENDMOD        ?C?CSTPTR

  -------         MODULE        ?C?CSTOPTR
BL51 BANKED LINKER/LOCATER V6.22.4.0                                                  09/18/2025  23:57:46  PAGE 63


  C:09C8H         PUBLIC        ?C?CSTOPTR
  -------         ENDMOD        ?C?CSTOPTR

  -------         MODULE        ?C?IMUL
  C:09EAH         PUBLIC        ?C?IMUL
  -------         ENDMOD        ?C?IMUL

  -------         MODULE        ?C?UIDIV
  C:09FCH         PUBLIC        ?C?UIDIV
  -------         ENDMOD        ?C?UIDIV

  -------         MODULE        ?C?SIDIV
  C:0A51H         PUBLIC        ?C?SIDIV
  -------         ENDMOD        ?C?SIDIV

  -------         MODULE        ?C?IILDX
  C:0A87H         PUBLIC        ?C?IILDX
  -------         ENDMOD        ?C?IILDX

  -------         MODULE        ?C?ILDIX
  C:0A9DH         PUBLIC        ?C?ILDIX
  -------         ENDMOD        ?C?ILDIX

  -------         MODULE        ?C?ILDPTR
  C:0AB3H         PUBLIC        ?C?ILDPTR
  -------         ENDMOD        ?C?ILDPTR

  -------         MODULE        ?C?LMUL
  C:0ADEH         PUBLIC        ?C?LMUL
  -------         ENDMOD        ?C?LMUL

  -------         MODULE        ?C?ULDIV
  C:0B69H         PUBLIC        ?C?ULDIV
  -------         ENDMOD        ?C?ULDIV

  -------         MODULE        ?C?SLDIV
  C:3BDEH         PUBLIC        ?C?SLDIV
  -------         ENDMOD        ?C?SLDIV

  -------         MODULE        ?C?SLCMP
  C:0BFBH         PUBLIC        ?C?SLCMP
  -------         ENDMOD        ?C?SLCMP

  -------         MODULE        ?C?ULSHR
  C:0C11H         PUBLIC        ?C?ULSHR
  -------         ENDMOD        ?C?ULSHR

  -------         MODULE        ?C?SLSHR
  C:0C24H         PUBLIC        ?C?SLSHR
  -------         ENDMOD        ?C?SLSHR

  -------         MODULE        ?C?LSHL
  C:0C38H         PUBLIC        ?C?LSHL
  -------         ENDMOD        ?C?LSHL

  -------         MODULE        ?C?LLDCODE
  C:0C4BH         PUBLIC        ?C?LLDCODE
BL51 BANKED LINKER/LOCATER V6.22.4.0                                                  09/18/2025  23:57:46  PAGE 64


  -------         ENDMOD        ?C?LLDCODE

  -------         MODULE        ?C?LSTXDATA
  C:0C5BH         PUBLIC        ?C?LSTXDATA
  -------         ENDMOD        ?C?LSTXDATA

  -------         MODULE        ?C?OFFXADD
  C:0C67H         PUBLIC        ?C?OFFXADD
  -------         ENDMOD        ?C?OFFXADD

  -------         MODULE        ?C?ICALL
  C:0C73H         PUBLIC        ?C?ICALL
  C:0C77H         PUBLIC        ?C?ICALL2
  -------         ENDMOD        ?C?ICALL

  -------         MODULE        ?C_IBP
  D:004FH         PUBLIC        ?C_IBP
  -------         ENDMOD        ?C_IBP

  -------         MODULE        ?C?STRCPY
  C:0D45H         PUBLIC        ?C?STRCPY
  -------         ENDMOD        ?C?STRCPY

  -------         MODULE        STRLEN
  C:42D2H         PUBLIC        _STRLEN
  -------         ENDMOD        STRLEN

  -------         MODULE        STRCHR
  C:4243H         PUBLIC        _STRCHR
  -------         ENDMOD        STRCHR

  -------         MODULE        STRTOK
  D:000DH         PUBLIC        ?_strtok?BYTE
  C:32F5H         PUBLIC        _strtok
  -------         ENDMOD        STRTOK

  -------         MODULE        ATOI
  C:2881H         PUBLIC        _atoi
  -------         ENDMOD        ATOI

  -------         MODULE        ?C?MEMSET
  C:0D62H         PUBLIC        ?C?MEMSET
  -------         ENDMOD        ?C?MEMSET

  -------         MODULE        ISDIGIT
  C:43C4H         PUBLIC        _isdigit
  -------         ENDMOD        ISDIGIT

  -------         MODULE        ISSPACE
  C:4321H         PUBLIC        _isspace
  -------         ENDMOD        ISSPACE

  -------         MODULE        STRSPN
  D:0013H         PUBLIC        ?_strspn?BYTE
  C:3620H         PUBLIC        _strspn
  -------         ENDMOD        STRSPN

BL51 BANKED LINKER/LOCATER V6.22.4.0                                                  09/18/2025  23:57:46  PAGE 65


  -------         MODULE        STRPBRK
  D:0013H         PUBLIC        ?_strpbrk?BYTE
  C:3681H         PUBLIC        _strpbrk
  -------         ENDMOD        STRPBRK

*** WARNING L16: UNCALLED SEGMENT, IGNORED FOR OVERLAY PROCESS
    SEGMENT: ?PR?_GETKEYACT?KEY

*** WARNING L16: UNCALLED SEGMENT, IGNORED FOR OVERLAY PROCESS
    SEGMENT: ?PR?GETSYSPERFORMANCE?SYS

*** WARNING L16: UNCALLED SEGMENT, IGNORED FOR OVERLAY PROCESS
    SEGMENT: ?PR?GETWEIGHT?EXT

*** WARNING L16: UNCALLED SEGMENT, IGNORED FOR OVERLAY PROCESS
    SEGMENT: ?PR?GETDECODE?EXT

*** WARNING L16: UNCALLED SEGMENT, IGNORED FOR OVERLAY PROCESS
    SEGMENT: ?PR?GETUART2TXSTATUS?UART2

*** WARNING L16: UNCALLED SEGMENT, IGNORED FOR OVERLAY PROCESS
    SEGMENT: ?CO?TIME_MODULE

*** WARNING L16: UNCALLED SEGMENT, IGNORED FOR OVERLAY PROCESS
    SEGMENT: ?PR?MYUART1PROCESSRXDATA?MY_UART1

*** WARNING L16: UNCALLED SEGMENT, IGNORED FOR OVERLAY PROCESS
    SEGMENT: ?PR?ULTRASONICUPDATEANDDISPLAY?ULTRASONIC_MODULE

*** WARNING L16: UNCALLED SEGMENT, IGNORED FOR OVERLAY PROCESS
    SEGMENT: ?PR?AUTODOOR_EMERGENCYSTOP?ULTRASONIC_MODULE

*** WARNING L16: UNCALLED SEGMENT, IGNORED FOR OVERLAY PROCESS
    SEGMENT: ?PR?AUTODOOR_ISMOTORFREE?ULTRASONIC_MODULE

*** WARNING L16: UNCALLED SEGMENT, IGNORED FOR OVERLAY PROCESS
    SEGMENT: ?PR?ISULTRASONICVALID?ULTRASONIC_MODULE

*** WARNING L16: UNCALLED SEGMENT, IGNORED FOR OVERLAY PROCESS
    SEGMENT: ?PR?_SETTRAINID?TRAIN_ID_MODULE

Program Size: data=80.3 xdata=521 code=17584
LINK/LOCATE RUN COMPLETE.  12 WARNING(S),  0 ERROR(S)
