BL51 BANKED LINKER/LOCATER V6.22.4.0                                                    09/16/2025  17:22:50  PAGE 1


BL51 BANKED LINKER/LOCATER V6.22.4.0, INVOKED BY:
D:\KEIL_V5\C51\BIN\BL51.EXE .\output\main.obj, .\source\STCBSP_V3.6.LIB, .\output\temp_module.obj, .\output\Nav_handler.
>> obj, .\output\rtc_module.obj, .\output\speed_module.obj, .\output\voice_module.obj, .\output\core.obj, .\output\decod
>> e_table.obj, .\output\nv_temp_threshold.obj, .\output\my_uart1.obj, .\output\choose_id_module.obj, .\output\radio_mod
>> ule.obj, .\output\temp_controlled_fan.obj, .\output\ultrasonic_module.obj TO .\output\BSP_Demo PRINT (.\list\BSP_Demo
>> .m51) RAMSIZE (256) XDATA (0X0000-0X07FF)


MEMORY MODEL: SMALL WITH FLOATING POINT ARITHMETIC


INPUT MODULES INCLUDED:
  .\output\main.obj (MAIN)
  .\source\STCBSP_V3.6.LIB (ADC)
  .\source\STCBSP_V3.6.LIB (BEEP)
  .\source\STCBSP_V3.6.LIB (DISPLAYER)
  .\source\STCBSP_V3.6.LIB (KEY)
  .\source\STCBSP_V3.6.LIB (SYS)
  .\source\STCBSP_V3.6.LIB (UART2)
  .\output\temp_module.obj (TEMP_MODULE)
  .\output\Nav_handler.obj (NAV_HANDLER)
  .\output\rtc_module.obj (RTC_MODULE)
  .\output\speed_module.obj (SPEED_MODULE)
  .\output\voice_module.obj (VOICE_MODULE)
  .\output\core.obj (CORE)
  .\output\decode_table.obj (DECODE_TABLE)
  .\output\nv_temp_threshold.obj (NV_TEMP_THRESHOLD)
  .\output\my_uart1.obj (MY_UART1)
  .\output\choose_id_module.obj (CHOOSE_ID_MODULE)
  .\output\radio_module.obj (RADIO_MODULE)
  .\output\temp_controlled_fan.obj (TEMP_CONTROLLED_FAN)
  .\output\ultrasonic_module.obj (ULTRASONIC_MODULE)
  .\source\STCBSP_V3.6.LIB (STEPMOTOR)
  .\source\STCBSP_V3.6.LIB (DS1302)
  .\source\STCBSP_V3.6.LIB (FM_RADIO)
  .\source\STCBSP_V3.6.LIB (EXT)
  .\source\STCBSP_V3.6.LIB (UART1)
  D:\KEIL_V5\C51\LIB\C51FPS.LIB (?C?FPMUL)
  D:\KEIL_V5\C51\LIB\C51FPS.LIB (?C?FPDIV)
  D:\KEIL_V5\C51\LIB\C51FPS.LIB (?C?FCAST)
  D:\KEIL_V5\C51\LIB\C51FPS.LIB (?C?CASTF)
  D:\KEIL_V5\C51\LIB\C51FPS.LIB (?C?FPGETOPN)
  D:\KEIL_V5\C51\LIB\C51S.LIB (?C_STARTUP)
  D:\KEIL_V5\C51\LIB\C51S.LIB (?C?COPY)
  D:\KEIL_V5\C51\LIB\C51S.LIB (?C?CLDPTR)
  D:\KEIL_V5\C51\LIB\C51S.LIB (?C?CLDOPTR)
  D:\KEIL_V5\C51\LIB\C51S.LIB (?C?CSTPTR)
  D:\KEIL_V5\C51\LIB\C51S.LIB (?C?CSTOPTR)
  D:\KEIL_V5\C51\LIB\C51S.LIB (?C?IMUL)
  D:\KEIL_V5\C51\LIB\C51S.LIB (?C?UIDIV)
  D:\KEIL_V5\C51\LIB\C51S.LIB (?C?SIDIV)
  D:\KEIL_V5\C51\LIB\C51S.LIB (?C?IILDX)
  D:\KEIL_V5\C51\LIB\C51S.LIB (?C?ILDIX)
  D:\KEIL_V5\C51\LIB\C51S.LIB (?C?ILDPTR)
  D:\KEIL_V5\C51\LIB\C51S.LIB (?C?LMUL)
  D:\KEIL_V5\C51\LIB\C51S.LIB (?C?ULDIV)
  D:\KEIL_V5\C51\LIB\C51S.LIB (?C?SLDIV)
  D:\KEIL_V5\C51\LIB\C51S.LIB (?C?LNEG)
BL51 BANKED LINKER/LOCATER V6.22.4.0                                                  09/16/2025  17:22:50  PAGE 2


  D:\KEIL_V5\C51\LIB\C51S.LIB (?C?ULSHR)
  D:\KEIL_V5\C51\LIB\C51S.LIB (?C?SLSHR)
  D:\KEIL_V5\C51\LIB\C51S.LIB (?C?LSHL)
  D:\KEIL_V5\C51\LIB\C51S.LIB (?C?LLDCODE)
  D:\KEIL_V5\C51\LIB\C51S.LIB (?C?LSTXDATA)
  D:\KEIL_V5\C51\LIB\C51S.LIB (?C?OFFXADD)
  D:\KEIL_V5\C51\LIB\C51S.LIB (?C?ICALL)
  D:\KEIL_V5\C51\LIB\C51S.LIB (?C_IBP)
  D:\KEIL_V5\C51\LIB\C51S.LIB (?C?STRCPY)
  D:\KEIL_V5\C51\LIB\C51S.LIB (STRLEN)
  D:\KEIL_V5\C51\LIB\C51S.LIB (STRCHR)
  D:\KEIL_V5\C51\LIB\C51S.LIB (?C?MEMSET)
  D:\KEIL_V5\C51\LIB\C51S.LIB (?C_INIT)


LINK MAP OF MODULE:  .\output\BSP_Demo (MAIN)


            TYPE    BASE      LENGTH    RELOCATION   SEGMENT NAME
            -----------------------------------------------------

            * * * * * * *   D A T A   M E M O R Y   * * * * * * *
            REG     0000H     0008H     ABSOLUTE     "REG BANK 0"
            DATA    0008H     0012H     UNIT         ?DT?SYS
            DATA    001AH     0006H     UNIT         ?DT?GETFMRADIO?FM_RADIO
            BIT     0020H.0   0001H.7   UNIT         ?BI?SYS
            BIT     0021H.7   0000H.1   UNIT         ?BI?ADC
            BIT     0022H.0   0000H.1   UNIT         ?BI?RTC_MODULE
                    0022H.1   0000H.7                *** GAP ***
            DATA    0023H     000AH     UNIT         _DATA_GROUP_
            DATA    002DH     0009H     UNIT         ?DT?RADIO_TEST?RADIO_MODULE
            DATA    0036H     0007H     UNIT         ?DT?RADIO_MODULE
            DATA    003DH     0007H     UNIT         ?DT?DS1302INIT?DS1302
            DATA    0044H     0006H     UNIT         ?DT?SETFMRADIO?FM_RADIO
            DATA    004AH     0006H     UNIT         ?DT?FMRADIOINIT?FM_RADIO
            DATA    0050H     0006H     UNIT         ?DT?EXT
            DATA    0056H     0005H     UNIT         ?DT?READCOUNT?EXT
            DATA    005BH     0004H     UNIT         ?DT?_SETBEEP?BEEP
            DATA    005FH     0004H     UNIT         ?DT?_SETPWM?EXT
            DATA    0063H     0003H     UNIT         ?DT?CORE
            DATA    0066H     0002H     UNIT         ?DT?ADC
            DATA    0068H     0002H     UNIT         ?DT?GETULTRASONIC?SYS
            DATA    006AH     0002H     UNIT         ?DT?UART2
            DATA    006CH     0002H     UNIT         ?DT?ULTRASONIC_MODULE
            DATA    006EH     0001H     UNIT         ?DT?KEY
            DATA    006FH     0001H     UNIT         ?DT?_SETSTEPMOTOR?STEPMOTOR
            DATA    0070H     0001H     UNIT         ?C?LIB_DATA
            IDATA   0071H     0001H     UNIT         ?STACK

            * * * * * * *  X D A T A   M E M O R Y  * * * * * * *
            XDATA   0000H     006EH     UNIT         ?XD?SYS
            XDATA   006EH     0044H     UNIT         ?XD?MY_UART1
            XDATA   00B2H     002DH     UNIT         ?XD?RTC_MODULE
            XDATA   00DFH     001EH     UNIT         ?XD?ADC
            XDATA   00FDH     0016H     UNIT         ?XD?STEPMOTOR
            XDATA   0113H     0015H     UNIT         ?XD?UART2
            XDATA   0128H     0015H     UNIT         ?XD?UART1
BL51 BANKED LINKER/LOCATER V6.22.4.0                                                  09/16/2025  17:22:50  PAGE 3


            XDATA   013DH     0014H     UNIT         _XDATA_GROUP_
            XDATA   0151H     0012H     UNIT         ?XD?TEMP_MODULE
            XDATA   0163H     000CH     UNIT         ?XD?DISPLAYER
            XDATA   016FH     000BH     UNIT         ?XD?EXT
            XDATA   017AH     000AH     UNIT         ?XD?KEY
            XDATA   0184H     0009H     UNIT         ?XD?CORE
            XDATA   018DH     0009H     UNIT         ?XD?DS1302
            XDATA   0196H     0009H     UNIT         ?XD?FM_RADIO
            XDATA   019FH     0004H     UNIT         ?XD?NAVHANDLER?NAV_HANDLER
            XDATA   01A3H     0004H     UNIT         ?XD?SPEED_MODULE
            XDATA   01A7H     0002H     UNIT         ?XD?VOICE_MODULE
            XDATA   01A9H     0001H     UNIT         ?XD?NAV_HANDLER

            * * * * * * *   C O D E   M E M O R Y   * * * * * * *
            CODE    0000H     0003H     ABSOLUTE     
            CODE    0003H     0008H     UNIT         ?CO?RADIO_MODULE
            CODE    000BH     0003H     ABSOLUTE     
            CODE    000EH     0015H     UNIT         ?PR?MYUART1CLEARRXBUFFER?MY_UART1
            CODE    0023H     0003H     ABSOLUTE     
            CODE    0026H     0005H     UNIT         ?PR?RADIO_GETFREQUENCY?RADIO_MODULE
            CODE    002BH     0003H     ABSOLUTE     
            CODE    002EH     000CH     UNIT         ?PR?GETBEEPSTATUS?BEEP
            CODE    003AH     0001H     UNIT         ?PR?_?NULLFUNC?SYS
            CODE    003BH     0003H     ABSOLUTE     
            CODE    003EH     0005H     UNIT         ?PR?AUTODOOR_EMERGENCYSTOP?ULTRASONIC_MODULE
            CODE    0043H     0003H     ABSOLUTE     
            CODE    0046H     0A28H     UNIT         ?CO?VOICE_MODULE
            CODE    0A6EH     0771H     UNIT         ?C?LIB_CODE
            CODE    11DFH     0274H     UNIT         ?PR?_?SYS_STEPMOTOR_DRV?STEPMOTOR
            CODE    1453H     01FCH     UNIT         ?CO?TEMP_MODULE
            CODE    164FH     01D2H     UNIT         ?PR?UART2_ISR?UART2
            CODE    1821H     01BBH     UNIT         ?C_INITSEG
            CODE    19DCH     01ACH     UNIT         ?PR?_?SYS_ADC_DRV?ADC
            CODE    1B88H     0130H     UNIT         ?PR?UART1_ISR?UART1
            CODE    1CB8H     0123H     UNIT         ?PR?_?SYS_KEY_DRV?KEY
            CODE    1DDBH     011BH     UNIT         ?PR?_MY_UTOA?MY_UART1
            CODE    1EF6H     011AH     UNIT         ?PR?MYUART1SENDCURRENTSTATUS?MY_UART1
            CODE    2010H     00FEH     UNIT         ?PR?DS1302INIT?DS1302
            CODE    210EH     00F7H     UNIT         ?PR?UPDATETIME?RTC_MODULE
            CODE    2205H     00EDH     UNIT         ?PR?SYS_TASK_1MS?SYS
            CODE    22F2H     00ECH     UNIT         ?PR?RESETTIMER?RTC_MODULE
            CODE    23DEH     00E9H     UNIT         ?PR?_?SYS_DISPLAY_DRV?DISPLAYER
            CODE    24C7H     00E7H     UNIT         ?PR?_?SYS_EXT_DRV?EXT
            CODE    25AEH     00B6H     UNIT         ?PR?SETFMRADIO?FM_RADIO
            CODE    2664H     00B5H     UNIT         ?PR?_UART2INIT?UART2
            CODE    2719H     00ABH     UNIT         ?PR?_SETSTEPMOTOR?STEPMOTOR
            CODE    27C4H     00A8H     UNIT         ?PR?SYS_CCP_ISR?SYS
            CODE    286CH     00A5H     UNIT         ?PR?_?SYS_DS1302_DRV?DS1302
            CODE    2911H     00A0H     UNIT         ?PR?NAVHANDLER?NAV_HANDLER
            CODE    29B1H     0094H     UNIT         ?PR?SHOWTEMP?TEMP_MODULE
            CODE    2A45H     0093H     UNIT         ?PR?SYS_TASK_10MS?SYS
            CODE    2AD8H     0090H     UNIT         ?PR?_SETPWM?EXT
            CODE    2B68H     008CH     UNIT         ?C_C51STARTUP
            CODE    2BF4H     008BH     UNIT         ?PR?SYS_TASK_IR?SYS
            CODE    2C7FH     008AH     UNIT         ?PR?CHECKCOUNTDOWNEVENT?VOICE_MODULE
            CODE    2D09H     007DH     UNIT         ?PR?_SETEVENTCALLBACK?SYS
            CODE    2D86H     0078H     UNIT         ?PR?_SETBEEP?BEEP
BL51 BANKED LINKER/LOCATER V6.22.4.0                                                  09/16/2025  17:22:50  PAGE 4


            CODE    2DFEH     0077H     UNIT         ?PR?_UART1INIT?UART1
            CODE    2E75H     0070H     UNIT         ?PR?SHOWTIME?RTC_MODULE
            CODE    2EE5H     005FH     UNIT         ?PR?MAIN?MAIN
            CODE    2F44H     005CH     UNIT         ?PR?GETFMRADIO?FM_RADIO
            CODE    2FA0H     005BH     UNIT         ?PR?RADIO_INIT?RADIO_MODULE
            CODE    2FFBH     005AH     UNIT         ?PR?UPDATETEMP?TEMP_MODULE
            CODE    3055H     0059H     UNIT         ?PR?READCOUNT?EXT
            CODE    30AEH     0056H     UNIT         ?PR?MYUART1INIT?MY_UART1
            CODE    3104H     0053H     UNIT         ?PR?GETULTRASONIC?SYS
            CODE    3157H     0052H     UNIT         ?PR?SYS_TIMER0_ISR?SYS
            CODE    31A9H     0050H     UNIT         ?PR?RADIO_TEST?RADIO_MODULE
            CODE    31F9H     0048H     UNIT         ?PR?_EMSTOP?STEPMOTOR
            CODE    3241H     0047H     UNIT         ?PR?SYS_TIMER0_INIT?SYS
            CODE    3288H     0046H     UNIT         ?PR?_GETADCNAVACT?ADC
            CODE    32CEH     0044H     UNIT         ?PR?_?SYS_FMRADIO_DRV?FM_RADIO
            CODE    3312H     0044H     UNIT         ?C?LDIV
            CODE    3356H     0043H     UNIT         ?PR?SHOWSPEED?SPEED_MODULE
            CODE    3399H     0040H     UNIT         ?PR?_GETKEYACT?KEY
            CODE    33D9H     003FH     UNIT         ?PR?SYS_TASK_100MS?SYS
            CODE    3418H     003EH     UNIT         ?PR?MYSTC_OS?SYS
            CODE    3456H     003CH     UNIT         ?CO?DECODE_TABLE
            CODE    3492H     0037H     UNIT         ?PR?ULTRASONICUPDATEANDDISPLAY?ULTRASONIC_MODULE
            CODE    34C9H     0036H     UNIT         ?PR?TEMP_CONTROLLED_MOTOR?TEMP_CONTROLLED_FAN
            CODE    34FFH     0036H     UNIT         ?PR?_EXTINIT?EXT
            CODE    3535H     0032H     UNIT         ?PR?UART1RXDCALLBACK?MY_UART1
            CODE    3567H     0032H     UNIT         ?PR?_GETSTEPMOTORSTATUS?STEPMOTOR
            CODE    3599H     0031H     UNIT         ?PR?_ADCINIT?ADC
            CODE    35CAH     0031H     UNIT         ?PR?_SETUART2RXD?UART2
            CODE    35FBH     0031H     UNIT         ?PR?_RADIO_SETFREQUENCY?RADIO_MODULE
            CODE    362CH     0031H     UNIT         ?PR?_SETUART1RXD?UART1
            CODE    365DH     002FH     UNIT         ?PR?_UART2PRINT?UART2
            CODE    368CH     002EH     UNIT         ?PR?_DS1302READ?DS1302
            CODE    36BAH     002DH     UNIT         ?PR?CHOOSEIDMODULE?CHOOSE_ID_MODULE
            CODE    36E7H     002BH     UNIT         ?PR?SYS_TASK_1S?SYS
            CODE    3712H     0029H     UNIT         ?PR?_NVM_WRITE?DS1302
            CODE    373BH     0028H     UNIT         ?PR?_?SYS_BEEP_DRV?BEEP
            CODE    3763H     0028H     UNIT         ?PR?_IIC_RADIO_WRITEBYTE?FM_RADIO
            CODE    378BH     0028H     UNIT         ?PR?_UART1PRINT?UART1
            CODE    37B3H     0025H     UNIT         ?PR?FMRADIOINIT?FM_RADIO
            CODE    37D8H     0024H     UNIT         ?PR?AUTODOOR_OPEN?ULTRASONIC_MODULE
            CODE    37FCH     0023H     UNIT         ?PR?MY1S_CALLBACK?CORE
            CODE    381FH     0023H     UNIT         ?PR?_RADIO_SETVOLUME?RADIO_MODULE
            CODE    3842H     0022H     UNIT         ?PR?AUTODOOR_CLOSE?ULTRASONIC_MODULE
            CODE    3864H     0020H     UNIT         ?PR?BEEPINIT?BEEP
            CODE    3884H     0020H     UNIT         ?PR?_SEG7PRINT?DISPLAYER
            CODE    38A4H     0020H     UNIT         ?PR?_DS1302WRITE?DS1302
            CODE    38C4H     001DH     UNIT         ?PR?KEYINIT?KEY
            CODE    38E1H     001CH     UNIT         ?PR?ULTRASONICINIT?ULTRASONIC_MODULE
            CODE    38FDH     001CH     UNIT         ?PR?IIC_RADIO_ACK?FM_RADIO
            CODE    3919H     001CH     UNIT         ?PR?_STRCHR?STRCHR
            CODE    3935H     001BH     UNIT         ?PR?DISPLAYERINIT?DISPLAYER
            CODE    3950H     0019H     UNIT         ?PR?_DS1302WRITEBYTE?DS1302
            CODE    3969H     0019H     UNIT         ?PR?RTC_WRITE?DS1302
            CODE    3982H     0018H     UNIT         ?PR?SHOWSTATUS?NAV_HANDLER
            CODE    399AH     0018H     UNIT         ?PR?STEPMOTORINIT?STEPMOTOR
            CODE    39B2H     0018H     UNIT         ?PR?DS1302READBYTE?DS1302
            CODE    39CAH     0015H     UNIT         ?PR?_STRLEN?STRLEN
BL51 BANKED LINKER/LOCATER V6.22.4.0                                                  09/16/2025  17:22:50  PAGE 5


            CODE    39DFH     0013H     UNIT         ?PR?_DELAY?FM_RADIO
            CODE    39F2H     0013H     UNIT         ?PR?IIC_RADIO_START?FM_RADIO
            CODE    3A05H     0012H     UNIT         ?PR?GETSPEED?SPEED_MODULE
            CODE    3A17H     0012H     UNIT         ?PR?MYUART2RXD_CALLBACK?VOICE_MODULE
            CODE    3A29H     0012H     UNIT         ?PR?_NVM_READ?DS1302
            CODE    3A3BH     0011H     UNIT         ?PR?_SETCCP0?SYS
            CODE    3A4CH     0010H     UNIT         ?PR?GETDECODE?EXT
            CODE    3A5CH     000FH     UNIT         ?PR?_?SYS_GET_UART2RXDEVENT?UART2
            CODE    3A6BH     000FH     UNIT         ?PR?GETULTRASONICDISTANCE?ULTRASONIC_MODULE
            CODE    3A7AH     000FH     UNIT         ?PR?_?SYS_GET_UART1RXDEVENT?UART1
            CODE    3A89H     000EH     UNIT         ?PR?_?SYS_GET_KNEVENT?ADC
            CODE    3A97H     000EH     UNIT         ?PR?_?SYS_GET_EXTADCEVENT?ADC
            CODE    3AA5H     000EH     UNIT         ?PR?_?SYS_GET_KEYEVENT?KEY
            CODE    3AB3H     000EH     UNIT         ?PR?AUTODOOR_ISMOTORFREE?ULTRASONIC_MODULE
            CODE    3AC1H     000CH     UNIT         ?PR?IIC_RADIO_STOP?FM_RADIO
            CODE    3ACDH     000BH     UNIT         ?PR?GETUART2TXSTATUS?UART2
            CODE    3AD8H     000BH     UNIT         ?PR?MYUART1PROCESSRXDATA?MY_UART1
            CODE    3AE3H     000BH     UNIT         ?PR?GETUART1TXSTATUS?UART1
            CODE    3AEEH     0009H     UNIT         ?CO?ADC
            CODE    3AF7H     0009H     UNIT         ?PR?_SETDISPLAYERAREA?DISPLAYER
            CODE    3B00H     0009H     UNIT         ?PR?GETBEEPTIMER?SYS
            CODE    3B09H     0009H     UNIT         ?PR?_SETBEEPTIMER?SYS
            CODE    3B12H     0009H     UNIT         ?PR?GETWEIGHT?EXT
            CODE    3B1BH     0007H     UNIT         ?PR?GETADC?ADC
            CODE    3B22H     0007H     UNIT         ?PR?GETSYSPERFORMANCE?SYS
            CODE    3B29H     0007H     UNIT         ?PR?RTC_READ?DS1302
            CODE    3B30H     0006H     UNIT         ?PR?ADC_ISR?ADC
            CODE    3B36H     0006H     UNIT         ?PR?_LEDPRINT?DISPLAYER
            CODE    3B3CH     0006H     UNIT         ?PR?MYSTC_INIT?SYS
            CODE    3B42H     0004H     UNIT         ?CO?CORE
            CODE    3B46H     0004H     UNIT         ?CO?MY_UART1
            CODE    3B4AH     0003H     UNIT         ?PR?_?RET0FUNC?SYS
            CODE    3B4DH     0003H     UNIT         ?PR?CLRBEEPPIN?SYS
            CODE    3B50H     0003H     UNIT         ?PR?RADIO_GETVOLUME?RADIO_MODULE
            CODE    3B53H     0001H     UNIT         ?PR?_?NULLFUNC0?UART2



OVERLAY MAP OF MODULE:   .\output\BSP_Demo (MAIN)


SEGMENT                                            DATA_GROUP          XDATA_GROUP
  +--> CALLED SEGMENT                            START    LENGTH     START    LENGTH
------------------------------------------------------------------------------------
?C_C51STARTUP                                    -----    -----      -----    -----
  +--> ?PR?MAIN?MAIN
  +--> ?C_INITSEG

?PR?MAIN?MAIN                                    -----    -----      -----    -----
  +--> ?PR?_ADCINIT?ADC
  +--> ?PR?DISPLAYERINIT?DISPLAYER
  +--> ?PR?KEYINIT?KEY
  +--> ?PR?BEEPINIT?BEEP
  +--> ?PR?_SETDISPLAYERAREA?DISPLAYER
  +--> ?PR?_UART2INIT?UART2
  +--> ?PR?MYUART1INIT?MY_UART1
  +--> ?PR?_SETUART2RXD?UART2
BL51 BANKED LINKER/LOCATER V6.22.4.0                                                  09/16/2025  17:22:50  PAGE 6


  +--> ?PR?MYUART2RXD_CALLBACK?VOICE_MODULE
  +--> ?PR?_SETEVENTCALLBACK?SYS
  +--> ?PR?MY1S_CALLBACK?CORE
  +--> ?PR?MYSTC_INIT?SYS
  +--> ?PR?MYSTC_OS?SYS

?PR?_ADCINIT?ADC                                 -----    -----      -----    -----
  +--> ?PR?_?SYS_ADC_DRV?ADC
  +--> ?PR?_?SYS_GET_KNEVENT?ADC
  +--> ?PR?_?SYS_GET_EXTADCEVENT?ADC

?PR?_?SYS_ADC_DRV?ADC                            -----    -----      -----    -----
  +--> ?CO?ADC

?PR?DISPLAYERINIT?DISPLAYER                      -----    -----      -----    -----
  +--> ?PR?_?SYS_DISPLAY_DRV?DISPLAYER

?PR?_?SYS_DISPLAY_DRV?DISPLAYER                  -----    -----      -----    -----
  +--> ?CO?DECODE_TABLE

?PR?KEYINIT?KEY                                  -----    -----      -----    -----
  +--> ?PR?_?SYS_GET_KEYEVENT?KEY
  +--> ?PR?_?SYS_KEY_DRV?KEY

?PR?BEEPINIT?BEEP                                -----    -----      -----    -----
  +--> ?PR?CLRBEEPPIN?SYS
  +--> ?PR?_?SYS_BEEP_DRV?BEEP

?PR?_?SYS_BEEP_DRV?BEEP                          -----    -----      -----    -----
  +--> ?PR?GETBEEPTIMER?SYS
  +--> ?PR?_SETBEEPTIMER?SYS

?PR?_UART2INIT?UART2                             0023H    0005H      -----    -----
  +--> ?PR?_?NULLFUNC0?UART2
  +--> ?CO?CORE
  +--> ?PR?_?SYS_GET_UART2RXDEVENT?UART2

?PR?MYUART1INIT?MY_UART1                         -----    -----      -----    -----
  +--> ?PR?_UART1INIT?UART1
  +--> ?PR?UART1RXDCALLBACK?MY_UART1
  +--> ?PR?_SETEVENTCALLBACK?SYS
  +--> ?PR?_SETUART1RXD?UART1

?PR?_UART1INIT?UART1                             0023H    0004H      -----    -----
  +--> ?CO?CORE
  +--> ?PR?_?SYS_GET_UART1RXDEVENT?UART1

?PR?UART1RXDCALLBACK?MY_UART1                    -----    -----      -----    -----
  +--> ?PR?_STRCHR?STRCHR
  +--> ?PR?MYUART1CLEARRXBUFFER?MY_UART1

?PR?_SETEVENTCALLBACK?SYS                        0023H    0003H      -----    -----

?PR?_SETUART1RXD?UART1                           0023H    000AH      -----    -----

?PR?_SETUART2RXD?UART2                           0023H    000AH      -----    -----

BL51 BANKED LINKER/LOCATER V6.22.4.0                                                  09/16/2025  17:22:50  PAGE 7


?PR?MY1S_CALLBACK?CORE                           -----    -----      -----    -----
  +--> ?PR?UPDATETIME?RTC_MODULE
  +--> ?PR?UPDATETEMP?TEMP_MODULE
  +--> ?PR?GETSPEED?SPEED_MODULE
  +--> ?PR?SHOWSTATUS?NAV_HANDLER
  +--> ?PR?CHECKCOUNTDOWNEVENT?VOICE_MODULE
  +--> ?PR?MYUART1SENDCURRENTSTATUS?MY_UART1

?PR?UPDATETIME?RTC_MODULE                        -----    -----      -----    -----
  +--> ?PR?RTC_READ?DS1302
  +--> ?PR?RESETTIMER?RTC_MODULE
  +--> ?PR?RTC_WRITE?DS1302

?PR?RESETTIMER?RTC_MODULE                        -----    -----      013DH    0002H
  +--> ?PR?GETSPEED?SPEED_MODULE
  +--> ?PR?RTC_WRITE?DS1302

?PR?RTC_WRITE?DS1302                             0023H    0007H      -----    -----

?PR?UPDATETEMP?TEMP_MODULE                       -----    -----      -----    -----
  +--> ?PR?GETADC?ADC
  +--> ?CO?TEMP_MODULE

?PR?SHOWSTATUS?NAV_HANDLER                       -----    -----      -----    -----
  +--> ?PR?SHOWTIME?RTC_MODULE
  +--> ?PR?SHOWTEMP?TEMP_MODULE
  +--> ?PR?SHOWSPEED?SPEED_MODULE

?PR?SHOWTIME?RTC_MODULE                          -----    -----      -----    -----
  +--> ?PR?RTC_READ?DS1302
  +--> ?PR?_SEG7PRINT?DISPLAYER

?PR?_SEG7PRINT?DISPLAYER                         0023H    0008H      -----    -----

?PR?SHOWTEMP?TEMP_MODULE                         -----    -----      -----    -----
  +--> ?PR?_SEG7PRINT?DISPLAYER

?PR?SHOWSPEED?SPEED_MODULE                       -----    -----      -----    -----
  +--> ?PR?_SEG7PRINT?DISPLAYER

?PR?CHECKCOUNTDOWNEVENT?VOICE_MODULE             -----    -----      013DH    0002H
  +--> ?CO?VOICE_MODULE
  +--> ?PR?_UART2PRINT?UART2

?PR?MYUART1SENDCURRENTSTATUS?MY_UART1            -----    -----      013DH    0002H
  +--> ?PR?GETUART1TXSTATUS?UART1
  +--> ?CO?MY_UART1
  +--> ?PR?_STRLEN?STRLEN
  +--> ?PR?_MY_UTOA?MY_UART1
  +--> ?PR?_UART1PRINT?UART1

?PR?_MY_UTOA?MY_UART1                            0023H    0003H      013FH    0012H

?PR?MYSTC_INIT?SYS                               -----    -----      -----    -----
  +--> ?PR?SYS_TIMER0_INIT?SYS

?PR?SYS_TIMER0_INIT?SYS                          -----    -----      -----    -----
BL51 BANKED LINKER/LOCATER V6.22.4.0                                                  09/16/2025  17:22:50  PAGE 8


  +--> ?CO?CORE

?PR?MYSTC_OS?SYS                                 -----    -----      -----    -----
  +--> ?PR?SYS_TASK_IR?SYS
  +--> ?PR?SYS_TASK_1MS?SYS
  +--> ?PR?SYS_TASK_10MS?SYS
  +--> ?PR?SYS_TASK_100MS?SYS
  +--> ?PR?SYS_TASK_1S?SYS

?C_INITSEG                                       -----    -----      -----    -----
  +--> ?PR?_?NULLFUNC?SYS
  +--> ?PR?_?RET0FUNC?SYS



UNRESOLVED EXTERNAL SYMBOLS:
   NVTEMPTHRESHOLDINIT
   _PARSECOMMAND



SYMBOL TABLE OF MODULE:  .\output\BSP_Demo (MAIN)

  VALUE           TYPE          NAME
  ----------------------------------

  -------         MODULE        MAIN
  C:0000H         SYMBOL        _ICE_DUMMY_
  D:0080H         PUBLIC        P0
  D:0090H         PUBLIC        P1
  D:00A0H         PUBLIC        P2
  D:00B0H         PUBLIC        P3
  D:00C0H         PUBLIC        P4
  D:00C8H         PUBLIC        P5
  D:00E8H         PUBLIC        P6
  D:00F8H         PUBLIC        P7
  D:00A8H         PUBLIC        IE
  D:00B8H         PUBLIC        IP
  D:00D8H         PUBLIC        CCON
  C:2EE5H         PUBLIC        main
  D:0098H         PUBLIC        SCON
  D:0088H         PUBLIC        TCON
  D:00D0H         PUBLIC        PSW
  -------         PROC          MAIN
  C:2EE5H         LINE#         3
  C:2EE5H         LINE#         4
  C:2EEAH         LINE#         5
  C:2EEDH         LINE#         6
  C:2EF0H         LINE#         7
  C:2EF3H         LINE#         8
  C:2EFAH         LINE#         9
  C:2F06H         LINE#         10
  C:2F09H         LINE#         11
  C:2F0CH         LINE#         15
  C:2F26H         LINE#         16
  C:2F31H         LINE#         17
  C:2F3CH         LINE#         19
BL51 BANKED LINKER/LOCATER V6.22.4.0                                                  09/16/2025  17:22:50  PAGE 9


  C:2F3FH         LINE#         21
  C:2F3FH         LINE#         22
  C:2F42H         LINE#         23
  -------         ENDPROC       MAIN
  -------         ENDMOD        MAIN

  -------         MODULE        ADC
  C:0000H         SYMBOL        _ICE_DUMMY_
  D:0080H         PUBLIC        P0
  D:0090H         PUBLIC        P1
  D:00A0H         PUBLIC        P2
  C:3A89H         PUBLIC        _?sys_get_KNEvent
  D:0066H         PUBLIC        sys_EXTADCEvent
  D:00B0H         PUBLIC        P3
  D:00C0H         PUBLIC        P4
  D:00C8H         PUBLIC        P5
  D:00E8H         PUBLIC        P6
  D:00F8H         PUBLIC        P7
  B:00A8H.5       PUBLIC        EADC
  D:00A8H         PUBLIC        IE
  D:00BDH         PUBLIC        ADC_RES
  D:00B8H         PUBLIC        IP
  D:0097H         PUBLIC        CLK_DIV
  C:3599H         PUBLIC        _AdcInit
  D:00D8H         PUBLIC        CCON
  C:3A97H         PUBLIC        _?sys_get_EXTADCEvent
  X:00E1H         PUBLIC        AD_res
  D:00BCH         PUBLIC        ADC_CONTR
  D:0098H         PUBLIC        SCON
  D:0088H         PUBLIC        TCON
  C:19DCH         PUBLIC        _?sys_ADC_drv
  B:0021H.7       PUBLIC        flag_ADC
  X:00EBH         PUBLIC        sys_KN
  D:009DH         PUBLIC        P1ASF
  D:0067H         PUBLIC        sys_KNEvent
  D:00BEH         PUBLIC        ADC_RESL
  C:3B1BH         PUBLIC        GetADC
  C:3288H         PUBLIC        _GetAdcNavAct
  C:3B30H         PUBLIC        ADC_isr
  D:00D0H         PUBLIC        PSW
  -------         PROC          ADC_ISR
  C:3B30H         LINE#         26
  C:3B30H         LINE#         27
  C:3B33H         LINE#         28
  C:3B35H         LINE#         29
  -------         ENDPROC       ADC_ISR
  -------         PROC          _?SYS_ADC_DRV
  -------         DO            
  X:00DFH         SYMBOL        pc
  X:00E0H         SYMBOL        counter
  i:0000H         SYMBOL        i
  C:3AEEH         SYMBOL        ADC_ch
  -------         ENDDO         
  C:19DCH         LINE#         31
  C:19DEH         LINE#         35
  C:19E4H         LINE#         36
  C:19E6H         LINE#         37
BL51 BANKED LINKER/LOCATER V6.22.4.0                                                  09/16/2025  17:22:50  PAGE 10


  C:1A14H         LINE#         38
  C:1A14H         LINE#         39
  C:1A14H         LINE#         40
  C:1A24H         LINE#         41
  C:1A26H         LINE#         42
  C:1A26H         LINE#         43
  C:1A26H         LINE#         44
  C:1A3AH         LINE#         45
  C:1A3DH         LINE#         46
  C:1A40H         LINE#         47
  C:1A50H         LINE#         48
  C:1A52H         LINE#         49
  C:1A66H         LINE#         50
  C:1A69H         LINE#         51
  C:1A7DH         LINE#         52
  C:1A90H         LINE#         53
  C:1AA8H         LINE#         54
  C:1AB3H         LINE#         55
  C:1AB6H         LINE#         56
  C:1AC6H         LINE#         57
  C:1ADAH         LINE#         58
  C:1AEFH         LINE#         59
  C:1B00H         LINE#         60
  C:1B02H         LINE#         61
  C:1B02H         LINE#         62
  C:1B04H         LINE#         64
  C:1B1BH         LINE#         65
  C:1B2CH         LINE#         66
  C:1B2FH         LINE#         67
  C:1B2FH         LINE#         68
  C:1B2FH         LINE#         69
  C:1B52H         LINE#         70
  C:1B63H         LINE#         71
  C:1B67H         LINE#         72
  C:1B67H         LINE#         73
  C:1B67H         LINE#         74
  C:1B6DH         LINE#         75
  C:1B6DH         LINE#         76
  C:1B6DH         LINE#         77
  C:1B79H         LINE#         78
  C:1B85H         LINE#         79
  C:1B85H         LINE#         80
  -------         ENDPROC       _?SYS_ADC_DRV
  -------         PROC          _?SYS_GET_KNEVENT
  -------         DO            
  i:0000H         SYMBOL        a
  -------         ENDDO         
  C:3A89H         LINE#         82
  C:3A8BH         LINE#         84
  C:3A8FH         LINE#         85
  C:3A92H         LINE#         86
  C:3A94H         LINE#         87
  -------         ENDPROC       _?SYS_GET_KNEVENT
  -------         PROC          _?SYS_GET_EXTADCEVENT
  -------         DO            
  i:0000H         SYMBOL        a
  -------         ENDDO         
BL51 BANKED LINKER/LOCATER V6.22.4.0                                                  09/16/2025  17:22:50  PAGE 11


  C:3A97H         LINE#         89
  C:3A99H         LINE#         91
  C:3A9DH         LINE#         92
  C:3AA0H         LINE#         93
  C:3AA2H         LINE#         94
  -------         ENDPROC       _?SYS_GET_EXTADCEVENT
  -------         PROC          _ADCINIT
  D:0007H         SYMBOL        ADCsel
  C:3599H         LINE#         96
  C:3599H         LINE#         97
  C:3599H         LINE#         98
  C:359BH         LINE#         99
  C:359EH         LINE#         100
  C:35A1H         LINE#         101
  C:35A3H         LINE#         102
  C:35B1H         LINE#         103
  C:35BDH         LINE#         104
  C:35C9H         LINE#         105
  -------         ENDPROC       _ADCINIT
  -------         PROC          GETADC
  C:3B1BH         LINE#         107
  C:3B1BH         LINE#         108
  C:3B21H         LINE#         109
  -------         ENDPROC       GETADC
  -------         PROC          _GETADCNAVACT
  D:0007H         SYMBOL        Nav_button
  -------         DO            
  D:0006H         SYMBOL        a
  -------         ENDDO         
  C:3288H         LINE#         111
  C:3288H         LINE#         112
  C:3288H         LINE#         113
  C:3298H         LINE#         114
  C:32B3H         LINE#         115
  C:32C8H         LINE#         116
  C:32CBH         LINE#         117
  C:32CBH         LINE#         118
  C:32CDH         LINE#         119
  -------         ENDPROC       _GETADCNAVACT
  -------         ENDMOD        ADC

  -------         MODULE        BEEP
  C:0000H         SYMBOL        _ICE_DUMMY_
  D:0080H         PUBLIC        P0
  D:00B2H         PUBLIC        P3M0
  D:0090H         PUBLIC        P1
  D:00B1H         PUBLIC        P3M1
  D:00A0H         PUBLIC        P2
  D:00B0H         PUBLIC        P3
  D:00C0H         PUBLIC        P4
  D:00C8H         PUBLIC        P5
  D:00E8H         PUBLIC        P6
  D:00F8H         PUBLIC        P7
  D:00F9H         PUBLIC        CH
  C:373BH         PUBLIC        _?sys_beep_drv
  D:00A8H         PUBLIC        IE
  D:00E9H         PUBLIC        CL
BL51 BANKED LINKER/LOCATER V6.22.4.0                                                  09/16/2025  17:22:50  PAGE 12


  C:3864H         PUBLIC        BeepInit
  B:00D8H.6       PUBLIC        CR
  D:00DAH         PUBLIC        CCAPM0
  D:00B8H         PUBLIC        IP
  D:00D9H         PUBLIC        CMOD
  D:00D8H         PUBLIC        CCON
  C:002EH         PUBLIC        GetBeepStatus
  C:2D86H         PUBLIC        _SetBeep
  D:0098H         PUBLIC        SCON
  D:0088H         PUBLIC        TCON
  D:00D0H         PUBLIC        PSW
  B:00D8H.0       PUBLIC        CCF0
  -------         PROC          _?SYS_BEEP_DRV
  -------         DO            
  i:0000H         SYMBOL        a
  -------         ENDDO         
  C:373BH         LINE#         11
  C:373FH         LINE#         13
  C:3749H         LINE#         14
  C:375EH         LINE#         15
  -------         ENDPROC       _?SYS_BEEP_DRV
  -------         PROC          BEEPINIT
  C:3864H         LINE#         17
  C:3864H         LINE#         18
  C:3864H         LINE#         19
  C:3867H         LINE#         20
  C:386AH         LINE#         21
  C:386DH         LINE#         22
  C:3870H         LINE#         23
  C:3873H         LINE#         24
  C:3875H         LINE#         25
  C:3883H         LINE#         26
  -------         ENDPROC       BEEPINIT
  -------         PROC          _SETBEEP
  D:005BH         SYMBOL        Beep_freq
  D:005DH         SYMBOL        Beep_time
  -------         DO            
  D:0002H         SYMBOL        a
  D:0004H         SYMBOL        b
  -------         ENDDO         
  C:2D86H         LINE#         28
  C:2D8EH         LINE#         29
  C:2D8EH         LINE#         31
  C:2D95H         LINE#         32
  C:2D9CH         LINE#         33
  C:2DA7H         LINE#         34
  C:2DD0H         LINE#         35
  C:2DE4H         LINE#         36
  C:2DEBH         LINE#         37
  C:2DEDH         LINE#         38
  C:2DF0H         LINE#         39
  C:2DF2H         LINE#         41
  C:2DF5H         LINE#         42
  C:2DF8H         LINE#         43
  C:2DF8H         LINE#         44
  C:2DFBH         LINE#         45
  C:2DFBH         LINE#         46
BL51 BANKED LINKER/LOCATER V6.22.4.0                                                  09/16/2025  17:22:50  PAGE 13


  C:2DFDH         LINE#         47
  -------         ENDPROC       _SETBEEP
  -------         PROC          GETBEEPSTATUS
  C:002EH         LINE#         49
  C:002EH         LINE#         50
  C:0037H         LINE#         51
  C:0039H         LINE#         52
  -------         ENDPROC       GETBEEPSTATUS
  -------         ENDMOD        BEEP

  -------         MODULE        DISPLAYER
  C:0000H         SYMBOL        _ICE_DUMMY_
  D:0093H         PUBLIC        P0M1
  D:0096H         PUBLIC        P2M0
  D:0080H         PUBLIC        P0
  D:0095H         PUBLIC        P2M1
  D:0090H         PUBLIC        P1
  D:00A0H         PUBLIC        P2
  D:00B0H         PUBLIC        P3
  D:00C0H         PUBLIC        P4
  D:00C8H         PUBLIC        P5
  D:00E8H         PUBLIC        P6
  D:00F8H         PUBLIC        P7
  D:00A8H         PUBLIC        IE
  D:00B8H         PUBLIC        IP
  D:00D8H         PUBLIC        CCON
  C:3B36H         PUBLIC        _LedPrint
  B:00A0H.0       PUBLIC        P20
  B:00A0H.1       PUBLIC        P21
  D:0098H         PUBLIC        SCON
  B:00A0H.2       PUBLIC        P22
  D:0088H         PUBLIC        TCON
  B:00A0H.3       PUBLIC        P23
  C:3935H         PUBLIC        DisplayerInit
  X:0163H         PUBLIC        sys_Disp
  C:3AF7H         PUBLIC        _SetDisplayerArea
  C:3884H         PUBLIC        _Seg7Print
  C:23DEH         PUBLIC        _?sys_display_drv
  D:00D0H         PUBLIC        PSW
  D:0094H         PUBLIC        P0M0
  -------         PROC          _?SYS_DISPLAY_DRV
  C:23DEH         LINE#         16
  C:23DEH         LINE#         18
  C:23E1H         LINE#         19
  C:240AH         LINE#         20
  C:2410H         LINE#         21
  C:2416H         LINE#         22
  C:241CH         LINE#         23
  C:2422H         LINE#         24
  C:242CH         LINE#         25
  C:2436H         LINE#         26
  C:2440H         LINE#         27
  C:244AH         LINE#         28
  C:244CH         LINE#         29
  C:244CH         LINE#         30
  C:2454H         LINE#         31
  C:247DH         LINE#         33
BL51 BANKED LINKER/LOCATER V6.22.4.0                                                  09/16/2025  17:22:50  PAGE 14


  C:2498H         LINE#         34
  C:249BH         LINE#         35
  C:249BH         LINE#         36
  C:24B2H         LINE#         37
  C:24BEH         LINE#         39
  C:24C6H         LINE#         40
  -------         ENDPROC       _?SYS_DISPLAY_DRV
  -------         PROC          DISPLAYERINIT
  C:3935H         LINE#         42
  C:3935H         LINE#         43
  C:3935H         LINE#         44
  C:3938H         LINE#         45
  C:393BH         LINE#         46
  C:393EH         LINE#         47
  C:3941H         LINE#         48
  C:394FH         LINE#         49
  -------         ENDPROC       DISPLAYERINIT
  -------         PROC          _SETDISPLAYERAREA
  D:0007H         SYMBOL        Begin_of_scan
  D:0005H         SYMBOL        Ending_of_Scan
  C:3AF7H         LINE#         51
  C:3AF7H         LINE#         52
  C:3AFCH         LINE#         53
  C:3AFFH         LINE#         54
  -------         ENDPROC       _SETDISPLAYERAREA
  -------         PROC          _SEG7PRINT
  D:0007H         SYMBOL        d0
  D:0005H         SYMBOL        d1
  D:0003H         SYMBOL        d2
  D:0026H         SYMBOL        d3
  D:0027H         SYMBOL        d4
  D:0028H         SYMBOL        d5
  D:0029H         SYMBOL        d6
  D:002AH         SYMBOL        d7
  C:3884H         LINE#         56
  C:3884H         LINE#         57
  C:3889H         LINE#         58
  C:388CH         LINE#         59
  C:388FH         LINE#         60
  C:3893H         LINE#         61
  C:3897H         LINE#         62
  C:389BH         LINE#         63
  C:389FH         LINE#         64
  C:38A3H         LINE#         65
  -------         ENDPROC       _SEG7PRINT
  -------         PROC          _LEDPRINT
  D:0007H         SYMBOL        led_val
  C:3B36H         LINE#         67
  C:3B36H         LINE#         68
  C:3B3BH         LINE#         69
  -------         ENDPROC       _LEDPRINT
  -------         ENDMOD        DISPLAYER

  -------         MODULE        KEY
  C:0000H         SYMBOL        _ICE_DUMMY_
  D:0080H         PUBLIC        P0
  D:0090H         PUBLIC        P1
BL51 BANKED LINKER/LOCATER V6.22.4.0                                                  09/16/2025  17:22:50  PAGE 15


  D:00A0H         PUBLIC        P2
  D:00B0H         PUBLIC        P3
  D:00C0H         PUBLIC        P4
  D:00C8H         PUBLIC        P5
  D:00E8H         PUBLIC        P6
  D:00F8H         PUBLIC        P7
  D:00A8H         PUBLIC        IE
  D:006EH         PUBLIC        sys_keyEvent
  D:00B8H         PUBLIC        IP
  D:00D8H         PUBLIC        CCON
  C:3AA5H         PUBLIC        _?sys_get_keyEvent
  D:0098H         PUBLIC        SCON
  D:0088H         PUBLIC        TCON
  C:1CB8H         PUBLIC        _?sys_key_drv
  C:38C4H         PUBLIC        KeyInit
  B:00B0H.2       PUBLIC        IO_Key1
  B:00B0H.3       PUBLIC        IO_Key2
  B:0090H.7       PUBLIC        IO_Key3
  C:3399H         PUBLIC        _GetKeyAct
  X:017BH         PUBLIC        sys_Key
  D:00D0H         PUBLIC        PSW
  -------         PROC          _?SYS_KEY_DRV
  -------         DO            
  i:0000H         SYMBOL        i
  X:017AH         SYMBOL        counter
  -------         ENDDO         
  C:1CB8H         LINE#         28
  C:1CBAH         LINE#         31
  C:1CC3H         LINE#         32
  C:1CCCH         LINE#         33
  C:1CD5H         LINE#         34
  C:1CE0H         LINE#         35
  C:1CE3H         LINE#         36
  C:1CF5H         LINE#         37
  C:1D13H         LINE#         38
  C:1D2CH         LINE#         39
  C:1D48H         LINE#         40
  C:1D4AH         LINE#         41
  C:1D4AH         LINE#         42
  C:1D4CH         LINE#         44
  C:1D6DH         LINE#         45
  C:1D83H         LINE#         46
  C:1D86H         LINE#         47
  C:1D86H         LINE#         48
  C:1D86H         LINE#         49
  C:1DB9H         LINE#         50
  C:1DD4H         LINE#         51
  C:1DD8H         LINE#         52
  C:1DD8H         LINE#         53
  -------         ENDPROC       _?SYS_KEY_DRV
  -------         PROC          _?SYS_GET_KEYEVENT
  -------         DO            
  i:0000H         SYMBOL        a
  -------         ENDDO         
  C:3AA5H         LINE#         55
  C:3AA7H         LINE#         57
  C:3AABH         LINE#         58
BL51 BANKED LINKER/LOCATER V6.22.4.0                                                  09/16/2025  17:22:50  PAGE 16


  C:3AAEH         LINE#         59
  C:3AB0H         LINE#         60
  -------         ENDPROC       _?SYS_GET_KEYEVENT
  -------         PROC          KEYINIT
  C:38C4H         LINE#         62
  C:38C4H         LINE#         63
  C:38C4H         LINE#         64
  C:38D2H         LINE#         65
  C:38E0H         LINE#         66
  -------         ENDPROC       KEYINIT
  -------         PROC          _GETKEYACT
  D:0007H         SYMBOL        Key
  -------         DO            
  D:0006H         SYMBOL        a
  -------         ENDDO         
  C:3399H         LINE#         68
  C:3399H         LINE#         69
  C:3399H         LINE#         70
  C:33A3H         LINE#         71
  C:33BEH         LINE#         72
  C:33D3H         LINE#         73
  C:33D6H         LINE#         74
  C:33D6H         LINE#         75
  C:33D8H         LINE#         76
  -------         ENDPROC       _GETKEYACT
  -------         ENDMOD        KEY

  -------         MODULE        SYS
  C:0000H         SYMBOL        _ICE_DUMMY_
  X:0000H         PUBLIC        count_1mS
  B:00D8H.2       PUBLIC        CCF2
  D:0080H         PUBLIC        P0
  B:0020H.1       PUBLIC        flag_1S
  D:0090H         PUBLIC        P1
  D:00A0H         PUBLIC        P2
  D:00B0H         PUBLIC        P3
  D:00C0H         PUBLIC        P4
  X:0001H         PUBLIC        T1
  D:00C8H         PUBLIC        P5
  X:0003H         PUBLIC        T2
  B:00A8H.7       PUBLIC        EA
  D:00E8H         PUBLIC        P6
  D:00F8H         PUBLIC        P7
  D:0009H         PUBLIC        IrDatNum
  B:00D8H.7       PUBLIC        CF
  B:0020H.2       PUBLIC        Ir_Coder
  B:0020H.3       PUBLIC        Ir_RxBusy
  D:00A8H         PUBLIC        IE
  B:0020H.4       PUBLIC        Ir_TxBusy
  X:0005H         PUBLIC        userfunccall
  D:00FAH         PUBLIC        CCAP0H
  D:00FBH         PUBLIC        CCAP1H
  C:2BF4H         PUBLIC        sys_task_Ir
  D:000AH         PUBLIC        IrCount_j
  D:000BH         PUBLIC        IrRx_count
  D:000CH         PUBLIC        IrProtocol
  D:00EAH         PUBLIC        CCAP0L
BL51 BANKED LINKER/LOCATER V6.22.4.0                                                  09/16/2025  17:22:50  PAGE 17


  D:000DH         PUBLIC        IrTx_count
  D:00EBH         PUBLIC        CCAP1L
  D:00DAH         PUBLIC        CCAPM0
  D:00DBH         PUBLIC        CCAPM1
  D:000EH         PUBLIC        MainLoops
  D:00B8H         PUBLIC        IP
  B:00D0H.7       PUBLIC        CY
  B:0020H.5       PUBLIC        flag_10mS
  D:00D8H         PUBLIC        CCON
  C:3B00H         PUBLIC        GetBeepTimer
  C:3157H         PUBLIC        sys_Timer0_isr
  C:2D09H         PUBLIC        _SetEventCallBack
  C:3B3CH         PUBLIC        MySTC_Init
  C:33D9H         PUBLIC        sys_task_100mS
  D:0012H         PUBLIC        ModBus_interval_time
  C:3B4AH         PUBLIC        _?ret0func
  C:3104H         PUBLIC        GetUltraSonic
  X:0029H         PUBLIC        count_10mS
  X:002AH         PUBLIC        stcDrivers
  C:3B09H         PUBLIC        _SetBeepTimer
  B:0020H.6       PUBLIC        flag_IrRxFinished
  D:0098H         PUBLIC        SCON
  C:3A3BH         PUBLIC        _SetCCP0
  C:3418H         PUBLIC        MySTC_OS
  D:0089H         PUBLIC        TMOD
  D:0088H         PUBLIC        TCON
  B:0020H.7       PUBLIC        flag_Ir
  B:00B0H.5       PUBLIC        P35
  D:0013H         PUBLIC        IrRxNum
  X:0060H         PUBLIC        SysPerformance
  D:008EH         PUBLIC        AUXR
  C:27C4H         PUBLIC        sys_CCP_isr
  C:2205H         PUBLIC        sys_task_1mS
  B:00A8H.1       PUBLIC        ET0
  C:3B4DH         PUBLIC        ClrBeepPin
  D:008CH         PUBLIC        TH0
  B:0021H.0       PUBLIC        flag_100mS
  X:0065H         PUBLIC        distance
  D:008AH         PUBLIC        TL0
  D:0014H         PUBLIC        PollingMisses
  X:0067H         PUBLIC        sys_BP
  B:0088H.4       PUBLIC        TR0
  C:36E7H         PUBLIC        sys_task_1S
  C:3B22H         PUBLIC        GetSysPerformance
  B:0021H.1       PUBLIC        matchModBus
  X:006DH         PUBLIC        count_100mS
  B:0021H.2       PUBLIC        Ir_BitBusy
  D:0015H         PUBLIC        IrDat_count
  D:0016H         PUBLIC        IrMute_count
  B:0021H.3       PUBLIC        newFrame1
  C:3241H         PUBLIC        sys_Timer0_Init
  B:0021H.4       PUBLIC        newFrame2
  D:0017H         PUBLIC        IrDataPc
  C:003AH         PUBLIC        _?nullfunc
  B:0021H.5       PUBLIC        flag_1mS
  B:0021H.6       PUBLIC        newUS
  D:008FH         PUBLIC        INT_CLKO
BL51 BANKED LINKER/LOCATER V6.22.4.0                                                  09/16/2025  17:22:50  PAGE 18


  C:2A45H         PUBLIC        sys_task_10mS
  D:00D0H         PUBLIC        PSW
  B:00D8H.0       PUBLIC        CCF0
  B:00B0H.4       PUBLIC        Beep
  B:00D8H.1       PUBLIC        CCF1
  -------         PROC          _?NULLFUNC
  C:003AH         LINE#         13
  -------         ENDPROC       _?NULLFUNC
  -------         PROC          _?RET0FUNC
  C:3B4AH         LINE#         14
  -------         ENDPROC       _?RET0FUNC
  -------         PROC          SYS_TIMER0_INIT
  C:3241H         LINE#         96
  C:3241H         LINE#         97
  C:3244H         LINE#         98
  C:3247H         LINE#         99
  C:325DH         LINE#         100
  C:3283H         LINE#         101
  C:3285H         LINE#         102
  C:3287H         LINE#         103
  -------         ENDPROC       SYS_TIMER0_INIT
  -------         PROC          SYS_TIMER0_ISR
  -------         DO            
  D:0008H         SYMBOL        i
  -------         ENDDO         
  C:3157H         LINE#         105
  C:315BH         LINE#         107
  C:315EH         LINE#         108
  C:3161H         LINE#         109
  C:3166H         LINE#         110
  C:3168H         LINE#         111
  C:3168H         LINE#         112
  C:316EH         LINE#         113
  C:3174H         LINE#         114
  C:3177H         LINE#         115
  C:3179H         LINE#         116
  C:317CH         LINE#         117
  C:3180H         LINE#         118
  C:3182H         LINE#         119
  C:3185H         LINE#         120
  C:3187H         LINE#         122
  C:318AH         LINE#         123
  C:318CH         LINE#         124
  C:3191H         LINE#         125
  C:3191H         LINE#         126
  C:3193H         LINE#         128
  C:319CH         LINE#         129
  C:319EH         LINE#         130
  C:31A4H         LINE#         131
  C:31A4H         LINE#         132
  C:31A4H         LINE#         133
  C:31A4H         LINE#         134
  -------         ENDPROC       SYS_TIMER0_ISR
  -------         PROC          GETULTRASONIC
  -------         DO            
  D:0068H         SYMBOL        a
  -------         ENDDO         
BL51 BANKED LINKER/LOCATER V6.22.4.0                                                  09/16/2025  17:22:50  PAGE 19


  C:3104H         LINE#         138
  C:3104H         LINE#         139
  C:3104H         LINE#         140
  C:3107H         LINE#         141
  C:3109H         LINE#         142
  C:3118H         LINE#         143
  C:314EH         LINE#         144
  C:314EH         LINE#         145
  C:3156H         LINE#         146
  -------         ENDPROC       GETULTRASONIC
  -------         PROC          GETBEEPTIMER
  C:3B00H         LINE#         148
  C:3B00H         LINE#         149
  C:3B08H         LINE#         150
  -------         ENDPROC       GETBEEPTIMER
  -------         PROC          _SETBEEPTIMER
  D:0006H         SYMBOL        a
  C:3B09H         LINE#         152
  C:3B09H         LINE#         153
  C:3B11H         LINE#         154
  -------         ENDPROC       _SETBEEPTIMER
  -------         PROC          _SETCCP0
  D:0006H         SYMBOL        step
  D:0004H         SYMBOL        next
  C:3A3BH         LINE#         156
  C:3A3BH         LINE#         157
  C:3A43H         LINE#         158
  C:3A4BH         LINE#         159
  -------         ENDPROC       _SETCCP0
  -------         PROC          CLRBEEPPIN
  C:3B4DH         LINE#         161
  C:3B4DH         LINE#         162
  C:3B4FH         LINE#         163
  -------         ENDPROC       CLRBEEPPIN
  -------         PROC          SYS_CCP_ISR
  -------         DO            
  B:0020H.0       SYMBOL        a
  -------         ENDDO         
  C:27C4H         LINE#         165
  C:27D7H         LINE#         167
  C:27DEH         LINE#         168
  C:27E5H         LINE#         169
  C:27E8H         LINE#         170
  C:27EAH         LINE#         171
  C:27FAH         LINE#         172
  C:2801H         LINE#         173
  C:2804H         LINE#         174
  C:2806H         LINE#         175
  C:2808H         LINE#         177
  C:281CH         LINE#         178
  C:281FH         LINE#         179
  C:2821H         LINE#         180
  C:2823H         LINE#         181
  C:2825H         LINE#         183
  C:2825H         LINE#         184
  C:2828H         LINE#         185
  C:282AH         LINE#         186
BL51 BANKED LINKER/LOCATER V6.22.4.0                                                  09/16/2025  17:22:50  PAGE 20


  C:2834H         LINE#         187
  C:2836H         LINE#         188
  C:283FH         LINE#         189
  C:2842H         LINE#         190
  C:2854H         LINE#         191
  C:2856H         LINE#         193
  C:2858H         LINE#         194
  C:285BH         LINE#         195
  C:285BH         LINE#         196
  C:285BH         LINE#         197
  -------         ENDPROC       SYS_CCP_ISR
  -------         PROC          MYSTC_INIT
  C:3B3CH         LINE#         199
  C:3B3CH         LINE#         200
  C:3B3FH         LINE#         201
  C:3B41H         LINE#         202
  -------         ENDPROC       MYSTC_INIT
  -------         PROC          SYS_TASK_IR
  -------         DO            
  D:0007H         SYMBOL        a
  -------         ENDDO         
  C:2BF4H         LINE#         204
  C:2BF4H         LINE#         205
  C:2BF4H         LINE#         206
  C:2C0AH         LINE#         207
  C:2C11H         LINE#         208
  C:2C14H         LINE#         209
  C:2C17H         LINE#         210
  C:2C2DH         LINE#         211
  C:2C3DH         LINE#         212
  C:2C45H         LINE#         213
  C:2C48H         LINE#         214
  C:2C4AH         LINE#         216
  C:2C60H         LINE#         217
  C:2C74H         LINE#         218
  C:2C74H         LINE#         219
  C:2C76H         LINE#         220
  C:2C79H         LINE#         222
  C:2C79H         LINE#         224
  C:2C7BH         LINE#         225
  C:2C7EH         LINE#         226
  C:2C7EH         LINE#         227
  -------         ENDPROC       SYS_TASK_IR
  -------         PROC          SYS_TASK_1MS
  C:2205H         LINE#         229
  C:2205H         LINE#         230
  C:220DH         LINE#         231
  C:2210H         LINE#         232
  C:2212H         LINE#         233
  C:221AH         LINE#         234
  C:221DH         LINE#         235
  C:221FH         LINE#         236
  C:2227H         LINE#         237
  C:222AH         LINE#         238
  C:222CH         LINE#         239
  C:222CH         LINE#         240
  C:222CH         LINE#         241
BL51 BANKED LINKER/LOCATER V6.22.4.0                                                  09/16/2025  17:22:50  PAGE 21


  C:222CH         LINE#         242
  C:2238H         LINE#         243
  C:2244H         LINE#         244
  C:2250H         LINE#         245
  C:225CH         LINE#         246
  C:2268H         LINE#         247
  C:2274H         LINE#         248
  C:228FH         LINE#         249
  C:229EH         LINE#         250
  C:22AAH         LINE#         251
  C:22ACH         LINE#         252
  C:22ACH         LINE#         253
  C:22B3H         LINE#         254
  C:22B6H         LINE#         255
  C:22C5H         LINE#         256
  C:22C7H         LINE#         257
  C:22C7H         LINE#         258
  C:22C9H         LINE#         260
  C:22D8H         LINE#         261
  C:22E4H         LINE#         262
  C:22E6H         LINE#         263
  C:22E6H         LINE#         264
  C:22E6H         LINE#         265
  -------         ENDPROC       SYS_TASK_1MS
  -------         PROC          SYS_TASK_10MS
  C:2A45H         LINE#         268
  C:2A45H         LINE#         269
  C:2A51H         LINE#         270
  C:2A5DH         LINE#         271
  C:2A69H         LINE#         272
  C:2A75H         LINE#         273
  C:2A90H         LINE#         274
  C:2AABH         LINE#         275
  C:2AC6H         LINE#         276
  C:2AC9H         LINE#         277
  C:2ACBH         LINE#         278
  C:2AD7H         LINE#         279
  C:2AD7H         LINE#         280
  -------         ENDPROC       SYS_TASK_10MS
  -------         PROC          SYS_TASK_100MS
  C:33D9H         LINE#         282
  C:33D9H         LINE#         283
  C:33E5H         LINE#         284
  C:3400H         LINE#         285
  C:340CH         LINE#         286
  -------         ENDPROC       SYS_TASK_100MS
  -------         PROC          SYS_TASK_1S
  C:36E7H         LINE#         289
  C:36E7H         LINE#         290
  C:36F5H         LINE#         291
  C:36FBH         LINE#         292
  C:3704H         LINE#         293
  C:3706H         LINE#         294
  -------         ENDPROC       SYS_TASK_1S
  -------         PROC          MYSTC_OS
  C:3418H         LINE#         297
  C:3418H         LINE#         298
BL51 BANKED LINKER/LOCATER V6.22.4.0                                                  09/16/2025  17:22:50  PAGE 22


  C:3420H         LINE#         299
  C:3428H         LINE#         300
  C:3430H         LINE#         301
  C:3438H         LINE#         302
  C:3440H         LINE#         303
  C:3455H         LINE#         306
  -------         ENDPROC       MYSTC_OS
  -------         PROC          _SETEVENTCALLBACK
  D:0007H         SYMBOL        event
  D:0023H         SYMBOL        user_callback
  C:2D09H         LINE#         308
  C:2D0FH         LINE#         309
  C:2D40H         LINE#         310
  C:2D43H         LINE#         311
  C:2D45H         LINE#         312
  C:2D48H         LINE#         313
  C:2D4AH         LINE#         314
  C:2D4DH         LINE#         315
  C:2D4FH         LINE#         316
  C:2D52H         LINE#         317
  C:2D54H         LINE#         318
  C:2D57H         LINE#         319
  C:2D59H         LINE#         320
  C:2D5CH         LINE#         321
  C:2D5EH         LINE#         322
  C:2D61H         LINE#         323
  C:2D63H         LINE#         324
  C:2D66H         LINE#         325
  C:2D68H         LINE#         326
  C:2D6BH         LINE#         327
  C:2D6DH         LINE#         328
  C:2D70H         LINE#         329
  C:2D72H         LINE#         330
  C:2D75H         LINE#         331
  C:2D77H         LINE#         332
  C:2D85H         LINE#         333
  C:2D85H         LINE#         334
  C:2D85H         LINE#         335
  C:2D85H         LINE#         336
  -------         ENDPROC       _SETEVENTCALLBACK
  -------         PROC          GETSYSPERFORMANCE
  C:3B22H         LINE#         338
  C:3B22H         LINE#         339
  C:3B28H         LINE#         340
  -------         ENDPROC       GETSYSPERFORMANCE
  -------         ENDMOD        SYS

  -------         MODULE        UART2
  C:0000H         SYMBOL        _ICE_DUMMY_
  D:006AH         PUBLIC        ModBus_Interval_Min
  D:0080H         PUBLIC        P0
  C:164FH         PUBLIC        Uart2_isr
  D:0090H         PUBLIC        P1
  D:00A0H         PUBLIC        P2
  D:00B0H         PUBLIC        P3
  D:00C0H         PUBLIC        P4
  D:00C8H         PUBLIC        P5
BL51 BANKED LINKER/LOCATER V6.22.4.0                                                  09/16/2025  17:22:50  PAGE 23


  D:00E8H         PUBLIC        P6
  D:00F8H         PUBLIC        P7
  D:00BAH         PUBLIC        P_SW2
  D:00A8H         PUBLIC        IE
  D:00DBH         PUBLIC        CCAPM1
  D:00B8H         PUBLIC        IP
  C:3B53H         PUBLIC        _?nullfunc0
  D:00D8H         PUBLIC        CCON
  C:35CAH         PUBLIC        _SetUart2Rxd
  B:0090H.0       PUBLIC        P10
  B:0090H.1       PUBLIC        P11
  D:0098H         PUBLIC        SCON
  D:0088H         PUBLIC        TCON
  D:00AFH         PUBLIC        IE2
  D:008EH         PUBLIC        AUXR
  C:3ACDH         PUBLIC        GetUart2TxStatus
  D:00D6H         PUBLIC        T2H
  B:00B0H.7       PUBLIC        M485_TxEn
  D:00D7H         PUBLIC        T2L
  C:365DH         PUBLIC        _Uart2Print
  D:009BH         PUBLIC        S2BUF
  D:009AH         PUBLIC        S2CON
  C:2664H         PUBLIC        _Uart2Init
  D:006BH         PUBLIC        Uart2usage
  C:3A5CH         PUBLIC        _?sys_get_Uart2RxdEvent
  X:0113H         PUBLIC        com2
  D:00D0H         PUBLIC        PSW
  -------         PROC          UART2_ISR
  C:164FH         LINE#         19
  C:166CH         LINE#         20
  C:1671H         LINE#         21
  C:1674H         LINE#         22
  C:16A8H         LINE#         24
  C:16ADH         LINE#         25
  C:16B3H         LINE#         26
  C:16B3H         LINE#         27
  C:16B3H         LINE#         29
  C:16BBH         LINE#         30
  C:16BEH         LINE#         31
  C:16C1H         LINE#         32
  C:16C3H         LINE#         33
  C:16CAH         LINE#         34
  C:16CCH         LINE#         35
  C:16CCH         LINE#         36
  C:16D5H         LINE#         37
  C:16E9H         LINE#         38
  C:16FDH         LINE#         39
  C:170CH         LINE#         40
  C:171AH         LINE#         41
  C:174CH         LINE#         42
  C:175AH         LINE#         43
  C:175AH         LINE#         44
  C:175DH         LINE#         45
  C:1760H         LINE#         47
  C:1774H         LINE#         48
  C:1788H         LINE#         49
  C:1797H         LINE#         50
BL51 BANKED LINKER/LOCATER V6.22.4.0                                                  09/16/2025  17:22:50  PAGE 24


  C:17A5H         LINE#         51
  C:17DDH         LINE#         52
  C:17EBH         LINE#         53
  C:17EBH         LINE#         54
  C:1806H         LINE#         55
  C:1806H         LINE#         56
  C:1806H         LINE#         57
  -------         ENDPROC       UART2_ISR
  -------         PROC          _?SYS_GET_UART2RXDEVENT
  -------         DO            
  i:0000H         SYMBOL        a
  -------         ENDDO         
  C:3A5CH         LINE#         59
  C:3A5EH         LINE#         61
  C:3A66H         LINE#         62
  C:3A68H         LINE#         63
  C:3A68H         LINE#         64
  -------         ENDPROC       _?SYS_GET_UART2RXDEVENT
  -------         PROC          _?NULLFUNC0
  C:3B53H         LINE#         66
  -------         ENDPROC       _?NULLFUNC0
  -------         PROC          _UART2INIT
  D:0023H         SYMBOL        band
  D:0027H         SYMBOL        Uart2mode
  C:2664H         LINE#         68
  C:266CH         LINE#         69
  C:266CH         LINE#         72
  C:266FH         LINE#         73
  C:2675H         LINE#         74
  C:2678H         LINE#         75
  C:267CH         LINE#         76
  C:268AH         LINE#         77
  C:268DH         LINE#         78
  C:268FH         LINE#         79
  C:2691H         LINE#         80
  C:2693H         LINE#         82
  C:2695H         LINE#         83
  C:26A9H         LINE#         84
  C:26B0H         LINE#         85
  C:26B3H         LINE#         86
  C:26B3H         LINE#         88
  C:26B6H         LINE#         89
  C:26D5H         LINE#         90
  C:2704H         LINE#         91
  C:2707H         LINE#         92
  C:270AH         LINE#         93
  C:2718H         LINE#         94
  -------         ENDPROC       _UART2INIT
  -------         PROC          _SETUART2RXD
  D:0001H         SYMBOL        RxdPt
  D:0004H         SYMBOL        Nmax
  D:0028H         SYMBOL        matchhead
  D:002BH         SYMBOL        matchheadsize
  C:35CAH         LINE#         96
  C:35CAH         LINE#         97
  C:35D5H         LINE#         98
  C:35DBH         LINE#         99
BL51 BANKED LINKER/LOCATER V6.22.4.0                                                  09/16/2025  17:22:50  PAGE 25


  C:35E5H         LINE#         100
  C:35F3H         LINE#         101
  C:35F5H         LINE#         102
  C:35FAH         LINE#         103
  -------         ENDPROC       _SETUART2RXD
  -------         PROC          _UART2PRINT
  D:0001H         SYMBOL        pt
  D:0004H         SYMBOL        num
  C:365DH         LINE#         105
  C:365DH         LINE#         106
  C:3663H         LINE#         107
  C:366EH         LINE#         108
  C:3673H         LINE#         109
  C:3679H         LINE#         110
  C:367DH         LINE#         112
  C:3683H         LINE#         113
  C:3686H         LINE#         114
  C:3689H         LINE#         115
  C:3689H         LINE#         116
  C:368BH         LINE#         117
  -------         ENDPROC       _UART2PRINT
  -------         PROC          GETUART2TXSTATUS
  C:3ACDH         LINE#         119
  C:3ACDH         LINE#         120
  C:3AD5H         LINE#         121
  C:3AD7H         LINE#         122
  -------         ENDPROC       GETUART2TXSTATUS
  -------         ENDMOD        UART2

  -------         MODULE        TEMP_MODULE
  C:0000H         SYMBOL        _ICE_DUMMY_
  C:2FFBH         PUBLIC        UpdateTemp
  D:0080H         PUBLIC        P0
  D:0090H         PUBLIC        P1
  D:00A0H         PUBLIC        P2
  D:00B0H         PUBLIC        P3
  D:00C0H         PUBLIC        P4
  D:00C8H         PUBLIC        P5
  D:00E8H         PUBLIC        P6
  D:00F8H         PUBLIC        P7
  D:00A8H         PUBLIC        IE
  D:00B8H         PUBLIC        IP
  D:00D8H         PUBLIC        CCON
  D:0098H         PUBLIC        SCON
  D:0088H         PUBLIC        TCON
  X:0151H         PUBLIC        temperature
  C:29B1H         PUBLIC        ShowTemp
  X:0153H         PUBLIC        adc_temp
  C:1453H         PUBLIC        tempdata
  X:015DH         PUBLIC        tempThresholds
  X:0161H         PUBLIC        rt
  D:00D0H         PUBLIC        PSW
  -------         PROC          UPDATETEMP
  C:2FFBH         LINE#         23
  C:2FFBH         LINE#         24
  C:300BH         LINE#         25
  C:301AH         LINE#         26
BL51 BANKED LINKER/LOCATER V6.22.4.0                                                  09/16/2025  17:22:50  PAGE 26


  C:3031H         LINE#         27
  C:3054H         LINE#         28
  -------         ENDPROC       UPDATETEMP
  -------         PROC          SHOWTEMP
  C:29B1H         LINE#         29
  C:29B1H         LINE#         30
  C:29B1H         LINE#         31
  C:29C1H         LINE#         32
  C:29F2H         LINE#         34
  C:2A44H         LINE#         35
  -------         ENDPROC       SHOWTEMP
  -------         ENDMOD        TEMP_MODULE

  -------         MODULE        NAV_HANDLER
  C:0000H         SYMBOL        _ICE_DUMMY_
  D:0080H         PUBLIC        P0
  D:0090H         PUBLIC        P1
  D:00A0H         PUBLIC        P2
  X:01A9H         PUBLIC        displayMode
  D:00B0H         PUBLIC        P3
  D:00C0H         PUBLIC        P4
  D:00C8H         PUBLIC        P5
  D:00E8H         PUBLIC        P6
  D:00F8H         PUBLIC        P7
  D:00A8H         PUBLIC        IE
  D:00B8H         PUBLIC        IP
  D:00D8H         PUBLIC        CCON
  C:3982H         PUBLIC        ShowStatus
  D:0098H         PUBLIC        SCON
  D:0088H         PUBLIC        TCON
  C:2911H         PUBLIC        NavHandler
  D:00D0H         PUBLIC        PSW
  -------         PROC          NAVHANDLER
  -------         DO            
  X:019FH         SYMBOL        navUp
  X:01A0H         SYMBOL        navDown
  X:01A1H         SYMBOL        navLeft
  X:01A2H         SYMBOL        navRight
  -------         ENDDO         
  C:2911H         LINE#         6
  C:2911H         LINE#         7
  C:2911H         LINE#         8
  C:291BH         LINE#         9
  C:2925H         LINE#         10
  C:292FH         LINE#         11
  C:2939H         LINE#         13
  C:2940H         LINE#         14
  C:2946H         LINE#         15
  C:294EH         LINE#         16
  C:294EH         LINE#         17
  C:2955H         LINE#         18
  C:295BH         LINE#         19
  C:2964H         LINE#         20
  C:2964H         LINE#         21
  C:296BH         LINE#         22
  C:2972H         LINE#         23
  C:2974H         LINE#         24
BL51 BANKED LINKER/LOCATER V6.22.4.0                                                  09/16/2025  17:22:50  PAGE 27


  C:298AH         LINE#         25
  C:298AH         LINE#         26
  C:298AH         LINE#         29
  C:2991H         LINE#         30
  C:2998H         LINE#         31
  C:299AH         LINE#         32
  C:29B0H         LINE#         33
  C:29B0H         LINE#         34
  C:29B0H         LINE#         35
  -------         ENDPROC       NAVHANDLER
  -------         PROC          SHOWSTATUS
  C:3982H         LINE#         37
  C:3982H         LINE#         38
  C:3982H         LINE#         39
  C:3990H         LINE#         40
  C:3993H         LINE#         41
  C:3996H         LINE#         42
  C:3999H         LINE#         43
  C:3999H         LINE#         44
  -------         ENDPROC       SHOWSTATUS
  -------         ENDMOD        NAV_HANDLER

  -------         MODULE        RTC_MODULE
  C:0000H         SYMBOL        _ICE_DUMMY_
  D:0080H         PUBLIC        P0
  D:0090H         PUBLIC        P1
  D:00A0H         PUBLIC        P2
  D:00B0H         PUBLIC        P3
  D:00C0H         PUBLIC        P4
  D:00C8H         PUBLIC        P5
  D:00E8H         PUBLIC        P6
  D:00F8H         PUBLIC        P7
  C:22F2H         PUBLIC        ResetTimer
  D:00A8H         PUBLIC        IE
  D:00B8H         PUBLIC        IP
  X:00B2H         PUBLIC        tinfo
  D:00D8H         PUBLIC        CCON
  B:0022H.0       PUBLIC        mode
  D:0098H         PUBLIC        SCON
  X:00B5H         PUBLIC        station_id
  C:2E75H         PUBLIC        ShowTime
  D:0088H         PUBLIC        TCON
  X:00B6H         PUBLIC        dist
  X:00C2H         PUBLIC        rtc_time
  X:00DEH         PUBLIC        get_speed_res
  C:210EH         PUBLIC        UpdateTime
  D:00D0H         PUBLIC        PSW
  -------         PROC          RESETTIMER
  -------         DO            
  X:013DH         SYMBOL        total_seconds
  -------         ENDDO         
  C:22F2H         LINE#         9
  C:22F2H         LINE#         11
  C:22FAH         LINE#         12
  C:2306H         LINE#         13
  C:2358H         LINE#         14
  C:2366H         LINE#         15
BL51 BANKED LINKER/LOCATER V6.22.4.0                                                  09/16/2025  17:22:50  PAGE 28


  C:2370H         LINE#         16
  C:2372H         LINE#         17
  C:237BH         LINE#         18
  C:237BH         LINE#         19
  C:23A0H         LINE#         20
  C:23BFH         LINE#         21
  -------         ENDPROC       RESETTIMER
  -------         PROC          UPDATETIME
  C:210EH         LINE#         23
  C:210EH         LINE#         24
  C:2130H         LINE#         25
  C:2156H         LINE#         26
  C:2158H         LINE#         27
  C:215BH         LINE#         28
  C:2172H         LINE#         29
  C:2187H         LINE#         30
  C:2193H         LINE#         31
  C:2195H         LINE#         32
  C:21A6H         LINE#         33
  C:21A6H         LINE#         34
  C:21C8H         LINE#         35
  C:21FEH         LINE#         36
  C:2204H         LINE#         37
  -------         ENDPROC       UPDATETIME
  -------         PROC          SHOWTIME
  C:2E75H         LINE#         38
  C:2E75H         LINE#         39
  C:2E97H         LINE#         40
  -------         ENDPROC       SHOWTIME
  -------         ENDMOD        RTC_MODULE

  -------         MODULE        SPEED_MODULE
  C:0000H         SYMBOL        _ICE_DUMMY_
  D:0080H         PUBLIC        P0
  D:0090H         PUBLIC        P1
  D:00A0H         PUBLIC        P2
  D:00B0H         PUBLIC        P3
  D:00C0H         PUBLIC        P4
  D:00C8H         PUBLIC        P5
  D:00E8H         PUBLIC        P6
  D:00F8H         PUBLIC        P7
  D:00A8H         PUBLIC        IE
  X:01A3H         PUBLIC        speed
  C:3A05H         PUBLIC        GetSpeed
  C:3356H         PUBLIC        ShowSpeed
  D:00B8H         PUBLIC        IP
  D:00D8H         PUBLIC        CCON
  D:0098H         PUBLIC        SCON
  D:0088H         PUBLIC        TCON
  D:00D0H         PUBLIC        PSW
  -------         PROC          GETSPEED
  C:3A05H         LINE#         5
  C:3A05H         LINE#         6
  C:3A05H         LINE#         7
  C:3A16H         LINE#         8
  -------         ENDPROC       GETSPEED
  -------         PROC          SHOWSPEED
BL51 BANKED LINKER/LOCATER V6.22.4.0                                                  09/16/2025  17:22:50  PAGE 29


  C:3356H         LINE#         9
  C:3356H         LINE#         10
  C:3356H         LINE#         11
  -------         ENDPROC       SHOWSPEED
  -------         ENDMOD        SPEED_MODULE

  -------         MODULE        VOICE_MODULE
  C:0000H         SYMBOL        _ICE_DUMMY_
  D:0080H         PUBLIC        P0
  D:0090H         PUBLIC        P1
  D:00A0H         PUBLIC        P2
  D:00B0H         PUBLIC        P3
  D:00C0H         PUBLIC        P4
  D:00C8H         PUBLIC        P5
  D:00E8H         PUBLIC        P6
  D:00F8H         PUBLIC        P7
  D:00A8H         PUBLIC        IE
  D:00B8H         PUBLIC        IP
  D:00D8H         PUBLIC        CCON
  C:2C7FH         PUBLIC        CheckCountdownEvent
  D:0098H         PUBLIC        SCON
  D:0088H         PUBLIC        TCON
  X:01A7H         PUBLIC        Uart2RxBuf
  C:0046H         PUBLIC        VOICE_STRING_1
  C:0622H         PUBLIC        VOICE_STRING_2
  C:0686H         PUBLIC        VOICE_STRING_3
  X:01A8H         PUBLIC        Uart2Busy
  D:00D0H         PUBLIC        PSW
  C:3A17H         PUBLIC        myUart2Rxd_callback
  -------         PROC          MYUART2RXD_CALLBACK
  C:3A17H         LINE#         35
  C:3A17H         LINE#         36
  C:3A17H         LINE#         37
  C:3A1EH         LINE#         38
  C:3A23H         LINE#         40
  C:3A28H         LINE#         41
  -------         ENDPROC       MYUART2RXD_CALLBACK
  -------         PROC          CHECKCOUNTDOWNEVENT
  -------         DO            
  X:013DH         SYMBOL        rest_total_seconds
  -------         ENDDO         
  C:2C7FH         LINE#         44
  C:2C7FH         LINE#         45
  C:2C7FH         LINE#         48
  C:2C8AH         LINE#         50
  C:2C9AH         LINE#         53
  C:2CA5H         LINE#         54
  C:2CA5H         LINE#         55
  C:2CBDH         LINE#         56
  C:2CBFH         LINE#         57
  C:2CD2H         LINE#         58
  C:2CD2H         LINE#         59
  C:2CDCH         LINE#         60
  C:2CDEH         LINE#         61
  C:2CEFH         LINE#         62
  C:2CEFH         LINE#         63
  C:2D08H         LINE#         64
BL51 BANKED LINKER/LOCATER V6.22.4.0                                                  09/16/2025  17:22:50  PAGE 30


  C:2D08H         LINE#         65
  -------         ENDPROC       CHECKCOUNTDOWNEVENT
  -------         ENDMOD        VOICE_MODULE

  -------         MODULE        CORE
  C:0000H         SYMBOL        _ICE_DUMMY_
  C:37FCH         PUBLIC        my1S_callback
  D:0080H         PUBLIC        P0
  D:0090H         PUBLIC        P1
  D:00A0H         PUBLIC        P2
  D:00B0H         PUBLIC        P3
  D:00C0H         PUBLIC        P4
  D:00C8H         PUBLIC        P5
  D:00E8H         PUBLIC        P6
  D:00F8H         PUBLIC        P7
  X:0184H         PUBLIC        is_door_open
  D:00A8H         PUBLIC        IE
  D:00B8H         PUBLIC        IP
  D:0063H         PUBLIC        parity
  D:00D8H         PUBLIC        CCON
  C:3B42H         PUBLIC        SysClock
  D:0098H         PUBLIC        SCON
  D:0088H         PUBLIC        TCON
  X:0188H         PUBLIC        id
  X:0189H         PUBLIC        is_alarm
  D:0064H         PUBLIC        tmp
  D:0065H         PUBLIC        x
  D:00D0H         PUBLIC        PSW
  -------         PROC          MY1S_CALLBACK
  C:37FCH         LINE#         10
  C:37FCH         LINE#         11
  C:37FCH         LINE#         12
  C:37FFH         LINE#         13
  C:3802H         LINE#         14
  C:3805H         LINE#         15
  C:3808H         LINE#         16
  C:380BH         LINE#         19
  C:380EH         LINE#         30
  C:381EH         LINE#         31
  -------         ENDPROC       MY1S_CALLBACK
  -------         ENDMOD        CORE

  -------         MODULE        DECODE_TABLE
  C:0000H         SYMBOL        _ICE_DUMMY_
  C:3456H         PUBLIC        decode_table
  -------         ENDMOD        DECODE_TABLE

  -------         MODULE        NV_TEMP_THRESHOLD
  C:0000H         SYMBOL        _ICE_DUMMY_
  -------         ENDMOD        NV_TEMP_THRESHOLD

  -------         MODULE        MY_UART1
  C:0000H         SYMBOL        _ICE_DUMMY_
  D:0080H         PUBLIC        P0
  D:0090H         PUBLIC        P1
  D:00A0H         PUBLIC        P2
  C:1DEFH         SYMBOL        _my_utoa
BL51 BANKED LINKER/LOCATER V6.22.4.0                                                  09/16/2025  17:22:50  PAGE 31


  D:00B0H         PUBLIC        P3
  D:00C0H         PUBLIC        P4
  D:00C8H         PUBLIC        P5
  D:00E8H         PUBLIC        P6
  D:00F8H         PUBLIC        P7
  D:00A8H         PUBLIC        IE
  X:006EH         PUBLIC        g_rxBuffer
  C:3535H         SYMBOL        Uart1RxdCallback
  X:008EH         PUBLIC        g_txBuffer
  C:1EF6H         PUBLIC        MyUart1SendCurrentStatus
  D:00B8H         PUBLIC        IP
  D:00D8H         PUBLIC        CCON
  C:000EH         PUBLIC        MyUart1ClearRxBuffer
  C:30AEH         PUBLIC        MyUart1Init
  X:00AEH         SYMBOL        s_headerMatch
  D:0098H         PUBLIC        SCON
  D:0088H         PUBLIC        TCON
  C:3AD8H         PUBLIC        MyUart1ProcessRxData
  X:00B1H         SYMBOL        s_rxStatus
  D:00D0H         PUBLIC        PSW
  -------         PROC          UART1RXDCALLBACK
  -------         DO            
  D:0082H         SYMBOL        newlinePos
  -------         ENDDO         
  C:3535H         LINE#         25
  C:3535H         LINE#         26
  C:3535H         LINE#         27
  C:3548H         LINE#         29
  C:354CH         LINE#         30
  C:354CH         LINE#         31
  C:354EH         LINE#         32
  C:3554H         LINE#         35
  C:355DH         LINE#         38
  C:3560H         LINE#         39
  C:3560H         LINE#         41
  C:3560H         LINE#         42
  C:3566H         LINE#         43
  C:3566H         LINE#         44
  -------         ENDPROC       UART1RXDCALLBACK
  -------         PROC          MYUART1INIT
  C:30AEH         LINE#         49
  C:30AEH         LINE#         50
  C:30AEH         LINE#         51
  C:30B9H         LINE#         52
  C:30C8H         LINE#         53
  C:30D7H         LINE#         54
  C:30E2H         LINE#         55
  C:30FEH         LINE#         56
  C:3103H         LINE#         57
  -------         ENDPROC       MYUART1INIT
  -------         PROC          MYUART1CLEARRXBUFFER
  C:000EH         LINE#         62
  C:000EH         LINE#         63
  C:000EH         LINE#         64
  C:001DH         LINE#         65
  C:0022H         LINE#         66
  -------         ENDPROC       MYUART1CLEARRXBUFFER
BL51 BANKED LINKER/LOCATER V6.22.4.0                                                  09/16/2025  17:22:50  PAGE 32


  -------         PROC          MYUART1PROCESSRXDATA
  C:3AD8H         LINE#         71
  C:3AD8H         LINE#         72
  C:3AD8H         LINE#         74
  C:3ADFH         LINE#         75
  C:3ADFH         LINE#         77
  C:3AE2H         LINE#         78
  C:3AE2H         LINE#         79
  -------         ENDPROC       MYUART1PROCESSRXDATA
  C:1DDFH         SYMBOL        L?0019
  -------         PROC          L?0018
  -------         ENDPROC       L?0018
  C:1DDFH         SYMBOL        L?0019
  -------         PROC          _MY_UTOA
  D:0006H         SYMBOL        value
  D:0023H         SYMBOL        buf
  -------         DO            
  X:013FH         SYMBOL        j
  X:0141H         SYMBOL        len
  X:0143H         SYMBOL        temp
  X:0145H         SYMBOL        rev
  X:014FH         SYMBOL        i
  -------         ENDDO         
  C:1DEFH         LINE#         168
  C:1DF5H         LINE#         169
  C:1DF5H         LINE#         171
  C:1DFCH         LINE#         172
  C:1E02H         LINE#         174
  C:1E09H         LINE#         175
  C:1E0DH         LINE#         176
  C:1E0DH         LINE#         177
  C:1E12H         LINE#         178
  C:1E1FH         LINE#         179
  C:1E24H         LINE#         180
  C:1E24H         LINE#         182
  C:1E43H         LINE#         183
  C:1E43H         LINE#         184
  C:1E71H         LINE#         185
  C:1E84H         LINE#         186
  C:1E86H         LINE#         188
  C:1EAAH         LINE#         189
  C:1EAAH         LINE#         190
  C:1ECFH         LINE#         191
  C:1EDFH         LINE#         192
  C:1EF5H         LINE#         193
  C:1EF5H         LINE#         194
  -------         ENDPROC       _MY_UTOA
  -------         PROC          MYUART1SENDCURRENTSTATUS
  -------         DO            
  X:013DH         SYMBOL        pos
  -------         ENDDO         
  C:1EF6H         LINE#         200
  C:1EF6H         LINE#         201
  C:1EF6H         LINE#         202
  C:1EFDH         LINE#         203
  C:1F03H         LINE#         204
  C:1F03H         LINE#         205
BL51 BANKED LINKER/LOCATER V6.22.4.0                                                  09/16/2025  17:22:50  PAGE 33


  C:1F06H         LINE#         206
  C:1F06H         LINE#         209
  C:1F15H         LINE#         212
  C:1F24H         LINE#         213
  C:1F35H         LINE#         214
  C:1F4EH         LINE#         217
  C:1F60H         LINE#         218
  C:1F76H         LINE#         220
  C:1F8DH         LINE#         221
  C:1FA3H         LINE#         223
  C:1FBFH         LINE#         224
  C:1FD5H         LINE#         241
  C:1FEEH         LINE#         244
  C:1FFFH         LINE#         245
  C:1FFFH         LINE#         246
  C:2002H         LINE#         247
  C:2002H         LINE#         250
  C:200FH         LINE#         251
  -------         ENDPROC       MYUART1SENDCURRENTSTATUS
  -------         ENDMOD        MY_UART1

  -------         MODULE        CHOOSE_ID_MODULE
  C:0000H         SYMBOL        _ICE_DUMMY_
  D:0080H         PUBLIC        P0
  D:0090H         PUBLIC        P1
  D:00A0H         PUBLIC        P2
  D:00B0H         PUBLIC        P3
  D:00C0H         PUBLIC        P4
  D:00C8H         PUBLIC        P5
  D:00E8H         PUBLIC        P6
  D:00F8H         PUBLIC        P7
  D:00A8H         PUBLIC        IE
  D:00B8H         PUBLIC        IP
  D:00D8H         PUBLIC        CCON
  D:0098H         PUBLIC        SCON
  D:0088H         PUBLIC        TCON
  C:36BAH         PUBLIC        ChooseIDModule
  D:00D0H         PUBLIC        PSW
  -------         PROC          CHOOSEIDMODULE
  C:36BAH         LINE#         3
  C:36BAH         LINE#         4
  C:36BAH         LINE#         5
  C:36C2H         LINE#         6
  C:36C9H         LINE#         7
  C:36D1H         LINE#         8
  C:36D8H         LINE#         9
  C:36E0H         LINE#         10
  C:36E6H         LINE#         11
  -------         ENDPROC       CHOOSEIDMODULE
  -------         ENDMOD        CHOOSE_ID_MODULE

[...]
  C:3786H         LINE#         71
  -------         ENDPROC       _IIC_RADIO_WRITEBYTE
  -------         PROC          _?SYS_FMRADIO_DRV
BL51 BANKED LINKER/LOCATER V6.22.4.0                                                  09/16/2025  17:22:50  PAGE 45


  -------         DO            
  i:0000H         SYMBOL        i
  -------         ENDDO         
  C:32CEH         LINE#         74
  C:32D0H         LINE#         76
  C:32D8H         LINE#         77
  C:32DBH         LINE#         78
  C:32E0H         LINE#         79
  C:32E3H         LINE#         80
  C:32F0H         LINE#         81
  C:32FFH         LINE#         82
  C:3302H         LINE#         83
  C:3307H         LINE#         84
  C:330AH         LINE#         85
  C:330FH         LINE#         86
  C:330FH         LINE#         87
  -------         ENDPROC       _?SYS_FMRADIO_DRV
  -------         PROC          GETFMRADIO
  -------         DO            
  D:001AH         SYMBOL        FM
  D:0007H         SYMBOL        chan
  -------         ENDDO         
  C:2F44H         LINE#         89
  C:2F44H         LINE#         90
  C:2F44H         LINE#         92
  C:2F55H         LINE#         93
  C:2F5EH         LINE#         94
  C:2F66H         LINE#         95
  C:2F6DH         LINE#         96
  C:2F7BH         LINE#         97
  C:2F8AH         LINE#         98
  C:2F99H         LINE#         99
  C:2F9FH         LINE#         100
  -------         ENDPROC       GETFMRADIO
  -------         PROC          SETFMRADIO
  D:0044H         SYMBOL        FM
  -------         DO            
  D:0005H         SYMBOL        a
  -------         ENDDO         
  C:25AEH         LINE#         102
  C:25AEH         LINE#         103
  C:25AEH         LINE#         104
  C:25E4H         LINE#         105
  C:25E9H         LINE#         106
  C:25F1H         LINE#         107
  C:25FEH         LINE#         108
  C:2604H         LINE#         109
  C:2604H         LINE#         110
  C:262CH         LINE#         111
  C:2639H         LINE#         112
  C:263DH         LINE#         113
  C:263DH         LINE#         114
  C:263FH         LINE#         115
  C:2646H         LINE#         116
  C:264DH         LINE#         117
  C:2654H         LINE#         118
  C:265BH         LINE#         119
BL51 BANKED LINKER/LOCATER V6.22.4.0                                                  09/16/2025  17:22:50  PAGE 46


  C:265DH         LINE#         120
  C:2663H         LINE#         121
  C:2663H         LINE#         122
  -------         ENDPROC       SETFMRADIO
  -------         PROC          FMRADIOINIT
  D:004AH         SYMBOL        FM
  C:37B3H         LINE#         124
  C:37B3H         LINE#         125
  C:37B3H         LINE#         126
  C:37C9H         LINE#         127
  C:37D7H         LINE#         128
  -------         ENDPROC       FMRADIOINIT
  -------         ENDMOD        FM_RADIO

  -------         MODULE        EXT
  C:0000H         SYMBOL        _ICE_DUMMY_
  D:0080H         PUBLIC        P0
  D:0090H         PUBLIC        P1
  D:00A0H         PUBLIC        P2
  D:00B0H         PUBLIC        P3
  D:00C0H         PUBLIC        P4
  D:00C8H         PUBLIC        P5
  D:00E8H         PUBLIC        P6
  X:016FH         PUBLIC        EXTmodel
  D:00F8H         PUBLIC        P7
  C:34FFH         PUBLIC        _EXTInit
  C:3055H         PUBLIC        ReadCount
  D:00A2H         PUBLIC        P_SW1
  C:3B12H         PUBLIC        GetWeight
  D:00A8H         PUBLIC        IE
  X:0170H         PUBLIC        T_Pout1
  X:0172H         PUBLIC        T_Pout2
  B:00D8H.6       PUBLIC        CR
  X:0174H         PUBLIC        resultEXT
  D:00DBH         PUBLIC        CCAPM1
  D:00B8H         PUBLIC        IP
  C:2AD8H         PUBLIC        _SetPWM
  D:00D9H         PUBLIC        CMOD
  D:00D8H         PUBLIC        CCON
  D:0098H         PUBLIC        SCON
  D:0088H         PUBLIC        TCON
  B:0090H.0       PUBLIC        DOUT
  D:00E0H         PUBLIC        ACC
  B:0090H.1       PUBLIC        PD_SCK
  X:0176H         PUBLIC        T_PWM1
  X:0178H         PUBLIC        T_PWM2
  C:24C7H         PUBLIC        _?sys_EXT_drv
  C:3A4CH         PUBLIC        GetDecode
  D:00D0H         PUBLIC        PSW
  -------         PROC          _SETPWM
  D:0002H         SYMBOL        PWM1
  D:0005H         SYMBOL        freq1
  D:0061H         SYMBOL        PWM2
  D:0062H         SYMBOL        freq2
  C:2AD8H         LINE#         25
  C:2ADCH         LINE#         26
  C:2AEDH         LINE#         27
BL51 BANKED LINKER/LOCATER V6.22.4.0                                                  09/16/2025  17:22:50  PAGE 47


  C:2AFFH         LINE#         28
  C:2B33H         LINE#         29
  C:2B67H         LINE#         30
  -------         ENDPROC       _SETPWM
  -------         PROC          READCOUNT
  -------         DO            
  D:0056H         SYMBOL        Count
  D:005AH         SYMBOL        i
  -------         ENDDO         
  C:3055H         LINE#         35
  C:3055H         LINE#         36
  C:3055H         LINE#         38
  C:305EH         LINE#         39
  C:3060H         LINE#         40
  C:3062H         LINE#         41
  C:3077H         LINE#         42
  C:3078H         LINE#         43
  C:307AH         LINE#         44
  C:3092H         LINE#         45
  C:3099H         LINE#         46
  C:309AH         LINE#         47
  C:309CH         LINE#         48
  C:309DH         LINE#         49
  C:309EH         LINE#         50
  C:30A0H         LINE#         51
  C:30ADH         LINE#         52
  -------         ENDPROC       READCOUNT
  -------         PROC          GETWEIGHT
  C:3B12H         LINE#         54
  C:3B12H         LINE#         55
  C:3B1AH         LINE#         56
  -------         ENDPROC       GETWEIGHT
  -------         PROC          GETDECODE
  -------         DO            
  D:0006H         SYMBOL        a
  -------         ENDDO         
  C:3A4CH         LINE#         58
  C:3A4CH         LINE#         59
  C:3A4CH         LINE#         60
  C:3A54H         LINE#         61
  C:3A5BH         LINE#         62
  C:3A5BH         LINE#         63
  -------         ENDPROC       GETDECODE
  -------         PROC          _?SYS_EXT_DRV
  -------         DO            
  D:0050H         SYMBOL        i
  D:0052H         SYMBOL        j
  D:0054H         SYMBOL        oldPin1
  D:0055H         SYMBOL        UStimer
  -------         ENDDO         
  C:24C7H         LINE#         65
  C:24C7H         LINE#         69
  C:24CDH         LINE#         70
  C:24D1H         LINE#         71
  C:24DCH         LINE#         72
  C:24DCH         LINE#         73
  C:24E5H         LINE#         74
BL51 BANKED LINKER/LOCATER V6.22.4.0                                                  09/16/2025  17:22:50  PAGE 48


  C:2501H         LINE#         75
  C:2516H         LINE#         76
  C:2532H         LINE#         77
  C:2547H         LINE#         78
  C:2547H         LINE#         79
  C:254CH         LINE#         80
  C:2563H         LINE#         81
  C:2584H         LINE#         82
  C:258AH         LINE#         83
  C:258AH         LINE#         84
  C:2591H         LINE#         85
  C:2597H         LINE#         86
  C:259CH         LINE#         87
  C:259EH         LINE#         88
  C:25A1H         LINE#         89
  C:25A1H         LINE#         90
  C:25AAH         LINE#         91
  C:25ADH         LINE#         92
  C:25ADH         LINE#         93
  -------         ENDPROC       _?SYS_EXT_DRV
  -------         PROC          _EXTINIT
  D:0007H         SYMBOL        EXTfunction
  C:34FFH         LINE#         95
  C:34FFH         LINE#         96
  C:34FFH         LINE#         97
  C:3504H         LINE#         98
  C:350AH         LINE#         99
  C:350CH         LINE#         100
  C:3513H         LINE#         101
  C:3515H         LINE#         102
  C:3517H         LINE#         103
  C:3519H         LINE#         104
  C:351CH         LINE#         105
  C:351FH         LINE#         106
  C:3521H         LINE#         107
  C:3523H         LINE#         108
  C:3526H         LINE#         109
  C:3534H         LINE#         110
  -------         ENDPROC       _EXTINIT
  -------         ENDMOD        EXT

  -------         MODULE        UART1
  C:0000H         SYMBOL        _ICE_DUMMY_
  C:1B88H         PUBLIC        Uart1_isr
  D:0080H         PUBLIC        P0
  D:0090H         PUBLIC        P1
  D:00A0H         PUBLIC        P2
  D:00B0H         PUBLIC        P3
  D:00C0H         PUBLIC        P4
  D:00C8H         PUBLIC        P5
  D:00E8H         PUBLIC        P6
  D:00F8H         PUBLIC        P7
  D:00A8H         PUBLIC        IE
  B:00A8H.4       PUBLIC        ES
  D:00B8H         PUBLIC        IP
  B:0098H.0       PUBLIC        RI
  B:0098H.1       PUBLIC        TI
BL51 BANKED LINKER/LOCATER V6.22.4.0                                                  09/16/2025  17:22:50  PAGE 49


  D:00D8H         PUBLIC        CCON
  C:362CH         PUBLIC        _SetUart1Rxd
  D:0099H         PUBLIC        SBUF
  D:0098H         PUBLIC        SCON
  D:0089H         PUBLIC        TMOD
  D:0088H         PUBLIC        TCON
  D:008EH         PUBLIC        AUXR
  C:3AE3H         PUBLIC        GetUart1TxStatus
  B:00A8H.3       PUBLIC        ET1
  D:008DH         PUBLIC        TH1
  D:008BH         PUBLIC        TL1
  B:0088H.6       PUBLIC        TR1
  C:378BH         PUBLIC        _Uart1Print
  C:2DFEH         PUBLIC        _Uart1Init
  C:3A7AH         PUBLIC        _?sys_get_Uart1RxdEvent
  X:0128H         PUBLIC        com1
  D:00D0H         PUBLIC        PSW
  -------         PROC          UART1_ISR
  C:1B88H         LINE#         10
  C:1BA5H         LINE#         11
  C:1BA8H         LINE#         12
  C:1BAAH         LINE#         13
  C:1BDEH         LINE#         14
  C:1BE3H         LINE#         15
  C:1BE3H         LINE#         16
  C:1BE9H         LINE#         17
  C:1BEBH         LINE#         18
  C:1BEEH         LINE#         19
  C:1BF0H         LINE#         20
  C:1BF7H         LINE#         21
  C:1BF7H         LINE#         22
  C:1C0BH         LINE#         23
  C:1C1FH         LINE#         24
  C:1C2EH         LINE#         25
  C:1C3CH         LINE#         26
  C:1C74H         LINE#         27
  C:1C82H         LINE#         28
  C:1C82H         LINE#         29
  C:1C9DH         LINE#         30
  C:1C9DH         LINE#         31
  -------         ENDPROC       UART1_ISR
  -------         PROC          _?SYS_GET_UART1RXDEVENT
  -------         DO            
  i:0000H         SYMBOL        a
  -------         ENDDO         
  C:3A7AH         LINE#         33
  C:3A7CH         LINE#         35
  C:3A84H         LINE#         36
  C:3A86H         LINE#         37
  C:3A86H         LINE#         38
  -------         ENDPROC       _?SYS_GET_UART1RXDEVENT
  -------         PROC          _UART1INIT
  D:0023H         SYMBOL        band
  C:2DFEH         LINE#         40
  C:2E06H         LINE#         41
  C:2E06H         LINE#         43
  C:2E09H         LINE#         44
BL51 BANKED LINKER/LOCATER V6.22.4.0                                                  09/16/2025  17:22:50  PAGE 50


  C:2E0CH         LINE#         45
  C:2E0FH         LINE#         46
  C:2E12H         LINE#         47
  C:2E31H         LINE#         48
  C:2E60H         LINE#         49
  C:2E62H         LINE#         50
  C:2E64H         LINE#         51
  C:2E66H         LINE#         52
  C:2E74H         LINE#         53
  -------         ENDPROC       _UART1INIT
  -------         PROC          _SETUART1RXD
  D:0001H         SYMBOL        RxdPt
  D:0004H         SYMBOL        Nmax
  D:0028H         SYMBOL        matchhead
  D:002BH         SYMBOL        matchheadsize
  C:362CH         LINE#         55
  C:362CH         LINE#         56
  C:3637H         LINE#         57
  C:363DH         LINE#         58
  C:3647H         LINE#         59
  C:3655H         LINE#         60
  C:3657H         LINE#         61
  C:365CH         LINE#         62
  -------         ENDPROC       _SETUART1RXD
  -------         PROC          _UART1PRINT
  D:0001H         SYMBOL        pt
  D:0004H         SYMBOL        num
  C:378BH         LINE#         64
  C:378BH         LINE#         65
  C:3791H         LINE#         66
  C:379CH         LINE#         67
  C:37A1H         LINE#         68
  C:37A7H         LINE#         69
  C:37ABH         LINE#         70
  C:37ADH         LINE#         71
  C:37B0H         LINE#         72
  C:37B0H         LINE#         73
  C:37B2H         LINE#         74
  -------         ENDPROC       _UART1PRINT
  -------         PROC          GETUART1TXSTATUS
  C:3AE3H         LINE#         76
  C:3AE3H         LINE#         77
  C:3AEBH         LINE#         78
  C:3AEDH         LINE#         79
  -------         ENDPROC       GETUART1TXSTATUS
  -------         ENDMOD        UART1

  -------         MODULE        ?C?FPMUL
  C:0A6EH         PUBLIC        ?C?FPMUL
  -------         ENDMOD        ?C?FPMUL

  -------         MODULE        ?C?FPDIV
  C:0B77H         PUBLIC        ?C?FPDIV
  -------         ENDMOD        ?C?FPDIV

  -------         MODULE        ?C?FCAST
  C:0C1EH         PUBLIC        ?C?FCASTC
BL51 BANKED LINKER/LOCATER V6.22.4.0                                                  09/16/2025  17:22:50  PAGE 51


  C:0C19H         PUBLIC        ?C?FCASTI
  C:0C14H         PUBLIC        ?C?FCASTL
  -------         ENDMOD        ?C?FCAST

  -------         MODULE        ?C?CASTF
  C:0C52H         PUBLIC        ?C?CASTF
  -------         ENDMOD        ?C?CASTF

  -------         MODULE        ?C?COPY
  C:0DA3H         PUBLIC        ?C?COPY
  -------         ENDMOD        ?C?COPY

  -------         MODULE        ?C?CLDPTR
  C:0DC9H         PUBLIC        ?C?CLDPTR
  -------         ENDMOD        ?C?CLDPTR

  -------         MODULE        ?C?CLDOPTR
  C:0DE2H         PUBLIC        ?C?CLDOPTR
  -------         ENDMOD        ?C?CLDOPTR

  -------         MODULE        ?C?CSTPTR
  C:0E0FH         PUBLIC        ?C?CSTPTR
  -------         ENDMOD        ?C?CSTPTR

  -------         MODULE        ?C?CSTOPTR
  C:0E21H         PUBLIC        ?C?CSTOPTR
  -------         ENDMOD        ?C?CSTOPTR

  -------         MODULE        ?C?IMUL
  C:0E43H         PUBLIC        ?C?IMUL
  -------         ENDMOD        ?C?IMUL

  -------         MODULE        ?C?UIDIV
  C:0E55H         PUBLIC        ?C?UIDIV
  -------         ENDMOD        ?C?UIDIV

  -------         MODULE        ?C?SIDIV
  C:0EAAH         PUBLIC        ?C?SIDIV
  -------         ENDMOD        ?C?SIDIV

  -------         MODULE        ?C?IILDX
  C:0EE0H         PUBLIC        ?C?IILDX
  -------         ENDMOD        ?C?IILDX

  -------         MODULE        ?C?ILDIX
  C:0EF6H         PUBLIC        ?C?ILDIX
  -------         ENDMOD        ?C?ILDIX

  -------         MODULE        ?C?ILDPTR
  C:0F0CH         PUBLIC        ?C?ILDPTR
  -------         ENDMOD        ?C?ILDPTR

  -------         MODULE        ?C?LMUL
  C:0F37H         PUBLIC        ?C?LMUL
  -------         ENDMOD        ?C?LMUL

  -------         MODULE        ?C?ULDIV
BL51 BANKED LINKER/LOCATER V6.22.4.0                                                  09/16/2025  17:22:50  PAGE 52


  C:0FC2H         PUBLIC        ?C?ULDIV
  -------         ENDMOD        ?C?ULDIV

  -------         MODULE        ?C?SLDIV
  C:3312H         PUBLIC        ?C?SLDIV
  -------         ENDMOD        ?C?SLDIV

  -------         MODULE        ?C?LNEG
  C:1054H         PUBLIC        ?C?LNEG
  -------         ENDMOD        ?C?LNEG

  -------         MODULE        ?C?ULSHR
  C:1062H         PUBLIC        ?C?ULSHR
  -------         ENDMOD        ?C?ULSHR

  -------         MODULE        ?C?SLSHR
  C:1075H         PUBLIC        ?C?SLSHR
  -------         ENDMOD        ?C?SLSHR

  -------         MODULE        ?C?LSHL
  C:1089H         PUBLIC        ?C?LSHL
  -------         ENDMOD        ?C?LSHL

  -------         MODULE        ?C?LLDCODE
  C:109CH         PUBLIC        ?C?LLDCODE
  -------         ENDMOD        ?C?LLDCODE

  -------         MODULE        ?C?LSTXDATA
  C:10ACH         PUBLIC        ?C?LSTXDATA
  -------         ENDMOD        ?C?LSTXDATA

  -------         MODULE        ?C?OFFXADD
  C:10B8H         PUBLIC        ?C?OFFXADD
  -------         ENDMOD        ?C?OFFXADD

  -------         MODULE        ?C?ICALL
  C:10C4H         PUBLIC        ?C?ICALL
  C:10C8H         PUBLIC        ?C?ICALL2
  -------         ENDMOD        ?C?ICALL

  -------         MODULE        ?C_IBP
  D:0070H         PUBLIC        ?C_IBP
  -------         ENDMOD        ?C_IBP

  -------         MODULE        ?C?STRCPY
  C:1196H         PUBLIC        ?C?STRCPY
  -------         ENDMOD        ?C?STRCPY

  -------         MODULE        STRLEN
  C:39CAH         PUBLIC        _STRLEN
  -------         ENDMOD        STRLEN

  -------         MODULE        STRCHR
  C:3919H         PUBLIC        _STRCHR
  -------         ENDMOD        STRCHR

  -------         MODULE        ?C?MEMSET
BL51 BANKED LINKER/LOCATER V6.22.4.0                                                  09/16/2025  17:22:50  PAGE 53


  C:11B3H         PUBLIC        ?C?MEMSET
  -------         ENDMOD        ?C?MEMSET

*** WARNING L16: UNCALLED SEGMENT, IGNORED FOR OVERLAY PROCESS
    SEGMENT: ?PR?GETBEEPSTATUS?BEEP

*** WARNING L16: UNCALLED SEGMENT, IGNORED FOR OVERLAY PROCESS
    SEGMENT: ?PR?GETSYSPERFORMANCE?SYS

*** WARNING L16: UNCALLED SEGMENT, IGNORED FOR OVERLAY PROCESS
    SEGMENT: ?PR?GETUART2TXSTATUS?UART2

*** WARNING L16: UNCALLED SEGMENT, IGNORED FOR OVERLAY PROCESS
    SEGMENT: ?PR?NAVHANDLER?NAV_HANDLER

*** WARNING L16: UNCALLED SEGMENT, IGNORED FOR OVERLAY PROCESS
    SEGMENT: ?PR?MYUART1PROCESSRXDATA?MY_UART1

*** WARNING L16: UNCALLED SEGMENT, IGNORED FOR OVERLAY PROCESS
    SEGMENT: ?PR?CHOOSEIDMODULE?CHOOSE_ID_MODULE

*** WARNING L16: UNCALLED SEGMENT, IGNORED FOR OVERLAY PROCESS
    SEGMENT: ?PR?RADIO_GETVOLUME?RADIO_MODULE

*** WARNING L16: UNCALLED SEGMENT, IGNORED FOR OVERLAY PROCESS
    SEGMENT: ?PR?RADIO_GETFREQUENCY?RADIO_MODULE

*** WARNING L16: UNCALLED SEGMENT, IGNORED FOR OVERLAY PROCESS
    SEGMENT: ?PR?RADIO_TEST?RADIO_MODULE

*** WARNING L16: UNCALLED SEGMENT, IGNORED FOR OVERLAY PROCESS
    SEGMENT: ?PR?TEMP_CONTROLLED_MOTOR?TEMP_CONTROLLED_FAN

*** WARNING L16: UNCALLED SEGMENT, IGNORED FOR OVERLAY PROCESS
    SEGMENT: ?PR?ULTRASONICINIT?ULTRASONIC_MODULE

*** WARNING L16: UNCALLED SEGMENT, IGNORED FOR OVERLAY PROCESS
    SEGMENT: ?PR?ULTRASONICUPDATEANDDISPLAY?ULTRASONIC_MODULE

*** WARNING L16: UNCALLED SEGMENT, IGNORED FOR OVERLAY PROCESS
    SEGMENT: ?PR?AUTODOOR_CLOSE?ULTRASONIC_MODULE

*** WARNING L16: UNCALLED SEGMENT, IGNORED FOR OVERLAY PROCESS
    SEGMENT: ?PR?AUTODOOR_EMERGENCYSTOP?ULTRASONIC_MODULE

*** WARNING L16: UNCALLED SEGMENT, IGNORED FOR OVERLAY PROCESS
    SEGMENT: ?PR?AUTODOOR_ISMOTORFREE?ULTRASONIC_MODULE

*** WARNING L16: UNCALLED SEGMENT, IGNORED FOR OVERLAY PROCESS
    SEGMENT: ?PR?DS1302INIT?DS1302

*** WARNING L16: UNCALLED SEGMENT, IGNORED FOR OVERLAY PROCESS
    SEGMENT: ?PR?GETWEIGHT?EXT

*** WARNING L16: UNCALLED SEGMENT, IGNORED FOR OVERLAY PROCESS
    SEGMENT: ?PR?GETDECODE?EXT

BL51 BANKED LINKER/LOCATER V6.22.4.0                                                  09/16/2025  17:22:50  PAGE 54


*** WARNING L1: UNRESOLVED EXTERNAL SYMBOL
    SYMBOL:  NVTEMPTHRESHOLDINIT
    MODULE:  .\output\main.obj (MAIN)

*** WARNING L2: REFERENCE MADE TO UNRESOLVED EXTERNAL
    SYMBOL:  NVTEMPTHRESHOLDINIT
    MODULE:  .\output\main.obj (MAIN)
    ADDRESS: 2F0AH

*** WARNING L1: UNRESOLVED EXTERNAL SYMBOL
    SYMBOL:  _PARSECOMMAND
    MODULE:  .\output\my_uart1.obj (MY_UART1)

*** WARNING L2: REFERENCE MADE TO UNRESOLVED EXTERNAL
    SYMBOL:  _PARSECOMMAND
    MODULE:  .\output\my_uart1.obj (MY_UART1)
    ADDRESS: 355BH

Program Size: data=113.1 xdata=426 code=15188
LINK/LOCATE RUN COMPLETE.  22 WARNING(S),  0 ERROR(S)
