BL51 BANKED LINKER/LOCATER V6.22.4.0                                                    09/18/2025  11:07:07  PAGE 1


BL51 BANKED LINKER/LOCATER V6.22.4.0, INVOKED BY:
D:\SOFTWARE\KEIL5\CORE\C51\BIN\BL51.EXE .\output\main.obj, .\source\STCBSP_V3.6.LIB, .\output\temp_module.obj, .\output\
>> Nav_handler.obj, .\output\time_module.obj, .\output\speed_module.obj, .\output\voice_module.obj, .\output\core.obj, .
>> \output\decode_table.obj, .\output\nv_temp_threshold.obj, .\output\my_uart1.obj, .\output\radio_module.obj, .\output\
>> temp_controlled_fan.obj, .\output\ultrasonic_module.obj, .\output\train_id_module.obj, .\output\music_module.obj, .\o
>> utput\real_time_module.obj TO .\output\BSP_Demo PRINT (.\list\BSP_Demo.m51) RAMSIZE (256) XDATA (0X0000-0X07FF)


MEMORY MODEL: SMALL


INPUT MODULES INCLUDED:
  .\output\main.obj (MAIN)
  .\source\STCBSP_V3.6.LIB (ADC)
  .\source\STCBSP_V3.6.LIB (DISPLAYER)
  .\source\STCBSP_V3.6.LIB (KEY)
  .\source\STCBSP_V3.6.LIB (SYS)
  .\source\STCBSP_V3.6.LIB (MUSIC)
  .\source\STCBSP_V3.6.LIB (UART2)
  .\source\STCBSP_V3.6.LIB (BEEP)
  .\output\temp_module.obj (TEMP_MODULE)
  .\output\Nav_handler.obj (NAV_HANDLER)
  .\output\time_module.obj (TIME_MODULE)
  .\output\speed_module.obj (SPEED_MODULE)
  .\output\voice_module.obj (VOICE_MODULE)
  .\output\core.obj (CORE)
  .\output\decode_table.obj (DECODE_TABLE)
  .\output\nv_temp_threshold.obj (NV_TEMP_THRESHOLD)
  .\output\my_uart1.obj (MY_UART1)
  .\output\radio_module.obj (RADIO_MODULE)
  .\output\temp_controlled_fan.obj (TEMP_CONTROLLED_FAN)
  .\output\ultrasonic_module.obj (ULTRASONIC_MODULE)
  .\output\train_id_module.obj (TRAIN_ID_MODULE)
  .\output\music_module.obj (MUSIC_MODULE)
  .\output\real_time_module.obj (REAL_TIME_MODULE)
  .\source\STCBSP_V3.6.LIB (STEPMOTOR)
  .\source\STCBSP_V3.6.LIB (M24C02)
  .\source\STCBSP_V3.6.LIB (FM_RADIO)
  .\source\STCBSP_V3.6.LIB (EXT)
  .\source\STCBSP_V3.6.LIB (UART1)
  D:\SOFTWARE\KEIL5\CORE\C51\LIB\C51S.LIB (?C_STARTUP)
  D:\SOFTWARE\KEIL5\CORE\C51\LIB\C51S.LIB (?C?COPY)
  D:\SOFTWARE\KEIL5\CORE\C51\LIB\C51S.LIB (?C?CLDPTR)
  D:\SOFTWARE\KEIL5\CORE\C51\LIB\C51S.LIB (?C?CLDOPTR)
  D:\SOFTWARE\KEIL5\CORE\C51\LIB\C51S.LIB (?C?CSTPTR)
  D:\SOFTWARE\KEIL5\CORE\C51\LIB\C51S.LIB (?C?CSTOPTR)
  D:\SOFTWARE\KEIL5\CORE\C51\LIB\C51S.LIB (?C?IMUL)
  D:\SOFTWARE\KEIL5\CORE\C51\LIB\C51S.LIB (?C?UIDIV)
  D:\SOFTWARE\KEIL5\CORE\C51\LIB\C51S.LIB (?C?SIDIV)
  D:\SOFTWARE\KEIL5\CORE\C51\LIB\C51S.LIB (?C?IILDX)
  D:\SOFTWARE\KEIL5\CORE\C51\LIB\C51S.LIB (?C?ILDIX)
  D:\SOFTWARE\KEIL5\CORE\C51\LIB\C51S.LIB (?C?ILDPTR)
  D:\SOFTWARE\KEIL5\CORE\C51\LIB\C51S.LIB (?C?LMUL)
  D:\SOFTWARE\KEIL5\CORE\C51\LIB\C51S.LIB (?C?ULDIV)
  D:\SOFTWARE\KEIL5\CORE\C51\LIB\C51S.LIB (?C?SLDIV)
  D:\SOFTWARE\KEIL5\CORE\C51\LIB\C51S.LIB (?C?SLCMP)
  D:\SOFTWARE\KEIL5\CORE\C51\LIB\C51S.LIB (?C?ULSHR)
  D:\SOFTWARE\KEIL5\CORE\C51\LIB\C51S.LIB (?C?SLSHR)
BL51 BANKED LINKER/LOCATER V6.22.4.0                                                  09/18/2025  11:07:07  PAGE 2


  D:\SOFTWARE\KEIL5\CORE\C51\LIB\C51S.LIB (?C?LSHL)
  D:\SOFTWARE\KEIL5\CORE\C51\LIB\C51S.LIB (?C?LLDCODE)
  D:\SOFTWARE\KEIL5\CORE\C51\LIB\C51S.LIB (?C?LSTXDATA)
  D:\SOFTWARE\KEIL5\CORE\C51\LIB\C51S.LIB (?C?OFFXADD)
  D:\SOFTWARE\KEIL5\CORE\C51\LIB\C51S.LIB (?C?ICALL)
  D:\SOFTWARE\KEIL5\CORE\C51\LIB\C51S.LIB (?C_IBP)
  D:\SOFTWARE\KEIL5\CORE\C51\LIB\C51S.LIB (?C?STRCPY)
  D:\SOFTWARE\KEIL5\CORE\C51\LIB\C51S.LIB (STRLEN)
  D:\SOFTWARE\KEIL5\CORE\C51\LIB\C51S.LIB (STRCHR)
  D:\SOFTWARE\KEIL5\CORE\C51\LIB\C51S.LIB (STRTOK)
  D:\SOFTWARE\KEIL5\CORE\C51\LIB\C51S.LIB (ATOI)
  D:\SOFTWARE\KEIL5\CORE\C51\LIB\C51S.LIB (?C?MEMSET)
  D:\SOFTWARE\KEIL5\CORE\C51\LIB\C51S.LIB (?C_INIT)
  D:\SOFTWARE\KEIL5\CORE\C51\LIB\C51S.LIB (ISDIGIT)
  D:\SOFTWARE\KEIL5\CORE\C51\LIB\C51S.LIB (ISSPACE)
  D:\SOFTWARE\KEIL5\CORE\C51\LIB\C51S.LIB (STRSPN)
  D:\SOFTWARE\KEIL5\CORE\C51\LIB\C51S.LIB (STRPBRK)


LINK MAP OF MODULE:  .\output\BSP_Demo (MAIN)


            TYPE    BASE      LENGTH    RELOCATION   SEGMENT NAME
            -----------------------------------------------------

            * * * * * * *   D A T A   M E M O R Y   * * * * * * *
            REG     0000H     0008H     ABSOLUTE     "REG BANK 0"
            DATA    0008H     0014H     UNIT         _DATA_GROUP_
            DATA    001CH     0003H     UNIT         ?DT?GETULTRASONICDISTANCE?ULTRASONIC_MODULE
            DATA    001FH     0001H     UNIT         ?DT?KEY
            BIT     0020H.0   0001H.7   UNIT         ?BI?SYS
            BIT     0021H.7   0000H.1   UNIT         ?BI?ADC
            BIT     0022H.0   0000H.1   UNIT         ?BI?MUSIC
            BIT     0022H.1   0000H.1   UNIT         ?BI?TIME_MODULE
            BIT     0022H.2   0000H.1   UNIT         _BIT_GROUP_
                    0022H.3   0000H.5                *** GAP ***
            DATA    0023H     0012H     UNIT         ?DT?SYS
            DATA    0035H     0007H     UNIT         ?DT?RADIO_MODULE
            DATA    003CH     0006H     UNIT         ?DT?EXT
            DATA    0042H     0005H     UNIT         ?DT?READCOUNT?EXT
            DATA    0047H     0003H     UNIT         ?DT?STRTOK
            DATA    004AH     0002H     UNIT         ?DT?ADC
            DATA    004CH     0002H     UNIT         ?DT?GETULTRASONIC?SYS
            DATA    004EH     0002H     UNIT         ?DT?UART2
            DATA    0050H     0002H     UNIT         ?DT?ULTRASONIC_MODULE
            DATA    0052H     0001H     UNIT         ?DT?ULTRASONICUPDATEANDDISPLAY?ULTRASONIC_MODULE
            DATA    0053H     0001H     UNIT         ?DT?_SETTRAINID?TRAIN_ID_MODULE
            DATA    0054H     0001H     UNIT         ?DT?_SETSTEPMOTOR?STEPMOTOR
            DATA    0055H     0001H     UNIT         ?C?LIB_DATA
            IDATA   0056H     0001H     UNIT         ?STACK

            * * * * * * *  X D A T A   M E M O R Y  * * * * * * *
            XDATA   0000H     006EH     UNIT         ?XD?SYS
            XDATA   006EH     0068H     UNIT         ?XD?MY_UART1
            XDATA   00D6H     004CH     UNIT         _XDATA_GROUP_
            XDATA   0122H     001EH     UNIT         ?XD?ADC
            XDATA   0140H     0016H     UNIT         ?XD?STEPMOTOR
BL51 BANKED LINKER/LOCATER V6.22.4.0                                                  09/18/2025  11:07:07  PAGE 3


            XDATA   0156H     0015H     UNIT         ?XD?UART2
            XDATA   016BH     0015H     UNIT         ?XD?UART1
            XDATA   0180H     0014H     UNIT         ?XD?TIME_MODULE
            XDATA   0194H     0012H     UNIT         ?XD?TEMP_MODULE
            XDATA   01A6H     0010H     UNIT         ?XD?MUSIC
            XDATA   01B6H     000CH     UNIT         ?XD?DISPLAYER
            XDATA   01C2H     000CH     UNIT         ?XD?ULTRASONIC_MODULE
            XDATA   01CEH     000BH     UNIT         ?XD?EXT
            XDATA   01D9H     000AH     UNIT         ?XD?KEY
            XDATA   01E3H     0009H     UNIT         ?XD?CORE
            XDATA   01ECH     0009H     UNIT         ?XD?FM_RADIO
            XDATA   01F5H     0007H     UNIT         ?XD?VOICE_MODULE
            XDATA   01FCH     0006H     UNIT         ?XD?REAL_TIME_MODULE
            XDATA   0202H     0004H     UNIT         ?XD?SPEED_MODULE
            XDATA   0206H     0002H     UNIT         ?XD?NV_TEMP_THRESHOLD
            XDATA   0208H     0001H     UNIT         ?XD?NAV_HANDLER
            XDATA   0209H     0001H     UNIT         ?XD?ULTRASONICINIT?ULTRASONIC_MODULE

            * * * * * * *   C O D E   M E M O R Y   * * * * * * *
            CODE    0000H     0003H     ABSOLUTE     
            CODE    0003H     0007H     UNIT         ?PR?GETADC?ADC
            CODE    000AH     0001H     UNIT         ?PR?_?NULLFUNC?SYS
            CODE    000BH     0003H     ABSOLUTE     
            CODE    000EH     0015H     UNIT         ?PR?MY1S_CALLBACK?CORE
            CODE    0023H     0003H     ABSOLUTE     
            CODE    0026H     0005H     UNIT         ?PR?AUTODOOR_EMERGENCYSTOP?ULTRASONIC_MODULE
            CODE    002BH     0003H     ABSOLUTE     
            CODE    002EH     000DH     UNIT         ?PR?STOP?M24C02
            CODE    003BH     0003H     ABSOLUTE     
            CODE    003EH     0004H     UNIT         ?CO?CORE
            CODE    0042H     0001H     UNIT         ?PR?_?NULLFUNC0?UART2
            CODE    0043H     0003H     ABSOLUTE     
            CODE    0046H     0834H     UNIT         ?CO?VOICE_MODULE
            CODE    087AH     0514H     UNIT         ?C?LIB_CODE
            CODE    0D8EH     02F6H     UNIT         ?PR?_?SYS_MUSIC_DRV?MUSIC
            CODE    1084H     02B2H     UNIT         ?PR?MYUART1SENDCURRENTSTATUS?MY_UART1
            CODE    1336H     02A4H     UNIT         ?PR?_PARSECOMMAND?MY_UART1
            CODE    15DAH     0274H     UNIT         ?PR?_?SYS_STEPMOTOR_DRV?STEPMOTOR
            CODE    184EH     01FCH     UNIT         ?C_INITSEG
            CODE    1A4AH     01FCH     UNIT         ?CO?TEMP_MODULE
            CODE    1C46H     01D2H     UNIT         ?PR?UART2_ISR?UART2
            CODE    1E18H     01ACH     UNIT         ?PR?_?SYS_ADC_DRV?ADC
            CODE    1FC4H     0130H     UNIT         ?PR?UART1_ISR?UART1
            CODE    20F4H     0126H     UNIT         ?CO?MUSIC
            CODE    221AH     0123H     UNIT         ?PR?_?SYS_KEY_DRV?KEY
            CODE    233DH     011CH     UNIT         ?PR?_MY_UTOA?MY_UART1
            CODE    2459H     00EDH     UNIT         ?PR?SYS_TASK_1MS?SYS
            CODE    2546H     00E9H     UNIT         ?PR?_?SYS_DISPLAY_DRV?DISPLAYER
            CODE    262FH     00E7H     UNIT         ?PR?_?SYS_EXT_DRV?EXT
            CODE    2716H     00B6H     UNIT         ?PR?SETFMRADIO?FM_RADIO
            CODE    27CCH     00B5H     UNIT         ?PR?_UART2INIT?UART2
            CODE    2881H     00AEH     UNIT         ?PR?_ATOI?ATOI
            CODE    292FH     00ABH     UNIT         ?PR?_SETSTEPMOTOR?STEPMOTOR
            CODE    29DAH     00AAH     UNIT         ?PR?_PLAYTONE?MUSIC
            CODE    2A84H     00A8H     UNIT         ?PR?SYS_CCP_ISR?SYS
            CODE    2B2CH     00A5H     UNIT         ?PR?RESETTIMER?TIME_MODULE
            CODE    2BD1H     00A5H     UNIT         ?PR?GETULTRASONICDISTANCE?ULTRASONIC_MODULE
BL51 BANKED LINKER/LOCATER V6.22.4.0                                                  09/18/2025  11:07:07  PAGE 4


            CODE    2C76H     00A4H     UNIT         ?PR?NAVHANDLER?NAV_HANDLER
            CODE    2D1AH     00A3H     UNIT         ?PR?ONSPEEDCHANGE?TIME_MODULE
            CODE    2DBDH     00A2H     UNIT         ?PR?ULTRASONICUPDATEANDDISPLAY?ULTRASONIC_MODULE
            CODE    2E5FH     0094H     UNIT         ?PR?SHOWTEMP?TEMP_MODULE
            CODE    2EF3H     0094H     UNIT         ?PR?CHECKCOUNTDOWNEVENT?VOICE_MODULE
            CODE    2F87H     0093H     UNIT         ?PR?SYS_TASK_10MS?SYS
            CODE    301AH     0090H     UNIT         ?PR?_SETPWM?EXT
            CODE    30AAH     008CH     UNIT         ?C_C51STARTUP
            CODE    3136H     008BH     UNIT         ?PR?SYS_TASK_IR?SYS
            CODE    31C1H     0081H     UNIT         ?PR?MAIN?MAIN
            CODE    3242H     0080H     UNIT         ?PR?UPDATETIME?TIME_MODULE
            CODE    32C2H     0080H     UNIT         ?PR?_STRTOK?STRTOK
            CODE    3342H     007DH     UNIT         ?PR?_SETEVENTCALLBACK?SYS
            CODE    33BFH     0078H     UNIT         ?PR?_SETBEEP?BEEP
            CODE    3437H     0077H     UNIT         ?PR?_UART1INIT?UART1
            CODE    34AEH     0074H     UNIT         ?PR?SHOWREALTIME?REAL_TIME_MODULE
            CODE    3522H     0067H     UNIT         ?PR?ULTRASONICINIT?ULTRASONIC_MODULE
            CODE    3589H     0064H     UNIT         ?PR?UPDATEREALTIMEPERSECOND?REAL_TIME_MODULE
            CODE    35EDH     0061H     UNIT         ?PR?_STRSPN?STRSPN
            CODE    364EH     005DH     UNIT         ?PR?_STRPBRK?STRPBRK
            CODE    36ABH     005CH     UNIT         ?PR?GETFMRADIO?FM_RADIO
            CODE    3707H     005AH     UNIT         ?PR?UPDATETEMP?TEMP_MODULE
            CODE    3761H     005AH     UNIT         ?PR?NVTEMPTHRESHOLDINIT?NV_TEMP_THRESHOLD
            CODE    37BBH     0059H     UNIT         ?PR?READCOUNT?EXT
            CODE    3814H     0058H     UNIT         ?PR?_SETMUSIC?MUSIC
            CODE    386CH     0056H     UNIT         ?PR?MYUART1INIT?MY_UART1
            CODE    38C2H     0053H     UNIT         ?PR?GETULTRASONIC?SYS
            CODE    3915H     0052H     UNIT         ?PR?SYS_TIMER0_ISR?SYS
            CODE    3967H     0051H     UNIT         ?PR?SHOWTIME?TIME_MODULE
            CODE    39B8H     004DH     UNIT         ?CO?TIME_MODULE
            CODE    3A05H     0048H     UNIT         ?PR?SHOWSPEED?SPEED_MODULE
            CODE    3A4DH     0048H     UNIT         ?PR?_EMSTOP?STEPMOTOR
            CODE    3A95H     0047H     UNIT         ?PR?SYS_TIMER0_INIT?SYS
            CODE    3ADCH     0046H     UNIT         ?PR?_GETADCNAVACT?ADC
            CODE    3B22H     0045H     UNIT         ?PR?IS_PLAY_MUSIC?MUSIC_MODULE
            CODE    3B67H     0044H     UNIT         ?PR?_?SYS_FMRADIO_DRV?FM_RADIO
            CODE    3BABH     0044H     UNIT         ?C?LDIV
            CODE    3BEFH     0042H     UNIT         ?PR?RADIO_INIT?RADIO_MODULE
            CODE    3C31H     0040H     UNIT         ?PR?_GETKEYACT?KEY
            CODE    3C71H     003FH     UNIT         ?PR?SYS_TASK_100MS?SYS
            CODE    3CB0H     003EH     UNIT         ?PR?MYSTC_OS?SYS
            CODE    3CEEH     003CH     UNIT         ?CO?DECODE_TABLE
            CODE    3D2AH     003CH     UNIT         ?PR?TEMP_CONTROLLED_MOTOR?TEMP_CONTROLLED_FAN
            CODE    3D66H     0039H     UNIT         ?PR?_NVTEMPTHRESHOLDUPDATE?NV_TEMP_THRESHOLD
            CODE    3D9FH     0036H     UNIT         ?PR?_EXTINIT?EXT
            CODE    3DD5H     0033H     UNIT         ?PR?SHOWMODE?TIME_MODULE
            CODE    3E08H     0032H     UNIT         ?PR?UART1RXDCALLBACK?MY_UART1
            CODE    3E3AH     0032H     UNIT         ?PR?_GETSTEPMOTORSTATUS?STEPMOTOR
            CODE    3E6CH     0031H     UNIT         ?PR?_ADCINIT?ADC
            CODE    3E9DH     0031H     UNIT         ?PR?_SETUART2RXD?UART2
            CODE    3ECEH     0031H     UNIT         ?PR?_SETUART1RXD?UART1
            CODE    3EFFH     002FH     UNIT         ?PR?_UART2PRINT?UART2
            CODE    3F2EH     002BH     UNIT         ?PR?SYS_TASK_1S?SYS
            CODE    3F59H     002BH     UNIT         ?PR?_NVTEMPTHRESHOLDWRITE?NV_TEMP_THRESHOLD
            CODE    3F84H     002AH     UNIT         ?PR?NVTEMPTHRESHOLDREAD?NV_TEMP_THRESHOLD
            CODE    3FAEH     002AH     UNIT         ?PR?AUTODOOR_OPEN?ULTRASONIC_MODULE
            CODE    3FD8H     0028H     UNIT         ?PR?_SETPLAYERMODE?MUSIC
BL51 BANKED LINKER/LOCATER V6.22.4.0                                                  09/18/2025  11:07:07  PAGE 5


            CODE    4000H     0028H     UNIT         ?PR?_?SYS_BEEP_DRV?BEEP
            CODE    4028H     0028H     UNIT         ?PR?INITRTC?TIME_MODULE
            CODE    4050H     0028H     UNIT         ?PR?AUTODOOR_CLOSE?ULTRASONIC_MODULE
            CODE    4078H     0028H     UNIT         ?PR?_IIC_RADIO_WRITEBYTE?FM_RADIO
            CODE    40A0H     0028H     UNIT         ?PR?_UART1PRINT?UART1
            CODE    40C8H     0025H     UNIT         ?PR?FMRADIOINIT?FM_RADIO
            CODE    40EDH     0024H     UNIT         ?PR?SHOWSTATUS?NAV_HANDLER
            CODE    4111H     0024H     UNIT         ?PR?RESPONS?M24C02
            CODE    4135H     0024H     UNIT         ?PR?_WRITEBYTE?M24C02
            CODE    4159H     0022H     UNIT         ?PR?READBYTE?M24C02
            CODE    417BH     0020H     UNIT         ?PR?_SEG7PRINT?DISPLAYER
            CODE    419BH     0020H     UNIT         ?PR?BEEPINIT?BEEP
            CODE    41BBH     001DH     UNIT         ?PR?KEYINIT?KEY
            CODE    41D8H     001CH     UNIT         ?PR?_M24C02_READ?M24C02
            CODE    41F4H     001CH     UNIT         ?PR?IIC_RADIO_ACK?FM_RADIO
            CODE    4210H     001CH     UNIT         ?PR?_STRCHR?STRCHR
            CODE    422CH     001BH     UNIT         ?PR?DISPLAYERINIT?DISPLAYER
            CODE    4247H     0018H     UNIT         ?PR?STEPMOTORINIT?STEPMOTOR
            CODE    425FH     0016H     UNIT         ?PR?SET_MUSIC?MUSIC_MODULE
            CODE    4275H     0015H     UNIT         ?PR?MYUART1CLEARRXBUFFER?MY_UART1
            CODE    428AH     0015H     UNIT         ?PR?_M24C02_WRITE?M24C02
            CODE    429FH     0015H     UNIT         ?PR?_STRLEN?STRLEN
            CODE    42B4H     0014H     UNIT         ?PR?MYUART2RXD_CALLBACK?VOICE_MODULE
            CODE    42C8H     0013H     UNIT         ?PR?_DELAY?FM_RADIO
            CODE    42DBH     0013H     UNIT         ?PR?IIC_RADIO_START?FM_RADIO
            CODE    42EEH     0013H     UNIT         ?PR?_ISSPACE?ISSPACE
            CODE    4301H     0012H     UNIT         ?PR?_NVISVALIDTHRESHOLD?NV_TEMP_THRESHOLD
            CODE    4313H     0011H     UNIT         ?PR?_SETCCP0?SYS
            CODE    4324H     0010H     UNIT         ?PR?_SETTRAINID?TRAIN_ID_MODULE
            CODE    4334H     0010H     UNIT         ?CO?MUSIC_MODULE
            CODE    4344H     0010H     UNIT         ?PR?START?M24C02
            CODE    4354H     0010H     UNIT         ?PR?GETDECODE?EXT
            CODE    4364H     000FH     UNIT         ?PR?MUSICPLAYERINIT?MUSIC
            CODE    4373H     000FH     UNIT         ?PR?_?SYS_GET_UART2RXDEVENT?UART2
            CODE    4382H     000FH     UNIT         ?PR?_?SYS_GET_UART1RXDEVENT?UART1
            CODE    4391H     000FH     UNIT         ?PR?_ISDIGIT?ISDIGIT
            CODE    43A0H     000EH     UNIT         ?PR?_?SYS_GET_KNEVENT?ADC
            CODE    43AEH     000EH     UNIT         ?PR?_?SYS_GET_EXTADCEVENT?ADC
            CODE    43BCH     000EH     UNIT         ?PR?_?SYS_GET_KEYEVENT?KEY
            CODE    43CAH     000EH     UNIT         ?PR?AUTODOOR_ISMOTORFREE?ULTRASONIC_MODULE
            CODE    43D8H     000CH     UNIT         ?PR?GETBEEPSTATUS?BEEP
            CODE    43E4H     000CH     UNIT         ?PR?IIC_RADIO_STOP?FM_RADIO
            CODE    43F0H     000BH     UNIT         ?PR?GETUART2TXSTATUS?UART2
            CODE    43FBH     000BH     UNIT         ?PR?MYUART1PROCESSRXDATA?MY_UART1
            CODE    4406H     000BH     UNIT         ?PR?INITTRAINID?TRAIN_ID_MODULE
            CODE    4411H     000BH     UNIT         ?PR?GETUART1TXSTATUS?UART1
            CODE    441CH     0009H     UNIT         ?CO?ADC
            CODE    4425H     0009H     UNIT         ?PR?_SETDISPLAYERAREA?DISPLAYER
            CODE    442EH     0009H     UNIT         ?PR?GETBEEPTIMER?SYS
            CODE    4437H     0009H     UNIT         ?PR?_SETBEEPTIMER?SYS
            CODE    4440H     0009H     UNIT         ?PR?GETWEIGHT?EXT
            CODE    4449H     0007H     UNIT         ?PR?GETSYSPERFORMANCE?SYS
            CODE    4450H     0006H     UNIT         ?PR?ADC_ISR?ADC
            CODE    4456H     0006H     UNIT         ?PR?_LEDPRINT?DISPLAYER
            CODE    445CH     0006H     UNIT         ?PR?MYSTC_INIT?SYS
            CODE    4462H     0006H     UNIT         ?PR?GETPLAYERMODE?MUSIC
            CODE    4468H     0006H     UNIT         ?CO?MY_UART1
BL51 BANKED LINKER/LOCATER V6.22.4.0                                                  09/18/2025  11:07:07  PAGE 6


            CODE    446EH     0006H     UNIT         ?PR?ISULTRASONICVALID?ULTRASONIC_MODULE
            CODE    4474H     0003H     UNIT         ?PR?_?RET0FUNC?SYS
            CODE    4477H     0003H     UNIT         ?PR?CLRBEEPPIN?SYS
            CODE    447AH     0003H     UNIT         ?PR?MY100MS_CALLBACK?CORE



OVERLAY MAP OF MODULE:   .\output\BSP_Demo (MAIN)


SEGMENT                                             BIT_GROUP          DATA_GROUP          XDATA_GROUP
  +--> CALLED SEGMENT                            START    LENGTH     START    LENGTH     START    LENGTH
--------------------------------------------------------------------------------------------------------
?C_C51STARTUP                                    -----    -----      -----    -----      -----    -----
  +--> ?PR?MAIN?MAIN
  +--> ?C_INITSEG

?PR?MAIN?MAIN                                    -----    -----      -----    -----      -----    -----
  +--> ?PR?_ADCINIT?ADC
  +--> ?PR?DISPLAYERINIT?DISPLAYER
  +--> ?PR?KEYINIT?KEY
  +--> ?PR?_SETDISPLAYERAREA?DISPLAYER
  +--> ?PR?_UART2INIT?UART2
  +--> ?PR?MYUART1INIT?MY_UART1
  +--> ?PR?NVTEMPTHRESHOLDINIT?NV_TEMP_THRES...
  +--> ?PR?INITTRAINID?TRAIN_ID_MODULE
  +--> ?PR?INITRTC?TIME_MODULE
  +--> ?PR?RADIO_INIT?RADIO_MODULE
  +--> ?PR?MUSICPLAYERINIT?MUSIC
  +--> ?PR?SET_MUSIC?MUSIC_MODULE
  +--> ?PR?_SETUART2RXD?UART2
  +--> ?PR?MYUART2RXD_CALLBACK?VOICE_MODULE
  +--> ?PR?_SETEVENTCALLBACK?SYS
  +--> ?PR?MY1S_CALLBACK?CORE
  +--> ?PR?MY100MS_CALLBACK?CORE
  +--> ?PR?NAVHANDLER?NAV_HANDLER
  +--> ?PR?MYSTC_INIT?SYS
  +--> ?PR?MYSTC_OS?SYS

?PR?_ADCINIT?ADC                                 -----    -----      -----    -----      -----    -----
  +--> ?PR?_?SYS_ADC_DRV?ADC
  +--> ?PR?_?SYS_GET_KNEVENT?ADC
  +--> ?PR?_?SYS_GET_EXTADCEVENT?ADC

?PR?_?SYS_ADC_DRV?ADC                            -----    -----      -----    -----      -----    -----
  +--> ?CO?ADC

?PR?DISPLAYERINIT?DISPLAYER                      -----    -----      -----    -----      -----    -----
  +--> ?PR?_?SYS_DISPLAY_DRV?DISPLAYER

?PR?_?SYS_DISPLAY_DRV?DISPLAYER                  -----    -----      -----    -----      -----    -----
  +--> ?CO?DECODE_TABLE

?PR?KEYINIT?KEY                                  -----    -----      -----    -----      -----    -----
  +--> ?PR?_?SYS_GET_KEYEVENT?KEY
  +--> ?PR?_?SYS_KEY_DRV?KEY

BL51 BANKED LINKER/LOCATER V6.22.4.0                                                  09/18/2025  11:07:07  PAGE 7


?PR?_UART2INIT?UART2                             -----    -----      0008H    0005H      -----    -----
  +--> ?PR?_?NULLFUNC0?UART2
  +--> ?CO?CORE
  +--> ?PR?_?SYS_GET_UART2RXDEVENT?UART2

?PR?MYUART1INIT?MY_UART1                         -----    -----      -----    -----      -----    -----
  +--> ?PR?_UART1INIT?UART1
  +--> ?PR?UART1RXDCALLBACK?MY_UART1
  +--> ?PR?_SETEVENTCALLBACK?SYS
  +--> ?PR?_SETUART1RXD?UART1

?PR?_UART1INIT?UART1                             -----    -----      0008H    0004H      -----    -----
  +--> ?CO?CORE
  +--> ?PR?_?SYS_GET_UART1RXDEVENT?UART1

?PR?UART1RXDCALLBACK?MY_UART1                    -----    -----      -----    -----      -----    -----
  +--> ?PR?_STRCHR?STRCHR
  +--> ?PR?_PARSECOMMAND?MY_UART1
  +--> ?PR?MYUART1CLEARRXBUFFER?MY_UART1

?PR?_PARSECOMMAND?MY_UART1                       -----    -----      0008H    0005H      00D6H    0049H
  +--> ?PR?_STRLEN?STRLEN
  +--> ?CO?MY_UART1
  +--> ?PR?_ATOI?ATOI
  +--> ?PR?_STRTOK?STRTOK
  +--> ?PR?_NVTEMPTHRESHOLDUPDATE?NV_TEMP_TH...
  +--> ?PR?ONSPEEDCHANGE?TIME_MODULE

?PR?_ATOI?ATOI                                   0022H.2  0000H.1    000DH    0005H      -----    -----
  +--> ?PR?_ISSPACE?ISSPACE
  +--> ?PR?_ISDIGIT?ISDIGIT

?PR?_STRTOK?STRTOK                               -----    -----      000DH    0006H      -----    -----
  +--> ?PR?_STRSPN?STRSPN
  +--> ?PR?_STRPBRK?STRPBRK

?PR?_STRSPN?STRSPN                               -----    -----      0013H    0008H      -----    -----

?PR?_STRPBRK?STRPBRK                             -----    -----      0013H    0009H      -----    -----

?PR?_NVTEMPTHRESHOLDUPDATE?NV_TEMP_TH...         -----    -----      000DH    0001H      011FH    0001H
  +--> ?PR?NVTEMPTHRESHOLDINIT?NV_TEMP_THRES...
  +--> ?PR?_NVISVALIDTHRESHOLD?NV_TEMP_THRES...
  +--> ?PR?NVTEMPTHRESHOLDREAD?NV_TEMP_THRES...
  +--> ?PR?_NVTEMPTHRESHOLDWRITE?NV_TEMP_THR...

?PR?NVTEMPTHRESHOLDINIT?NV_TEMP_THRES...         -----    -----      000FH    0001H      0121H    0001H
  +--> ?PR?_M24C02_READ?M24C02
  +--> ?PR?_NVISVALIDTHRESHOLD?NV_TEMP_THRES...

?PR?_M24C02_READ?M24C02                          -----    -----      -----    -----      -----    -----
  +--> ?PR?START?M24C02
  +--> ?PR?RESPONS?M24C02
  +--> ?PR?_WRITEBYTE?M24C02
  +--> ?PR?READBYTE?M24C02
  +--> ?PR?STOP?M24C02

BL51 BANKED LINKER/LOCATER V6.22.4.0                                                  09/18/2025  11:07:07  PAGE 8


?PR?RESPONS?M24C02                               -----    -----      -----    -----      -----    -----
  +--> ?PR?_WRITEBYTE?M24C02

?PR?NVTEMPTHRESHOLDREAD?NV_TEMP_THRES...         -----    -----      -----    -----      0120H    0001H
  +--> ?PR?NVTEMPTHRESHOLDINIT?NV_TEMP_THRES...
  +--> ?PR?_M24C02_READ?M24C02
  +--> ?PR?_NVISVALIDTHRESHOLD?NV_TEMP_THRES...

?PR?_NVTEMPTHRESHOLDWRITE?NV_TEMP_THR...         -----    -----      000EH    0001H      -----    -----
  +--> ?PR?NVTEMPTHRESHOLDINIT?NV_TEMP_THRES...
  +--> ?PR?_NVISVALIDTHRESHOLD?NV_TEMP_THRES...
  +--> ?PR?_M24C02_WRITE?M24C02

?PR?_M24C02_WRITE?M24C02                         -----    -----      -----    -----      -----    -----
  +--> ?PR?START?M24C02
  +--> ?PR?_WRITEBYTE?M24C02
  +--> ?PR?RESPONS?M24C02
  +--> ?PR?STOP?M24C02

?PR?_SETEVENTCALLBACK?SYS                        -----    -----      0008H    0003H      -----    -----

?PR?_SETUART1RXD?UART1                           -----    -----      0008H    000AH      -----    -----

?PR?INITTRAINID?TRAIN_ID_MODULE                  -----    -----      -----    -----      -----    -----
  +--> ?PR?_M24C02_READ?M24C02

?PR?RADIO_INIT?RADIO_MODULE                      -----    -----      -----    -----      -----    -----
  +--> ?PR?FMRADIOINIT?FM_RADIO
  +--> ?PR?SETFMRADIO?FM_RADIO

?PR?FMRADIOINIT?FM_RADIO                         -----    -----      0008H    0006H      -----    -----
  +--> ?PR?SETFMRADIO?FM_RADIO
  +--> ?PR?_?SYS_FMRADIO_DRV?FM_RADIO

?PR?SETFMRADIO?FM_RADIO                          -----    -----      000EH    0006H      -----    -----
  +--> ?PR?GETFMRADIO?FM_RADIO

?PR?GETFMRADIO?FM_RADIO                          -----    -----      0014H    0006H      -----    -----

?PR?_?SYS_FMRADIO_DRV?FM_RADIO                   -----    -----      -----    -----      -----    -----
  +--> ?PR?IIC_RADIO_START?FM_RADIO
  +--> ?PR?_IIC_RADIO_WRITEBYTE?FM_RADIO
  +--> ?PR?IIC_RADIO_ACK?FM_RADIO
  +--> ?PR?IIC_RADIO_STOP?FM_RADIO

?PR?IIC_RADIO_START?FM_RADIO                     -----    -----      -----    -----      -----    -----
  +--> ?PR?_DELAY?FM_RADIO

?PR?_IIC_RADIO_WRITEBYTE?FM_RADIO                -----    -----      -----    -----      -----    -----
  +--> ?PR?_DELAY?FM_RADIO

?PR?IIC_RADIO_ACK?FM_RADIO                       -----    -----      -----    -----      -----    -----
  +--> ?PR?_DELAY?FM_RADIO

?PR?IIC_RADIO_STOP?FM_RADIO                      -----    -----      -----    -----      -----    -----
  +--> ?PR?_DELAY?FM_RADIO

BL51 BANKED LINKER/LOCATER V6.22.4.0                                                  09/18/2025  11:07:07  PAGE 9


?PR?MUSICPLAYERINIT?MUSIC                        -----    -----      -----    -----      -----    -----
  +--> ?PR?_?SYS_MUSIC_DRV?MUSIC

?PR?_?SYS_MUSIC_DRV?MUSIC                        -----    -----      -----    -----      -----    -----
  +--> ?PR?GETBEEPSTATUS?BEEP
  +--> ?PR?_SEG7PRINT?DISPLAYER
  +--> ?PR?_LEDPRINT?DISPLAYER
  +--> ?PR?_PLAYTONE?MUSIC

?PR?GETBEEPSTATUS?BEEP                           -----    -----      -----    -----      -----    -----
  +--> ?PR?GETBEEPTIMER?SYS

?PR?_SEG7PRINT?DISPLAYER                         -----    -----      0008H    0008H      -----    -----

?PR?_PLAYTONE?MUSIC                              -----    -----      0008H    0006H      -----    -----
  +--> ?PR?GETBEEPSTATUS?BEEP
  +--> ?CO?MUSIC
  +--> ?PR?_SETBEEP?BEEP

?PR?_SETBEEP?BEEP                                -----    -----      000EH    0004H      -----    -----
  +--> ?PR?GETBEEPTIMER?SYS
  +--> ?PR?_SETBEEPTIMER?SYS
  +--> ?CO?CORE
  +--> ?PR?_SETCCP0?SYS
  +--> ?PR?CLRBEEPPIN?SYS

?PR?SET_MUSIC?MUSIC_MODULE                       -----    -----      -----    -----      -----    -----
  +--> ?CO?MUSIC_MODULE
  +--> ?PR?_SETMUSIC?MUSIC

?PR?_SETMUSIC?MUSIC                              -----    -----      0008H    0008H      -----    -----

?PR?_SETUART2RXD?UART2                           -----    -----      0008H    000AH      -----    -----

?PR?MY1S_CALLBACK?CORE                           -----    -----      -----    -----      -----    -----
  +--> ?PR?UPDATETIME?TIME_MODULE
  +--> ?PR?CHECKCOUNTDOWNEVENT?VOICE_MODULE
  +--> ?PR?UPDATETEMP?TEMP_MODULE
  +--> ?PR?IS_PLAY_MUSIC?MUSIC_MODULE
  +--> ?PR?MYUART1SENDCURRENTSTATUS?MY_UART1
  +--> ?PR?TEMP_CONTROLLED_MOTOR?TEMP_CONTRO...
  +--> ?PR?UPDATEREALTIMEPERSECOND?REAL_TIME...

?PR?UPDATETIME?TIME_MODULE                       -----    -----      -----    -----      -----    -----
  +--> ?PR?RESETTIMER?TIME_MODULE
  +--> ?CO?VOICE_MODULE
  +--> ?PR?_UART2PRINT?UART2

?PR?CHECKCOUNTDOWNEVENT?VOICE_MODULE             -----    -----      -----    -----      -----    -----
  +--> ?CO?VOICE_MODULE
  +--> ?PR?_UART2PRINT?UART2

?PR?UPDATETEMP?TEMP_MODULE                       -----    -----      -----    -----      -----    -----
  +--> ?PR?GETADC?ADC
  +--> ?CO?TEMP_MODULE

?PR?IS_PLAY_MUSIC?MUSIC_MODULE                   -----    -----      0008H    0001H      -----    -----
BL51 BANKED LINKER/LOCATER V6.22.4.0                                                  09/18/2025  11:07:07  PAGE 10


  +--> ?PR?GETPLAYERMODE?MUSIC
  +--> ?PR?_SETPLAYERMODE?MUSIC

?PR?MYUART1SENDCURRENTSTATUS?MY_UART1            -----    -----      -----    -----      00D6H    0002H
  +--> ?PR?GETUART1TXSTATUS?UART1
  +--> ?CO?MY_UART1
  +--> ?PR?_STRLEN?STRLEN
  +--> ?PR?_MY_UTOA?MY_UART1
  +--> ?PR?_UART1PRINT?UART1

?PR?_MY_UTOA?MY_UART1                            -----    -----      0008H    0003H      00D8H    0012H

?PR?TEMP_CONTROLLED_MOTOR?TEMP_CONTRO...         -----    -----      -----    -----      -----    -----
  +--> ?PR?_SETPWM?EXT

?PR?_SETPWM?EXT                                  -----    -----      0008H    0004H      -----    -----

?PR?MY100MS_CALLBACK?CORE                        -----    -----      -----    -----      -----    -----
  +--> ?PR?SHOWSTATUS?NAV_HANDLER

?PR?SHOWSTATUS?NAV_HANDLER                       -----    -----      -----    -----      -----    -----
  +--> ?PR?SHOWTIME?TIME_MODULE
  +--> ?PR?SHOWTEMP?TEMP_MODULE
  +--> ?PR?SHOWSPEED?SPEED_MODULE
  +--> ?PR?SHOWMODE?TIME_MODULE
  +--> ?PR?SHOWREALTIME?REAL_TIME_MODULE

?PR?SHOWTIME?TIME_MODULE                         -----    -----      -----    -----      -----    -----
  +--> ?PR?_SEG7PRINT?DISPLAYER

?PR?SHOWTEMP?TEMP_MODULE                         -----    -----      -----    -----      -----    -----
  +--> ?PR?_SEG7PRINT?DISPLAYER

?PR?SHOWSPEED?SPEED_MODULE                       -----    -----      -----    -----      -----    -----
  +--> ?PR?_SEG7PRINT?DISPLAYER

?PR?SHOWMODE?TIME_MODULE                         -----    -----      -----    -----      -----    -----
  +--> ?PR?_SEG7PRINT?DISPLAYER

?PR?SHOWREALTIME?REAL_TIME_MODULE                -----    -----      -----    -----      -----    -----
  +--> ?PR?_SEG7PRINT?DISPLAYER

?PR?NAVHANDLER?NAV_HANDLER                       -----    -----      -----    -----      00D6H    0004H
  +--> ?PR?_GETADCNAVACT?ADC
  +--> ?PR?SETFMRADIO?FM_RADIO

?PR?MYSTC_INIT?SYS                               -----    -----      -----    -----      -----    -----
  +--> ?PR?SYS_TIMER0_INIT?SYS

?PR?SYS_TIMER0_INIT?SYS                          -----    -----      -----    -----      -----    -----
  +--> ?CO?CORE

?PR?MYSTC_OS?SYS                                 -----    -----      -----    -----      -----    -----
  +--> ?PR?SYS_TASK_IR?SYS
  +--> ?PR?SYS_TASK_1MS?SYS
  +--> ?PR?SYS_TASK_10MS?SYS
  +--> ?PR?SYS_TASK_100MS?SYS
BL51 BANKED LINKER/LOCATER V6.22.4.0                                                  09/18/2025  11:07:07  PAGE 11


  +--> ?PR?SYS_TASK_1S?SYS

?C_INITSEG                                       -----    -----      -----    -----      -----    -----
  +--> ?PR?_?NULLFUNC?SYS
  +--> ?PR?_?RET0FUNC?SYS



SYMBOL TABLE OF MODULE:  .\output\BSP_Demo (MAIN)

  VALUE           TYPE          NAME
  ----------------------------------

  -------         MODULE        MAIN
  C:0000H         SYMBOL        _ICE_DUMMY_
  D:0080H         PUBLIC        P0
  D:0090H         PUBLIC        P1
  D:00A0H         PUBLIC        P2
  D:00B0H         PUBLIC        P3
  D:00C0H         PUBLIC        P4
  D:00C8H         PUBLIC        P5
  D:00E8H         PUBLIC        P6
  D:00F8H         PUBLIC        P7
  D:00A8H         PUBLIC        IE
  D:00B8H         PUBLIC        IP
  D:00D8H         PUBLIC        CCON
  C:31C1H         PUBLIC        main
  D:0098H         PUBLIC        SCON
  D:0088H         PUBLIC        TCON
  D:00D0H         PUBLIC        PSW
  -------         PROC          MAIN
  C:31C1H         LINE#         3
  C:31C1H         LINE#         4
  C:31C6H         LINE#         5
  C:31C9H         LINE#         6
  C:31CCH         LINE#         8
  C:31D3H         LINE#         9
  C:31DFH         LINE#         10
  C:31E2H         LINE#         11
  C:31E5H         LINE#         13
  C:31E8H         LINE#         14
  C:31EBH         LINE#         17
  C:31EEH         LINE#         18
  C:31F1H         LINE#         19
  C:31F4H         LINE#         20
  C:320EH         LINE#         21
  C:3219H         LINE#         22
  C:3224H         LINE#         23
  C:322FH         LINE#         24
  C:323AH         LINE#         25
  C:323DH         LINE#         27
  C:323DH         LINE#         28
  C:3240H         LINE#         29
  -------         ENDPROC       MAIN
  -------         ENDMOD        MAIN

  -------         MODULE        ADC
BL51 BANKED LINKER/LOCATER V6.22.4.0                                                  09/18/2025  11:07:07  PAGE 12


  C:0000H         SYMBOL        _ICE_DUMMY_
  D:0080H         PUBLIC        P0
  D:0090H         PUBLIC        P1
  D:00A0H         PUBLIC        P2
  C:43A0H         PUBLIC        _?sys_get_KNEvent
  D:004AH         PUBLIC        sys_EXTADCEvent
  D:00B0H         PUBLIC        P3
  D:00C0H         PUBLIC        P4
  D:00C8H         PUBLIC        P5
  D:00E8H         PUBLIC        P6
  D:00F8H         PUBLIC        P7
  B:00A8H.5       PUBLIC        EADC
  D:00A8H         PUBLIC        IE
  D:00BDH         PUBLIC        ADC_RES
  D:00B8H         PUBLIC        IP
  D:0097H         PUBLIC        CLK_DIV
  C:3E6CH         PUBLIC        _AdcInit
  D:00D8H         PUBLIC        CCON
  C:43AEH         PUBLIC        _?sys_get_EXTADCEvent
  X:0124H         PUBLIC        AD_res
  D:00BCH         PUBLIC        ADC_CONTR
  D:0098H         PUBLIC        SCON
  D:0088H         PUBLIC        TCON
  C:1E18H         PUBLIC        _?sys_ADC_drv
  B:0021H.7       PUBLIC        flag_ADC
  X:012EH         PUBLIC        sys_KN
  D:009DH         PUBLIC        P1ASF
  D:004BH         PUBLIC        sys_KNEvent
  D:00BEH         PUBLIC        ADC_RESL
  C:0003H         PUBLIC        GetADC
  C:3ADCH         PUBLIC        _GetAdcNavAct
  C:4450H         PUBLIC        ADC_isr
  D:00D0H         PUBLIC        PSW
  -------         PROC          ADC_ISR
  C:4450H         LINE#         26
  C:4450H         LINE#         27
  C:4453H         LINE#         28
  C:4455H         LINE#         29
  -------         ENDPROC       ADC_ISR
  -------         PROC          _?SYS_ADC_DRV
  -------         DO            
  X:0122H         SYMBOL        pc
  X:0123H         SYMBOL        counter
  i:0000H         SYMBOL        i
  C:441CH         SYMBOL        ADC_ch
  -------         ENDDO         
  C:1E18H         LINE#         31
  C:1E1AH         LINE#         35
  C:1E20H         LINE#         36
  C:1E22H         LINE#         37
  C:1E50H         LINE#         38
  C:1E50H         LINE#         39
  C:1E50H         LINE#         40
  C:1E60H         LINE#         41
  C:1E62H         LINE#         42
  C:1E62H         LINE#         43
  C:1E62H         LINE#         44
BL51 BANKED LINKER/LOCATER V6.22.4.0                                                  09/18/2025  11:07:07  PAGE 13


  C:1E76H         LINE#         45
  C:1E79H         LINE#         46
  C:1E7CH         LINE#         47
  C:1E8CH         LINE#         48
  C:1E8EH         LINE#         49
  C:1EA2H         LINE#         50
  C:1EA5H         LINE#         51
  C:1EB9H         LINE#         52
  C:1ECCH         LINE#         53
  C:1EE4H         LINE#         54
  C:1EEFH         LINE#         55
  C:1EF2H         LINE#         56
  C:1F02H         LINE#         57
  C:1F16H         LINE#         58
  C:1F2BH         LINE#         59
  C:1F3CH         LINE#         60
  C:1F3EH         LINE#         61
  C:1F3EH         LINE#         62
  C:1F40H         LINE#         64
  C:1F57H         LINE#         65
  C:1F68H         LINE#         66
  C:1F6BH         LINE#         67
  C:1F6BH         LINE#         68
  C:1F6BH         LINE#         69
  C:1F8EH         LINE#         70
  C:1F9FH         LINE#         71
  C:1FA3H         LINE#         72
  C:1FA3H         LINE#         73
  C:1FA3H         LINE#         74
  C:1FA9H         LINE#         75
  C:1FA9H         LINE#         76
  C:1FA9H         LINE#         77
  C:1FB5H         LINE#         78
  C:1FC1H         LINE#         79
  C:1FC1H         LINE#         80
  -------         ENDPROC       _?SYS_ADC_DRV
  -------         PROC          _?SYS_GET_KNEVENT
  -------         DO            
  i:0000H         SYMBOL        a
  -------         ENDDO         
  C:43A0H         LINE#         82
  C:43A2H         LINE#         84
  C:43A6H         LINE#         85
  C:43A9H         LINE#         86
  C:43ABH         LINE#         87
  -------         ENDPROC       _?SYS_GET_KNEVENT
  -------         PROC          _?SYS_GET_EXTADCEVENT
  -------         DO            
  i:0000H         SYMBOL        a
  -------         ENDDO         
  C:43AEH         LINE#         89
  C:43B0H         LINE#         91
  C:43B4H         LINE#         92
  C:43B7H         LINE#         93
  C:43B9H         LINE#         94
  -------         ENDPROC       _?SYS_GET_EXTADCEVENT
  -------         PROC          _ADCINIT
BL51 BANKED LINKER/LOCATER V6.22.4.0                                                  09/18/2025  11:07:07  PAGE 14


  D:0007H         SYMBOL        ADCsel
  C:3E6CH         LINE#         96
  C:3E6CH         LINE#         97
  C:3E6CH         LINE#         98
  C:3E6EH         LINE#         99
  C:3E71H         LINE#         100
  C:3E74H         LINE#         101
  C:3E76H         LINE#         102
  C:3E84H         LINE#         103
  C:3E90H         LINE#         104
  C:3E9CH         LINE#         105
  -------         ENDPROC       _ADCINIT
  -------         PROC          GETADC
  C:0003H         LINE#         107
  C:0003H         LINE#         108
  C:0009H         LINE#         109
  -------         ENDPROC       GETADC
  -------         PROC          _GETADCNAVACT
  D:0007H         SYMBOL        Nav_button
  -------         DO            
  D:0006H         SYMBOL        a
  -------         ENDDO         
  C:3ADCH         LINE#         111
  C:3ADCH         LINE#         112
  C:3ADCH         LINE#         113
  C:3AECH         LINE#         114
  C:3B07H         LINE#         115
  C:3B1CH         LINE#         116
  C:3B1FH         LINE#         117
  C:3B1FH         LINE#         118
  C:3B21H         LINE#         119
  -------         ENDPROC       _GETADCNAVACT
  -------         ENDMOD        ADC

  -------         MODULE        DISPLAYER
  C:0000H         SYMBOL        _ICE_DUMMY_
  D:0093H         PUBLIC        P0M1
  D:0096H         PUBLIC        P2M0
  D:0080H         PUBLIC        P0
  D:0095H         PUBLIC        P2M1
  D:0090H         PUBLIC        P1
  D:00A0H         PUBLIC        P2
  D:00B0H         PUBLIC        P3
  D:00C0H         PUBLIC        P4
  D:00C8H         PUBLIC        P5
  D:00E8H         PUBLIC        P6
  D:00F8H         PUBLIC        P7
  D:00A8H         PUBLIC        IE
  D:00B8H         PUBLIC        IP
  D:00D8H         PUBLIC        CCON
  C:4456H         PUBLIC        _LedPrint
  B:00A0H.0       PUBLIC        P20
  B:00A0H.1       PUBLIC        P21
  D:0098H         PUBLIC        SCON
  B:00A0H.2       PUBLIC        P22
  D:0088H         PUBLIC        TCON
  B:00A0H.3       PUBLIC        P23
BL51 BANKED LINKER/LOCATER V6.22.4.0                                                  09/18/2025  11:07:07  PAGE 15


  C:422CH         PUBLIC        DisplayerInit
  X:01B6H         PUBLIC        sys_Disp
  C:4425H         PUBLIC        _SetDisplayerArea
  C:417BH         PUBLIC        _Seg7Print
  C:2546H         PUBLIC        _?sys_display_drv
  D:00D0H         PUBLIC        PSW
  D:0094H         PUBLIC        P0M0
  -------         PROC          _?SYS_DISPLAY_DRV
  C:2546H         LINE#         16
  C:2546H         LINE#         18
  C:2549H         LINE#         19
  C:2572H         LINE#         20
  C:2578H         LINE#         21
  C:257EH         LINE#         22
  C:2584H         LINE#         23
  C:258AH         LINE#         24
  C:2594H         LINE#         25
  C:259EH         LINE#         26
  C:25A8H         LINE#         27
  C:25B2H         LINE#         28
  C:25B4H         LINE#         29
  C:25B4H         LINE#         30
  C:25BCH         LINE#         31
  C:25E5H         LINE#         33
  C:2600H         LINE#         34
  C:2603H         LINE#         35
  C:2603H         LINE#         36
  C:261AH         LINE#         37
  C:2626H         LINE#         39
  C:262EH         LINE#         40
  -------         ENDPROC       _?SYS_DISPLAY_DRV
  -------         PROC          DISPLAYERINIT
  C:422CH         LINE#         42
  C:422CH         LINE#         43
  C:422CH         LINE#         44
  C:422FH         LINE#         45
  C:4232H         LINE#         46
  C:4235H         LINE#         47
  C:4238H         LINE#         48
  C:4246H         LINE#         49
  -------         ENDPROC       DISPLAYERINIT
  -------         PROC          _SETDISPLAYERAREA
  D:0007H         SYMBOL        Begin_of_scan
  D:0005H         SYMBOL        Ending_of_Scan
  C:4425H         LINE#         51
  C:4425H         LINE#         52
  C:442AH         LINE#         53
  C:442DH         LINE#         54
  -------         ENDPROC       _SETDISPLAYERAREA
  -------         PROC          _SEG7PRINT
  D:0007H         SYMBOL        d0
  D:0005H         SYMBOL        d1
  D:0003H         SYMBOL        d2
  D:000BH         SYMBOL        d3
  D:000CH         SYMBOL        d4
  D:000DH         SYMBOL        d5
  D:000EH         SYMBOL        d6
BL51 BANKED LINKER/LOCATER V6.22.4.0                                                  09/18/2025  11:07:07  PAGE 16


  D:000FH         SYMBOL        d7
  C:417BH         LINE#         56
  C:417BH         LINE#         57
  C:4180H         LINE#         58
  C:4183H         LINE#         59
  C:4186H         LINE#         60
  C:418AH         LINE#         61
  C:418EH         LINE#         62
  C:4192H         LINE#         63
  C:4196H         LINE#         64
  C:419AH         LINE#         65
  -------         ENDPROC       _SEG7PRINT
  -------         PROC          _LEDPRINT
  D:0007H         SYMBOL        led_val
  C:4456H         LINE#         67
  C:4456H         LINE#         68
  C:445BH         LINE#         69
  -------         ENDPROC       _LEDPRINT
  -------         ENDMOD        DISPLAYER

  -------         MODULE        KEY
  C:0000H         SYMBOL        _ICE_DUMMY_
  D:0080H         PUBLIC        P0
  D:0090H         PUBLIC        P1
  D:00A0H         PUBLIC        P2
  D:00B0H         PUBLIC        P3
  D:00C0H         PUBLIC        P4
  D:00C8H         PUBLIC        P5
  D:00E8H         PUBLIC        P6
  D:00F8H         PUBLIC        P7
  D:00A8H         PUBLIC        IE
  D:001FH         PUBLIC        sys_keyEvent
  D:00B8H         PUBLIC        IP
  D:00D8H         PUBLIC        CCON
  C:43BCH         PUBLIC        _?sys_get_keyEvent
  D:0098H         PUBLIC        SCON
  D:0088H         PUBLIC        TCON
  C:221AH         PUBLIC        _?sys_key_drv
  C:41BBH         PUBLIC        KeyInit
  B:00B0H.2       PUBLIC        IO_Key1
  B:00B0H.3       PUBLIC        IO_Key2
  B:0090H.7       PUBLIC        IO_Key3
  C:3C31H         PUBLIC        _GetKeyAct
  X:01DAH         PUBLIC        sys_Key
  D:00D0H         PUBLIC        PSW
  -------         PROC          _?SYS_KEY_DRV
  -------         DO            
  i:0000H         SYMBOL        i
  X:01D9H         SYMBOL        counter
  -------         ENDDO         
  C:221AH         LINE#         28
  C:221CH         LINE#         31
  C:2225H         LINE#         32
  C:222EH         LINE#         33
  C:2237H         LINE#         34
  C:2242H         LINE#         35
  C:2245H         LINE#         36
BL51 BANKED LINKER/LOCATER V6.22.4.0                                                  09/18/2025  11:07:07  PAGE 17


  C:2257H         LINE#         37
  C:2275H         LINE#         38
  C:228EH         LINE#         39
  C:22AAH         LINE#         40
  C:22ACH         LINE#         41
  C:22ACH         LINE#         42
  C:22AEH         LINE#         44
  C:22CFH         LINE#         45
  C:22E5H         LINE#         46
  C:22E8H         LINE#         47
  C:22E8H         LINE#         48
  C:22E8H         LINE#         49
  C:231BH         LINE#         50
  C:2336H         LINE#         51
  C:233AH         LINE#         52
  C:233AH         LINE#         53
  -------         ENDPROC       _?SYS_KEY_DRV
  -------         PROC          _?SYS_GET_KEYEVENT
  -------         DO            
  i:0000H         SYMBOL        a
  -------         ENDDO         
  C:43BCH         LINE#         55
  C:43BEH         LINE#         57
  C:43C2H         LINE#         58
  C:43C5H         LINE#         59
  C:43C7H         LINE#         60
  -------         ENDPROC       _?SYS_GET_KEYEVENT
  -------         PROC          KEYINIT
  C:41BBH         LINE#         62
  C:41BBH         LINE#         63
  C:41BBH         LINE#         64
  C:41C9H         LINE#         65
  C:41D7H         LINE#         66
  -------         ENDPROC       KEYINIT
  -------         PROC          _GETKEYACT
  D:0007H         SYMBOL        Key
  -------         DO            
  D:0006H         SYMBOL        a
  -------         ENDDO         
  C:3C31H         LINE#         68
  C:3C31H         LINE#         69
  C:3C31H         LINE#         70
  C:3C3BH         LINE#         71
  C:3C56H         LINE#         72
  C:3C6BH         LINE#         73
  C:3C6EH         LINE#         74
  C:3C6EH         LINE#         75
  C:3C70H         LINE#         76
  -------         ENDPROC       _GETKEYACT
  -------         ENDMOD        KEY

  -------         MODULE        SYS
  C:0000H         SYMBOL        _ICE_DUMMY_
  X:0000H         PUBLIC        count_1mS
  B:00D8H.2       PUBLIC        CCF2
  D:0080H         PUBLIC        P0
  B:0020H.1       PUBLIC        flag_1S
BL51 BANKED LINKER/LOCATER V6.22.4.0                                                  09/18/2025  11:07:07  PAGE 18


  D:0090H         PUBLIC        P1
  D:00A0H         PUBLIC        P2
  D:00B0H         PUBLIC        P3
  D:00C0H         PUBLIC        P4
  X:0001H         PUBLIC        T1
  D:00C8H         PUBLIC        P5
  X:0003H         PUBLIC        T2
  B:00A8H.7       PUBLIC        EA
  D:00E8H         PUBLIC        P6
  D:00F8H         PUBLIC        P7
  D:0024H         PUBLIC        IrDatNum
  B:00D8H.7       PUBLIC        CF
  B:0020H.2       PUBLIC        Ir_Coder
  B:0020H.3       PUBLIC        Ir_RxBusy
  D:00A8H         PUBLIC        IE
  B:0020H.4       PUBLIC        Ir_TxBusy
  X:0005H         PUBLIC        userfunccall
  D:00FAH         PUBLIC        CCAP0H
  D:00FBH         PUBLIC        CCAP1H
  C:3136H         PUBLIC        sys_task_Ir
  D:0025H         PUBLIC        IrCount_j
  D:0026H         PUBLIC        IrRx_count
  D:0027H         PUBLIC        IrProtocol
  D:00EAH         PUBLIC        CCAP0L
  D:0028H         PUBLIC        IrTx_count
  D:00EBH         PUBLIC        CCAP1L
  D:00DAH         PUBLIC        CCAPM0
  D:00DBH         PUBLIC        CCAPM1
  D:0029H         PUBLIC        MainLoops
  D:00B8H         PUBLIC        IP
  B:00D0H.7       PUBLIC        CY
  B:0020H.5       PUBLIC        flag_10mS
  D:00D8H         PUBLIC        CCON
  C:442EH         PUBLIC        GetBeepTimer
  C:3915H         PUBLIC        sys_Timer0_isr
  C:3342H         PUBLIC        _SetEventCallBack
  C:445CH         PUBLIC        MySTC_Init
  C:3C71H         PUBLIC        sys_task_100mS
  D:002DH         PUBLIC        ModBus_interval_time
  C:4474H         PUBLIC        _?ret0func
  C:38C2H         PUBLIC        GetUltraSonic
  X:0029H         PUBLIC        count_10mS
  X:002AH         PUBLIC        stcDrivers
  C:4437H         PUBLIC        _SetBeepTimer
  B:0020H.6       PUBLIC        flag_IrRxFinished
  D:0098H         PUBLIC        SCON
  C:4313H         PUBLIC        _SetCCP0
  C:3CB0H         PUBLIC        MySTC_OS
  D:0089H         PUBLIC        TMOD
  D:0088H         PUBLIC        TCON
  B:0020H.7       PUBLIC        flag_Ir
  B:00B0H.5       PUBLIC        P35
  D:002EH         PUBLIC        IrRxNum
  X:0060H         PUBLIC        SysPerformance
  D:008EH         PUBLIC        AUXR
  C:2A84H         PUBLIC        sys_CCP_isr
  C:2459H         PUBLIC        sys_task_1mS
BL51 BANKED LINKER/LOCATER V6.22.4.0                                                  09/18/2025  11:07:07  PAGE 19


  B:00A8H.1       PUBLIC        ET0
  C:4477H         PUBLIC        ClrBeepPin
  D:008CH         PUBLIC        TH0
  B:0021H.0       PUBLIC        flag_100mS
  X:0065H         PUBLIC        distance
  D:008AH         PUBLIC        TL0
  D:002FH         PUBLIC        PollingMisses
  X:0067H         PUBLIC        sys_BP
  B:0088H.4       PUBLIC        TR0
  C:3F2EH         PUBLIC        sys_task_1S
  C:4449H         PUBLIC        GetSysPerformance
  B:0021H.1       PUBLIC        matchModBus
  X:006DH         PUBLIC        count_100mS
  B:0021H.2       PUBLIC        Ir_BitBusy
  D:0030H         PUBLIC        IrDat_count
  D:0031H         PUBLIC        IrMute_count
  B:0021H.3       PUBLIC        newFrame1
  C:3A95H         PUBLIC        sys_Timer0_Init
  B:0021H.4       PUBLIC        newFrame2
  D:0032H         PUBLIC        IrDataPc
  C:000AH         PUBLIC        _?nullfunc
  B:0021H.5       PUBLIC        flag_1mS
  B:0021H.6       PUBLIC        newUS
  D:008FH         PUBLIC        INT_CLKO
  C:2F87H         PUBLIC        sys_task_10mS
  D:00D0H         PUBLIC        PSW
  B:00D8H.0       PUBLIC        CCF0
  B:00B0H.4       PUBLIC        Beep
  B:00D8H.1       PUBLIC        CCF1
  -------         PROC          _?NULLFUNC
  C:000AH         LINE#         13
  -------         ENDPROC       _?NULLFUNC
  -------         PROC          _?RET0FUNC
  C:4474H         LINE#         14
  -------         ENDPROC       _?RET0FUNC
  -------         PROC          SYS_TIMER0_INIT
  C:3A95H         LINE#         96
  C:3A95H         LINE#         97
  C:3A98H         LINE#         98
  C:3A9BH         LINE#         99
  C:3AB1H         LINE#         100
  C:3AD7H         LINE#         101
  C:3AD9H         LINE#         102
  C:3ADBH         LINE#         103
  -------         ENDPROC       SYS_TIMER0_INIT
  -------         PROC          SYS_TIMER0_ISR
  -------         DO            
  D:0023H         SYMBOL        i
  -------         ENDDO         
  C:3915H         LINE#         105
  C:3919H         LINE#         107
  C:391CH         LINE#         108
  C:391FH         LINE#         109
  C:3924H         LINE#         110
  C:3926H         LINE#         111
  C:3926H         LINE#         112
  C:392CH         LINE#         113
BL51 BANKED LINKER/LOCATER V6.22.4.0                                                  09/18/2025  11:07:07  PAGE 20


  C:3932H         LINE#         114
  C:3935H         LINE#         115
  C:3937H         LINE#         116
  C:393AH         LINE#         117
  C:393EH         LINE#         118
  C:3940H         LINE#         119
  C:3943H         LINE#         120
  C:3945H         LINE#         122
  C:3948H         LINE#         123
  C:394AH         LINE#         124
  C:394FH         LINE#         125
  C:394FH         LINE#         126
  C:3951H         LINE#         128
  C:395AH         LINE#         129
  C:395CH         LINE#         130
  C:3962H         LINE#         131
  C:3962H         LINE#         132
  C:3962H         LINE#         133
  C:3962H         LINE#         134
  -------         ENDPROC       SYS_TIMER0_ISR
  -------         PROC          GETULTRASONIC
  -------         DO            
  D:004CH         SYMBOL        a
  -------         ENDDO         
  C:38C2H         LINE#         138
  C:38C2H         LINE#         139
  C:38C2H         LINE#         140
  C:38C5H         LINE#         141
  C:38C7H         LINE#         142
  C:38D6H         LINE#         143
  C:390CH         LINE#         144
  C:390CH         LINE#         145
  C:3914H         LINE#         146
  -------         ENDPROC       GETULTRASONIC
  -------         PROC          GETBEEPTIMER
  C:442EH         LINE#         148
  C:442EH         LINE#         149
  C:4436H         LINE#         150
  -------         ENDPROC       GETBEEPTIMER
  -------         PROC          _SETBEEPTIMER
  D:0006H         SYMBOL        a
  C:4437H         LINE#         152
  C:4437H         LINE#         153
  C:443FH         LINE#         154
  -------         ENDPROC       _SETBEEPTIMER
  -------         PROC          _SETCCP0
  D:0006H         SYMBOL        step
  D:0004H         SYMBOL        next
  C:4313H         LINE#         156
  C:4313H         LINE#         157
  C:431BH         LINE#         158
  C:4323H         LINE#         159
  -------         ENDPROC       _SETCCP0
  -------         PROC          CLRBEEPPIN
  C:4477H         LINE#         161
  C:4477H         LINE#         162
  C:4479H         LINE#         163
BL51 BANKED LINKER/LOCATER V6.22.4.0                                                  09/18/2025  11:07:07  PAGE 21


  -------         ENDPROC       CLRBEEPPIN
  -------         PROC          SYS_CCP_ISR
  -------         DO            
  B:0020H.0       SYMBOL        a
  -------         ENDDO         
  C:2A84H         LINE#         165
  C:2A97H         LINE#         167
  C:2A9EH         LINE#         168
  C:2AA5H         LINE#         169
  C:2AA8H         LINE#         170
  C:2AAAH         LINE#         171
  C:2ABAH         LINE#         172
  C:2AC1H         LINE#         173
  C:2AC4H         LINE#         174
  C:2AC6H         LINE#         175
  C:2AC8H         LINE#         177
  C:2ADCH         LINE#         178
  C:2ADFH         LINE#         179
  C:2AE1H         LINE#         180
  C:2AE3H         LINE#         181
  C:2AE5H         LINE#         183
  C:2AE5H         LINE#         184
  C:2AE8H         LINE#         185
  C:2AEAH         LINE#         186
  C:2AF4H         LINE#         187
  C:2AF6H         LINE#         188
  C:2AFFH         LINE#         189
  C:2B02H         LINE#         190
  C:2B14H         LINE#         191
  C:2B16H         LINE#         193
  C:2B18H         LINE#         194
  C:2B1BH         LINE#         195
  C:2B1BH         LINE#         196
  C:2B1BH         LINE#         197
  -------         ENDPROC       SYS_CCP_ISR
  -------         PROC          MYSTC_INIT
  C:445CH         LINE#         199
  C:445CH         LINE#         200
  C:445FH         LINE#         201
  C:4461H         LINE#         202
  -------         ENDPROC       MYSTC_INIT
  -------         PROC          SYS_TASK_IR
  -------         DO            
  D:0007H         SYMBOL        a
  -------         ENDDO         
  C:3136H         LINE#         204
  C:3136H         LINE#         205
  C:3136H         LINE#         206
  C:314CH         LINE#         207
  C:3153H         LINE#         208
  C:3156H         LINE#         209
  C:3159H         LINE#         210
  C:316FH         LINE#         211
  C:317FH         LINE#         212
  C:3187H         LINE#         213
  C:318AH         LINE#         214
  C:318CH         LINE#         216
BL51 BANKED LINKER/LOCATER V6.22.4.0                                                  09/18/2025  11:07:07  PAGE 22


  C:31A2H         LINE#         217
  C:31B6H         LINE#         218
  C:31B6H         LINE#         219
  C:31B8H         LINE#         220
  C:31BBH         LINE#         222
  C:31BBH         LINE#         224
  C:31BDH         LINE#         225
  C:31C0H         LINE#         226
  C:31C0H         LINE#         227
  -------         ENDPROC       SYS_TASK_IR
  -------         PROC          SYS_TASK_1MS
  C:2459H         LINE#         229
  C:2459H         LINE#         230
  C:2461H         LINE#         231
  C:2464H         LINE#         232
  C:2466H         LINE#         233
  C:246EH         LINE#         234
  C:2471H         LINE#         235
  C:2473H         LINE#         236
  C:247BH         LINE#         237
  C:247EH         LINE#         238
  C:2480H         LINE#         239
  C:2480H         LINE#         240
  C:2480H         LINE#         241
  C:2480H         LINE#         242
  C:248CH         LINE#         243
  C:2498H         LINE#         244
  C:24A4H         LINE#         245
  C:24B0H         LINE#         246
  C:24BCH         LINE#         247
  C:24C8H         LINE#         248
  C:24E3H         LINE#         249
  C:24F2H         LINE#         250
  C:24FEH         LINE#         251
  C:2500H         LINE#         252
  C:2500H         LINE#         253
  C:2507H         LINE#         254
  C:250AH         LINE#         255
  C:2519H         LINE#         256
  C:251BH         LINE#         257
  C:251BH         LINE#         258
  C:251DH         LINE#         260
  C:252CH         LINE#         261
  C:2538H         LINE#         262
  C:253AH         LINE#         263
  C:253AH         LINE#         264
  C:253AH         LINE#         265
  -------         ENDPROC       SYS_TASK_1MS
  -------         PROC          SYS_TASK_10MS
  C:2F87H         LINE#         268
  C:2F87H         LINE#         269
  C:2F93H         LINE#         270
  C:2F9FH         LINE#         271
  C:2FABH         LINE#         272
  C:2FB7H         LINE#         273
  C:2FD2H         LINE#         274
  C:2FEDH         LINE#         275
BL51 BANKED LINKER/LOCATER V6.22.4.0                                                  09/18/2025  11:07:07  PAGE 23


  C:3008H         LINE#         276
  C:300BH         LINE#         277
  C:300DH         LINE#         278
  C:3019H         LINE#         279
  C:3019H         LINE#         280
  -------         ENDPROC       SYS_TASK_10MS
  -------         PROC          SYS_TASK_100MS
  C:3C71H         LINE#         282
  C:3C71H         LINE#         283
  C:3C7DH         LINE#         284
  C:3C98H         LINE#         285
  C:3CA4H         LINE#         286
  -------         ENDPROC       SYS_TASK_100MS
  -------         PROC          SYS_TASK_1S
  C:3F2EH         LINE#         289
  C:3F2EH         LINE#         290
  C:3F3CH         LINE#         291
  C:3F42H         LINE#         292
  C:3F4BH         LINE#         293
  C:3F4DH         LINE#         294
  -------         ENDPROC       SYS_TASK_1S
  -------         PROC          MYSTC_OS
  C:3CB0H         LINE#         297
  C:3CB0H         LINE#         298
  C:3CB8H         LINE#         299
  C:3CC0H         LINE#         300
  C:3CC8H         LINE#         301
  C:3CD0H         LINE#         302
  C:3CD8H         LINE#         303
  C:3CEDH         LINE#         306
  -------         ENDPROC       MYSTC_OS
  -------         PROC          _SETEVENTCALLBACK
  D:0007H         SYMBOL        event
  D:0008H         SYMBOL        user_callback
  C:3342H         LINE#         308
  C:3348H         LINE#         309
  C:3379H         LINE#         310
  C:337CH         LINE#         311
  C:337EH         LINE#         312
  C:3381H         LINE#         313
  C:3383H         LINE#         314
  C:3386H         LINE#         315
  C:3388H         LINE#         316
  C:338BH         LINE#         317
  C:338DH         LINE#         318
  C:3390H         LINE#         319
  C:3392H         LINE#         320
  C:3395H         LINE#         321
  C:3397H         LINE#         322
  C:339AH         LINE#         323
  C:339CH         LINE#         324
  C:339FH         LINE#         325
  C:33A1H         LINE#         326
  C:33A4H         LINE#         327
  C:33A6H         LINE#         328
  C:33A9H         LINE#         329
  C:33ABH         LINE#         330
BL51 BANKED LINKER/LOCATER V6.22.4.0                                                  09/18/2025  11:07:07  PAGE 24


  C:33AEH         LINE#         331
  C:33B0H         LINE#         332
  C:33BEH         LINE#         333
  C:33BEH         LINE#         334
  C:33BEH         LINE#         335
  C:33BEH         LINE#         336
  -------         ENDPROC       _SETEVENTCALLBACK
  -------         PROC          GETSYSPERFORMANCE
  C:4449H         LINE#         338
  C:4449H         LINE#         339
  C:444FH         LINE#         340
  -------         ENDPROC       GETSYSPERFORMANCE
  -------         ENDMOD        SYS

  -------         MODULE        MUSIC
  C:0000H         SYMBOL        _ICE_DUMMY_
  D:0080H         PUBLIC        P0
  D:0090H         PUBLIC        P1
  D:00A0H         PUBLIC        P2
  D:00B0H         PUBLIC        P3
  D:00C0H         PUBLIC        P4
  D:00C8H         PUBLIC        P5
  D:00E8H         PUBLIC        P6
  D:00F8H         PUBLIC        P7
  C:4364H         PUBLIC        MusicPlayerInit
  D:00A8H         PUBLIC        IE
  C:0D8EH         PUBLIC        _?sys_music_drv
  D:00B8H         PUBLIC        IP
  C:4462H         PUBLIC        GetPlayerMode
  X:01A9H         PUBLIC        music
  D:00D8H         PUBLIC        CCON
  C:3FD8H         PUBLIC        _SetPlayerMode
  C:29DAH         PUBLIC        _PlayTone
  C:3814H         PUBLIC        _SetMusic
  D:0098H         PUBLIC        SCON
  D:0088H         PUBLIC        TCON
  B:0022H.0       PUBLIC        beat_dir
  D:00D0H         PUBLIC        PSW
  -------         PROC          _PLAYTONE
  D:0008H         SYMBOL        tone
  D:0009H         SYMBOL        beatsPM
  D:000AH         SYMBOL        scale
  D:000BH         SYMBOL        beats
  -------         DO            
  D:000CH         SYMBOL        freq
  D:0004H         SYMBOL        playtime
  C:20F4H         SYMBOL        sound_freq
  -------         ENDDO         
  C:29DAH         LINE#         22
  C:29E0H         LINE#         23
  C:29E0H         LINE#         34
  C:29E9H         LINE#         35
  C:2A1EH         LINE#         36
  C:2A21H         LINE#         37
  C:2A62H         LINE#         38
  C:2A67H         LINE#         39
  C:2A7CH         LINE#         40
BL51 BANKED LINKER/LOCATER V6.22.4.0                                                  09/18/2025  11:07:07  PAGE 25


  C:2A83H         LINE#         41
  C:2A83H         LINE#         42
  -------         ENDPROC       _PLAYTONE
  -------         PROC          _?SYS_MUSIC_DRV
  -------         DO            
  i:0000H         SYMBOL        a
  i:0001H         SYMBOL        b
  X:01A6H         SYMBOL        scale
  X:01A7H         SYMBOL        repeat_pt
  -------         ENDDO         
  C:0D8EH         LINE#         44
  C:0D92H         LINE#         48
  C:0DB3H         LINE#         49
  C:0DB7H         LINE#         50
  C:0DC1H         LINE#         52
  C:0DC1H         LINE#         54
  C:0DDDH         LINE#         55
  C:0E1BH         LINE#         56
  C:0E3AH         LINE#         57
  C:0E4CH         LINE#         58
  C:0E61H         LINE#         59
  C:0E78H         LINE#         60
  C:0EA4H         LINE#         61
  C:0EC7H         LINE#         62
  C:0ECFH         LINE#         63
  C:0ED1H         LINE#         64
  C:0ED8H         LINE#         65
  C:0ED8H         LINE#         67
  C:0EF0H         LINE#         68
  C:0EF9H         LINE#         69
  C:0F1BH         LINE#         70
  C:0F38H         LINE#         71
  C:0F59H         LINE#         72
  C:0F67H         LINE#         73
  C:0F69H         LINE#         74
  C:0F8AH         LINE#         75
  C:0F98H         LINE#         76
  C:0F9BH         LINE#         77
  C:0F9BH         LINE#         78
  C:0F9BH         LINE#         79
  C:0F9BH         LINE#         80
  C:0FBCH         LINE#         81
  C:0FBFH         LINE#         82
  C:0FD2H         LINE#         83
  C:0FD5H         LINE#         84
  C:0FF2H         LINE#         85
  C:1000H         LINE#         86
  C:1003H         LINE#         87
  C:1011H         LINE#         88
  C:1014H         LINE#         89
  C:1014H         LINE#         90
  C:1014H         LINE#         91
  C:1029H         LINE#         92
  C:104AH         LINE#         93
  C:1077H         LINE#         94
  C:1077H         LINE#         95
  C:1077H         LINE#         96
BL51 BANKED LINKER/LOCATER V6.22.4.0                                                  09/18/2025  11:07:07  PAGE 26


  C:1079H         LINE#         98
  C:107FH         LINE#         100
  C:107FH         LINE#         101
  -------         ENDPROC       _?SYS_MUSIC_DRV
  -------         PROC          MUSICPLAYERINIT
  C:4364H         LINE#         103
  C:4364H         LINE#         104
  C:4364H         LINE#         105
  C:4372H         LINE#         106
  -------         ENDPROC       MUSICPLAYERINIT
  -------         PROC          _SETMUSIC
  D:0007H         SYMBOL        beatsPM
  D:0005H         SYMBOL        tone
  D:0001H         SYMBOL        pt
  D:000DH         SYMBOL        datasize
  D:000FH         SYMBOL        display
  C:3814H         LINE#         108
  C:3814H         LINE#         109
  C:381BH         LINE#         110
  C:3822H         LINE#         111
  C:3826H         LINE#         112
  C:3828H         LINE#         113
  C:3828H         LINE#         114
  C:382FH         LINE#         115
  C:3836H         LINE#         116
  C:3850H         LINE#         117
  C:385BH         LINE#         118
  C:3863H         LINE#         119
  C:3863H         LINE#         120
  C:386BH         LINE#         122
  -------         ENDPROC       _SETMUSIC
  -------         PROC          _SETPLAYERMODE
  D:0007H         SYMBOL        play_ctrl
  C:3FD8H         LINE#         124
  C:3FD8H         LINE#         125
  C:3FFAH         LINE#         126
  C:3FFFH         LINE#         127
  -------         ENDPROC       _SETPLAYERMODE
  -------         PROC          GETPLAYERMODE
  C:4462H         LINE#         129
  C:4462H         LINE#         130
  C:4467H         LINE#         131
  -------         ENDPROC       GETPLAYERMODE
  -------         ENDMOD        MUSIC

  -------         MODULE        UART2
  C:0000H         SYMBOL        _ICE_DUMMY_
  D:004EH         PUBLIC        ModBus_Interval_Min
  D:0080H         PUBLIC        P0
  C:1C46H         PUBLIC        Uart2_isr
  D:0090H         PUBLIC        P1
  D:00A0H         PUBLIC        P2
  D:00B0H         PUBLIC        P3
  D:00C0H         PUBLIC        P4
  D:00C8H         PUBLIC        P5
  D:00E8H         PUBLIC        P6
  D:00F8H         PUBLIC        P7
BL51 BANKED LINKER/LOCATER V6.22.4.0                                                  09/18/2025  11:07:07  PAGE 27


  D:00BAH         PUBLIC        P_SW2
  D:00A8H         PUBLIC        IE
  D:00DBH         PUBLIC        CCAPM1
  D:00B8H         PUBLIC        IP
  C:0042H         PUBLIC        _?nullfunc0
  D:00D8H         PUBLIC        CCON
  C:3E9DH         PUBLIC        _SetUart2Rxd
  B:0090H.0       PUBLIC        P10
  B:0090H.1       PUBLIC        P11
  D:0098H         PUBLIC        SCON
  D:0088H         PUBLIC        TCON
  D:00AFH         PUBLIC        IE2
  D:008EH         PUBLIC        AUXR
  C:43F0H         PUBLIC        GetUart2TxStatus
  D:00D6H         PUBLIC        T2H
  B:00B0H.7       PUBLIC        M485_TxEn
  D:00D7H         PUBLIC        T2L
  C:3EFFH         PUBLIC        _Uart2Print
  D:009BH         PUBLIC        S2BUF
  D:009AH         PUBLIC        S2CON
  C:27CCH         PUBLIC        _Uart2Init
  D:004FH         PUBLIC        Uart2usage
  C:4373H         PUBLIC        _?sys_get_Uart2RxdEvent
  X:0156H         PUBLIC        com2
  D:00D0H         PUBLIC        PSW
  -------         PROC          UART2_ISR
  C:1C46H         LINE#         19
  C:1C63H         LINE#         20
  C:1C68H         LINE#         21
  C:1C6BH         LINE#         22
  C:1C9FH         LINE#         24
  C:1CA4H         LINE#         25
  C:1CAAH         LINE#         26
  C:1CAAH         LINE#         27
  C:1CAAH         LINE#         29
  C:1CB2H         LINE#         30
  C:1CB5H         LINE#         31
  C:1CB8H         LINE#         32
  C:1CBAH         LINE#         33
  C:1CC1H         LINE#         34
  C:1CC3H         LINE#         35
  C:1CC3H         LINE#         36
  C:1CCCH         LINE#         37
  C:1CE0H         LINE#         38
  C:1CF4H         LINE#         39
  C:1D03H         LINE#         40
  C:1D11H         LINE#         41
  C:1D43H         LINE#         42
  C:1D51H         LINE#         43
  C:1D51H         LINE#         44
  C:1D54H         LINE#         45
  C:1D57H         LINE#         47
  C:1D6BH         LINE#         48
  C:1D7FH         LINE#         49
  C:1D8EH         LINE#         50
  C:1D9CH         LINE#         51
  C:1DD4H         LINE#         52
BL51 BANKED LINKER/LOCATER V6.22.4.0                                                  09/18/2025  11:07:07  PAGE 28


  C:1DE2H         LINE#         53
  C:1DE2H         LINE#         54
  C:1DFDH         LINE#         55
  C:1DFDH         LINE#         56
  C:1DFDH         LINE#         57
  -------         ENDPROC       UART2_ISR
  -------         PROC          _?SYS_GET_UART2RXDEVENT
  -------         DO            
  i:0000H         SYMBOL        a
  -------         ENDDO         
  C:4373H         LINE#         59
  C:4375H         LINE#         61
  C:437DH         LINE#         62
  C:437FH         LINE#         63
  C:437FH         LINE#         64
  -------         ENDPROC       _?SYS_GET_UART2RXDEVENT
  -------         PROC          _?NULLFUNC0
  C:0042H         LINE#         66
  -------         ENDPROC       _?NULLFUNC0
  -------         PROC          _UART2INIT
  D:0008H         SYMBOL        band
  D:000CH         SYMBOL        Uart2mode
  C:27CCH         LINE#         68
  C:27D4H         LINE#         69
  C:27D4H         LINE#         72
  C:27D7H         LINE#         73
  C:27DDH         LINE#         74
  C:27E0H         LINE#         75
  C:27E4H         LINE#         76
  C:27F2H         LINE#         77
  C:27F5H         LINE#         78
  C:27F7H         LINE#         79
  C:27F9H         LINE#         80
  C:27FBH         LINE#         82
  C:27FDH         LINE#         83
  C:2811H         LINE#         84
  C:2818H         LINE#         85
  C:281BH         LINE#         86
  C:281BH         LINE#         88
  C:281EH         LINE#         89
  C:283DH         LINE#         90
  C:286CH         LINE#         91
  C:286FH         LINE#         92
  C:2872H         LINE#         93
  C:2880H         LINE#         94
  -------         ENDPROC       _UART2INIT
  -------         PROC          _SETUART2RXD
  D:0001H         SYMBOL        RxdPt
  D:0004H         SYMBOL        Nmax
  D:000DH         SYMBOL        matchhead
  D:0010H         SYMBOL        matchheadsize
  C:3E9DH         LINE#         96
  C:3E9DH         LINE#         97
  C:3EA8H         LINE#         98
  C:3EAEH         LINE#         99
  C:3EB8H         LINE#         100
  C:3EC6H         LINE#         101
BL51 BANKED LINKER/LOCATER V6.22.4.0                                                  09/18/2025  11:07:07  PAGE 29


  C:3EC8H         LINE#         102
  C:3ECDH         LINE#         103
  -------         ENDPROC       _SETUART2RXD
  -------         PROC          _UART2PRINT
  D:0001H         SYMBOL        pt
  D:0004H         SYMBOL        num
  C:3EFFH         LINE#         105
  C:3EFFH         LINE#         106
  C:3F05H         LINE#         107
  C:3F10H         LINE#         108
  C:3F15H         LINE#         109
  C:3F1BH         LINE#         110
  C:3F1FH         LINE#         112
  C:3F25H         LINE#         113
  C:3F28H         LINE#         114
  C:3F2BH         LINE#         115
  C:3F2BH         LINE#         116
  C:3F2DH         LINE#         117
  -------         ENDPROC       _UART2PRINT
  -------         PROC          GETUART2TXSTATUS
  C:43F0H         LINE#         119
  C:43F0H         LINE#         120
  C:43F8H         LINE#         121
  C:43FAH         LINE#         122
  -------         ENDPROC       GETUART2TXSTATUS
  -------         ENDMOD        UART2

  -------         MODULE        BEEP
  C:0000H         SYMBOL        _ICE_DUMMY_
  D:0080H         PUBLIC        P0
  D:00B2H         PUBLIC        P3M0
  D:0090H         PUBLIC        P1
  D:00B1H         PUBLIC        P3M1
  D:00A0H         PUBLIC        P2
  D:00B0H         PUBLIC        P3
  D:00C0H         PUBLIC        P4
  D:00C8H         PUBLIC        P5
  D:00E8H         PUBLIC        P6
  D:00F8H         PUBLIC        P7
  D:00F9H         PUBLIC        CH
  C:4000H         PUBLIC        _?sys_beep_drv
  D:00A8H         PUBLIC        IE
  D:00E9H         PUBLIC        CL
  C:419BH         PUBLIC        BeepInit
  B:00D8H.6       PUBLIC        CR
  D:00DAH         PUBLIC        CCAPM0
  D:00B8H         PUBLIC        IP
  D:00D9H         PUBLIC        CMOD
  D:00D8H         PUBLIC        CCON
  C:43D8H         PUBLIC        GetBeepStatus
  C:33BFH         PUBLIC        _SetBeep
  D:0098H         PUBLIC        SCON
  D:0088H         PUBLIC        TCON
  D:00D0H         PUBLIC        PSW
  B:00D8H.0       PUBLIC        CCF0
  -------         PROC          _?SYS_BEEP_DRV
  -------         DO            
BL51 BANKED LINKER/LOCATER V6.22.4.0                                                  09/18/2025  11:07:07  PAGE 30


  i:0000H         SYMBOL        a
  -------         ENDDO         
  C:4000H         LINE#         11
  C:4004H         LINE#         13
  C:400EH         LINE#         14
  C:4023H         LINE#         15
  -------         ENDPROC       _?SYS_BEEP_DRV
  -------         PROC          BEEPINIT
  C:419BH         LINE#         17
  C:419BH         LINE#         18
  C:419BH         LINE#         19
  C:419EH         LINE#         20
  C:41A1H         LINE#         21
  C:41A4H         LINE#         22
  C:41A7H         LINE#         23
  C:41AAH         LINE#         24
  C:41ACH         LINE#         25
  C:41BAH         LINE#         26
  -------         ENDPROC       BEEPINIT
  -------         PROC          _SETBEEP
  D:000EH         SYMBOL        Beep_freq
  D:0010H         SYMBOL        Beep_time
  -------         DO            
  D:0002H         SYMBOL        a
  D:0004H         SYMBOL        b
  -------         ENDDO         
  C:33BFH         LINE#         28
  C:33C7H         LINE#         29
  C:33C7H         LINE#         31
  C:33CEH         LINE#         32
  C:33D5H         LINE#         33
  C:33E0H         LINE#         34
  C:3409H         LINE#         35
  C:341DH         LINE#         36
  C:3424H         LINE#         37
  C:3426H         LINE#         38
  C:3429H         LINE#         39
  C:342BH         LINE#         41
  C:342EH         LINE#         42
  C:3431H         LINE#         43
  C:3431H         LINE#         44
  C:3434H         LINE#         45
  C:3434H         LINE#         46
  C:3436H         LINE#         47
  -------         ENDPROC       _SETBEEP
  -------         PROC          GETBEEPSTATUS
  C:43D8H         LINE#         49
  C:43D8H         LINE#         50
  C:43E1H         LINE#         51
  C:43E3H         LINE#         52
  -------         ENDPROC       GETBEEPSTATUS
  -------         ENDMOD        BEEP

  -------         MODULE        TEMP_MODULE
  C:0000H         SYMBOL        _ICE_DUMMY_
  C:3707H         PUBLIC        UpdateTemp
  D:0080H         PUBLIC        P0
BL51 BANKED LINKER/LOCATER V6.22.4.0                                                  09/18/2025  11:07:07  PAGE 31


  D:0090H         PUBLIC        P1
  D:00A0H         PUBLIC        P2
  D:00B0H         PUBLIC        P3
  D:00C0H         PUBLIC        P4
  D:00C8H         PUBLIC        P5
  D:00E8H         PUBLIC        P6
  D:00F8H         PUBLIC        P7
  D:00A8H         PUBLIC        IE
  D:00B8H         PUBLIC        IP
  D:00D8H         PUBLIC        CCON
  D:0098H         PUBLIC        SCON
  D:0088H         PUBLIC        TCON
  X:0194H         PUBLIC        temperature
  C:2E5FH         PUBLIC        ShowTemp
  X:0196H         PUBLIC        adc_temp
  C:1A4AH         PUBLIC        tempdata
  X:01A0H         PUBLIC        tempThresholds
  X:01A4H         PUBLIC        rt
  D:00D0H         PUBLIC        PSW
  -------         PROC          UPDATETEMP
  C:3707H         LINE#         23
  C:3707H         LINE#         24
  C:3717H         LINE#         25
  C:3726H         LINE#         26
  C:373DH         LINE#         27
  C:3760H         LINE#         28
  -------         ENDPROC       UPDATETEMP
  -------         PROC          SHOWTEMP
  C:2E5FH         LINE#         29
  C:2E5FH         LINE#         30
  C:2E5FH         LINE#         31
  C:2E6FH         LINE#         32
  C:2EA0H         LINE#         34
  C:2EF2H         LINE#         35
  -------         ENDPROC       SHOWTEMP
  -------         ENDMOD        TEMP_MODULE

  -------         MODULE        NAV_HANDLER
  C:0000H         SYMBOL        _ICE_DUMMY_
  D:0080H         PUBLIC        P0
  D:0090H         PUBLIC        P1
  D:00A0H         PUBLIC        P2
  X:0208H         PUBLIC        displayMode
  D:00B0H         PUBLIC        P3
  D:00C0H         PUBLIC        P4
  D:00C8H         PUBLIC        P5
  D:00E8H         PUBLIC        P6
  D:00F8H         PUBLIC        P7
  D:00A8H         PUBLIC        IE
  D:00B8H         PUBLIC        IP
  D:00D8H         PUBLIC        CCON
  C:40EDH         PUBLIC        ShowStatus
  D:0098H         PUBLIC        SCON
  D:0088H         PUBLIC        TCON
  C:2C76H         PUBLIC        NavHandler
  D:00D0H         PUBLIC        PSW
  -------         PROC          NAVHANDLER
BL51 BANKED LINKER/LOCATER V6.22.4.0                                                  09/18/2025  11:07:07  PAGE 32


  -------         DO            
  X:00D6H         SYMBOL        navUp
  X:00D7H         SYMBOL        navDown
  X:00D8H         SYMBOL        navLeft
  X:00D9H         SYMBOL        navRight
  -------         ENDDO         
  C:2C76H         LINE#         6
  C:2C76H         LINE#         7
  C:2C76H         LINE#         8
  C:2C80H         LINE#         9
  C:2C8AH         LINE#         10
  C:2C94H         LINE#         11
  C:2C9EH         LINE#         13
  C:2CA5H         LINE#         14
  C:2CABH         LINE#         15
  C:2CB5H         LINE#         16
  C:2CB5H         LINE#         17
  C:2CBCH         LINE#         18
  C:2CC2H         LINE#         19
  C:2CCDH         LINE#         20
  C:2CCDH         LINE#         21
  C:2CD4H         LINE#         22
  C:2CDBH         LINE#         23
  C:2CDDH         LINE#         24
  C:2CF3H         LINE#         25
  C:2CF3H         LINE#         26
  C:2CF3H         LINE#         29
  C:2CFAH         LINE#         30
  C:2D01H         LINE#         31
  C:2D03H         LINE#         32
  C:2D19H         LINE#         33
[...]
  -------         PROC          _IIC_RADIO_WRITEBYTE
  D:0005H         SYMBOL        Data
  -------         DO            
  D:0003H         SYMBOL        i
  -------         ENDDO         
  C:4078H         LINE#         57
BL51 BANKED LINKER/LOCATER V6.22.4.0                                                  09/18/2025  11:07:07  PAGE 56


  C:407AH         LINE#         58
  C:407AH         LINE#         59
  C:407CH         LINE#         60
  C:407EH         LINE#         61
  C:4083H         LINE#         62
  C:4087H         LINE#         63
  C:408BH         LINE#         64
  C:408BH         LINE#         65
  C:408BH         LINE#         66
  C:408EH         LINE#         67
  C:4092H         LINE#         68
  C:4094H         LINE#         69
  C:4099H         LINE#         70
  C:409BH         LINE#         71
  -------         ENDPROC       _IIC_RADIO_WRITEBYTE
  -------         PROC          _?SYS_FMRADIO_DRV
  -------         DO            
  i:0000H         SYMBOL        i
  -------         ENDDO         
  C:3B67H         LINE#         74
  C:3B69H         LINE#         76
  C:3B71H         LINE#         77
  C:3B74H         LINE#         78
  C:3B79H         LINE#         79
  C:3B7CH         LINE#         80
  C:3B89H         LINE#         81
  C:3B98H         LINE#         82
  C:3B9BH         LINE#         83
  C:3BA0H         LINE#         84
  C:3BA3H         LINE#         85
  C:3BA8H         LINE#         86
  C:3BA8H         LINE#         87
  -------         ENDPROC       _?SYS_FMRADIO_DRV
  -------         PROC          GETFMRADIO
  -------         DO            
  D:0014H         SYMBOL        FM
  D:0007H         SYMBOL        chan
  -------         ENDDO         
  C:36ABH         LINE#         89
  C:36ABH         LINE#         90
  C:36ABH         LINE#         92
  C:36BCH         LINE#         93
  C:36C5H         LINE#         94
  C:36CDH         LINE#         95
  C:36D4H         LINE#         96
  C:36E2H         LINE#         97
  C:36F1H         LINE#         98
  C:3700H         LINE#         99
  C:3706H         LINE#         100
  -------         ENDPROC       GETFMRADIO
  -------         PROC          SETFMRADIO
  D:000EH         SYMBOL        FM
  -------         DO            
  D:0005H         SYMBOL        a
  -------         ENDDO         
  C:2716H         LINE#         102
  C:2716H         LINE#         103
BL51 BANKED LINKER/LOCATER V6.22.4.0                                                  09/18/2025  11:07:07  PAGE 57


  C:2716H         LINE#         104
  C:274CH         LINE#         105
  C:2751H         LINE#         106
  C:2759H         LINE#         107
  C:2766H         LINE#         108
  C:276CH         LINE#         109
  C:276CH         LINE#         110
  C:2794H         LINE#         111
  C:27A1H         LINE#         112
  C:27A5H         LINE#         113
  C:27A5H         LINE#         114
  C:27A7H         LINE#         115
  C:27AEH         LINE#         116
  C:27B5H         LINE#         117
  C:27BCH         LINE#         118
  C:27C3H         LINE#         119
  C:27C5H         LINE#         120
  C:27CBH         LINE#         121
  C:27CBH         LINE#         122
  -------         ENDPROC       SETFMRADIO
  -------         PROC          FMRADIOINIT
  D:0008H         SYMBOL        FM
  C:40C8H         LINE#         124
  C:40C8H         LINE#         125
  C:40C8H         LINE#         126
  C:40DEH         LINE#         127
  C:40ECH         LINE#         128
  -------         ENDPROC       FMRADIOINIT
  -------         ENDMOD        FM_RADIO

  -------         MODULE        EXT
  C:0000H         SYMBOL        _ICE_DUMMY_
  D:0080H         PUBLIC        P0
  D:0090H         PUBLIC        P1
  D:00A0H         PUBLIC        P2
  D:00B0H         PUBLIC        P3
  D:00C0H         PUBLIC        P4
  D:00C8H         PUBLIC        P5
  D:00E8H         PUBLIC        P6
  X:01CEH         PUBLIC        EXTmodel
  D:00F8H         PUBLIC        P7
  C:3D9FH         PUBLIC        _EXTInit
  C:37BBH         PUBLIC        ReadCount
  D:00A2H         PUBLIC        P_SW1
  C:4440H         PUBLIC        GetWeight
  D:00A8H         PUBLIC        IE
  X:01CFH         PUBLIC        T_Pout1
  X:01D1H         PUBLIC        T_Pout2
  B:00D8H.6       PUBLIC        CR
  X:01D3H         PUBLIC        resultEXT
  D:00DBH         PUBLIC        CCAPM1
  D:00B8H         PUBLIC        IP
  C:301AH         PUBLIC        _SetPWM
  D:00D9H         PUBLIC        CMOD
  D:00D8H         PUBLIC        CCON
  D:0098H         PUBLIC        SCON
  D:0088H         PUBLIC        TCON
BL51 BANKED LINKER/LOCATER V6.22.4.0                                                  09/18/2025  11:07:07  PAGE 58


  B:0090H.0       PUBLIC        DOUT
  D:00E0H         PUBLIC        ACC
  B:0090H.1       PUBLIC        PD_SCK
  X:01D5H         PUBLIC        T_PWM1
  X:01D7H         PUBLIC        T_PWM2
  C:262FH         PUBLIC        _?sys_EXT_drv
  C:4354H         PUBLIC        GetDecode
  D:00D0H         PUBLIC        PSW
  -------         PROC          _SETPWM
  D:0002H         SYMBOL        PWM1
  D:0005H         SYMBOL        freq1
  D:000AH         SYMBOL        PWM2
  D:000BH         SYMBOL        freq2
  C:301AH         LINE#         25
  C:301EH         LINE#         26
  C:302FH         LINE#         27
  C:3041H         LINE#         28
  C:3075H         LINE#         29
  C:30A9H         LINE#         30
  -------         ENDPROC       _SETPWM
  -------         PROC          READCOUNT
  -------         DO            
  D:0042H         SYMBOL        Count
  D:0046H         SYMBOL        i
  -------         ENDDO         
  C:37BBH         LINE#         35
  C:37BBH         LINE#         36
  C:37BBH         LINE#         38
  C:37C4H         LINE#         39
  C:37C6H         LINE#         40
  C:37C8H         LINE#         41
  C:37DDH         LINE#         42
  C:37DEH         LINE#         43
  C:37E0H         LINE#         44
  C:37F8H         LINE#         45
  C:37FFH         LINE#         46
  C:3800H         LINE#         47
  C:3802H         LINE#         48
  C:3803H         LINE#         49
  C:3804H         LINE#         50
  C:3806H         LINE#         51
  C:3813H         LINE#         52
  -------         ENDPROC       READCOUNT
  -------         PROC          GETWEIGHT
  C:4440H         LINE#         54
  C:4440H         LINE#         55
  C:4448H         LINE#         56
  -------         ENDPROC       GETWEIGHT
  -------         PROC          GETDECODE
  -------         DO            
  D:0006H         SYMBOL        a
  -------         ENDDO         
  C:4354H         LINE#         58
  C:4354H         LINE#         59
  C:4354H         LINE#         60
  C:435CH         LINE#         61
  C:4363H         LINE#         62
BL51 BANKED LINKER/LOCATER V6.22.4.0                                                  09/18/2025  11:07:07  PAGE 59


  C:4363H         LINE#         63
  -------         ENDPROC       GETDECODE
  -------         PROC          _?SYS_EXT_DRV
  -------         DO            
  D:003CH         SYMBOL        i
  D:003EH         SYMBOL        j
  D:0040H         SYMBOL        oldPin1
  D:0041H         SYMBOL        UStimer
  -------         ENDDO         
  C:262FH         LINE#         65
  C:262FH         LINE#         69
  C:2635H         LINE#         70
  C:2639H         LINE#         71
  C:2644H         LINE#         72
  C:2644H         LINE#         73
  C:264DH         LINE#         74
  C:2669H         LINE#         75
  C:267EH         LINE#         76
  C:269AH         LINE#         77
  C:26AFH         LINE#         78
  C:26AFH         LINE#         79
  C:26B4H         LINE#         80
  C:26CBH         LINE#         81
  C:26ECH         LINE#         82
  C:26F2H         LINE#         83
  C:26F2H         LINE#         84
  C:26F9H         LINE#         85
  C:26FFH         LINE#         86
  C:2704H         LINE#         87
  C:2706H         LINE#         88
  C:2709H         LINE#         89
  C:2709H         LINE#         90
  C:2712H         LINE#         91
  C:2715H         LINE#         92
  C:2715H         LINE#         93
  -------         ENDPROC       _?SYS_EXT_DRV
  -------         PROC          _EXTINIT
  D:0007H         SYMBOL        EXTfunction
  C:3D9FH         LINE#         95
  C:3D9FH         LINE#         96
  C:3D9FH         LINE#         97
  C:3DA4H         LINE#         98
  C:3DAAH         LINE#         99
  C:3DACH         LINE#         100
  C:3DB3H         LINE#         101
  C:3DB5H         LINE#         102
  C:3DB7H         LINE#         103
  C:3DB9H         LINE#         104
  C:3DBCH         LINE#         105
  C:3DBFH         LINE#         106
  C:3DC1H         LINE#         107
  C:3DC3H         LINE#         108
  C:3DC6H         LINE#         109
  C:3DD4H         LINE#         110
  -------         ENDPROC       _EXTINIT
  -------         ENDMOD        EXT

BL51 BANKED LINKER/LOCATER V6.22.4.0                                                  09/18/2025  11:07:07  PAGE 60


  -------         MODULE        UART1
  C:0000H         SYMBOL        _ICE_DUMMY_
  C:1FC4H         PUBLIC        Uart1_isr
  D:0080H         PUBLIC        P0
  D:0090H         PUBLIC        P1
  D:00A0H         PUBLIC        P2
  D:00B0H         PUBLIC        P3
  D:00C0H         PUBLIC        P4
  D:00C8H         PUBLIC        P5
  D:00E8H         PUBLIC        P6
  D:00F8H         PUBLIC        P7
  D:00A8H         PUBLIC        IE
  B:00A8H.4       PUBLIC        ES
  D:00B8H         PUBLIC        IP
  B:0098H.0       PUBLIC        RI
  B:0098H.1       PUBLIC        TI
  D:00D8H         PUBLIC        CCON
  C:3ECEH         PUBLIC        _SetUart1Rxd
  D:0099H         PUBLIC        SBUF
  D:0098H         PUBLIC        SCON
  D:0089H         PUBLIC        TMOD
  D:0088H         PUBLIC        TCON
  D:008EH         PUBLIC        AUXR
  C:4411H         PUBLIC        GetUart1TxStatus
  B:00A8H.3       PUBLIC        ET1
  D:008DH         PUBLIC        TH1
  D:008BH         PUBLIC        TL1
  B:0088H.6       PUBLIC        TR1
  C:40A0H         PUBLIC        _Uart1Print
  C:3437H         PUBLIC        _Uart1Init
  C:4382H         PUBLIC        _?sys_get_Uart1RxdEvent
  X:016BH         PUBLIC        com1
  D:00D0H         PUBLIC        PSW
  -------         PROC          UART1_ISR
  C:1FC4H         LINE#         10
  C:1FE1H         LINE#         11
  C:1FE4H         LINE#         12
  C:1FE6H         LINE#         13
  C:201AH         LINE#         14
  C:201FH         LINE#         15
  C:201FH         LINE#         16
  C:2025H         LINE#         17
  C:2027H         LINE#         18
  C:202AH         LINE#         19
  C:202CH         LINE#         20
  C:2033H         LINE#         21
  C:2033H         LINE#         22
  C:2047H         LINE#         23
  C:205BH         LINE#         24
  C:206AH         LINE#         25
  C:2078H         LINE#         26
  C:20B0H         LINE#         27
  C:20BEH         LINE#         28
  C:20BEH         LINE#         29
  C:20D9H         LINE#         30
  C:20D9H         LINE#         31
  -------         ENDPROC       UART1_ISR
BL51 BANKED LINKER/LOCATER V6.22.4.0                                                  09/18/2025  11:07:07  PAGE 61


  -------         PROC          _?SYS_GET_UART1RXDEVENT
  -------         DO            
  i:0000H         SYMBOL        a
  -------         ENDDO         
  C:4382H         LINE#         33
  C:4384H         LINE#         35
  C:438CH         LINE#         36
  C:438EH         LINE#         37
  C:438EH         LINE#         38
  -------         ENDPROC       _?SYS_GET_UART1RXDEVENT
  -------         PROC          _UART1INIT
  D:0008H         SYMBOL        band
  C:3437H         LINE#         40
  C:343FH         LINE#         41
  C:343FH         LINE#         43
  C:3442H         LINE#         44
  C:3445H         LINE#         45
  C:3448H         LINE#         46
  C:344BH         LINE#         47
  C:346AH         LINE#         48
  C:3499H         LINE#         49
  C:349BH         LINE#         50
  C:349DH         LINE#         51
  C:349FH         LINE#         52
  C:34ADH         LINE#         53
  -------         ENDPROC       _UART1INIT
  -------         PROC          _SETUART1RXD
  D:0001H         SYMBOL        RxdPt
  D:0004H         SYMBOL        Nmax
  D:000DH         SYMBOL        matchhead
  D:0010H         SYMBOL        matchheadsize
  C:3ECEH         LINE#         55
  C:3ECEH         LINE#         56
  C:3ED9H         LINE#         57
  C:3EDFH         LINE#         58
  C:3EE9H         LINE#         59
  C:3EF7H         LINE#         60
  C:3EF9H         LINE#         61
  C:3EFEH         LINE#         62
  -------         ENDPROC       _SETUART1RXD
  -------         PROC          _UART1PRINT
  D:0001H         SYMBOL        pt
  D:0004H         SYMBOL        num
  C:40A0H         LINE#         64
  C:40A0H         LINE#         65
  C:40A6H         LINE#         66
  C:40B1H         LINE#         67
  C:40B6H         LINE#         68
  C:40BCH         LINE#         69
  C:40C0H         LINE#         70
  C:40C2H         LINE#         71
  C:40C5H         LINE#         72
  C:40C5H         LINE#         73
  C:40C7H         LINE#         74
  -------         ENDPROC       _UART1PRINT
  -------         PROC          GETUART1TXSTATUS
  C:4411H         LINE#         76
BL51 BANKED LINKER/LOCATER V6.22.4.0                                                  09/18/2025  11:07:07  PAGE 62


  C:4411H         LINE#         77
  C:4419H         LINE#         78
  C:441BH         LINE#         79
  -------         ENDPROC       GETUART1TXSTATUS
  -------         ENDMOD        UART1

  -------         MODULE        ?C?COPY
  C:094AH         PUBLIC        ?C?COPY
  -------         ENDMOD        ?C?COPY

  -------         MODULE        ?C?CLDPTR
  C:0970H         PUBLIC        ?C?CLDPTR
  -------         ENDMOD        ?C?CLDPTR

  -------         MODULE        ?C?CLDOPTR
  C:0989H         PUBLIC        ?C?CLDOPTR
  -------         ENDMOD        ?C?CLDOPTR

  -------         MODULE        ?C?CSTPTR
  C:09B6H         PUBLIC        ?C?CSTPTR
  -------         ENDMOD        ?C?CSTPTR

  -------         MODULE        ?C?CSTOPTR
  C:09C8H         PUBLIC        ?C?CSTOPTR
  -------         ENDMOD        ?C?CSTOPTR

  -------         MODULE        ?C?IMUL
  C:09EAH         PUBLIC        ?C?IMUL
  -------         ENDMOD        ?C?IMUL

  -------         MODULE        ?C?UIDIV
  C:09FCH         PUBLIC        ?C?UIDIV
  -------         ENDMOD        ?C?UIDIV

  -------         MODULE        ?C?SIDIV
  C:0A51H         PUBLIC        ?C?SIDIV
  -------         ENDMOD        ?C?SIDIV

  -------         MODULE        ?C?IILDX
  C:0A87H         PUBLIC        ?C?IILDX
  -------         ENDMOD        ?C?IILDX

  -------         MODULE        ?C?ILDIX
  C:0A9DH         PUBLIC        ?C?ILDIX
  -------         ENDMOD        ?C?ILDIX

  -------         MODULE        ?C?ILDPTR
  C:0AB3H         PUBLIC        ?C?ILDPTR
  -------         ENDMOD        ?C?ILDPTR

  -------         MODULE        ?C?LMUL
  C:0ADEH         PUBLIC        ?C?LMUL
  -------         ENDMOD        ?C?LMUL

  -------         MODULE        ?C?ULDIV
  C:0B69H         PUBLIC        ?C?ULDIV
  -------         ENDMOD        ?C?ULDIV
BL51 BANKED LINKER/LOCATER V6.22.4.0                                                  09/18/2025  11:07:07  PAGE 63



  -------         MODULE        ?C?SLDIV
  C:3BABH         PUBLIC        ?C?SLDIV
  -------         ENDMOD        ?C?SLDIV

  -------         MODULE        ?C?SLCMP
  C:0BFBH         PUBLIC        ?C?SLCMP
  -------         ENDMOD        ?C?SLCMP

  -------         MODULE        ?C?ULSHR
  C:0C11H         PUBLIC        ?C?ULSHR
  -------         ENDMOD        ?C?ULSHR

  -------         MODULE        ?C?SLSHR
  C:0C24H         PUBLIC        ?C?SLSHR
  -------         ENDMOD        ?C?SLSHR

  -------         MODULE        ?C?LSHL
  C:0C38H         PUBLIC        ?C?LSHL
  -------         ENDMOD        ?C?LSHL

  -------         MODULE        ?C?LLDCODE
  C:0C4BH         PUBLIC        ?C?LLDCODE
  -------         ENDMOD        ?C?LLDCODE

  -------         MODULE        ?C?LSTXDATA
  C:0C5BH         PUBLIC        ?C?LSTXDATA
  -------         ENDMOD        ?C?LSTXDATA

  -------         MODULE        ?C?OFFXADD
  C:0C67H         PUBLIC        ?C?OFFXADD
  -------         ENDMOD        ?C?OFFXADD

  -------         MODULE        ?C?ICALL
  C:0C73H         PUBLIC        ?C?ICALL
  C:0C77H         PUBLIC        ?C?ICALL2
  -------         ENDMOD        ?C?ICALL

  -------         MODULE        ?C_IBP
  D:0055H         PUBLIC        ?C_IBP
  -------         ENDMOD        ?C_IBP

  -------         MODULE        ?C?STRCPY
  C:0D45H         PUBLIC        ?C?STRCPY
  -------         ENDMOD        ?C?STRCPY

  -------         MODULE        STRLEN
  C:429FH         PUBLIC        _STRLEN
  -------         ENDMOD        STRLEN

  -------         MODULE        STRCHR
  C:4210H         PUBLIC        _STRCHR
  -------         ENDMOD        STRCHR

  -------         MODULE        STRTOK
  D:000DH         PUBLIC        ?_strtok?BYTE
  C:32C2H         PUBLIC        _strtok
BL51 BANKED LINKER/LOCATER V6.22.4.0                                                  09/18/2025  11:07:07  PAGE 64


  -------         ENDMOD        STRTOK

  -------         MODULE        ATOI
  C:2881H         PUBLIC        _atoi
  -------         ENDMOD        ATOI

  -------         MODULE        ?C?MEMSET
  C:0D62H         PUBLIC        ?C?MEMSET
  -------         ENDMOD        ?C?MEMSET

  -------         MODULE        ISDIGIT
  C:4391H         PUBLIC        _isdigit
  -------         ENDMOD        ISDIGIT

  -------         MODULE        ISSPACE
  C:42EEH         PUBLIC        _isspace
  -------         ENDMOD        ISSPACE

  -------         MODULE        STRSPN
  D:0013H         PUBLIC        ?_strspn?BYTE
  C:35EDH         PUBLIC        _strspn
  -------         ENDMOD        STRSPN

  -------         MODULE        STRPBRK
  D:0013H         PUBLIC        ?_strpbrk?BYTE
  C:364EH         PUBLIC        _strpbrk
  -------         ENDMOD        STRPBRK

*** WARNING L16: UNCALLED SEGMENT, IGNORED FOR OVERLAY PROCESS
    SEGMENT: ?PR?_GETKEYACT?KEY

*** WARNING L16: UNCALLED SEGMENT, IGNORED FOR OVERLAY PROCESS
    SEGMENT: ?PR?GETSYSPERFORMANCE?SYS

*** WARNING L16: UNCALLED SEGMENT, IGNORED FOR OVERLAY PROCESS
    SEGMENT: ?PR?GETUART2TXSTATUS?UART2

*** WARNING L16: UNCALLED SEGMENT, IGNORED FOR OVERLAY PROCESS
    SEGMENT: ?PR?BEEPINIT?BEEP

*** WARNING L16: UNCALLED SEGMENT, IGNORED FOR OVERLAY PROCESS
    SEGMENT: ?CO?TIME_MODULE

*** WARNING L16: UNCALLED SEGMENT, IGNORED FOR OVERLAY PROCESS
    SEGMENT: ?PR?MYUART1PROCESSRXDATA?MY_UART1

*** WARNING L16: UNCALLED SEGMENT, IGNORED FOR OVERLAY PROCESS
    SEGMENT: ?PR?ULTRASONICINIT?ULTRASONIC_MODULE

*** WARNING L16: UNCALLED SEGMENT, IGNORED FOR OVERLAY PROCESS
    SEGMENT: ?PR?ULTRASONICUPDATEANDDISPLAY?ULTRASONIC_MODULE

*** WARNING L16: UNCALLED SEGMENT, IGNORED FOR OVERLAY PROCESS
    SEGMENT: ?PR?AUTODOOR_EMERGENCYSTOP?ULTRASONIC_MODULE

*** WARNING L16: UNCALLED SEGMENT, IGNORED FOR OVERLAY PROCESS
    SEGMENT: ?PR?AUTODOOR_ISMOTORFREE?ULTRASONIC_MODULE
BL51 BANKED LINKER/LOCATER V6.22.4.0                                                  09/18/2025  11:07:07  PAGE 65



*** WARNING L16: UNCALLED SEGMENT, IGNORED FOR OVERLAY PROCESS
    SEGMENT: ?PR?ISULTRASONICVALID?ULTRASONIC_MODULE

*** WARNING L16: UNCALLED SEGMENT, IGNORED FOR OVERLAY PROCESS
    SEGMENT: ?PR?_SETTRAINID?TRAIN_ID_MODULE

*** WARNING L16: UNCALLED SEGMENT, IGNORED FOR OVERLAY PROCESS
    SEGMENT: ?PR?GETWEIGHT?EXT

*** WARNING L16: UNCALLED SEGMENT, IGNORED FOR OVERLAY PROCESS
    SEGMENT: ?PR?GETDECODE?EXT

Program Size: data=86.3 xdata=522 code=17533
LINK/LOCATE RUN COMPLETE.  14 WARNING(S),  0 ERROR(S)
