BL51 BANKED LINKER/LOCATER V6.22.4.0                                                    09/16/2025  15:45:50  PAGE 1


BL51 BANKED LINKER/LOCATER V6.22.4.0, INVOKED BY:
D:\KEIL_V5\C51\BIN\BL51.EXE .\output\main.obj, .\source\STCBSP_V3.6.LIB, .\output\temp_module.obj, .\output\Nav_handler.
>> obj, .\output\rtc_module.obj, .\output\speed_module.obj, .\output\voice_module.obj, .\output\core.obj, .\output\decod
>> e_table.obj, .\output\nv_temp_threshold.obj, .\output\my_uart1.obj TO .\output\BSP_Demo PRINT (.\list\BSP_Demo.m51) R
>> AMSIZE (256) XDATA (0X0000-0X07FF)


MEMORY MODEL: SMALL WITH FLOATING POINT ARITHMETIC


INPUT MODULES INCLUDED:
  .\output\main.obj (MAIN)
  .\source\STCBSP_V3.6.LIB (ADC)
  .\source\STCBSP_V3.6.LIB (BEEP)
  .\source\STCBSP_V3.6.LIB (DISPLAYER)
  .\source\STCBSP_V3.6.LIB (KEY)
  .\source\STCBSP_V3.6.LIB (SYS)
  .\source\STCBSP_V3.6.LIB (EXT)
  .\source\STCBSP_V3.6.LIB (UART2)
  .\output\temp_module.obj (TEMP_MODULE)
  .\output\Nav_handler.obj (NAV_HANDLER)
  .\output\rtc_module.obj (RTC_MODULE)
  .\output\speed_module.obj (SPEED_MODULE)
  .\output\voice_module.obj (VOICE_MODULE)
  .\output\core.obj (CORE)
  .\output\decode_table.obj (DECODE_TABLE)
  .\output\nv_temp_threshold.obj (NV_TEMP_THRESHOLD)
  .\output\my_uart1.obj (MY_UART1)
  .\source\STCBSP_V3.6.LIB (DS1302)
  .\source\STCBSP_V3.6.LIB (M24C02)
  .\source\STCBSP_V3.6.LIB (FM_RADIO)
  .\source\STCBSP_V3.6.LIB (UART1)
  D:\KEIL_V5\C51\LIB\C51FPS.LIB (?C?FPMUL)
  D:\KEIL_V5\C51\LIB\C51FPS.LIB (?C?FPDIV)
  D:\KEIL_V5\C51\LIB\C51FPS.LIB (?C?FCAST)
  D:\KEIL_V5\C51\LIB\C51FPS.LIB (?C?CASTF)
  D:\KEIL_V5\C51\LIB\C51FPS.LIB (?C?FPGETOPN)
  D:\KEIL_V5\C51\LIB\C51S.LIB (?C_STARTUP)
  D:\KEIL_V5\C51\LIB\C51S.LIB (?C?COPY)
  D:\KEIL_V5\C51\LIB\C51S.LIB (?C?CLDPTR)
  D:\KEIL_V5\C51\LIB\C51S.LIB (?C?CLDOPTR)
  D:\KEIL_V5\C51\LIB\C51S.LIB (?C?CSTPTR)
  D:\KEIL_V5\C51\LIB\C51S.LIB (?C?CSTOPTR)
  D:\KEIL_V5\C51\LIB\C51S.LIB (?C?UIDIV)
  D:\KEIL_V5\C51\LIB\C51S.LIB (?C?SIDIV)
  D:\KEIL_V5\C51\LIB\C51S.LIB (?C?ILDIX)
  D:\KEIL_V5\C51\LIB\C51S.LIB (?C?ILDPTR)
  D:\KEIL_V5\C51\LIB\C51S.LIB (?C?LMUL)
  D:\KEIL_V5\C51\LIB\C51S.LIB (?C?ULDIV)
  D:\KEIL_V5\C51\LIB\C51S.LIB (?C?SLDIV)
  D:\KEIL_V5\C51\LIB\C51S.LIB (?C?LNEG)
  D:\KEIL_V5\C51\LIB\C51S.LIB (?C?ULSHR)
  D:\KEIL_V5\C51\LIB\C51S.LIB (?C?SLSHR)
  D:\KEIL_V5\C51\LIB\C51S.LIB (?C?LSHL)
  D:\KEIL_V5\C51\LIB\C51S.LIB (?C?LLDCODE)
  D:\KEIL_V5\C51\LIB\C51S.LIB (?C?LSTXDATA)
  D:\KEIL_V5\C51\LIB\C51S.LIB (?C?OFFXADD)
  D:\KEIL_V5\C51\LIB\C51S.LIB (?C?ICALL)
BL51 BANKED LINKER/LOCATER V6.22.4.0                                                  09/16/2025  15:45:50  PAGE 2


  D:\KEIL_V5\C51\LIB\C51S.LIB (?C_IBP)
  D:\KEIL_V5\C51\LIB\C51S.LIB (?C?STRCPY)
  D:\KEIL_V5\C51\LIB\C51S.LIB (STRLEN)
  D:\KEIL_V5\C51\LIB\C51S.LIB (STRCHR)
  D:\KEIL_V5\C51\LIB\C51S.LIB (STRTOK)
  D:\KEIL_V5\C51\LIB\C51S.LIB (ATOI)
  D:\KEIL_V5\C51\LIB\C51S.LIB (?C?MEMSET)
  D:\KEIL_V5\C51\LIB\C51S.LIB (?C_INIT)
  D:\KEIL_V5\C51\LIB\C51S.LIB (?C?IMUL)
  D:\KEIL_V5\C51\LIB\C51S.LIB (ISDIGIT)
  D:\KEIL_V5\C51\LIB\C51S.LIB (ISSPACE)
  D:\KEIL_V5\C51\LIB\C51S.LIB (STRSPN)
  D:\KEIL_V5\C51\LIB\C51S.LIB (STRPBRK)


LINK MAP OF MODULE:  .\output\BSP_Demo (MAIN)


            TYPE    BASE      LENGTH    RELOCATION   SEGMENT NAME
            -----------------------------------------------------

            * * * * * * *   D A T A   M E M O R Y   * * * * * * *
            REG     0000H     0008H     ABSOLUTE     "REG BANK 0"
            DATA    0008H     0014H     UNIT         _DATA_GROUP_
            DATA    001CH     0004H     UNIT         ?DT?_SETBEEP?BEEP
            BIT     0020H.0   0001H.7   UNIT         ?BI?SYS
            BIT     0021H.7   0000H.1   UNIT         ?BI?ADC
            BIT     0022H.0   0000H.1   UNIT         ?BI?RTC_MODULE
            BIT     0022H.1   0000H.1   UNIT         _BIT_GROUP_
                    0022H.2   0000H.6                *** GAP ***
            DATA    0023H     0012H     UNIT         ?DT?SYS
            DATA    0035H     0007H     UNIT         ?DT?DS1302INIT?DS1302
            DATA    003CH     0006H     UNIT         ?DT?EXT
            DATA    0042H     0006H     UNIT         ?DT?FMRADIOINIT?FM_RADIO
            DATA    0048H     0004H     UNIT         ?DT?_SETPWM?EXT
            DATA    004CH     0003H     UNIT         ?DT?STRTOK
            DATA    004FH     0002H     UNIT         ?DT?ADC
            DATA    0051H     0002H     UNIT         ?DT?GETULTRASONIC?SYS
            DATA    0053H     0002H     UNIT         ?DT?UART2
            DATA    0055H     0001H     UNIT         ?DT?KEY
            DATA    0056H     0001H     UNIT         ?C?LIB_DATA
            IDATA   0057H     0001H     UNIT         ?STACK

            * * * * * * *  X D A T A   M E M O R Y  * * * * * * *
            XDATA   0000H     006EH     UNIT         ?XD?SYS
            XDATA   006EH     0044H     UNIT         ?XD?MY_UART1
            XDATA   00B2H     0033H     UNIT         _XDATA_GROUP_
            XDATA   00E5H     002DH     UNIT         ?XD?RTC_MODULE
            XDATA   0112H     001EH     UNIT         ?XD?ADC
            XDATA   0130H     0015H     UNIT         ?XD?UART2
            XDATA   0145H     0015H     UNIT         ?XD?UART1
            XDATA   015AH     0012H     UNIT         ?XD?TEMP_MODULE
            XDATA   016CH     000CH     UNIT         ?XD?DISPLAYER
            XDATA   0178H     000BH     UNIT         ?XD?EXT
            XDATA   0183H     000AH     UNIT         ?XD?KEY
            XDATA   018DH     0009H     UNIT         ?XD?CORE
            XDATA   0196H     0009H     UNIT         ?XD?DS1302
BL51 BANKED LINKER/LOCATER V6.22.4.0                                                  09/16/2025  15:45:50  PAGE 3


            XDATA   019FH     0009H     UNIT         ?XD?FM_RADIO
            XDATA   01A8H     0004H     UNIT         ?XD?SPEED_MODULE
            XDATA   01ACH     0002H     UNIT         ?XD?VOICE_MODULE
            XDATA   01AEH     0002H     UNIT         ?XD?NV_TEMP_THRESHOLD
            XDATA   01B0H     0001H     UNIT         ?XD?NAV_HANDLER
            XDATA   01B1H     0001H     UNIT         ?XD?MYUART1LOADTEMPTHRESHOLD?MY_UART1

            * * * * * * *   C O D E   M E M O R Y   * * * * * * *
            CODE    0000H     0003H     ABSOLUTE     
            CODE    0003H     0007H     UNIT         ?PR?GETADC?ADC
            CODE    000AH     0001H     UNIT         ?PR?_?NULLFUNC?SYS
            CODE    000BH     0003H     ABSOLUTE     
            CODE    000EH     0015H     UNIT         ?PR?MYUART1CLEARRXBUFFER?MY_UART1
            CODE    0023H     0003H     ABSOLUTE     
            CODE    0026H     0004H     UNIT         ?CO?CORE
            CODE    002AH     0001H     UNIT         ?PR?_?NULLFUNC0?UART2
            CODE    002BH     0003H     ABSOLUTE     
            CODE    002EH     000DH     UNIT         ?PR?STOP?M24C02
            CODE    003BH     0003H     ABSOLUTE     
            CODE    003EH     0003H     UNIT         ?PR?_?RET0FUNC?SYS
                    0041H     0002H                  *** GAP ***
            CODE    0043H     0003H     ABSOLUTE     
            CODE    0046H     075BH     UNIT         ?C?LIB_CODE
            CODE    07A1H     04B0H     UNIT         ?CO?VOICE_MODULE
            CODE    0C51H     01FCH     UNIT         ?CO?TEMP_MODULE
            CODE    0E4DH     01F7H     UNIT         ?PR?MYUART1SENDCURRENTSTATUS?MY_UART1
            CODE    1044H     01D2H     UNIT         ?PR?UART2_ISR?UART2
            CODE    1216H     01C5H     UNIT         ?PR?_PARSECOMMAND?MY_UART1
            CODE    13DBH     01ACH     UNIT         ?PR?_?SYS_ADC_DRV?ADC
            CODE    1587H     0197H     UNIT         ?C_INITSEG
            CODE    171EH     0130H     UNIT         ?PR?UART1_ISR?UART1
            CODE    184EH     0125H     UNIT         ?PR?UPDATETIME?RTC_MODULE
            CODE    1973H     0123H     UNIT         ?PR?_?SYS_KEY_DRV?KEY
            CODE    1A96H     011DH     UNIT         ?PR?_MY_UTOA?MY_UART1
            CODE    1BB3H     00FEH     UNIT         ?PR?DS1302INIT?DS1302
            CODE    1CB1H     00EDH     UNIT         ?PR?SYS_TASK_1MS?SYS
            CODE    1D9EH     00ECH     UNIT         ?PR?RESETTIMER?RTC_MODULE
            CODE    1E8AH     00E9H     UNIT         ?PR?_?SYS_DISPLAY_DRV?DISPLAYER
            CODE    1F73H     00E7H     UNIT         ?PR?_?SYS_EXT_DRV?EXT
            CODE    205AH     00B6H     UNIT         ?PR?SETFMRADIO?FM_RADIO
            CODE    2110H     00B5H     UNIT         ?PR?_UART2INIT?UART2
            CODE    21C5H     00AEH     UNIT         ?PR?_ATOI?ATOI
            CODE    2273H     00A8H     UNIT         ?PR?SYS_CCP_ISR?SYS
            CODE    231BH     00A5H     UNIT         ?PR?_?SYS_DS1302_DRV?DS1302
            CODE    23C0H     00A0H     UNIT         ?PR?NAVHANDLER?NAV_HANDLER
            CODE    2460H     0094H     UNIT         ?PR?SHOWTEMP?TEMP_MODULE
            CODE    24F4H     0093H     UNIT         ?PR?SYS_TASK_10MS?SYS
            CODE    2587H     0090H     UNIT         ?PR?_SETPWM?EXT
            CODE    2617H     008CH     UNIT         ?C_C51STARTUP
            CODE    26A3H     008BH     UNIT         ?PR?SYS_TASK_IR?SYS
            CODE    272EH     0080H     UNIT         ?PR?_STRTOK?STRTOK
            CODE    27AEH     007FH     UNIT         ?PR?CHECKCOUNTDOWNEVENT?VOICE_MODULE
            CODE    282DH     007DH     UNIT         ?PR?_SETEVENTCALLBACK?SYS
            CODE    28AAH     0078H     UNIT         ?PR?_SETBEEP?BEEP
            CODE    2922H     0077H     UNIT         ?PR?_UART1INIT?UART1
            CODE    2999H     0070H     UNIT         ?PR?SHOWTIME?RTC_MODULE
            CODE    2A09H     006FH     UNIT         ?PR?MAIN?MAIN
BL51 BANKED LINKER/LOCATER V6.22.4.0                                                  09/16/2025  15:45:50  PAGE 4


            CODE    2A78H     0061H     UNIT         ?PR?_STRSPN?STRSPN
            CODE    2AD9H     005DH     UNIT         ?PR?_STRPBRK?STRPBRK
            CODE    2B36H     005CH     UNIT         ?PR?GETFMRADIO?FM_RADIO
            CODE    2B92H     005AH     UNIT         ?PR?UPDATETEMP?TEMP_MODULE
            CODE    2BECH     0059H     UNIT         ?PR?READCOUNT?EXT
            CODE    2C45H     0056H     UNIT         ?PR?MYUART1INIT?MY_UART1
            CODE    2C9BH     0053H     UNIT         ?PR?GETULTRASONIC?SYS
            CODE    2CEEH     0052H     UNIT         ?PR?SYS_TIMER0_ISR?SYS
            CODE    2D40H     0047H     UNIT         ?PR?SYS_TIMER0_INIT?SYS
            CODE    2D87H     0046H     UNIT         ?PR?_GETADCNAVACT?ADC
            CODE    2DCDH     0044H     UNIT         ?PR?_?SYS_FMRADIO_DRV?FM_RADIO
            CODE    2E11H     0044H     UNIT         ?C?LDIV
            CODE    2E55H     0043H     UNIT         ?PR?SHOWSPEED?SPEED_MODULE
            CODE    2E98H     0040H     UNIT         ?PR?_GETKEYACT?KEY
            CODE    2ED8H     003FH     UNIT         ?PR?SYS_TASK_100MS?SYS
            CODE    2F17H     003EH     UNIT         ?PR?MYSTC_OS?SYS
            CODE    2F55H     003CH     UNIT         ?CO?DECODE_TABLE
            CODE    2F91H     0039H     UNIT         ?PR?_NVTEMPTHRESHOLDUPDATE?NV_TEMP_THRESHOLD
            CODE    2FCAH     0036H     UNIT         ?PR?_EXTINIT?EXT
            CODE    3000H     0036H     UNIT         ?PR?NVTEMPTHRESHOLDINIT?NV_TEMP_THRESHOLD
            CODE    3036H     0032H     UNIT         ?PR?UART1RXDCALLBACK?MY_UART1
            CODE    3068H     0031H     UNIT         ?PR?_ADCINIT?ADC
            CODE    3099H     0031H     UNIT         ?PR?_SETUART2RXD?UART2
            CODE    30CAH     0031H     UNIT         ?PR?_SETUART1RXD?UART1
            CODE    30FBH     002FH     UNIT         ?PR?_UART2PRINT?UART2
            CODE    312AH     002EH     UNIT         ?PR?_DS1302READ?DS1302
            CODE    3158H     002BH     UNIT         ?PR?SYS_TASK_1S?SYS
            CODE    3183H     002BH     UNIT         ?PR?_NVTEMPTHRESHOLDWRITE?NV_TEMP_THRESHOLD
            CODE    31AEH     002AH     UNIT         ?PR?NVTEMPTHRESHOLDREAD?NV_TEMP_THRESHOLD
            CODE    31D8H     0029H     UNIT         ?PR?_NVM_WRITE?DS1302
            CODE    3201H     0028H     UNIT         ?PR?_?SYS_BEEP_DRV?BEEP
            CODE    3229H     0028H     UNIT         ?PR?_IIC_RADIO_WRITEBYTE?FM_RADIO
            CODE    3251H     0028H     UNIT         ?PR?_UART1PRINT?UART1
            CODE    3279H     0025H     UNIT         ?PR?FMRADIOINIT?FM_RADIO
            CODE    329EH     0024H     UNIT         ?PR?RESPONS?M24C02
            CODE    32C2H     0024H     UNIT         ?PR?_WRITEBYTE?M24C02
            CODE    32E6H     0022H     UNIT         ?PR?READBYTE?M24C02
            CODE    3308H     0020H     UNIT         ?PR?BEEPINIT?BEEP
            CODE    3328H     0020H     UNIT         ?PR?_SEG7PRINT?DISPLAYER
            CODE    3348H     0020H     UNIT         ?PR?_DS1302WRITE?DS1302
            CODE    3368H     001DH     UNIT         ?PR?KEYINIT?KEY
            CODE    3385H     001DH     UNIT         ?PR?MYUART1LOADTEMPTHRESHOLD?MY_UART1
            CODE    33A2H     001CH     UNIT         ?PR?_M24C02_READ?M24C02
            CODE    33BEH     001CH     UNIT         ?PR?IIC_RADIO_ACK?FM_RADIO
            CODE    33DAH     001CH     UNIT         ?PR?_STRCHR?STRCHR
            CODE    33F6H     001BH     UNIT         ?PR?DISPLAYERINIT?DISPLAYER
            CODE    3411H     0019H     UNIT         ?PR?_DS1302WRITEBYTE?DS1302
            CODE    342AH     0019H     UNIT         ?PR?RTC_WRITE?DS1302
            CODE    3443H     0018H     UNIT         ?PR?SHOWSTATUS?NAV_HANDLER
            CODE    345BH     0018H     UNIT         ?PR?DS1302READBYTE?DS1302
            CODE    3473H     0015H     UNIT         ?PR?_M24C02_WRITE?M24C02
            CODE    3488H     0015H     UNIT         ?PR?_STRLEN?STRLEN
            CODE    349DH     0013H     UNIT         ?PR?_DELAY?FM_RADIO
            CODE    34B0H     0013H     UNIT         ?PR?IIC_RADIO_START?FM_RADIO
            CODE    34C3H     0013H     UNIT         ?PR?_ISSPACE?ISSPACE
            CODE    34D6H     0012H     UNIT         ?PR?GETSPEED?SPEED_MODULE
            CODE    34E8H     0012H     UNIT         ?PR?MYUART2RXD_CALLBACK?VOICE_MODULE
BL51 BANKED LINKER/LOCATER V6.22.4.0                                                  09/16/2025  15:45:50  PAGE 5


            CODE    34FAH     0012H     UNIT         ?PR?MY1S_CALLBACK?CORE
            CODE    350CH     0012H     UNIT         ?PR?_NVISVALIDTHRESHOLD?NV_TEMP_THRESHOLD
            CODE    351EH     0012H     UNIT         ?PR?_NVM_READ?DS1302
            CODE    3530H     0011H     UNIT         ?PR?_SETCCP0?SYS
            CODE    3541H     0010H     UNIT         ?PR?GETDECODE?EXT
            CODE    3551H     0010H     UNIT         ?PR?START?M24C02
            CODE    3561H     000FH     UNIT         ?PR?_?SYS_GET_UART2RXDEVENT?UART2
            CODE    3570H     000FH     UNIT         ?PR?_?SYS_GET_UART1RXDEVENT?UART1
            CODE    357FH     000FH     UNIT         ?PR?_ISDIGIT?ISDIGIT
            CODE    358EH     000EH     UNIT         ?PR?_?SYS_GET_KNEVENT?ADC
            CODE    359CH     000EH     UNIT         ?PR?_?SYS_GET_EXTADCEVENT?ADC
            CODE    35AAH     000EH     UNIT         ?PR?_?SYS_GET_KEYEVENT?KEY
            CODE    35B8H     000CH     UNIT         ?PR?GETBEEPSTATUS?BEEP
            CODE    35C4H     000CH     UNIT         ?PR?IIC_RADIO_STOP?FM_RADIO
            CODE    35D0H     000BH     UNIT         ?PR?GETUART2TXSTATUS?UART2
            CODE    35DBH     000BH     UNIT         ?PR?MYUART1PROCESSRXDATA?MY_UART1
            CODE    35E6H     000BH     UNIT         ?PR?GETUART1TXSTATUS?UART1
            CODE    35F1H     0009H     UNIT         ?CO?ADC
            CODE    35FAH     0009H     UNIT         ?PR?_SETDISPLAYERAREA?DISPLAYER
            CODE    3603H     0009H     UNIT         ?PR?GETBEEPTIMER?SYS
            CODE    360CH     0009H     UNIT         ?PR?_SETBEEPTIMER?SYS
            CODE    3615H     0009H     UNIT         ?PR?GETWEIGHT?EXT
            CODE    361EH     0007H     UNIT         ?PR?GETSYSPERFORMANCE?SYS
            CODE    3625H     0007H     UNIT         ?PR?RTC_READ?DS1302
            CODE    362CH     0006H     UNIT         ?PR?ADC_ISR?ADC
            CODE    3632H     0006H     UNIT         ?PR?_LEDPRINT?DISPLAYER
            CODE    3638H     0006H     UNIT         ?PR?MYSTC_INIT?SYS
            CODE    363EH     0006H     UNIT         ?CO?MY_UART1
            CODE    3644H     0003H     UNIT         ?PR?CLRBEEPPIN?SYS



OVERLAY MAP OF MODULE:   .\output\BSP_Demo (MAIN)


SEGMENT                                             BIT_GROUP          DATA_GROUP          XDATA_GROUP
  +--> CALLED SEGMENT                            START    LENGTH     START    LENGTH     START    LENGTH
--------------------------------------------------------------------------------------------------------
?C_C51STARTUP                                    -----    -----      -----    -----      -----    -----
  +--> ?PR?MAIN?MAIN
  +--> ?C_INITSEG

?PR?MAIN?MAIN                                    -----    -----      -----    -----      -----    -----
  +--> ?PR?_ADCINIT?ADC
  +--> ?PR?DISPLAYERINIT?DISPLAYER
  +--> ?PR?KEYINIT?KEY
  +--> ?PR?BEEPINIT?BEEP
  +--> ?PR?_SETDISPLAYERAREA?DISPLAYER
  +--> ?PR?_UART2INIT?UART2
  +--> ?PR?MYUART1INIT?MY_UART1
  +--> ?PR?NVTEMPTHRESHOLDINIT?NV_TEMP_THRES...
  +--> ?PR?_EXTINIT?EXT
  +--> ?PR?_SETUART2RXD?UART2
  +--> ?PR?MYUART2RXD_CALLBACK?VOICE_MODULE
  +--> ?PR?_SETEVENTCALLBACK?SYS
  +--> ?PR?MY1S_CALLBACK?CORE
  +--> ?PR?NAVHANDLER?NAV_HANDLER
BL51 BANKED LINKER/LOCATER V6.22.4.0                                                  09/16/2025  15:45:50  PAGE 6


  +--> ?PR?MYSTC_INIT?SYS
  +--> ?PR?MYSTC_OS?SYS

?PR?_ADCINIT?ADC                                 -----    -----      -----    -----      -----    -----
  +--> ?PR?_?SYS_ADC_DRV?ADC
  +--> ?PR?_?SYS_GET_KNEVENT?ADC
  +--> ?PR?_?SYS_GET_EXTADCEVENT?ADC

?PR?_?SYS_ADC_DRV?ADC                            -----    -----      -----    -----      -----    -----
  +--> ?CO?ADC

?PR?DISPLAYERINIT?DISPLAYER                      -----    -----      -----    -----      -----    -----
  +--> ?PR?_?SYS_DISPLAY_DRV?DISPLAYER

?PR?_?SYS_DISPLAY_DRV?DISPLAYER                  -----    -----      -----    -----      -----    -----
  +--> ?CO?DECODE_TABLE

?PR?KEYINIT?KEY                                  -----    -----      -----    -----      -----    -----
  +--> ?PR?_?SYS_GET_KEYEVENT?KEY
  +--> ?PR?_?SYS_KEY_DRV?KEY

?PR?BEEPINIT?BEEP                                -----    -----      -----    -----      -----    -----
  +--> ?PR?CLRBEEPPIN?SYS
  +--> ?PR?_?SYS_BEEP_DRV?BEEP

?PR?_?SYS_BEEP_DRV?BEEP                          -----    -----      -----    -----      -----    -----
  +--> ?PR?GETBEEPTIMER?SYS
  +--> ?PR?_SETBEEPTIMER?SYS

?PR?_UART2INIT?UART2                             -----    -----      0008H    0005H      -----    -----
  +--> ?PR?_?NULLFUNC0?UART2
  +--> ?CO?CORE
  +--> ?PR?_?SYS_GET_UART2RXDEVENT?UART2

?PR?MYUART1INIT?MY_UART1                         -----    -----      -----    -----      -----    -----
  +--> ?PR?_UART1INIT?UART1
  +--> ?PR?UART1RXDCALLBACK?MY_UART1
  +--> ?PR?_SETEVENTCALLBACK?SYS
  +--> ?PR?_SETUART1RXD?UART1

?PR?_UART1INIT?UART1                             -----    -----      0008H    0004H      -----    -----
  +--> ?CO?CORE
  +--> ?PR?_?SYS_GET_UART1RXDEVENT?UART1

?PR?UART1RXDCALLBACK?MY_UART1                    -----    -----      -----    -----      -----    -----
  +--> ?PR?_STRCHR?STRCHR
  +--> ?PR?_PARSECOMMAND?MY_UART1
  +--> ?PR?MYUART1CLEARRXBUFFER?MY_UART1

?PR?_PARSECOMMAND?MY_UART1                       -----    -----      0008H    0005H      00B2H    0030H
  +--> ?PR?_STRLEN?STRLEN
  +--> ?CO?MY_UART1
  +--> ?PR?_ATOI?ATOI
  +--> ?PR?_STRTOK?STRTOK
  +--> ?PR?_NVTEMPTHRESHOLDUPDATE?NV_TEMP_TH...

?PR?_ATOI?ATOI                                   0022H.1  0000H.1    000DH    0005H      -----    -----
BL51 BANKED LINKER/LOCATER V6.22.4.0                                                  09/16/2025  15:45:50  PAGE 7


  +--> ?PR?_ISSPACE?ISSPACE
  +--> ?PR?_ISDIGIT?ISDIGIT

?PR?_STRTOK?STRTOK                               -----    -----      000DH    0006H      -----    -----
  +--> ?PR?_STRSPN?STRSPN
  +--> ?PR?_STRPBRK?STRPBRK

?PR?_STRSPN?STRSPN                               -----    -----      0013H    0008H      -----    -----

?PR?_STRPBRK?STRPBRK                             -----    -----      0013H    0009H      -----    -----

?PR?_NVTEMPTHRESHOLDUPDATE?NV_TEMP_TH...         -----    -----      000DH    0001H      00E2H    0001H
  +--> ?PR?NVTEMPTHRESHOLDINIT?NV_TEMP_THRES...
  +--> ?PR?_NVISVALIDTHRESHOLD?NV_TEMP_THRES...
  +--> ?PR?NVTEMPTHRESHOLDREAD?NV_TEMP_THRES...
  +--> ?PR?_NVTEMPTHRESHOLDWRITE?NV_TEMP_THR...

?PR?NVTEMPTHRESHOLDINIT?NV_TEMP_THRES...         -----    -----      -----    -----      00E4H    0001H
  +--> ?PR?_M24C02_READ?M24C02
  +--> ?PR?_NVISVALIDTHRESHOLD?NV_TEMP_THRES...

?PR?_M24C02_READ?M24C02                          -----    -----      -----    -----      -----    -----
  +--> ?PR?START?M24C02
  +--> ?PR?RESPONS?M24C02
  +--> ?PR?_WRITEBYTE?M24C02
  +--> ?PR?READBYTE?M24C02
  +--> ?PR?STOP?M24C02

?PR?RESPONS?M24C02                               -----    -----      -----    -----      -----    -----
  +--> ?PR?_WRITEBYTE?M24C02

?PR?NVTEMPTHRESHOLDREAD?NV_TEMP_THRES...         -----    -----      -----    -----      00E3H    0001H
  +--> ?PR?NVTEMPTHRESHOLDINIT?NV_TEMP_THRES...
  +--> ?PR?_M24C02_READ?M24C02
  +--> ?PR?_NVISVALIDTHRESHOLD?NV_TEMP_THRES...

?PR?_NVTEMPTHRESHOLDWRITE?NV_TEMP_THR...         -----    -----      000EH    0001H      -----    -----
  +--> ?PR?NVTEMPTHRESHOLDINIT?NV_TEMP_THRES...
  +--> ?PR?_NVISVALIDTHRESHOLD?NV_TEMP_THRES...
  +--> ?PR?_M24C02_WRITE?M24C02

?PR?_M24C02_WRITE?M24C02                         -----    -----      -----    -----      -----    -----
  +--> ?PR?START?M24C02
  +--> ?PR?_WRITEBYTE?M24C02
  +--> ?PR?RESPONS?M24C02
  +--> ?PR?STOP?M24C02

?PR?_SETEVENTCALLBACK?SYS                        -----    -----      0008H    0003H      -----    -----

?PR?_SETUART1RXD?UART1                           -----    -----      0008H    000AH      -----    -----

?PR?_EXTINIT?EXT                                 -----    -----      -----    -----      -----    -----
  +--> ?PR?_?SYS_EXT_DRV?EXT

?PR?_?SYS_EXT_DRV?EXT                            -----    -----      -----    -----      -----    -----
  +--> ?PR?READCOUNT?EXT

BL51 BANKED LINKER/LOCATER V6.22.4.0                                                  09/16/2025  15:45:50  PAGE 8


?PR?READCOUNT?EXT                                -----    -----      0008H    0005H      -----    -----

?PR?_SETUART2RXD?UART2                           -----    -----      0008H    000AH      -----    -----

?PR?MY1S_CALLBACK?CORE                           -----    -----      -----    -----      -----    -----
  +--> ?PR?UPDATETIME?RTC_MODULE
  +--> ?PR?UPDATETEMP?TEMP_MODULE
  +--> ?PR?GETSPEED?SPEED_MODULE
  +--> ?PR?SHOWSTATUS?NAV_HANDLER
  +--> ?PR?CHECKCOUNTDOWNEVENT?VOICE_MODULE
  +--> ?PR?MYUART1SENDCURRENTSTATUS?MY_UART1

?PR?UPDATETIME?RTC_MODULE                        -----    -----      -----    -----      -----    -----
  +--> ?PR?RTC_READ?DS1302
  +--> ?PR?RESETTIMER?RTC_MODULE
  +--> ?PR?RTC_WRITE?DS1302

?PR?RESETTIMER?RTC_MODULE                        -----    -----      -----    -----      00B2H    0002H
  +--> ?PR?GETSPEED?SPEED_MODULE
  +--> ?PR?RTC_WRITE?DS1302

?PR?RTC_WRITE?DS1302                             -----    -----      0008H    0007H      -----    -----

?PR?UPDATETEMP?TEMP_MODULE                       -----    -----      -----    -----      -----    -----
  +--> ?PR?GETADC?ADC
  +--> ?CO?TEMP_MODULE

?PR?SHOWSTATUS?NAV_HANDLER                       -----    -----      -----    -----      -----    -----
  +--> ?PR?SHOWTIME?RTC_MODULE
  +--> ?PR?SHOWTEMP?TEMP_MODULE
  +--> ?PR?SHOWSPEED?SPEED_MODULE

?PR?SHOWTIME?RTC_MODULE                          -----    -----      -----    -----      -----    -----
  +--> ?PR?RTC_READ?DS1302
  +--> ?PR?_SEG7PRINT?DISPLAYER

?PR?_SEG7PRINT?DISPLAYER                         -----    -----      0008H    0008H      -----    -----

?PR?SHOWTEMP?TEMP_MODULE                         -----    -----      -----    -----      -----    -----
  +--> ?PR?_SEG7PRINT?DISPLAYER

?PR?SHOWSPEED?SPEED_MODULE                       -----    -----      -----    -----      -----    -----
  +--> ?PR?_SEG7PRINT?DISPLAYER

?PR?CHECKCOUNTDOWNEVENT?VOICE_MODULE             -----    -----      -----    -----      00B2H    0002H
  +--> ?CO?VOICE_MODULE
  +--> ?PR?_UART2PRINT?UART2

?PR?MYUART1SENDCURRENTSTATUS?MY_UART1            -----    -----      -----    -----      00B2H    0002H
  +--> ?PR?GETUART1TXSTATUS?UART1
  +--> ?CO?MY_UART1
  +--> ?PR?_STRLEN?STRLEN
  +--> ?PR?_MY_UTOA?MY_UART1
  +--> ?PR?_UART1PRINT?UART1

?PR?_MY_UTOA?MY_UART1                            -----    -----      0008H    0003H      00B4H    0012H

BL51 BANKED LINKER/LOCATER V6.22.4.0                                                  09/16/2025  15:45:50  PAGE 9


?PR?NAVHANDLER?NAV_HANDLER                       -----    -----      -----    -----      00B2H    0004H
  +--> ?PR?_GETADCNAVACT?ADC
  +--> ?PR?SETFMRADIO?FM_RADIO

?PR?SETFMRADIO?FM_RADIO                          -----    -----      0008H    0006H      -----    -----
  +--> ?PR?GETFMRADIO?FM_RADIO

?PR?GETFMRADIO?FM_RADIO                          -----    -----      000EH    0006H      -----    -----

?PR?MYSTC_INIT?SYS                               -----    -----      -----    -----      -----    -----
  +--> ?PR?SYS_TIMER0_INIT?SYS

?PR?SYS_TIMER0_INIT?SYS                          -----    -----      -----    -----      -----    -----
  +--> ?CO?CORE

?PR?MYSTC_OS?SYS                                 -----    -----      -----    -----      -----    -----
  +--> ?PR?SYS_TASK_IR?SYS
  +--> ?PR?SYS_TASK_1MS?SYS
  +--> ?PR?SYS_TASK_10MS?SYS
  +--> ?PR?SYS_TASK_100MS?SYS
  +--> ?PR?SYS_TASK_1S?SYS

?C_INITSEG                                       -----    -----      -----    -----      -----    -----
  +--> ?PR?_?NULLFUNC?SYS
  +--> ?PR?_?RET0FUNC?SYS



UNRESOLVED EXTERNAL SYMBOLS:
   RADIO_CONFIG



SYMBOL TABLE OF MODULE:  .\output\BSP_Demo (MAIN)

  VALUE           TYPE          NAME
  ----------------------------------

  -------         MODULE        MAIN
  C:0000H         SYMBOL        _ICE_DUMMY_
  D:0080H         PUBLIC        P0
  D:0090H         PUBLIC        P1
  D:00A0H         PUBLIC        P2
  D:00B0H         PUBLIC        P3
  D:00C0H         PUBLIC        P4
  D:00C8H         PUBLIC        P5
  D:00E8H         PUBLIC        P6
  D:00F8H         PUBLIC        P7
  D:00A8H         PUBLIC        IE
  D:00B8H         PUBLIC        IP
  D:00D8H         PUBLIC        CCON
  C:2A09H         PUBLIC        main
  D:0098H         PUBLIC        SCON
  D:0088H         PUBLIC        TCON
  D:00D0H         PUBLIC        PSW
  -------         PROC          MAIN
  C:2A09H         LINE#         3
BL51 BANKED LINKER/LOCATER V6.22.4.0                                                  09/16/2025  15:45:50  PAGE 10


  C:2A09H         LINE#         4
  C:2A0EH         LINE#         5
  C:2A11H         LINE#         6
  C:2A14H         LINE#         7
  C:2A17H         LINE#         8
  C:2A1EH         LINE#         9
  C:2A2AH         LINE#         10
  C:2A2DH         LINE#         11
  C:2A30H         LINE#         12
  C:2A35H         LINE#         13
  C:2A4FH         LINE#         14
  C:2A5AH         LINE#         15
  C:2A65H         LINE#         16
  C:2A70H         LINE#         17
  C:2A73H         LINE#         19
  C:2A73H         LINE#         20
  C:2A76H         LINE#         21
  -------         ENDPROC       MAIN
  -------         ENDMOD        MAIN

  -------         MODULE        ADC
  C:0000H         SYMBOL        _ICE_DUMMY_
  D:0080H         PUBLIC        P0
  D:0090H         PUBLIC        P1
  D:00A0H         PUBLIC        P2
  C:358EH         PUBLIC        _?sys_get_KNEvent
  D:004FH         PUBLIC        sys_EXTADCEvent
  D:00B0H         PUBLIC        P3
  D:00C0H         PUBLIC        P4
  D:00C8H         PUBLIC        P5
  D:00E8H         PUBLIC        P6
  D:00F8H         PUBLIC        P7
  B:00A8H.5       PUBLIC        EADC
  D:00A8H         PUBLIC        IE
  D:00BDH         PUBLIC        ADC_RES
  D:00B8H         PUBLIC        IP
  D:0097H         PUBLIC        CLK_DIV
  C:3068H         PUBLIC        _AdcInit
  D:00D8H         PUBLIC        CCON
  C:359CH         PUBLIC        _?sys_get_EXTADCEvent
  X:0114H         PUBLIC        AD_res
  D:00BCH         PUBLIC        ADC_CONTR
  D:0098H         PUBLIC        SCON
  D:0088H         PUBLIC        TCON
  C:13DBH         PUBLIC        _?sys_ADC_drv
  B:0021H.7       PUBLIC        flag_ADC
  X:011EH         PUBLIC        sys_KN
  D:009DH         PUBLIC        P1ASF
  D:0050H         PUBLIC        sys_KNEvent
  D:00BEH         PUBLIC        ADC_RESL
  C:0003H         PUBLIC        GetADC
  C:2D87H         PUBLIC        _GetAdcNavAct
  C:362CH         PUBLIC        ADC_isr
  D:00D0H         PUBLIC        PSW
  -------         PROC          ADC_ISR
  C:362CH         LINE#         26
  C:362CH         LINE#         27
BL51 BANKED LINKER/LOCATER V6.22.4.0                                                  09/16/2025  15:45:50  PAGE 11


  C:362FH         LINE#         28
  C:3631H         LINE#         29
  -------         ENDPROC       ADC_ISR
  -------         PROC          _?SYS_ADC_DRV
  -------         DO            
  X:0112H         SYMBOL        pc
  X:0113H         SYMBOL        counter
  i:0000H         SYMBOL        i
  C:35F1H         SYMBOL        ADC_ch
  -------         ENDDO         
  C:13DBH         LINE#         31
  C:13DDH         LINE#         35
  C:13E3H         LINE#         36
  C:13E5H         LINE#         37
  C:1413H         LINE#         38
  C:1413H         LINE#         39
  C:1413H         LINE#         40
  C:1423H         LINE#         41
  C:1425H         LINE#         42
  C:1425H         LINE#         43
  C:1425H         LINE#         44
  C:1439H         LINE#         45
  C:143CH         LINE#         46
  C:143FH         LINE#         47
  C:144FH         LINE#         48
  C:1451H         LINE#         49
  C:1465H         LINE#         50
  C:1468H         LINE#         51
  C:147CH         LINE#         52
  C:148FH         LINE#         53
  C:14A7H         LINE#         54
  C:14B2H         LINE#         55
  C:14B5H         LINE#         56
  C:14C5H         LINE#         57
  C:14D9H         LINE#         58
  C:14EEH         LINE#         59
  C:14FFH         LINE#         60
  C:1501H         LINE#         61
  C:1501H         LINE#         62
  C:1503H         LINE#         64
  C:151AH         LINE#         65
  C:152BH         LINE#         66
  C:152EH         LINE#         67
  C:152EH         LINE#         68
  C:152EH         LINE#         69
  C:1551H         LINE#         70
  C:1562H         LINE#         71
  C:1566H         LINE#         72
  C:1566H         LINE#         73
  C:1566H         LINE#         74
  C:156CH         LINE#         75
  C:156CH         LINE#         76
  C:156CH         LINE#         77
  C:1578H         LINE#         78
  C:1584H         LINE#         79
  C:1584H         LINE#         80
  -------         ENDPROC       _?SYS_ADC_DRV
BL51 BANKED LINKER/LOCATER V6.22.4.0                                                  09/16/2025  15:45:50  PAGE 12


  -------         PROC          _?SYS_GET_KNEVENT
  -------         DO            
  i:0000H         SYMBOL        a
  -------         ENDDO         
  C:358EH         LINE#         82
  C:3590H         LINE#         84
  C:3594H         LINE#         85
  C:3597H         LINE#         86
  C:3599H         LINE#         87
  -------         ENDPROC       _?SYS_GET_KNEVENT
  -------         PROC          _?SYS_GET_EXTADCEVENT
  -------         DO            
  i:0000H         SYMBOL        a
  -------         ENDDO         
  C:359CH         LINE#         89
  C:359EH         LINE#         91
  C:35A2H         LINE#         92
  C:35A5H         LINE#         93
  C:35A7H         LINE#         94
  -------         ENDPROC       _?SYS_GET_EXTADCEVENT
  -------         PROC          _ADCINIT
  D:0007H         SYMBOL        ADCsel
  C:3068H         LINE#         96
  C:3068H         LINE#         97
  C:3068H         LINE#         98
  C:306AH         LINE#         99
  C:306DH         LINE#         100
  C:3070H         LINE#         101
  C:3072H         LINE#         102
  C:3080H         LINE#         103
  C:308CH         LINE#         104
  C:3098H         LINE#         105
  -------         ENDPROC       _ADCINIT
  -------         PROC          GETADC
  C:0003H         LINE#         107
  C:0003H         LINE#         108
  C:0009H         LINE#         109
  -------         ENDPROC       GETADC
  -------         PROC          _GETADCNAVACT
  D:0007H         SYMBOL        Nav_button
  -------         DO            
  D:0006H         SYMBOL        a
  -------         ENDDO         
  C:2D87H         LINE#         111
  C:2D87H         LINE#         112
  C:2D87H         LINE#         113
  C:2D97H         LINE#         114
  C:2DB2H         LINE#         115
  C:2DC7H         LINE#         116
  C:2DCAH         LINE#         117
  C:2DCAH         LINE#         118
  C:2DCCH         LINE#         119
  -------         ENDPROC       _GETADCNAVACT
  -------         ENDMOD        ADC

  -------         MODULE        BEEP
  C:0000H         SYMBOL        _ICE_DUMMY_
BL51 BANKED LINKER/LOCATER V6.22.4.0                                                  09/16/2025  15:45:50  PAGE 13


  D:0080H         PUBLIC        P0
  D:00B2H         PUBLIC        P3M0
  D:0090H         PUBLIC        P1
  D:00B1H         PUBLIC        P3M1
  D:00A0H         PUBLIC        P2
  D:00B0H         PUBLIC        P3
  D:00C0H         PUBLIC        P4
  D:00C8H         PUBLIC        P5
  D:00E8H         PUBLIC        P6
  D:00F8H         PUBLIC        P7
  D:00F9H         PUBLIC        CH
  C:3201H         PUBLIC        _?sys_beep_drv
  D:00A8H         PUBLIC        IE
  D:00E9H         PUBLIC        CL
  C:3308H         PUBLIC        BeepInit
  B:00D8H.6       PUBLIC        CR
  D:00DAH         PUBLIC        CCAPM0
  D:00B8H         PUBLIC        IP
  D:00D9H         PUBLIC        CMOD
  D:00D8H         PUBLIC        CCON
  C:35B8H         PUBLIC        GetBeepStatus
  C:28AAH         PUBLIC        _SetBeep
  D:0098H         PUBLIC        SCON
  D:0088H         PUBLIC        TCON
  D:00D0H         PUBLIC        PSW
  B:00D8H.0       PUBLIC        CCF0
  -------         PROC          _?SYS_BEEP_DRV
  -------         DO            
  i:0000H         SYMBOL        a
  -------         ENDDO         
  C:3201H         LINE#         11
  C:3205H         LINE#         13
  C:320FH         LINE#         14
  C:3224H         LINE#         15
  -------         ENDPROC       _?SYS_BEEP_DRV
  -------         PROC          BEEPINIT
  C:3308H         LINE#         17
  C:3308H         LINE#         18
  C:3308H         LINE#         19
  C:330BH         LINE#         20
  C:330EH         LINE#         21
  C:3311H         LINE#         22
  C:3314H         LINE#         23
  C:3317H         LINE#         24
  C:3319H         LINE#         25
  C:3327H         LINE#         26
  -------         ENDPROC       BEEPINIT
  -------         PROC          _SETBEEP
  D:001CH         SYMBOL        Beep_freq
  D:001EH         SYMBOL        Beep_time
  -------         DO            
  D:0002H         SYMBOL        a
  D:0004H         SYMBOL        b
  -------         ENDDO         
  C:28AAH         LINE#         28
  C:28B2H         LINE#         29
  C:28B2H         LINE#         31
BL51 BANKED LINKER/LOCATER V6.22.4.0                                                  09/16/2025  15:45:50  PAGE 14


  C:28B9H         LINE#         32
  C:28C0H         LINE#         33
  C:28CBH         LINE#         34
  C:28F4H         LINE#         35
  C:2908H         LINE#         36
  C:290FH         LINE#         37
  C:2911H         LINE#         38
  C:2914H         LINE#         39
  C:2916H         LINE#         41
  C:2919H         LINE#         42
  C:291CH         LINE#         43
  C:291CH         LINE#         44
  C:291FH         LINE#         45
  C:291FH         LINE#         46
  C:2921H         LINE#         47
  -------         ENDPROC       _SETBEEP
  -------         PROC          GETBEEPSTATUS
  C:35B8H         LINE#         49
  C:35B8H         LINE#         50
  C:35C1H         LINE#         51
  C:35C3H         LINE#         52
  -------         ENDPROC       GETBEEPSTATUS
  -------         ENDMOD        BEEP

  -------         MODULE        DISPLAYER
  C:0000H         SYMBOL        _ICE_DUMMY_
  D:0093H         PUBLIC        P0M1
  D:0096H         PUBLIC        P2M0
  D:0080H         PUBLIC        P0
  D:0095H         PUBLIC        P2M1
  D:0090H         PUBLIC        P1
  D:00A0H         PUBLIC        P2
  D:00B0H         PUBLIC        P3
  D:00C0H         PUBLIC        P4
  D:00C8H         PUBLIC        P5
  D:00E8H         PUBLIC        P6
  D:00F8H         PUBLIC        P7
  D:00A8H         PUBLIC        IE
  D:00B8H         PUBLIC        IP
  D:00D8H         PUBLIC        CCON
  C:3632H         PUBLIC        _LedPrint
  B:00A0H.0       PUBLIC        P20
  B:00A0H.1       PUBLIC        P21
  D:0098H         PUBLIC        SCON
  B:00A0H.2       PUBLIC        P22
  D:0088H         PUBLIC        TCON
  B:00A0H.3       PUBLIC        P23
  C:33F6H         PUBLIC        DisplayerInit
  X:016CH         PUBLIC        sys_Disp
  C:35FAH         PUBLIC        _SetDisplayerArea
  C:3328H         PUBLIC        _Seg7Print
  C:1E8AH         PUBLIC        _?sys_display_drv
  D:00D0H         PUBLIC        PSW
  D:0094H         PUBLIC        P0M0
  -------         PROC          _?SYS_DISPLAY_DRV
  C:1E8AH         LINE#         16
  C:1E8AH         LINE#         18
BL51 BANKED LINKER/LOCATER V6.22.4.0                                                  09/16/2025  15:45:50  PAGE 15


  C:1E8DH         LINE#         19
  C:1EB6H         LINE#         20
  C:1EBCH         LINE#         21
  C:1EC2H         LINE#         22
  C:1EC8H         LINE#         23
  C:1ECEH         LINE#         24
  C:1ED8H         LINE#         25
  C:1EE2H         LINE#         26
  C:1EECH         LINE#         27
  C:1EF6H         LINE#         28
  C:1EF8H         LINE#         29
  C:1EF8H         LINE#         30
  C:1F00H         LINE#         31
  C:1F29H         LINE#         33
  C:1F44H         LINE#         34
  C:1F47H         LINE#         35
  C:1F47H         LINE#         36
  C:1F5EH         LINE#         37
  C:1F6AH         LINE#         39
  C:1F72H         LINE#         40
  -------         ENDPROC       _?SYS_DISPLAY_DRV
  -------         PROC          DISPLAYERINIT
  C:33F6H         LINE#         42
  C:33F6H         LINE#         43
  C:33F6H         LINE#         44
  C:33F9H         LINE#         45
  C:33FCH         LINE#         46
  C:33FFH         LINE#         47
  C:3402H         LINE#         48
  C:3410H         LINE#         49
  -------         ENDPROC       DISPLAYERINIT
  -------         PROC          _SETDISPLAYERAREA
  D:0007H         SYMBOL        Begin_of_scan
  D:0005H         SYMBOL        Ending_of_Scan
  C:35FAH         LINE#         51
  C:35FAH         LINE#         52
  C:35FFH         LINE#         53
  C:3602H         LINE#         54
  -------         ENDPROC       _SETDISPLAYERAREA
  -------         PROC          _SEG7PRINT
  D:0007H         SYMBOL        d0
  D:0005H         SYMBOL        d1
  D:0003H         SYMBOL        d2
  D:000BH         SYMBOL        d3
  D:000CH         SYMBOL        d4
  D:000DH         SYMBOL        d5
  D:000EH         SYMBOL        d6
  D:000FH         SYMBOL        d7
  C:3328H         LINE#         56
  C:3328H         LINE#         57
  C:332DH         LINE#         58
  C:3330H         LINE#         59
  C:3333H         LINE#         60
  C:3337H         LINE#         61
  C:333BH         LINE#         62
  C:333FH         LINE#         63
  C:3343H         LINE#         64
BL51 BANKED LINKER/LOCATER V6.22.4.0                                                  09/16/2025  15:45:50  PAGE 16


  C:3347H         LINE#         65
  -------         ENDPROC       _SEG7PRINT
  -------         PROC          _LEDPRINT
  D:0007H         SYMBOL        led_val
  C:3632H         LINE#         67
  C:3632H         LINE#         68
  C:3637H         LINE#         69
  -------         ENDPROC       _LEDPRINT
  -------         ENDMOD        DISPLAYER

  -------         MODULE        KEY
  C:0000H         SYMBOL        _ICE_DUMMY_
  D:0080H         PUBLIC        P0
  D:0090H         PUBLIC        P1
  D:00A0H         PUBLIC        P2
  D:00B0H         PUBLIC        P3
  D:00C0H         PUBLIC        P4
  D:00C8H         PUBLIC        P5
  D:00E8H         PUBLIC        P6
  D:00F8H         PUBLIC        P7
  D:00A8H         PUBLIC        IE
  D:0055H         PUBLIC        sys_keyEvent
  D:00B8H         PUBLIC        IP
  D:00D8H         PUBLIC        CCON
  C:35AAH         PUBLIC        _?sys_get_keyEvent
  D:0098H         PUBLIC        SCON
  D:0088H         PUBLIC        TCON
  C:1973H         PUBLIC        _?sys_key_drv
  C:3368H         PUBLIC        KeyInit
  B:00B0H.2       PUBLIC        IO_Key1
  B:00B0H.3       PUBLIC        IO_Key2
  B:0090H.7       PUBLIC        IO_Key3
  C:2E98H         PUBLIC        _GetKeyAct
  X:0184H         PUBLIC        sys_Key
  D:00D0H         PUBLIC        PSW
  -------         PROC          _?SYS_KEY_DRV
  -------         DO            
  i:0000H         SYMBOL        i
  X:0183H         SYMBOL        counter
  -------         ENDDO         
  C:1973H         LINE#         28
  C:1975H         LINE#         31
  C:197EH         LINE#         32
  C:1987H         LINE#         33
  C:1990H         LINE#         34
  C:199BH         LINE#         35
  C:199EH         LINE#         36
  C:19B0H         LINE#         37
  C:19CEH         LINE#         38
  C:19E7H         LINE#         39
  C:1A03H         LINE#         40
  C:1A05H         LINE#         41
  C:1A05H         LINE#         42
  C:1A07H         LINE#         44
  C:1A28H         LINE#         45
  C:1A3EH         LINE#         46
  C:1A41H         LINE#         47
BL51 BANKED LINKER/LOCATER V6.22.4.0                                                  09/16/2025  15:45:50  PAGE 17


  C:1A41H         LINE#         48
  C:1A41H         LINE#         49
  C:1A74H         LINE#         50
  C:1A8FH         LINE#         51
  C:1A93H         LINE#         52
  C:1A93H         LINE#         53
  -------         ENDPROC       _?SYS_KEY_DRV
  -------         PROC          _?SYS_GET_KEYEVENT
  -------         DO            
  i:0000H         SYMBOL        a
  -------         ENDDO         
  C:35AAH         LINE#         55
  C:35ACH         LINE#         57
  C:35B0H         LINE#         58
  C:35B3H         LINE#         59
  C:35B5H         LINE#         60
  -------         ENDPROC       _?SYS_GET_KEYEVENT
  -------         PROC          KEYINIT
  C:3368H         LINE#         62
  C:3368H         LINE#         63
  C:3368H         LINE#         64
  C:3376H         LINE#         65
  C:3384H         LINE#         66
  -------         ENDPROC       KEYINIT
  -------         PROC          _GETKEYACT
  D:0007H         SYMBOL        Key
  -------         DO            
  D:0006H         SYMBOL        a
  -------         ENDDO         
  C:2E98H         LINE#         68
  C:2E98H         LINE#         69
  C:2E98H         LINE#         70
  C:2EA2H         LINE#         71
  C:2EBDH         LINE#         72
  C:2ED2H         LINE#         73
  C:2ED5H         LINE#         74
  C:2ED5H         LINE#         75
  C:2ED7H         LINE#         76
  -------         ENDPROC       _GETKEYACT
  -------         ENDMOD        KEY

  -------         MODULE        SYS
  C:0000H         SYMBOL        _ICE_DUMMY_
  X:0000H         PUBLIC        count_1mS
  B:00D8H.2       PUBLIC        CCF2
  D:0080H         PUBLIC        P0
  B:0020H.1       PUBLIC        flag_1S
  D:0090H         PUBLIC        P1
  D:00A0H         PUBLIC        P2
  D:00B0H         PUBLIC        P3
  D:00C0H         PUBLIC        P4
  X:0001H         PUBLIC        T1
  D:00C8H         PUBLIC        P5
  X:0003H         PUBLIC        T2
  B:00A8H.7       PUBLIC        EA
  D:00E8H         PUBLIC        P6
  D:00F8H         PUBLIC        P7
BL51 BANKED LINKER/LOCATER V6.22.4.0                                                  09/16/2025  15:45:50  PAGE 18


  D:0024H         PUBLIC        IrDatNum
  B:00D8H.7       PUBLIC        CF
  B:0020H.2       PUBLIC        Ir_Coder
  B:0020H.3       PUBLIC        Ir_RxBusy
  D:00A8H         PUBLIC        IE
  B:0020H.4       PUBLIC        Ir_TxBusy
  X:0005H         PUBLIC        userfunccall
  D:00FAH         PUBLIC        CCAP0H
  D:00FBH         PUBLIC        CCAP1H
  C:26A3H         PUBLIC        sys_task_Ir
  D:0025H         PUBLIC        IrCount_j
  D:0026H         PUBLIC        IrRx_count
  D:0027H         PUBLIC        IrProtocol
  D:00EAH         PUBLIC        CCAP0L
  D:0028H         PUBLIC        IrTx_count
  D:00EBH         PUBLIC        CCAP1L
  D:00DAH         PUBLIC        CCAPM0
  D:00DBH         PUBLIC        CCAPM1
  D:0029H         PUBLIC        MainLoops
  D:00B8H         PUBLIC        IP
  B:00D0H.7       PUBLIC        CY
  B:0020H.5       PUBLIC        flag_10mS
  D:00D8H         PUBLIC        CCON
  C:3603H         PUBLIC        GetBeepTimer
  C:2CEEH         PUBLIC        sys_Timer0_isr
  C:282DH         PUBLIC        _SetEventCallBack
  C:3638H         PUBLIC        MySTC_Init
  C:2ED8H         PUBLIC        sys_task_100mS
  D:002DH         PUBLIC        ModBus_interval_time
  C:003EH         PUBLIC        _?ret0func
  C:2C9BH         PUBLIC        GetUltraSonic
  X:0029H         PUBLIC        count_10mS
  X:002AH         PUBLIC        stcDrivers
  C:360CH         PUBLIC        _SetBeepTimer
  B:0020H.6       PUBLIC        flag_IrRxFinished
  D:0098H         PUBLIC        SCON
  C:3530H         PUBLIC        _SetCCP0
  C:2F17H         PUBLIC        MySTC_OS
  D:0089H         PUBLIC        TMOD
  D:0088H         PUBLIC        TCON
  B:0020H.7       PUBLIC        flag_Ir
  B:00B0H.5       PUBLIC        P35
  D:002EH         PUBLIC        IrRxNum
  X:0060H         PUBLIC        SysPerformance
  D:008EH         PUBLIC        AUXR
  C:2273H         PUBLIC        sys_CCP_isr
  C:1CB1H         PUBLIC        sys_task_1mS
  B:00A8H.1       PUBLIC        ET0
  C:3644H         PUBLIC        ClrBeepPin
  D:008CH         PUBLIC        TH0
  B:0021H.0       PUBLIC        flag_100mS
  X:0065H         PUBLIC        distance
  D:008AH         PUBLIC        TL0
  D:002FH         PUBLIC        PollingMisses
  X:0067H         PUBLIC        sys_BP
  B:0088H.4       PUBLIC        TR0
  C:3158H         PUBLIC        sys_task_1S
BL51 BANKED LINKER/LOCATER V6.22.4.0                                                  09/16/2025  15:45:50  PAGE 19


  C:361EH         PUBLIC        GetSysPerformance
  B:0021H.1       PUBLIC        matchModBus
  X:006DH         PUBLIC        count_100mS
  B:0021H.2       PUBLIC        Ir_BitBusy
  D:0030H         PUBLIC        IrDat_count
  D:0031H         PUBLIC        IrMute_count
  B:0021H.3       PUBLIC        newFrame1
  C:2D40H         PUBLIC        sys_Timer0_Init
  B:0021H.4       PUBLIC        newFrame2
  D:0032H         PUBLIC        IrDataPc
  C:000AH         PUBLIC        _?nullfunc
  B:0021H.5       PUBLIC        flag_1mS
  B:0021H.6       PUBLIC        newUS
  D:008FH         PUBLIC        INT_CLKO
  C:24F4H         PUBLIC        sys_task_10mS
  D:00D0H         PUBLIC        PSW
  B:00D8H.0       PUBLIC        CCF0
  B:00B0H.4       PUBLIC        Beep
  B:00D8H.1       PUBLIC        CCF1
  -------         PROC          _?NULLFUNC
  C:000AH         LINE#         13
  -------         ENDPROC       _?NULLFUNC
  -------         PROC          _?RET0FUNC
  C:003EH         LINE#         14
  -------         ENDPROC       _?RET0FUNC
  -------         PROC          SYS_TIMER0_INIT
  C:2D40H         LINE#         96
  C:2D40H         LINE#         97
  C:2D43H         LINE#         98
  C:2D46H         LINE#         99
  C:2D5CH         LINE#         100
  C:2D82H         LINE#         101
  C:2D84H         LINE#         102
  C:2D86H         LINE#         103
  -------         ENDPROC       SYS_TIMER0_INIT
  -------         PROC          SYS_TIMER0_ISR
  -------         DO            
  D:0023H         SYMBOL        i
  -------         ENDDO         
  C:2CEEH         LINE#         105
  C:2CF2H         LINE#         107
  C:2CF5H         LINE#         108
  C:2CF8H         LINE#         109
  C:2CFDH         LINE#         110
  C:2CFFH         LINE#         111
  C:2CFFH         LINE#         112
  C:2D05H         LINE#         113
  C:2D0BH         LINE#         114
  C:2D0EH         LINE#         115
  C:2D10H         LINE#         116
  C:2D13H         LINE#         117
  C:2D17H         LINE#         118
  C:2D19H         LINE#         119
  C:2D1CH         LINE#         120
  C:2D1EH         LINE#         122
  C:2D21H         LINE#         123
  C:2D23H         LINE#         124
BL51 BANKED LINKER/LOCATER V6.22.4.0                                                  09/16/2025  15:45:50  PAGE 20


  C:2D28H         LINE#         125
  C:2D28H         LINE#         126
  C:2D2AH         LINE#         128
  C:2D33H         LINE#         129
  C:2D35H         LINE#         130
  C:2D3BH         LINE#         131
  C:2D3BH         LINE#         132
  C:2D3BH         LINE#         133
  C:2D3BH         LINE#         134
  -------         ENDPROC       SYS_TIMER0_ISR
  -------         PROC          GETULTRASONIC
  -------         DO            
  D:0051H         SYMBOL        a
  -------         ENDDO         
  C:2C9BH         LINE#         138
  C:2C9BH         LINE#         139
  C:2C9BH         LINE#         140
  C:2C9EH         LINE#         141
  C:2CA0H         LINE#         142
  C:2CAFH         LINE#         143
  C:2CE5H         LINE#         144
  C:2CE5H         LINE#         145
  C:2CEDH         LINE#         146
  -------         ENDPROC       GETULTRASONIC
  -------         PROC          GETBEEPTIMER
  C:3603H         LINE#         148
  C:3603H         LINE#         149
  C:360BH         LINE#         150
  -------         ENDPROC       GETBEEPTIMER
  -------         PROC          _SETBEEPTIMER
  D:0006H         SYMBOL        a
  C:360CH         LINE#         152
  C:360CH         LINE#         153
  C:3614H         LINE#         154
  -------         ENDPROC       _SETBEEPTIMER
  -------         PROC          _SETCCP0
  D:0006H         SYMBOL        step
  D:0004H         SYMBOL        next
  C:3530H         LINE#         156
  C:3530H         LINE#         157
  C:3538H         LINE#         158
  C:3540H         LINE#         159
  -------         ENDPROC       _SETCCP0
  -------         PROC          CLRBEEPPIN
  C:3644H         LINE#         161
  C:3644H         LINE#         162
  C:3646H         LINE#         163
  -------         ENDPROC       CLRBEEPPIN
  -------         PROC          SYS_CCP_ISR
  -------         DO            
  B:0020H.0       SYMBOL        a
  -------         ENDDO         
  C:2273H         LINE#         165
  C:2286H         LINE#         167
  C:228DH         LINE#         168
  C:2294H         LINE#         169
  C:2297H         LINE#         170
BL51 BANKED LINKER/LOCATER V6.22.4.0                                                  09/16/2025  15:45:50  PAGE 21


  C:2299H         LINE#         171
  C:22A9H         LINE#         172
  C:22B0H         LINE#         173
  C:22B3H         LINE#         174
  C:22B5H         LINE#         175
  C:22B7H         LINE#         177
  C:22CBH         LINE#         178
  C:22CEH         LINE#         179
  C:22D0H         LINE#         180
  C:22D2H         LINE#         181
  C:22D4H         LINE#         183
  C:22D4H         LINE#         184
  C:22D7H         LINE#         185
  C:22D9H         LINE#         186
  C:22E3H         LINE#         187
  C:22E5H         LINE#         188
  C:22EEH         LINE#         189
  C:22F1H         LINE#         190
  C:2303H         LINE#         191
  C:2305H         LINE#         193
  C:2307H         LINE#         194
  C:230AH         LINE#         195
  C:230AH         LINE#         196
  C:230AH         LINE#         197
  -------         ENDPROC       SYS_CCP_ISR
  -------         PROC          MYSTC_INIT
  C:3638H         LINE#         199
  C:3638H         LINE#         200
  C:363BH         LINE#         201
  C:363DH         LINE#         202
  -------         ENDPROC       MYSTC_INIT
  -------         PROC          SYS_TASK_IR
  -------         DO            
  D:0007H         SYMBOL        a
  -------         ENDDO         
  C:26A3H         LINE#         204
  C:26A3H         LINE#         205
  C:26A3H         LINE#         206
  C:26B9H         LINE#         207
  C:26C0H         LINE#         208
  C:26C3H         LINE#         209
  C:26C6H         LINE#         210
  C:26DCH         LINE#         211
  C:26ECH         LINE#         212
  C:26F4H         LINE#         213
  C:26F7H         LINE#         214
  C:26F9H         LINE#         216
  C:270FH         LINE#         217
  C:2723H         LINE#         218
  C:2723H         LINE#         219
  C:2725H         LINE#         220
  C:2728H         LINE#         222
  C:2728H         LINE#         224
  C:272AH         LINE#         225
  C:272DH         LINE#         226
  C:272DH         LINE#         227
  -------         ENDPROC       SYS_TASK_IR
BL51 BANKED LINKER/LOCATER V6.22.4.0                                                  09/16/2025  15:45:50  PAGE 22


  -------         PROC          SYS_TASK_1MS
  C:1CB1H         LINE#         229
  C:1CB1H         LINE#         230
  C:1CB9H         LINE#         231
  C:1CBCH         LINE#         232
  C:1CBEH         LINE#         233
  C:1CC6H         LINE#         234
  C:1CC9H         LINE#         235
  C:1CCBH         LINE#         236
  C:1CD3H         LINE#         237
  C:1CD6H         LINE#         238
  C:1CD8H         LINE#         239
  C:1CD8H         LINE#         240
  C:1CD8H         LINE#         241
  C:1CD8H         LINE#         242
  C:1CE4H         LINE#         243
  C:1CF0H         LINE#         244
  C:1CFCH         LINE#         245
  C:1D08H         LINE#         246
  C:1D14H         LINE#         247
  C:1D20H         LINE#         248
  C:1D3BH         LINE#         249
  C:1D4AH         LINE#         250
  C:1D56H         LINE#         251
  C:1D58H         LINE#         252
  C:1D58H         LINE#         253
  C:1D5FH         LINE#         254
  C:1D62H         LINE#         255
  C:1D71H         LINE#         256
  C:1D73H         LINE#         257
  C:1D73H         LINE#         258
  C:1D75H         LINE#         260
  C:1D84H         LINE#         261
  C:1D90H         LINE#         262
  C:1D92H         LINE#         263
  C:1D92H         LINE#         264
  C:1D92H         LINE#         265
  -------         ENDPROC       SYS_TASK_1MS
  -------         PROC          SYS_TASK_10MS
  C:24F4H         LINE#         268
  C:24F4H         LINE#         269
  C:2500H         LINE#         270
  C:250CH         LINE#         271
  C:2518H         LINE#         272
  C:2524H         LINE#         273
  C:253FH         LINE#         274
  C:255AH         LINE#         275
  C:2575H         LINE#         276
  C:2578H         LINE#         277
  C:257AH         LINE#         278
  C:2586H         LINE#         279
  C:2586H         LINE#         280
  -------         ENDPROC       SYS_TASK_10MS
  -------         PROC          SYS_TASK_100MS
  C:2ED8H         LINE#         282
  C:2ED8H         LINE#         283
  C:2EE4H         LINE#         284
BL51 BANKED LINKER/LOCATER V6.22.4.0                                                  09/16/2025  15:45:50  PAGE 23


  C:2EFFH         LINE#         285
  C:2F0BH         LINE#         286
  -------         ENDPROC       SYS_TASK_100MS
  -------         PROC          SYS_TASK_1S
  C:3158H         LINE#         289
  C:3158H         LINE#         290
  C:3166H         LINE#         291
  C:316CH         LINE#         292
  C:3175H         LINE#         293
  C:3177H         LINE#         294
  -------         ENDPROC       SYS_TASK_1S
  -------         PROC          MYSTC_OS
  C:2F17H         LINE#         297
  C:2F17H         LINE#         298
  C:2F1FH         LINE#         299
  C:2F27H         LINE#         300
  C:2F2FH         LINE#         301
  C:2F37H         LINE#         302
  C:2F3FH         LINE#         303
  C:2F54H         LINE#         306
  -------         ENDPROC       MYSTC_OS
  -------         PROC          _SETEVENTCALLBACK
  D:0007H         SYMBOL        event
  D:0008H         SYMBOL        user_callback
  C:282DH         LINE#         308
  C:2833H         LINE#         309
  C:2864H         LINE#         310
  C:2867H         LINE#         311
  C:2869H         LINE#         312
  C:286CH         LINE#         313
  C:286EH         LINE#         314
  C:2871H         LINE#         315
  C:2873H         LINE#         316
  C:2876H         LINE#         317
  C:2878H         LINE#         318
  C:287BH         LINE#         319
  C:287DH         LINE#         320
  C:2880H         LINE#         321
  C:2882H         LINE#         322
  C:2885H         LINE#         323
  C:2887H         LINE#         324
  C:288AH         LINE#         325
  C:288CH         LINE#         326
  C:288FH         LINE#         327
  C:2891H         LINE#         328
  C:2894H         LINE#         329
  C:2896H         LINE#         330
  C:2899H         LINE#         331
  C:289BH         LINE#         332
  C:28A9H         LINE#         333
  C:28A9H         LINE#         334
  C:28A9H         LINE#         335
  C:28A9H         LINE#         336
  -------         ENDPROC       _SETEVENTCALLBACK
  -------         PROC          GETSYSPERFORMANCE
  C:361EH         LINE#         338
  C:361EH         LINE#         339
BL51 BANKED LINKER/LOCATER V6.22.4.0                                                  09/16/2025  15:45:50  PAGE 24


  C:3624H         LINE#         340
  -------         ENDPROC       GETSYSPERFORMANCE
  -------         ENDMOD        SYS

  -------         MODULE        EXT
  C:0000H         SYMBOL        _ICE_DUMMY_
  D:0080H         PUBLIC        P0
  D:0090H         PUBLIC        P1
  D:00A0H         PUBLIC        P2
  D:00B0H         PUBLIC        P3
  D:00C0H         PUBLIC        P4
  D:00C8H         PUBLIC        P5
  D:00E8H         PUBLIC        P6
  X:0178H         PUBLIC        EXTmodel
  D:00F8H         PUBLIC        P7
  C:2FCAH         PUBLIC        _EXTInit
  C:2BECH         PUBLIC        ReadCount
  D:00A2H         PUBLIC        P_SW1
  C:3615H         PUBLIC        GetWeight
  D:00A8H         PUBLIC        IE
  X:0179H         PUBLIC        T_Pout1
  X:017BH         PUBLIC        T_Pout2
  B:00D8H.6       PUBLIC        CR
  X:017DH         PUBLIC        resultEXT
  D:00DBH         PUBLIC        CCAPM1
  D:00B8H         PUBLIC        IP
  C:2587H         PUBLIC        _SetPWM
  D:00D9H         PUBLIC        CMOD
  D:00D8H         PUBLIC        CCON
  D:0098H         PUBLIC        SCON
  D:0088H         PUBLIC        TCON
  B:0090H.0       PUBLIC        DOUT
  D:00E0H         PUBLIC        ACC
  B:0090H.1       PUBLIC        PD_SCK
  X:017FH         PUBLIC        T_PWM1
  X:0181H         PUBLIC        T_PWM2
  C:1F73H         PUBLIC        _?sys_EXT_drv
  C:3541H         PUBLIC        GetDecode
  D:00D0H         PUBLIC        PSW
  -------         PROC          _SETPWM
  D:0002H         SYMBOL        PWM1
  D:0005H         SYMBOL        freq1
  D:004AH         SYMBOL        PWM2
  D:004BH         SYMBOL        freq2
  C:2587H         LINE#         25
  C:258BH         LINE#         26
  C:259CH         LINE#         27
  C:25AEH         LINE#         28
  C:25E2H         LINE#         29
  C:2616H         LINE#         30
  -------         ENDPROC       _SETPWM
  -------         PROC          READCOUNT
  -------         DO            
  D:0008H         SYMBOL        Count
  D:000CH         SYMBOL        i
  -------         ENDDO         
  C:2BECH         LINE#         35
BL51 BANKED LINKER/LOCATER V6.22.4.0                                                  09/16/2025  15:45:50  PAGE 25


  C:2BECH         LINE#         36
  C:2BECH         LINE#         38
  C:2BF5H         LINE#         39
  C:2BF7H         LINE#         40
  C:2BF9H         LINE#         41
  C:2C0EH         LINE#         42
  C:2C0FH         LINE#         43
  C:2C11H         LINE#         44
  C:2C29H         LINE#         45
  C:2C30H         LINE#         46
  C:2C31H         LINE#         47
  C:2C33H         LINE#         48
  C:2C34H         LINE#         49
  C:2C35H         LINE#         50
  C:2C37H         LINE#         51
  C:2C44H         LINE#         52
  -------         ENDPROC       READCOUNT
  -------         PROC          GETWEIGHT
  C:3615H         LINE#         54
  C:3615H         LINE#         55
  C:361DH         LINE#         56
  -------         ENDPROC       GETWEIGHT
  -------         PROC          GETDECODE
  -------         DO            
  D:0006H         SYMBOL        a
  -------         ENDDO         
  C:3541H         LINE#         58
  C:3541H         LINE#         59
  C:3541H         LINE#         60
  C:3549H         LINE#         61
  C:3550H         LINE#         62
  C:3550H         LINE#         63
  -------         ENDPROC       GETDECODE
  -------         PROC          _?SYS_EXT_DRV
  -------         DO            
  D:003CH         SYMBOL        i
  D:003EH         SYMBOL        j
  D:0040H         SYMBOL        oldPin1
  D:0041H         SYMBOL        UStimer
  -------         ENDDO         
  C:1F73H         LINE#         65
  C:1F73H         LINE#         69
  C:1F79H         LINE#         70
  C:1F7DH         LINE#         71
  C:1F88H         LINE#         72
  C:1F88H         LINE#         73
  C:1F91H         LINE#         74
  C:1FADH         LINE#         75
  C:1FC2H         LINE#         76
  C:1FDEH         LINE#         77
  C:1FF3H         LINE#         78
  C:1FF3H         LINE#         79
  C:1FF8H         LINE#         80
  C:200FH         LINE#         81
  C:2030H         LINE#         82
  C:2036H         LINE#         83
  C:2036H         LINE#         84
BL51 BANKED LINKER/LOCATER V6.22.4.0                                                  09/16/2025  15:45:50  PAGE 26


  C:203DH         LINE#         85
  C:2043H         LINE#         86
  C:2048H         LINE#         87
  C:204AH         LINE#         88
  C:204DH         LINE#         89
  C:204DH         LINE#         90
  C:2056H         LINE#         91
  C:2059H         LINE#         92
  C:2059H         LINE#         93
  -------         ENDPROC       _?SYS_EXT_DRV
  -------         PROC          _EXTINIT
  D:0007H         SYMBOL        EXTfunction
  C:2FCAH         LINE#         95
  C:2FCAH         LINE#         96
  C:2FCAH         LINE#         97
  C:2FCFH         LINE#         98
  C:2FD5H         LINE#         99
  C:2FD7H         LINE#         100
  C:2FDEH         LINE#         101
  C:2FE0H         LINE#         102
  C:2FE2H         LINE#         103
  C:2FE4H         LINE#         104
  C:2FE7H         LINE#         105
  C:2FEAH         LINE#         106
  C:2FECH         LINE#         107
  C:2FEEH         LINE#         108
  C:2FF1H         LINE#         109
  C:2FFFH         LINE#         110
  -------         ENDPROC       _EXTINIT
  -------         ENDMOD        EXT

  -------         MODULE        UART2
  C:0000H         SYMBOL        _ICE_DUMMY_
  D:0053H         PUBLIC        ModBus_Interval_Min
  D:0080H         PUBLIC        P0
  C:1044H         PUBLIC        Uart2_isr
  D:0090H         PUBLIC        P1
  D:00A0H         PUBLIC        P2
  D:00B0H         PUBLIC        P3
  D:00C0H         PUBLIC        P4
  D:00C8H         PUBLIC        P5
  D:00E8H         PUBLIC        P6
  D:00F8H         PUBLIC        P7
  D:00BAH         PUBLIC        P_SW2
  D:00A8H         PUBLIC        IE
  D:00DBH         PUBLIC        CCAPM1
  D:00B8H         PUBLIC        IP
  C:002AH         PUBLIC        _?nullfunc0
  D:00D8H         PUBLIC        CCON
  C:3099H         PUBLIC        _SetUart2Rxd
  B:0090H.0       PUBLIC        P10
  B:0090H.1       PUBLIC        P11
  D:0098H         PUBLIC        SCON
  D:0088H         PUBLIC        TCON
  D:00AFH         PUBLIC        IE2
  D:008EH         PUBLIC        AUXR
  C:35D0H         PUBLIC        GetUart2TxStatus
BL51 BANKED LINKER/LOCATER V6.22.4.0                                                  09/16/2025  15:45:50  PAGE 27


  D:00D6H         PUBLIC        T2H
  B:00B0H.7       PUBLIC        M485_TxEn
  D:00D7H         PUBLIC        T2L
  C:30FBH         PUBLIC        _Uart2Print
  D:009BH         PUBLIC        S2BUF
  D:009AH         PUBLIC        S2CON
  C:2110H         PUBLIC        _Uart2Init
  D:0054H         PUBLIC        Uart2usage
  C:3561H         PUBLIC        _?sys_get_Uart2RxdEvent
  X:0130H         PUBLIC        com2
  D:00D0H         PUBLIC        PSW
  -------         PROC          UART2_ISR
  C:1044H         LINE#         19
  C:1061H         LINE#         20
  C:1066H         LINE#         21
  C:1069H         LINE#         22
  C:109DH         LINE#         24
  C:10A2H         LINE#         25
  C:10A8H         LINE#         26
  C:10A8H         LINE#         27
  C:10A8H         LINE#         29
  C:10B0H         LINE#         30
  C:10B3H         LINE#         31
  C:10B6H         LINE#         32
  C:10B8H         LINE#         33
  C:10BFH         LINE#         34
  C:10C1H         LINE#         35
  C:10C1H         LINE#         36
  C:10CAH         LINE#         37
  C:10DEH         LINE#         38
  C:10F2H         LINE#         39
  C:1101H         LINE#         40
  C:110FH         LINE#         41
  C:1141H         LINE#         42
  C:114FH         LINE#         43
  C:114FH         LINE#         44
  C:1152H         LINE#         45
  C:1155H         LINE#         47
  C:1169H         LINE#         48
  C:117DH         LINE#         49
  C:118CH         LINE#         50
  C:119AH         LINE#         51
  C:11D2H         LINE#         52
  C:11E0H         LINE#         53
  C:11E0H         LINE#         54
  C:11FBH         LINE#         55
  C:11FBH         LINE#         56
  C:11FBH         LINE#         57
  -------         ENDPROC       UART2_ISR
  -------         PROC          _?SYS_GET_UART2RXDEVENT
  -------         DO            
  i:0000H         SYMBOL        a
  -------         ENDDO         
  C:3561H         LINE#         59
  C:3563H         LINE#         61
  C:356BH         LINE#         62
  C:356DH         LINE#         63
BL51 BANKED LINKER/LOCATER V6.22.4.0                                                  09/16/2025  15:45:50  PAGE 28


  C:356DH         LINE#         64
  -------         ENDPROC       _?SYS_GET_UART2RXDEVENT
  -------         PROC          _?NULLFUNC0
  C:002AH         LINE#         66
  -------         ENDPROC       _?NULLFUNC0
  -------         PROC          _UART2INIT
  D:0008H         SYMBOL        band
  D:000CH         SYMBOL        Uart2mode
  C:2110H         LINE#         68
  C:2118H         LINE#         69
  C:2118H         LINE#         72
  C:211BH         LINE#         73
  C:2121H         LINE#         74
  C:2124H         LINE#         75
  C:2128H         LINE#         76
  C:2136H         LINE#         77
  C:2139H         LINE#         78
  C:213BH         LINE#         79
  C:213DH         LINE#         80
  C:213FH         LINE#         82
  C:2141H         LINE#         83
  C:2155H         LINE#         84
  C:215CH         LINE#         85
  C:215FH         LINE#         86
  C:215FH         LINE#         88
  C:2162H         LINE#         89
  C:2181H         LINE#         90
  C:21B0H         LINE#         91
  C:21B3H         LINE#         92
  C:21B6H         LINE#         93
  C:21C4H         LINE#         94
  -------         ENDPROC       _UART2INIT
  -------         PROC          _SETUART2RXD
  D:0001H         SYMBOL        RxdPt
  D:0004H         SYMBOL        Nmax
  D:000DH         SYMBOL        matchhead
  D:0010H         SYMBOL        matchheadsize
  C:3099H         LINE#         96
  C:3099H         LINE#         97
  C:30A4H         LINE#         98
  C:30AAH         LINE#         99
  C:30B4H         LINE#         100
  C:30C2H         LINE#         101
  C:30C4H         LINE#         102
  C:30C9H         LINE#         103
  -------         ENDPROC       _SETUART2RXD
  -------         PROC          _UART2PRINT
  D:0001H         SYMBOL        pt
  D:0004H         SYMBOL        num
  C:30FBH         LINE#         105
  C:30FBH         LINE#         106
  C:3101H         LINE#         107
  C:310CH         LINE#         108
  C:3111H         LINE#         109
  C:3117H         LINE#         110
  C:311BH         LINE#         112
  C:3121H         LINE#         113
BL51 BANKED LINKER/LOCATER V6.22.4.0                                                  09/16/2025  15:45:50  PAGE 29


  C:3124H         LINE#         114
  C:3127H         LINE#         115
  C:3127H         LINE#         116
  C:3129H         LINE#         117
  -------         ENDPROC       _UART2PRINT
  -------         PROC          GETUART2TXSTATUS
  C:35D0H         LINE#         119
  C:35D0H         LINE#         120
  C:35D8H         LINE#         121
  C:35DAH         LINE#         122
  -------         ENDPROC       GETUART2TXSTATUS
  -------         ENDMOD        UART2

  -------         MODULE        TEMP_MODULE
  C:0000H         SYMBOL        _ICE_DUMMY_
  C:2B92H         PUBLIC        UpdateTemp
  D:0080H         PUBLIC        P0
  D:0090H         PUBLIC        P1
  D:00A0H         PUBLIC        P2
  D:00B0H         PUBLIC        P3
  D:00C0H         PUBLIC        P4
  D:00C8H         PUBLIC        P5
  D:00E8H         PUBLIC        P6
  D:00F8H         PUBLIC        P7
  D:00A8H         PUBLIC        IE
  D:00B8H         PUBLIC        IP
  D:00D8H         PUBLIC        CCON
  D:0098H         PUBLIC        SCON
  D:0088H         PUBLIC        TCON
  X:015AH         PUBLIC        temperature
  C:2460H         PUBLIC        ShowTemp
  X:015CH         PUBLIC        adc_temp
  C:0C51H         PUBLIC        tempdata
  X:0166H         PUBLIC        tempThresholds
  X:016AH         PUBLIC        rt
  D:00D0H         PUBLIC        PSW
  -------         PROC          UPDATETEMP
  C:2B92H         LINE#         23
  C:2B92H         LINE#         24
  C:2BA2H         LINE#         25
  C:2BB1H         LINE#         26
  C:2BC8H         LINE#         27
  C:2BEBH         LINE#         28
  -------         ENDPROC       UPDATETEMP
  -------         PROC          SHOWTEMP
  C:2460H         LINE#         29
  C:2460H         LINE#         30
  C:2460H         LINE#         31
  C:2470H         LINE#         32
  C:24A1H         LINE#         34
  C:24F3H         LINE#         35
  -------         ENDPROC       SHOWTEMP
  -------         ENDMOD        TEMP_MODULE

  -------         MODULE        NAV_HANDLER
  C:0000H         SYMBOL        _ICE_DUMMY_
  D:0080H         PUBLIC        P0
BL51 BANKED LINKER/LOCATER V6.22.4.0                                                  09/16/2025  15:45:50  PAGE 30


  D:0090H         PUBLIC        P1
  D:00A0H         PUBLIC        P2
  X:01B0H         PUBLIC        displayMode
  D:00B0H         PUBLIC        P3
  D:00C0H         PUBLIC        P4
  D:00C8H         PUBLIC        P5
  D:00E8H         PUBLIC        P6
  D:00F8H         PUBLIC        P7
  D:00A8H         PUBLIC        IE
  D:00B8H         PUBLIC        IP
  D:00D8H         PUBLIC        CCON
  C:3443H         PUBLIC        ShowStatus
  D:0098H         PUBLIC        SCON
  D:0088H         PUBLIC        TCON
  C:23C0H         PUBLIC        NavHandler
  D:00D0H         PUBLIC        PSW
  -------         PROC          NAVHANDLER
  -------         DO            
  X:00B2H         SYMBOL        navUp
  X:00B3H         SYMBOL        navDown
  X:00B4H         SYMBOL        navLeft
  X:00B5H         SYMBOL        navRight
  -------         ENDDO         
  C:23C0H         LINE#         6
  C:23C0H         LINE#         7
  C:23C0H         LINE#         8
  C:23CAH         LINE#         9
  C:23D4H         LINE#         10
  C:23DEH         LINE#         11
  C:23E8H         LINE#         13
  C:23EFH         LINE#         14
  C:23F5H         LINE#         15
  C:23FDH         LINE#         16
  C:23FDH         LINE#         17
  C:2404H         LINE#         18
  C:240AH         LINE#         19
  C:2413H         LINE#         20
  C:2413H         LINE#         21
  C:241AH         LINE#         22
  C:2421H         LINE#         23
  C:2423H         LINE#         24
  C:2439H         LINE#         25
  C:2439H         LINE#         26
  C:2439H         LINE#         29
  C:2440H         LINE#         30
  C:2447H         LINE#         31
  C:2449H         LINE#         32
  C:245FH         LINE#         33
  C:245FH         LINE#         34
  C:245FH         LINE#         35
  -------         ENDPROC       NAVHANDLER
  -------         PROC          SHOWSTATUS
  C:3443H         LINE#         37
  C:3443H         LINE#         38
  C:3443H         LINE#         39
  C:3451H         LINE#         40
  C:3454H         LINE#         41
BL51 BANKED LINKER/LOCATER V6.22.4.0                                                  09/16/2025  15:45:50  PAGE 31


  C:3457H         LINE#         42
  C:345AH         LINE#         43
  C:345AH         LINE#         44
  -------         ENDPROC       SHOWSTATUS
  -------         ENDMOD        NAV_HANDLER

  -------         MODULE        RTC_MODULE
  C:0000H         SYMBOL        _ICE_DUMMY_
  D:0080H         PUBLIC        P0
  D:0090H         PUBLIC        P1
  D:00A0H         PUBLIC        P2
  D:00B0H         PUBLIC        P3
  D:00C0H         PUBLIC        P4
  D:00C8H         PUBLIC        P5
  D:00E8H         PUBLIC        P6
  D:00F8H         PUBLIC        P7
  C:1D9EH         PUBLIC        ResetTimer
  D:00A8H         PUBLIC        IE
  D:00B8H         PUBLIC        IP
  X:00E5H         PUBLIC        tinfo
  D:00D8H         PUBLIC        CCON
  B:0022H.0       PUBLIC        mode
  D:0098H         PUBLIC        SCON
  X:00E8H         PUBLIC        station_id
  C:2999H         PUBLIC        ShowTime
  D:0088H         PUBLIC        TCON
  X:00E9H         PUBLIC        dist
  X:00F5H         PUBLIC        rtc_time
  X:0111H         PUBLIC        get_speed_res
  C:184EH         PUBLIC        UpdateTime
  D:00D0H         PUBLIC        PSW
  -------         PROC          RESETTIMER
  -------         DO            
  X:00B2H         SYMBOL        total_seconds
  -------         ENDDO         
  C:1D9EH         LINE#         9
  C:1D9EH         LINE#         11
  C:1DA6H         LINE#         12
  C:1DB2H         LINE#         13
  C:1E04H         LINE#         14
  C:1E12H         LINE#         15
  C:1E1CH         LINE#         16
  C:1E1EH         LINE#         17
  C:1E27H         LINE#         18
  C:1E27H         LINE#         19
  C:1E4CH         LINE#         20
  C:1E6BH         LINE#         21
  -------         ENDPROC       RESETTIMER
  -------         PROC          UPDATETIME
  C:184EH         LINE#         23
  C:184EH         LINE#         24
  C:1870H         LINE#         25
  C:1896H         LINE#         26
  C:1898H         LINE#         27
  C:1898H         LINE#         28
  C:18C6H         LINE#         29
  C:18C9H         LINE#         30
BL51 BANKED LINKER/LOCATER V6.22.4.0                                                  09/16/2025  15:45:50  PAGE 32


  C:18E0H         LINE#         31
  C:18F5H         LINE#         32
  C:1901H         LINE#         33
  C:1903H         LINE#         34
  C:1914H         LINE#         35
  C:1914H         LINE#         36
  C:1936H         LINE#         37
  C:196CH         LINE#         38
  C:1972H         LINE#         39
  -------         ENDPROC       UPDATETIME
  -------         PROC          SHOWTIME
  C:2999H         LINE#         40
  C:2999H         LINE#         41
  C:29BBH         LINE#         42
  -------         ENDPROC       SHOWTIME
  -------         ENDMOD        RTC_MODULE

  -------         MODULE        SPEED_MODULE
  C:0000H         SYMBOL        _ICE_DUMMY_
  D:0080H         PUBLIC        P0
  D:0090H         PUBLIC        P1
  D:00A0H         PUBLIC        P2
  D:00B0H         PUBLIC        P3
  D:00C0H         PUBLIC        P4
  D:00C8H         PUBLIC        P5
  D:00E8H         PUBLIC        P6
  D:00F8H         PUBLIC        P7
  D:00A8H         PUBLIC        IE
  X:01A8H         PUBLIC        speed
  C:34D6H         PUBLIC        GetSpeed
  C:2E55H         PUBLIC        ShowSpeed
  D:00B8H         PUBLIC        IP
  D:00D8H         PUBLIC        CCON
  D:0098H         PUBLIC        SCON
  D:0088H         PUBLIC        TCON
  D:00D0H         PUBLIC        PSW
  -------         PROC          GETSPEED
  C:34D6H         LINE#         5
  C:34D6H         LINE#         6
  C:34D6H         LINE#         7
  C:34E7H         LINE#         8
  -------         ENDPROC       GETSPEED
  -------         PROC          SHOWSPEED
  C:2E55H         LINE#         9
  C:2E55H         LINE#         10
  C:2E55H         LINE#         11
  -------         ENDPROC       SHOWSPEED
  -------         ENDMOD        SPEED_MODULE

  -------         MODULE        VOICE_MODULE
  C:0000H         SYMBOL        _ICE_DUMMY_
  D:0080H         PUBLIC        P0
  D:0090H         PUBLIC        P1
  D:00A0H         PUBLIC        P2
  D:00B0H         PUBLIC        P3
  D:00C0H         PUBLIC        P4
  D:00C8H         PUBLIC        P5
BL51 BANKED LINKER/LOCATER V6.22.4.0                                                  09/16/2025  15:45:50  PAGE 33


  D:00E8H         PUBLIC        P6
  D:00F8H         PUBLIC        P7
  D:00A8H         PUBLIC        IE
  D:00B8H         PUBLIC        IP
  D:00D8H         PUBLIC        CCON
  C:27AEH         PUBLIC        CheckCountdownEvent
  D:0098H         PUBLIC        SCON
  D:0088H         PUBLIC        TCON
  X:01ACH         PUBLIC        Uart2RxBuf
  C:07A1H         PUBLIC        VOICE_STRING_1
  C:0931H         PUBLIC        VOICE_STRING_2
  C:0AC1H         PUBLIC        VOICE_STRING_3
  X:01ADH         PUBLIC        Uart2Busy
  D:00D0H         PUBLIC        PSW
  C:34E8H         PUBLIC        myUart2Rxd_callback
  -------         PROC          MYUART2RXD_CALLBACK
  C:34E8H         LINE#         25
  C:34E8H         LINE#         26
  C:34E8H         LINE#         27
  C:34EFH         LINE#         28
  C:34F4H         LINE#         30
  C:34F9H         LINE#         31
  -------         ENDPROC       MYUART2RXD_CALLBACK
  -------         PROC          CHECKCOUNTDOWNEVENT
  -------         DO            
  X:00B2H         SYMBOL        rest_total_seconds
  -------         ENDDO         
  C:27AEH         LINE#         34
  C:27AEH         LINE#         35
  C:27AEH         LINE#         38
  C:27B6H         LINE#         40
  C:27C6H         LINE#         43
  C:27D1H         LINE#         44
  C:27D1H         LINE#         45
  C:27DEH         LINE#         46
  C:27E0H         LINE#         47
  C:27F3H         LINE#         48
[...]
  -------         DO            
  D:0007H         SYMBOL        date
  -------         ENDDO         
  C:33A2H         LINE#         109
  C:33A4H         LINE#         110
  C:33A4H         LINE#         111
  C:33A7H         LINE#         112
  C:33A9H         LINE#         113
  C:33A9H         LINE#         114
  C:33A9H         LINE#         115
  C:33ACH         LINE#         116
  C:33AFH         LINE#         117
  C:33B4H         LINE#         118
  C:33B7H         LINE#         119
  C:33BAH         LINE#         120
  C:33BDH         LINE#         121
  C:33BDH         LINE#         122
  -------         ENDPROC       _M24C02_READ
  -------         ENDMOD        M24C02

  -------         MODULE        FM_RADIO
  C:0000H         SYMBOL        _ICE_DUMMY_
  D:0080H         PUBLIC        P0
  D:0090H         PUBLIC        P1
  D:00A0H         PUBLIC        P2
  D:00B0H         PUBLIC        P3
  D:00C0H         PUBLIC        P4
  D:00C8H         PUBLIC        P5
BL51 BANKED LINKER/LOCATER V6.22.4.0                                                  09/16/2025  15:45:50  PAGE 47


  D:00E8H         PUBLIC        P6
  D:00F8H         PUBLIC        P7
  D:00A8H         PUBLIC        IE
  B:00A0H.7       PUBLIC        FM_DATA
  C:34A6H         PUBLIC        _delay
  D:00B8H         PUBLIC        IP
  C:34B0H         PUBLIC        IIC_Radio_Start
  C:3279H         PUBLIC        FMRadioInit
  D:00D8H         PUBLIC        CCON
  C:2B36H         PUBLIC        GetFMRadio
  C:3229H         PUBLIC        _IIC_Radio_WriteByte
  C:35C4H         PUBLIC        IIC_Radio_Stop
  C:205AH         PUBLIC        SetFMRadio
  D:0098H         PUBLIC        SCON
  D:0088H         PUBLIC        TCON
  X:019FH         PUBLIC        Radio_Write_Data
  X:01A7H         PUBLIC        flag_SetFM
  C:33BEH         PUBLIC        IIC_Radio_ACK
  B:00C0H.5       PUBLIC        FM_CLOCK
  C:2DCDH         PUBLIC        _?sys_FMRadio_drv
  D:00D0H         PUBLIC        PSW
  C:349DH         SYMBOL        L?0043
  -------         PROC          L?0042
  -------         ENDPROC       L?0042
  C:349DH         SYMBOL        L?0043
  -------         PROC          _DELAY
  D:0007H         SYMBOL        i
  C:34A6H         LINE#         22
  C:34A6H         LINE#         23
  C:34ACH         LINE#         24
  C:34AFH         LINE#         25
  -------         ENDPROC       _DELAY
  -------         PROC          IIC_RADIO_START
  C:34B0H         LINE#         28
  C:34B0H         LINE#         29
  C:34B2H         LINE#         30
  C:34B2H         LINE#         31
  C:34B2H         LINE#         32
  C:34B5H         LINE#         33
  C:34B7H         LINE#         34
  C:34BCH         LINE#         35
  C:34BEH         LINE#         36
  -------         ENDPROC       IIC_RADIO_START
  -------         PROC          IIC_RADIO_STOP
  C:35C4H         LINE#         39
  C:35C4H         LINE#         40
  C:35C6H         LINE#         41
  C:35C6H         LINE#         42
  C:35C6H         LINE#         43
  C:35C9H         LINE#         44
  C:35CBH         LINE#         45
  -------         ENDPROC       IIC_RADIO_STOP
  -------         PROC          IIC_RADIO_ACK
  -------         DO            
  D:0007H         SYMBOL        i
  -------         ENDDO         
  C:33BEH         LINE#         48
BL51 BANKED LINKER/LOCATER V6.22.4.0                                                  09/16/2025  15:45:50  PAGE 48


  C:33BEH         LINE#         49
  C:33C0H         LINE#         50
  C:33C2H         LINE#         51
  C:33CEH         LINE#         52
  C:33D3H         LINE#         53
  C:33D5H         LINE#         54
  -------         ENDPROC       IIC_RADIO_ACK
  -------         PROC          _IIC_RADIO_WRITEBYTE
  D:0005H         SYMBOL        Data
  -------         DO            
  D:0003H         SYMBOL        i
  -------         ENDDO         
  C:3229H         LINE#         57
  C:322BH         LINE#         58
  C:322BH         LINE#         59
  C:322DH         LINE#         60
  C:322FH         LINE#         61
  C:3234H         LINE#         62
  C:3238H         LINE#         63
  C:323CH         LINE#         64
  C:323CH         LINE#         65
  C:323CH         LINE#         66
  C:323FH         LINE#         67
  C:3243H         LINE#         68
  C:3245H         LINE#         69
  C:324AH         LINE#         70
  C:324CH         LINE#         71
  -------         ENDPROC       _IIC_RADIO_WRITEBYTE
  -------         PROC          _?SYS_FMRADIO_DRV
  -------         DO            
  i:0000H         SYMBOL        i
  -------         ENDDO         
  C:2DCDH         LINE#         74
  C:2DCFH         LINE#         76
  C:2DD7H         LINE#         77
  C:2DDAH         LINE#         78
  C:2DDFH         LINE#         79
  C:2DE2H         LINE#         80
  C:2DEFH         LINE#         81
  C:2DFEH         LINE#         82
  C:2E01H         LINE#         83
  C:2E06H         LINE#         84
  C:2E09H         LINE#         85
  C:2E0EH         LINE#         86
  C:2E0EH         LINE#         87
  -------         ENDPROC       _?SYS_FMRADIO_DRV
  -------         PROC          GETFMRADIO
  -------         DO            
  D:000EH         SYMBOL        FM
  D:0007H         SYMBOL        chan
  -------         ENDDO         
  C:2B36H         LINE#         89
  C:2B36H         LINE#         90
  C:2B36H         LINE#         92
  C:2B47H         LINE#         93
  C:2B50H         LINE#         94
  C:2B58H         LINE#         95
BL51 BANKED LINKER/LOCATER V6.22.4.0                                                  09/16/2025  15:45:50  PAGE 49


  C:2B5FH         LINE#         96
  C:2B6DH         LINE#         97
  C:2B7CH         LINE#         98
  C:2B8BH         LINE#         99
  C:2B91H         LINE#         100
  -------         ENDPROC       GETFMRADIO
  -------         PROC          SETFMRADIO
  D:0008H         SYMBOL        FM
  -------         DO            
  D:0005H         SYMBOL        a
  -------         ENDDO         
  C:205AH         LINE#         102
  C:205AH         LINE#         103
  C:205AH         LINE#         104
  C:2090H         LINE#         105
  C:2095H         LINE#         106
  C:209DH         LINE#         107
  C:20AAH         LINE#         108
  C:20B0H         LINE#         109
  C:20B0H         LINE#         110
  C:20D8H         LINE#         111
  C:20E5H         LINE#         112
  C:20E9H         LINE#         113
  C:20E9H         LINE#         114
  C:20EBH         LINE#         115
  C:20F2H         LINE#         116
  C:20F9H         LINE#         117
  C:2100H         LINE#         118
  C:2107H         LINE#         119
  C:2109H         LINE#         120
  C:210FH         LINE#         121
  C:210FH         LINE#         122
  -------         ENDPROC       SETFMRADIO
  -------         PROC          FMRADIOINIT
  D:0042H         SYMBOL        FM
  C:3279H         LINE#         124
  C:3279H         LINE#         125
  C:3279H         LINE#         126
  C:328FH         LINE#         127
  C:329DH         LINE#         128
  -------         ENDPROC       FMRADIOINIT
  -------         ENDMOD        FM_RADIO

  -------         MODULE        UART1
  C:0000H         SYMBOL        _ICE_DUMMY_
  C:171EH         PUBLIC        Uart1_isr
  D:0080H         PUBLIC        P0
  D:0090H         PUBLIC        P1
  D:00A0H         PUBLIC        P2
  D:00B0H         PUBLIC        P3
  D:00C0H         PUBLIC        P4
  D:00C8H         PUBLIC        P5
  D:00E8H         PUBLIC        P6
  D:00F8H         PUBLIC        P7
  D:00A8H         PUBLIC        IE
  B:00A8H.4       PUBLIC        ES
  D:00B8H         PUBLIC        IP
BL51 BANKED LINKER/LOCATER V6.22.4.0                                                  09/16/2025  15:45:50  PAGE 50


  B:0098H.0       PUBLIC        RI
  B:0098H.1       PUBLIC        TI
  D:00D8H         PUBLIC        CCON
  C:30CAH         PUBLIC        _SetUart1Rxd
  D:0099H         PUBLIC        SBUF
  D:0098H         PUBLIC        SCON
  D:0089H         PUBLIC        TMOD
  D:0088H         PUBLIC        TCON
  D:008EH         PUBLIC        AUXR
  C:35E6H         PUBLIC        GetUart1TxStatus
  B:00A8H.3       PUBLIC        ET1
  D:008DH         PUBLIC        TH1
  D:008BH         PUBLIC        TL1
  B:0088H.6       PUBLIC        TR1
  C:3251H         PUBLIC        _Uart1Print
  C:2922H         PUBLIC        _Uart1Init
  C:3570H         PUBLIC        _?sys_get_Uart1RxdEvent
  X:0145H         PUBLIC        com1
  D:00D0H         PUBLIC        PSW
  -------         PROC          UART1_ISR
  C:171EH         LINE#         10
  C:173BH         LINE#         11
  C:173EH         LINE#         12
  C:1740H         LINE#         13
  C:1774H         LINE#         14
  C:1779H         LINE#         15
  C:1779H         LINE#         16
  C:177FH         LINE#         17
  C:1781H         LINE#         18
  C:1784H         LINE#         19
  C:1786H         LINE#         20
  C:178DH         LINE#         21
  C:178DH         LINE#         22
  C:17A1H         LINE#         23
  C:17B5H         LINE#         24
  C:17C4H         LINE#         25
  C:17D2H         LINE#         26
  C:180AH         LINE#         27
  C:1818H         LINE#         28
  C:1818H         LINE#         29
  C:1833H         LINE#         30
  C:1833H         LINE#         31
  -------         ENDPROC       UART1_ISR
  -------         PROC          _?SYS_GET_UART1RXDEVENT
  -------         DO            
  i:0000H         SYMBOL        a
  -------         ENDDO         
  C:3570H         LINE#         33
  C:3572H         LINE#         35
  C:357AH         LINE#         36
  C:357CH         LINE#         37
  C:357CH         LINE#         38
  -------         ENDPROC       _?SYS_GET_UART1RXDEVENT
  -------         PROC          _UART1INIT
  D:0008H         SYMBOL        band
  C:2922H         LINE#         40
  C:292AH         LINE#         41
BL51 BANKED LINKER/LOCATER V6.22.4.0                                                  09/16/2025  15:45:50  PAGE 51


  C:292AH         LINE#         43
  C:292DH         LINE#         44
  C:2930H         LINE#         45
  C:2933H         LINE#         46
  C:2936H         LINE#         47
  C:2955H         LINE#         48
  C:2984H         LINE#         49
  C:2986H         LINE#         50
  C:2988H         LINE#         51
  C:298AH         LINE#         52
  C:2998H         LINE#         53
  -------         ENDPROC       _UART1INIT
  -------         PROC          _SETUART1RXD
  D:0001H         SYMBOL        RxdPt
  D:0004H         SYMBOL        Nmax
  D:000DH         SYMBOL        matchhead
  D:0010H         SYMBOL        matchheadsize
  C:30CAH         LINE#         55
  C:30CAH         LINE#         56
  C:30D5H         LINE#         57
  C:30DBH         LINE#         58
  C:30E5H         LINE#         59
  C:30F3H         LINE#         60
  C:30F5H         LINE#         61
  C:30FAH         LINE#         62
  -------         ENDPROC       _SETUART1RXD
  -------         PROC          _UART1PRINT
  D:0001H         SYMBOL        pt
  D:0004H         SYMBOL        num
  C:3251H         LINE#         64
  C:3251H         LINE#         65
  C:3257H         LINE#         66
  C:3262H         LINE#         67
  C:3267H         LINE#         68
  C:326DH         LINE#         69
  C:3271H         LINE#         70
  C:3273H         LINE#         71
  C:3276H         LINE#         72
  C:3276H         LINE#         73
  C:3278H         LINE#         74
  -------         ENDPROC       _UART1PRINT
  -------         PROC          GETUART1TXSTATUS
  C:35E6H         LINE#         76
  C:35E6H         LINE#         77
  C:35EEH         LINE#         78
  C:35F0H         LINE#         79
  -------         ENDPROC       GETUART1TXSTATUS
  -------         ENDMOD        UART1

  -------         MODULE        ?C?FPMUL
  C:0046H         PUBLIC        ?C?FPMUL
  -------         ENDMOD        ?C?FPMUL

  -------         MODULE        ?C?FPDIV
  C:014FH         PUBLIC        ?C?FPDIV
  -------         ENDMOD        ?C?FPDIV

BL51 BANKED LINKER/LOCATER V6.22.4.0                                                  09/16/2025  15:45:50  PAGE 52


  -------         MODULE        ?C?FCAST
  C:01F6H         PUBLIC        ?C?FCASTC
  C:01F1H         PUBLIC        ?C?FCASTI
  C:01ECH         PUBLIC        ?C?FCASTL
  -------         ENDMOD        ?C?FCAST

  -------         MODULE        ?C?CASTF
  C:022AH         PUBLIC        ?C?CASTF
  -------         ENDMOD        ?C?CASTF

  -------         MODULE        ?C?COPY
  C:037BH         PUBLIC        ?C?COPY
  -------         ENDMOD        ?C?COPY

  -------         MODULE        ?C?CLDPTR
  C:03A1H         PUBLIC        ?C?CLDPTR
  -------         ENDMOD        ?C?CLDPTR

  -------         MODULE        ?C?CLDOPTR
  C:03BAH         PUBLIC        ?C?CLDOPTR
  -------         ENDMOD        ?C?CLDOPTR

  -------         MODULE        ?C?CSTPTR
  C:03E7H         PUBLIC        ?C?CSTPTR
  -------         ENDMOD        ?C?CSTPTR

  -------         MODULE        ?C?CSTOPTR
  C:03F9H         PUBLIC        ?C?CSTOPTR
  -------         ENDMOD        ?C?CSTOPTR

  -------         MODULE        ?C?UIDIV
  C:041BH         PUBLIC        ?C?UIDIV
  -------         ENDMOD        ?C?UIDIV

  -------         MODULE        ?C?SIDIV
  C:0470H         PUBLIC        ?C?SIDIV
  -------         ENDMOD        ?C?SIDIV

  -------         MODULE        ?C?ILDIX
  C:04A6H         PUBLIC        ?C?ILDIX
  -------         ENDMOD        ?C?ILDIX

  -------         MODULE        ?C?ILDPTR
  C:04BCH         PUBLIC        ?C?ILDPTR
  -------         ENDMOD        ?C?ILDPTR

  -------         MODULE        ?C?LMUL
  C:04E7H         PUBLIC        ?C?LMUL
  -------         ENDMOD        ?C?LMUL

  -------         MODULE        ?C?ULDIV
  C:0572H         PUBLIC        ?C?ULDIV
  -------         ENDMOD        ?C?ULDIV

  -------         MODULE        ?C?SLDIV
  C:2E11H         PUBLIC        ?C?SLDIV
  -------         ENDMOD        ?C?SLDIV
BL51 BANKED LINKER/LOCATER V6.22.4.0                                                  09/16/2025  15:45:50  PAGE 53



  -------         MODULE        ?C?LNEG
  C:0604H         PUBLIC        ?C?LNEG
  -------         ENDMOD        ?C?LNEG

  -------         MODULE        ?C?ULSHR
  C:0612H         PUBLIC        ?C?ULSHR
  -------         ENDMOD        ?C?ULSHR

  -------         MODULE        ?C?SLSHR
  C:0625H         PUBLIC        ?C?SLSHR
  -------         ENDMOD        ?C?SLSHR

  -------         MODULE        ?C?LSHL
  C:0639H         PUBLIC        ?C?LSHL
  -------         ENDMOD        ?C?LSHL

  -------         MODULE        ?C?LLDCODE
  C:064CH         PUBLIC        ?C?LLDCODE
  -------         ENDMOD        ?C?LLDCODE

  -------         MODULE        ?C?LSTXDATA
  C:065CH         PUBLIC        ?C?LSTXDATA
  -------         ENDMOD        ?C?LSTXDATA

  -------         MODULE        ?C?OFFXADD
  C:0668H         PUBLIC        ?C?OFFXADD
  -------         ENDMOD        ?C?OFFXADD

  -------         MODULE        ?C?ICALL
  C:0674H         PUBLIC        ?C?ICALL
  C:0678H         PUBLIC        ?C?ICALL2
  -------         ENDMOD        ?C?ICALL

  -------         MODULE        ?C_IBP
  D:0056H         PUBLIC        ?C_IBP
  -------         ENDMOD        ?C_IBP

  -------         MODULE        ?C?STRCPY
  C:0746H         PUBLIC        ?C?STRCPY
  -------         ENDMOD        ?C?STRCPY

  -------         MODULE        STRLEN
  C:3488H         PUBLIC        _STRLEN
  -------         ENDMOD        STRLEN

  -------         MODULE        STRCHR
  C:33DAH         PUBLIC        _STRCHR
  -------         ENDMOD        STRCHR

  -------         MODULE        STRTOK
  D:000DH         PUBLIC        ?_strtok?BYTE
  C:272EH         PUBLIC        _strtok
  -------         ENDMOD        STRTOK

  -------         MODULE        ATOI
  C:21C5H         PUBLIC        _atoi
BL51 BANKED LINKER/LOCATER V6.22.4.0                                                  09/16/2025  15:45:50  PAGE 54


  -------         ENDMOD        ATOI

  -------         MODULE        ?C?MEMSET
  C:0763H         PUBLIC        ?C?MEMSET
  -------         ENDMOD        ?C?MEMSET

  -------         MODULE        ?C?IMUL
  C:078FH         PUBLIC        ?C?IMUL
  -------         ENDMOD        ?C?IMUL

  -------         MODULE        ISDIGIT
  C:357FH         PUBLIC        _isdigit
  -------         ENDMOD        ISDIGIT

  -------         MODULE        ISSPACE
  C:34C3H         PUBLIC        _isspace
  -------         ENDMOD        ISSPACE

  -------         MODULE        STRSPN
  D:0013H         PUBLIC        ?_strspn?BYTE
  C:2A78H         PUBLIC        _strspn
  -------         ENDMOD        STRSPN

  -------         MODULE        STRPBRK
  D:0013H         PUBLIC        ?_strpbrk?BYTE
  C:2AD9H         PUBLIC        _strpbrk
  -------         ENDMOD        STRPBRK

*** WARNING L16: UNCALLED SEGMENT, IGNORED FOR OVERLAY PROCESS
    SEGMENT: ?PR?_SETBEEP?BEEP

*** WARNING L16: UNCALLED SEGMENT, IGNORED FOR OVERLAY PROCESS
    SEGMENT: ?PR?GETBEEPSTATUS?BEEP

*** WARNING L16: UNCALLED SEGMENT, IGNORED FOR OVERLAY PROCESS
    SEGMENT: ?PR?_LEDPRINT?DISPLAYER

*** WARNING L16: UNCALLED SEGMENT, IGNORED FOR OVERLAY PROCESS
    SEGMENT: ?PR?_GETKEYACT?KEY

*** WARNING L16: UNCALLED SEGMENT, IGNORED FOR OVERLAY PROCESS
    SEGMENT: ?PR?GETULTRASONIC?SYS

*** WARNING L16: UNCALLED SEGMENT, IGNORED FOR OVERLAY PROCESS
    SEGMENT: ?PR?GETSYSPERFORMANCE?SYS

*** WARNING L16: UNCALLED SEGMENT, IGNORED FOR OVERLAY PROCESS
    SEGMENT: ?PR?_SETPWM?EXT

*** WARNING L16: UNCALLED SEGMENT, IGNORED FOR OVERLAY PROCESS
    SEGMENT: ?PR?GETWEIGHT?EXT

*** WARNING L16: UNCALLED SEGMENT, IGNORED FOR OVERLAY PROCESS
    SEGMENT: ?PR?GETDECODE?EXT

*** WARNING L16: UNCALLED SEGMENT, IGNORED FOR OVERLAY PROCESS
    SEGMENT: ?PR?GETUART2TXSTATUS?UART2
BL51 BANKED LINKER/LOCATER V6.22.4.0                                                  09/16/2025  15:45:50  PAGE 55



*** WARNING L16: UNCALLED SEGMENT, IGNORED FOR OVERLAY PROCESS
    SEGMENT: ?PR?MYUART1PROCESSRXDATA?MY_UART1

*** WARNING L16: UNCALLED SEGMENT, IGNORED FOR OVERLAY PROCESS
    SEGMENT: ?PR?MYUART1LOADTEMPTHRESHOLD?MY_UART1

*** WARNING L16: UNCALLED SEGMENT, IGNORED FOR OVERLAY PROCESS
    SEGMENT: ?PR?DS1302INIT?DS1302

*** WARNING L16: UNCALLED SEGMENT, IGNORED FOR OVERLAY PROCESS
    SEGMENT: ?PR?FMRADIOINIT?FM_RADIO

*** WARNING L1: UNRESOLVED EXTERNAL SYMBOL
    SYMBOL:  RADIO_CONFIG
    MODULE:  .\output\Nav_handler.obj (NAV_HANDLER)

*** WARNING L2: REFERENCE MADE TO UNRESOLVED EXTERNAL
    SYMBOL:  RADIO_CONFIG
    MODULE:  .\output\Nav_handler.obj (NAV_HANDLER)
    ADDRESS: 241BH

*** WARNING L2: REFERENCE MADE TO UNRESOLVED EXTERNAL
    SYMBOL:  RADIO_CONFIG
    MODULE:  .\output\Nav_handler.obj (NAV_HANDLER)
    ADDRESS: 2422H

*** WARNING L2: REFERENCE MADE TO UNRESOLVED EXTERNAL
    SYMBOL:  RADIO_CONFIG
    MODULE:  .\output\Nav_handler.obj (NAV_HANDLER)
    ADDRESS: 242CH

*** WARNING L2: REFERENCE MADE TO UNRESOLVED EXTERNAL
    SYMBOL:  RADIO_CONFIG
    MODULE:  .\output\Nav_handler.obj (NAV_HANDLER)
    ADDRESS: 242EH

*** WARNING L2: REFERENCE MADE TO UNRESOLVED EXTERNAL
    SYMBOL:  RADIO_CONFIG
    MODULE:  .\output\Nav_handler.obj (NAV_HANDLER)
    ADDRESS: 2441H

*** WARNING L2: REFERENCE MADE TO UNRESOLVED EXTERNAL
    SYMBOL:  RADIO_CONFIG
    MODULE:  .\output\Nav_handler.obj (NAV_HANDLER)
    ADDRESS: 2448H

*** WARNING L2: REFERENCE MADE TO UNRESOLVED EXTERNAL
    SYMBOL:  RADIO_CONFIG
    MODULE:  .\output\Nav_handler.obj (NAV_HANDLER)
    ADDRESS: 2452H

*** WARNING L2: REFERENCE MADE TO UNRESOLVED EXTERNAL
    SYMBOL:  RADIO_CONFIG
    MODULE:  .\output\Nav_handler.obj (NAV_HANDLER)
    ADDRESS: 2454H

BL51 BANKED LINKER/LOCATER V6.22.4.0                                                  09/16/2025  15:45:50  PAGE 56


Program Size: data=87.2 xdata=434 code=13893
LINK/LOCATE RUN COMPLETE.  23 WARNING(S),  0 ERROR(S)
