BL51 BANKED LINKER/LOCATER V6.22.4.0                                                    09/16/2025  21:38:53  PAGE 1


BL51 BANKED LINKER/LOCATER V6.22.4.0, INVOKED BY:
D:\KEIL_V5\C51\BIN\BL51.EXE .\output\main.obj, .\source\STCBSP_V3.6.LIB, .\output\temp_module.obj, .\output\Nav_handler.
>> obj, .\output\rtc_module.obj, .\output\speed_module.obj, .\output\voice_module.obj, .\output\core.obj, .\output\decod
>> e_table.obj, .\output\nv_temp_threshold.obj, .\output\my_uart1.obj, .\output\radio_module.obj, .\output\temp_controll
>> ed_fan.obj, .\output\ultrasonic_module.obj, .\output\train_id_module.obj TO .\output\BSP_Demo PRINT (.\list\BSP_Demo.
>> m51) RAMSIZE (256) XDATA (0X0000-0X07FF)


MEMORY MODEL: SMALL WITH FLOATING POINT ARITHMETIC


INPUT MODULES INCLUDED:
  .\output\main.obj (MAIN)
  .\source\STCBSP_V3.6.LIB (ADC)
  .\source\STCBSP_V3.6.LIB (BEEP)
  .\source\STCBSP_V3.6.LIB (DISPLAYER)
  .\source\STCBSP_V3.6.LIB (KEY)
  .\source\STCBSP_V3.6.LIB (SYS)
  .\source\STCBSP_V3.6.LIB (EXT)
  .\source\STCBSP_V3.6.LIB (UART2)
  .\output\temp_module.obj (TEMP_MODULE)
  .\output\Nav_handler.obj (NAV_HANDLER)
  .\output\rtc_module.obj (RTC_MODULE)
  .\output\speed_module.obj (SPEED_MODULE)
  .\output\voice_module.obj (VOICE_MODULE)
  .\output\core.obj (CORE)
  .\output\decode_table.obj (DECODE_TABLE)
  .\output\nv_temp_threshold.obj (NV_TEMP_THRESHOLD)
  .\output\my_uart1.obj (MY_UART1)
  .\output\radio_module.obj (RADIO_MODULE)
  .\output\temp_controlled_fan.obj (TEMP_CONTROLLED_FAN)
  .\output\ultrasonic_module.obj (ULTRASONIC_MODULE)
  .\output\train_id_module.obj (TRAIN_ID_MODULE)
  .\source\STCBSP_V3.6.LIB (STEPMOTOR)
  .\source\STCBSP_V3.6.LIB (DS1302)
  .\source\STCBSP_V3.6.LIB (M24C02)
  .\source\STCBSP_V3.6.LIB (FM_RADIO)
  .\source\STCBSP_V3.6.LIB (UART1)
  D:\KEIL_V5\C51\LIB\C51FPS.LIB (?C?FPMUL)
  D:\KEIL_V5\C51\LIB\C51FPS.LIB (?C?FPDIV)
  D:\KEIL_V5\C51\LIB\C51FPS.LIB (?C?FCAST)
  D:\KEIL_V5\C51\LIB\C51FPS.LIB (?C?CASTF)
  D:\KEIL_V5\C51\LIB\C51FPS.LIB (?C?FPGETOPN)
  D:\KEIL_V5\C51\LIB\C51S.LIB (?C_STARTUP)
  D:\KEIL_V5\C51\LIB\C51S.LIB (?C?COPY)
  D:\KEIL_V5\C51\LIB\C51S.LIB (?C?CLDPTR)
  D:\KEIL_V5\C51\LIB\C51S.LIB (?C?CLDOPTR)
  D:\KEIL_V5\C51\LIB\C51S.LIB (?C?CSTPTR)
  D:\KEIL_V5\C51\LIB\C51S.LIB (?C?CSTOPTR)
  D:\KEIL_V5\C51\LIB\C51S.LIB (?C?IMUL)
  D:\KEIL_V5\C51\LIB\C51S.LIB (?C?UIDIV)
  D:\KEIL_V5\C51\LIB\C51S.LIB (?C?SIDIV)
  D:\KEIL_V5\C51\LIB\C51S.LIB (?C?IILDX)
  D:\KEIL_V5\C51\LIB\C51S.LIB (?C?ILDIX)
  D:\KEIL_V5\C51\LIB\C51S.LIB (?C?ILDPTR)
  D:\KEIL_V5\C51\LIB\C51S.LIB (?C?LMUL)
  D:\KEIL_V5\C51\LIB\C51S.LIB (?C?ULDIV)
  D:\KEIL_V5\C51\LIB\C51S.LIB (?C?SLDIV)
BL51 BANKED LINKER/LOCATER V6.22.4.0                                                  09/16/2025  21:38:53  PAGE 2


  D:\KEIL_V5\C51\LIB\C51S.LIB (?C?LNEG)
  D:\KEIL_V5\C51\LIB\C51S.LIB (?C?ULSHR)
  D:\KEIL_V5\C51\LIB\C51S.LIB (?C?SLSHR)
  D:\KEIL_V5\C51\LIB\C51S.LIB (?C?LSHL)
  D:\KEIL_V5\C51\LIB\C51S.LIB (?C?LLDCODE)
  D:\KEIL_V5\C51\LIB\C51S.LIB (?C?LSTXDATA)
  D:\KEIL_V5\C51\LIB\C51S.LIB (?C?OFFXADD)
  D:\KEIL_V5\C51\LIB\C51S.LIB (?C?ICALL)
  D:\KEIL_V5\C51\LIB\C51S.LIB (?C_IBP)
  D:\KEIL_V5\C51\LIB\C51S.LIB (?C?STRCPY)
  D:\KEIL_V5\C51\LIB\C51S.LIB (STRLEN)
  D:\KEIL_V5\C51\LIB\C51S.LIB (STRCHR)
  D:\KEIL_V5\C51\LIB\C51S.LIB (STRTOK)
  D:\KEIL_V5\C51\LIB\C51S.LIB (ATOI)
  D:\KEIL_V5\C51\LIB\C51S.LIB (?C?MEMSET)
  D:\KEIL_V5\C51\LIB\C51S.LIB (?C_INIT)
  D:\KEIL_V5\C51\LIB\C51S.LIB (ISDIGIT)
  D:\KEIL_V5\C51\LIB\C51S.LIB (ISSPACE)
  D:\KEIL_V5\C51\LIB\C51S.LIB (STRSPN)
  D:\KEIL_V5\C51\LIB\C51S.LIB (STRPBRK)


LINK MAP OF MODULE:  .\output\BSP_Demo (MAIN)


            TYPE    BASE      LENGTH    RELOCATION   SEGMENT NAME
            -----------------------------------------------------

            * * * * * * *   D A T A   M E M O R Y   * * * * * * *
            REG     0000H     0008H     ABSOLUTE     "REG BANK 0"
            DATA    0008H     0014H     UNIT         _DATA_GROUP_
            DATA    001CH     0004H     UNIT         ?DT?_SETPWM?EXT
            BIT     0020H.0   0001H.7   UNIT         ?BI?SYS
            BIT     0021H.7   0000H.1   UNIT         ?BI?ADC
            BIT     0022H.0   0000H.1   UNIT         ?BI?RTC_MODULE
            BIT     0022H.1   0000H.1   UNIT         _BIT_GROUP_
                    0022H.2   0000H.6                *** GAP ***
            DATA    0023H     0012H     UNIT         ?DT?SYS
            DATA    0035H     0007H     UNIT         ?DT?RADIO_MODULE
            DATA    003CH     0006H     UNIT         ?DT?EXT
            DATA    0042H     0003H     UNIT         ?DT?STRTOK
            DATA    0045H     0002H     UNIT         ?DT?ADC
            DATA    0047H     0002H     UNIT         ?DT?UART2
            DATA    0049H     0002H     UNIT         ?DT?ULTRASONIC_MODULE
            DATA    004BH     0001H     UNIT         ?DT?KEY
            DATA    004CH     0001H     UNIT         ?DT?CORE
            DATA    004DH     0001H     UNIT         ?C?LIB_DATA
            IDATA   004EH     0001H     UNIT         ?STACK

            * * * * * * *  X D A T A   M E M O R Y  * * * * * * *
            XDATA   0000H     006EH     UNIT         ?XD?SYS
            XDATA   006EH     0044H     UNIT         ?XD?MY_UART1
            XDATA   00B2H     0033H     UNIT         _XDATA_GROUP_
            XDATA   00E5H     001EH     UNIT         ?XD?ADC
            XDATA   0103H     0016H     UNIT         ?XD?RTC_MODULE
            XDATA   0119H     0016H     UNIT         ?XD?STEPMOTOR
            XDATA   012FH     0015H     UNIT         ?XD?UART2
BL51 BANKED LINKER/LOCATER V6.22.4.0                                                  09/16/2025  21:38:53  PAGE 3


            XDATA   0144H     0015H     UNIT         ?XD?UART1
            XDATA   0159H     0012H     UNIT         ?XD?TEMP_MODULE
            XDATA   016BH     000CH     UNIT         ?XD?DISPLAYER
            XDATA   0177H     000BH     UNIT         ?XD?EXT
            XDATA   0182H     000AH     UNIT         ?XD?KEY
            XDATA   018CH     0009H     UNIT         ?XD?CORE
            XDATA   0195H     0009H     UNIT         ?XD?DS1302
            XDATA   019EH     0009H     UNIT         ?XD?FM_RADIO
            XDATA   01A7H     0007H     UNIT         ?XD?VOICE_MODULE
            XDATA   01AEH     0004H     UNIT         ?XD?SPEED_MODULE
            XDATA   01B2H     0002H     UNIT         ?XD?NV_TEMP_THRESHOLD
            XDATA   01B4H     0001H     UNIT         ?XD?NAV_HANDLER

            * * * * * * *   C O D E   M E M O R Y   * * * * * * *
            CODE    0000H     0003H     ABSOLUTE     
            CODE    0003H     0007H     UNIT         ?PR?GETADC?ADC
            CODE    000AH     0001H     UNIT         ?PR?_?NULLFUNC?SYS
            CODE    000BH     0003H     ABSOLUTE     
            CODE    000EH     0015H     UNIT         ?PR?MY1S_CALLBACK?CORE
            CODE    0023H     0003H     ABSOLUTE     
            CODE    0026H     0005H     UNIT         ?PR?AUTODOOR_EMERGENCYSTOP?ULTRASONIC_MODULE
            CODE    002BH     0003H     ABSOLUTE     
            CODE    002EH     000DH     UNIT         ?PR?STOP?M24C02
            CODE    003BH     0003H     ABSOLUTE     
            CODE    003EH     0004H     UNIT         ?CO?CORE
            CODE    0042H     0001H     UNIT         ?PR?_?NULLFUNC0?UART2
            CODE    0043H     0003H     ABSOLUTE     
            CODE    0046H     0A28H     UNIT         ?CO?VOICE_MODULE
            CODE    0A6EH     0771H     UNIT         ?C?LIB_CODE
            CODE    11DFH     0274H     UNIT         ?PR?_?SYS_STEPMOTOR_DRV?STEPMOTOR
            CODE    1453H     0207H     UNIT         ?PR?MYUART1SENDCURRENTSTATUS?MY_UART1
            CODE    165AH     01FCH     UNIT         ?CO?TEMP_MODULE
            CODE    1856H     01D2H     UNIT         ?PR?UART2_ISR?UART2
            CODE    1A28H     01C5H     UNIT         ?PR?_PARSECOMMAND?MY_UART1
            CODE    1BEDH     01C3H     UNIT         ?C_INITSEG
            CODE    1DB0H     01ACH     UNIT         ?PR?_?SYS_ADC_DRV?ADC
            CODE    1F5CH     0130H     UNIT         ?PR?UART1_ISR?UART1
            CODE    208CH     0123H     UNIT         ?PR?_?SYS_KEY_DRV?KEY
            CODE    21AFH     011DH     UNIT         ?PR?_MY_UTOA?MY_UART1
            CODE    22CCH     00FEH     UNIT         ?PR?DS1302INIT?DS1302
            CODE    23CAH     00EDH     UNIT         ?PR?SYS_TASK_1MS?SYS
            CODE    24B7H     00E9H     UNIT         ?PR?_?SYS_DISPLAY_DRV?DISPLAYER
            CODE    25A0H     00E7H     UNIT         ?PR?_?SYS_EXT_DRV?EXT
            CODE    2687H     00C6H     UNIT         ?PR?RESETTIMER?RTC_MODULE
            CODE    274DH     00B6H     UNIT         ?PR?SETFMRADIO?FM_RADIO
            CODE    2803H     00B5H     UNIT         ?PR?_UART2INIT?UART2
            CODE    28B8H     00AEH     UNIT         ?PR?_ATOI?ATOI
            CODE    2966H     00ABH     UNIT         ?PR?_SETSTEPMOTOR?STEPMOTOR
            CODE    2A11H     00A8H     UNIT         ?PR?SYS_CCP_ISR?SYS
            CODE    2AB9H     00A5H     UNIT         ?PR?_?SYS_DS1302_DRV?DS1302
            CODE    2B5EH     00A0H     UNIT         ?PR?NAVHANDLER?NAV_HANDLER
            CODE    2BFEH     0098H     UNIT         ?PR?CHECKCOUNTDOWNEVENT?VOICE_MODULE
            CODE    2C96H     0094H     UNIT         ?PR?SHOWTEMP?TEMP_MODULE
            CODE    2D2AH     0093H     UNIT         ?PR?SYS_TASK_10MS?SYS
            CODE    2DBDH     0090H     UNIT         ?PR?_SETPWM?EXT
            CODE    2E4DH     008CH     UNIT         ?C_C51STARTUP
            CODE    2ED9H     008BH     UNIT         ?PR?SYS_TASK_IR?SYS
BL51 BANKED LINKER/LOCATER V6.22.4.0                                                  09/16/2025  21:38:53  PAGE 4


            CODE    2F64H     0084H     UNIT         ?PR?UPDATETIME?RTC_MODULE
            CODE    2FE8H     0080H     UNIT         ?PR?_STRTOK?STRTOK
            CODE    3068H     007DH     UNIT         ?PR?MAIN?MAIN
            CODE    30E5H     007DH     UNIT         ?PR?_SETEVENTCALLBACK?SYS
            CODE    3162H     0078H     UNIT         ?PR?_SETBEEP?BEEP
            CODE    31DAH     0077H     UNIT         ?PR?_UART1INIT?UART1
            CODE    3251H     006EH     UNIT         ?PR?ULTRASONICUPDATEANDDISPLAY?ULTRASONIC_MODULE
            CODE    32BFH     0061H     UNIT         ?PR?_STRSPN?STRSPN
            CODE    3320H     005DH     UNIT         ?PR?_STRPBRK?STRPBRK
            CODE    337DH     005CH     UNIT         ?PR?GETFMRADIO?FM_RADIO
            CODE    33D9H     005AH     UNIT         ?PR?UPDATETEMP?TEMP_MODULE
            CODE    3433H     005AH     UNIT         ?PR?NVTEMPTHRESHOLDINIT?NV_TEMP_THRESHOLD
            CODE    348DH     0059H     UNIT         ?PR?READCOUNT?EXT
            CODE    34E6H     0056H     UNIT         ?PR?MYUART1INIT?MY_UART1
            CODE    353CH     0053H     UNIT         ?PR?GETULTRASONIC?SYS
            CODE    358FH     0052H     UNIT         ?PR?SYS_TIMER0_ISR?SYS
            CODE    35E1H     0048H     UNIT         ?PR?_EMSTOP?STEPMOTOR
            CODE    3629H     0047H     UNIT         ?PR?SYS_TIMER0_INIT?SYS
            CODE    3670H     0046H     UNIT         ?PR?_GETADCNAVACT?ADC
            CODE    36B6H     0044H     UNIT         ?PR?_?SYS_FMRADIO_DRV?FM_RADIO
            CODE    36FAH     0044H     UNIT         ?C?LDIV
            CODE    373EH     0043H     UNIT         ?PR?SHOWSPEED?SPEED_MODULE
            CODE    3781H     0042H     UNIT         ?PR?RADIO_INIT?RADIO_MODULE
            CODE    37C3H     0041H     UNIT         ?PR?SHOWTIME?RTC_MODULE
            CODE    3804H     0040H     UNIT         ?PR?_GETKEYACT?KEY
            CODE    3844H     003FH     UNIT         ?PR?SYS_TASK_100MS?SYS
            CODE    3883H     003EH     UNIT         ?PR?MYSTC_OS?SYS
            CODE    38C1H     003CH     UNIT         ?CO?DECODE_TABLE
            CODE    38FDH     0039H     UNIT         ?PR?_NVTEMPTHRESHOLDUPDATE?NV_TEMP_THRESHOLD
            CODE    3936H     0036H     UNIT         ?PR?_EXTINIT?EXT
            CODE    396CH     0036H     UNIT         ?PR?TEMP_CONTROLLED_MOTOR?TEMP_CONTROLLED_FAN
            CODE    39A2H     0032H     UNIT         ?PR?UART1RXDCALLBACK?MY_UART1
            CODE    39D4H     0032H     UNIT         ?PR?_GETSTEPMOTORSTATUS?STEPMOTOR
            CODE    3A06H     0031H     UNIT         ?PR?_ADCINIT?ADC
            CODE    3A37H     0031H     UNIT         ?PR?_SETUART2RXD?UART2
            CODE    3A68H     0031H     UNIT         ?PR?_SETUART1RXD?UART1
            CODE    3A99H     002FH     UNIT         ?PR?_UART2PRINT?UART2
            CODE    3AC8H     002EH     UNIT         ?PR?_DS1302READ?DS1302
            CODE    3AF6H     002BH     UNIT         ?PR?SYS_TASK_1S?SYS
            CODE    3B21H     002BH     UNIT         ?PR?INITRTC?RTC_MODULE
            CODE    3B4CH     002BH     UNIT         ?PR?_NVTEMPTHRESHOLDWRITE?NV_TEMP_THRESHOLD
            CODE    3B77H     002AH     UNIT         ?PR?NVTEMPTHRESHOLDREAD?NV_TEMP_THRESHOLD
            CODE    3BA1H     0029H     UNIT         ?PR?_NVM_WRITE?DS1302
            CODE    3BCAH     0028H     UNIT         ?PR?_?SYS_BEEP_DRV?BEEP
            CODE    3BF2H     0028H     UNIT         ?PR?_IIC_RADIO_WRITEBYTE?FM_RADIO
            CODE    3C1AH     0028H     UNIT         ?PR?_UART1PRINT?UART1
            CODE    3C42H     0025H     UNIT         ?PR?FMRADIOINIT?FM_RADIO
            CODE    3C67H     0024H     UNIT         ?PR?RESPONS?M24C02
            CODE    3C8BH     0024H     UNIT         ?PR?_WRITEBYTE?M24C02
            CODE    3CAFH     0023H     UNIT         ?PR?AUTODOOR_OPEN?ULTRASONIC_MODULE
            CODE    3CD2H     0023H     UNIT         ?PR?AUTODOOR_CLOSE?ULTRASONIC_MODULE
            CODE    3CF5H     0022H     UNIT         ?PR?READBYTE?M24C02
            CODE    3D17H     0020H     UNIT         ?PR?BEEPINIT?BEEP
            CODE    3D37H     0020H     UNIT         ?PR?_SEG7PRINT?DISPLAYER
            CODE    3D57H     0020H     UNIT         ?PR?_DS1302WRITE?DS1302
            CODE    3D77H     001DH     UNIT         ?PR?KEYINIT?KEY
            CODE    3D94H     001CH     UNIT         ?PR?_M24C02_READ?M24C02
BL51 BANKED LINKER/LOCATER V6.22.4.0                                                  09/16/2025  21:38:53  PAGE 5


            CODE    3DB0H     001CH     UNIT         ?PR?IIC_RADIO_ACK?FM_RADIO
            CODE    3DCCH     001CH     UNIT         ?PR?_STRCHR?STRCHR
            CODE    3DE8H     001BH     UNIT         ?PR?DISPLAYERINIT?DISPLAYER
            CODE    3E03H     0019H     UNIT         ?PR?_DS1302WRITEBYTE?DS1302
            CODE    3E1CH     0019H     UNIT         ?PR?RTC_WRITE?DS1302
            CODE    3E35H     0018H     UNIT         ?PR?SHOWSTATUS?NAV_HANDLER
            CODE    3E4DH     0018H     UNIT         ?PR?STEPMOTORINIT?STEPMOTOR
            CODE    3E65H     0018H     UNIT         ?PR?DS1302READBYTE?DS1302
            CODE    3E7DH     0017H     UNIT         ?PR?ULTRASONICINIT?ULTRASONIC_MODULE
            CODE    3E94H     0015H     UNIT         ?PR?MYUART1CLEARRXBUFFER?MY_UART1
            CODE    3EA9H     0015H     UNIT         ?PR?_M24C02_WRITE?M24C02
            CODE    3EBEH     0015H     UNIT         ?PR?_STRLEN?STRLEN
            CODE    3ED3H     0014H     UNIT         ?PR?MYUART2RXD_CALLBACK?VOICE_MODULE
            CODE    3EE7H     0013H     UNIT         ?PR?_DELAY?FM_RADIO
            CODE    3EFAH     0013H     UNIT         ?PR?IIC_RADIO_START?FM_RADIO
            CODE    3F0DH     0013H     UNIT         ?PR?_ISSPACE?ISSPACE
            CODE    3F20H     0012H     UNIT         ?PR?GETSPEED?SPEED_MODULE
            CODE    3F32H     0012H     UNIT         ?PR?_NVISVALIDTHRESHOLD?NV_TEMP_THRESHOLD
            CODE    3F44H     0012H     UNIT         ?PR?_NVM_READ?DS1302
            CODE    3F56H     0011H     UNIT         ?PR?_SETCCP0?SYS
            CODE    3F67H     0010H     UNIT         ?PR?GETDECODE?EXT
            CODE    3F77H     0010H     UNIT         ?PR?_SETTRAINID?TRAIN_ID_MODULE
            CODE    3F87H     0010H     UNIT         ?PR?START?M24C02
            CODE    3F97H     000FH     UNIT         ?PR?_?SYS_GET_UART2RXDEVENT?UART2
            CODE    3FA6H     000FH     UNIT         ?PR?GETULTRASONICDISTANCE?ULTRASONIC_MODULE
            CODE    3FB5H     000FH     UNIT         ?PR?_?SYS_GET_UART1RXDEVENT?UART1
            CODE    3FC4H     000FH     UNIT         ?PR?_ISDIGIT?ISDIGIT
            CODE    3FD3H     000EH     UNIT         ?PR?_?SYS_GET_KNEVENT?ADC
            CODE    3FE1H     000EH     UNIT         ?PR?_?SYS_GET_EXTADCEVENT?ADC
            CODE    3FEFH     000EH     UNIT         ?PR?_?SYS_GET_KEYEVENT?KEY
            CODE    3FFDH     000EH     UNIT         ?PR?AUTODOOR_ISMOTORFREE?ULTRASONIC_MODULE
            CODE    400BH     000CH     UNIT         ?PR?GETBEEPSTATUS?BEEP
            CODE    4017H     000CH     UNIT         ?PR?IIC_RADIO_STOP?FM_RADIO
            CODE    4023H     000BH     UNIT         ?PR?GETUART2TXSTATUS?UART2
            CODE    402EH     000BH     UNIT         ?PR?MYUART1PROCESSRXDATA?MY_UART1
            CODE    4039H     000BH     UNIT         ?PR?INITTRAINID?TRAIN_ID_MODULE
            CODE    4044H     000BH     UNIT         ?PR?GETUART1TXSTATUS?UART1
            CODE    404FH     0009H     UNIT         ?CO?ADC
            CODE    4058H     0009H     UNIT         ?PR?_SETDISPLAYERAREA?DISPLAYER
            CODE    4061H     0009H     UNIT         ?PR?GETBEEPTIMER?SYS
            CODE    406AH     0009H     UNIT         ?PR?_SETBEEPTIMER?SYS
            CODE    4073H     0009H     UNIT         ?PR?GETWEIGHT?EXT
            CODE    407CH     0007H     UNIT         ?PR?GETSYSPERFORMANCE?SYS
            CODE    4083H     0007H     UNIT         ?PR?RTC_READ?DS1302
            CODE    408AH     0006H     UNIT         ?PR?ADC_ISR?ADC
            CODE    4090H     0006H     UNIT         ?PR?_LEDPRINT?DISPLAYER
            CODE    4096H     0006H     UNIT         ?PR?MYSTC_INIT?SYS
            CODE    409CH     0006H     UNIT         ?CO?MY_UART1
            CODE    40A2H     0003H     UNIT         ?PR?_?RET0FUNC?SYS
            CODE    40A5H     0003H     UNIT         ?PR?CLRBEEPPIN?SYS



OVERLAY MAP OF MODULE:   .\output\BSP_Demo (MAIN)


SEGMENT                                             BIT_GROUP          DATA_GROUP          XDATA_GROUP
BL51 BANKED LINKER/LOCATER V6.22.4.0                                                  09/16/2025  21:38:53  PAGE 6


  +--> CALLED SEGMENT                            START    LENGTH     START    LENGTH     START    LENGTH
--------------------------------------------------------------------------------------------------------
?C_C51STARTUP                                    -----    -----      -----    -----      -----    -----
  +--> ?PR?MAIN?MAIN
  +--> ?C_INITSEG

?PR?MAIN?MAIN                                    -----    -----      -----    -----      -----    -----
  +--> ?PR?_ADCINIT?ADC
  +--> ?PR?DISPLAYERINIT?DISPLAYER
  +--> ?PR?KEYINIT?KEY
  +--> ?PR?BEEPINIT?BEEP
  +--> ?PR?_SETDISPLAYERAREA?DISPLAYER
  +--> ?PR?_UART2INIT?UART2
  +--> ?PR?MYUART1INIT?MY_UART1
  +--> ?PR?NVTEMPTHRESHOLDINIT?NV_TEMP_THRES...
  +--> ?PR?INITRTC?RTC_MODULE
  +--> ?PR?_EXTINIT?EXT
  +--> ?PR?ULTRASONICINIT?ULTRASONIC_MODULE
  +--> ?PR?RADIO_INIT?RADIO_MODULE
  +--> ?PR?_SETTRAINID?TRAIN_ID_MODULE
  +--> ?PR?_SETUART2RXD?UART2
  +--> ?PR?MYUART2RXD_CALLBACK?VOICE_MODULE
  +--> ?PR?_SETEVENTCALLBACK?SYS
  +--> ?PR?MY1S_CALLBACK?CORE
  +--> ?PR?NAVHANDLER?NAV_HANDLER
  +--> ?PR?MYSTC_INIT?SYS
  +--> ?PR?MYSTC_OS?SYS

?PR?_ADCINIT?ADC                                 -----    -----      -----    -----      -----    -----
  +--> ?PR?_?SYS_ADC_DRV?ADC
  +--> ?PR?_?SYS_GET_KNEVENT?ADC
  +--> ?PR?_?SYS_GET_EXTADCEVENT?ADC

?PR?_?SYS_ADC_DRV?ADC                            -----    -----      -----    -----      -----    -----
  +--> ?CO?ADC

?PR?DISPLAYERINIT?DISPLAYER                      -----    -----      -----    -----      -----    -----
  +--> ?PR?_?SYS_DISPLAY_DRV?DISPLAYER

?PR?_?SYS_DISPLAY_DRV?DISPLAYER                  -----    -----      -----    -----      -----    -----
  +--> ?CO?DECODE_TABLE

?PR?KEYINIT?KEY                                  -----    -----      -----    -----      -----    -----
  +--> ?PR?_?SYS_GET_KEYEVENT?KEY
  +--> ?PR?_?SYS_KEY_DRV?KEY

?PR?BEEPINIT?BEEP                                -----    -----      -----    -----      -----    -----
  +--> ?PR?CLRBEEPPIN?SYS
  +--> ?PR?_?SYS_BEEP_DRV?BEEP

?PR?_?SYS_BEEP_DRV?BEEP                          -----    -----      -----    -----      -----    -----
  +--> ?PR?GETBEEPTIMER?SYS
  +--> ?PR?_SETBEEPTIMER?SYS

?PR?_UART2INIT?UART2                             -----    -----      0008H    0005H      -----    -----
  +--> ?PR?_?NULLFUNC0?UART2
  +--> ?CO?CORE
BL51 BANKED LINKER/LOCATER V6.22.4.0                                                  09/16/2025  21:38:53  PAGE 7


  +--> ?PR?_?SYS_GET_UART2RXDEVENT?UART2

?PR?MYUART1INIT?MY_UART1                         -----    -----      -----    -----      -----    -----
  +--> ?PR?_UART1INIT?UART1
  +--> ?PR?UART1RXDCALLBACK?MY_UART1
  +--> ?PR?_SETEVENTCALLBACK?SYS
  +--> ?PR?_SETUART1RXD?UART1

?PR?_UART1INIT?UART1                             -----    -----      0008H    0004H      -----    -----
  +--> ?CO?CORE
  +--> ?PR?_?SYS_GET_UART1RXDEVENT?UART1

?PR?UART1RXDCALLBACK?MY_UART1                    -----    -----      -----    -----      -----    -----
  +--> ?PR?_STRCHR?STRCHR
  +--> ?PR?_PARSECOMMAND?MY_UART1
  +--> ?PR?MYUART1CLEARRXBUFFER?MY_UART1

?PR?_PARSECOMMAND?MY_UART1                       -----    -----      0008H    0005H      00B2H    0030H
  +--> ?PR?_STRLEN?STRLEN
  +--> ?CO?MY_UART1
  +--> ?PR?_ATOI?ATOI
  +--> ?PR?_STRTOK?STRTOK
  +--> ?PR?_NVTEMPTHRESHOLDUPDATE?NV_TEMP_TH...

?PR?_ATOI?ATOI                                   0022H.1  0000H.1    000DH    0005H      -----    -----
  +--> ?PR?_ISSPACE?ISSPACE
  +--> ?PR?_ISDIGIT?ISDIGIT

?PR?_STRTOK?STRTOK                               -----    -----      000DH    0006H      -----    -----
  +--> ?PR?_STRSPN?STRSPN
  +--> ?PR?_STRPBRK?STRPBRK

?PR?_STRSPN?STRSPN                               -----    -----      0013H    0008H      -----    -----

?PR?_STRPBRK?STRPBRK                             -----    -----      0013H    0009H      -----    -----

?PR?_NVTEMPTHRESHOLDUPDATE?NV_TEMP_TH...         -----    -----      000DH    0001H      00E2H    0001H
  +--> ?PR?NVTEMPTHRESHOLDINIT?NV_TEMP_THRES...
  +--> ?PR?_NVISVALIDTHRESHOLD?NV_TEMP_THRES...
  +--> ?PR?NVTEMPTHRESHOLDREAD?NV_TEMP_THRES...
  +--> ?PR?_NVTEMPTHRESHOLDWRITE?NV_TEMP_THR...

?PR?NVTEMPTHRESHOLDINIT?NV_TEMP_THRES...         -----    -----      000FH    0001H      00E4H    0001H
  +--> ?PR?_M24C02_READ?M24C02
  +--> ?PR?_NVISVALIDTHRESHOLD?NV_TEMP_THRES...

?PR?_M24C02_READ?M24C02                          -----    -----      -----    -----      -----    -----
  +--> ?PR?START?M24C02
  +--> ?PR?RESPONS?M24C02
  +--> ?PR?_WRITEBYTE?M24C02
  +--> ?PR?READBYTE?M24C02
  +--> ?PR?STOP?M24C02

?PR?RESPONS?M24C02                               -----    -----      -----    -----      -----    -----
  +--> ?PR?_WRITEBYTE?M24C02

?PR?NVTEMPTHRESHOLDREAD?NV_TEMP_THRES...         -----    -----      -----    -----      00E3H    0001H
BL51 BANKED LINKER/LOCATER V6.22.4.0                                                  09/16/2025  21:38:53  PAGE 8


  +--> ?PR?NVTEMPTHRESHOLDINIT?NV_TEMP_THRES...
  +--> ?PR?_M24C02_READ?M24C02
  +--> ?PR?_NVISVALIDTHRESHOLD?NV_TEMP_THRES...

?PR?_NVTEMPTHRESHOLDWRITE?NV_TEMP_THR...         -----    -----      000EH    0001H      -----    -----
  +--> ?PR?NVTEMPTHRESHOLDINIT?NV_TEMP_THRES...
  +--> ?PR?_NVISVALIDTHRESHOLD?NV_TEMP_THRES...
  +--> ?PR?_M24C02_WRITE?M24C02

?PR?_M24C02_WRITE?M24C02                         -----    -----      -----    -----      -----    -----
  +--> ?PR?START?M24C02
  +--> ?PR?_WRITEBYTE?M24C02
  +--> ?PR?RESPONS?M24C02
  +--> ?PR?STOP?M24C02

?PR?_SETEVENTCALLBACK?SYS                        -----    -----      0008H    0003H      -----    -----

?PR?_SETUART1RXD?UART1                           -----    -----      0008H    000AH      -----    -----

?PR?INITRTC?RTC_MODULE                           -----    -----      -----    -----      -----    -----
  +--> ?PR?DS1302INIT?DS1302

?PR?DS1302INIT?DS1302                            -----    -----      0008H    0007H      -----    -----
  +--> ?PR?_DS1302READ?DS1302
  +--> ?PR?_DS1302WRITE?DS1302
  +--> ?PR?_NVM_READ?DS1302
  +--> ?PR?RTC_WRITE?DS1302
  +--> ?PR?_NVM_WRITE?DS1302
  +--> ?PR?_?SYS_DS1302_DRV?DS1302

?PR?_DS1302READ?DS1302                           -----    -----      -----    -----      -----    -----
  +--> ?PR?_DS1302WRITEBYTE?DS1302
  +--> ?PR?DS1302READBYTE?DS1302

?PR?_DS1302WRITE?DS1302                          -----    -----      -----    -----      -----    -----
  +--> ?PR?_DS1302WRITEBYTE?DS1302

?PR?_NVM_READ?DS1302                             -----    -----      -----    -----      -----    -----
  +--> ?PR?_DS1302READ?DS1302

?PR?RTC_WRITE?DS1302                             -----    -----      000FH    0007H      -----    -----

?PR?_NVM_WRITE?DS1302                            -----    -----      -----    -----      -----    -----
  +--> ?PR?_DS1302WRITE?DS1302

?PR?_?SYS_DS1302_DRV?DS1302                      -----    -----      -----    -----      -----    -----
  +--> ?PR?_DS1302READ?DS1302
  +--> ?PR?_DS1302WRITE?DS1302

?PR?_EXTINIT?EXT                                 -----    -----      -----    -----      -----    -----
  +--> ?PR?_?SYS_EXT_DRV?EXT

?PR?_?SYS_EXT_DRV?EXT                            -----    -----      -----    -----      -----    -----
  +--> ?PR?READCOUNT?EXT

?PR?READCOUNT?EXT                                -----    -----      0008H    0005H      -----    -----

BL51 BANKED LINKER/LOCATER V6.22.4.0                                                  09/16/2025  21:38:53  PAGE 9


?PR?ULTRASONICINIT?ULTRASONIC_MODULE             -----    -----      -----    -----      -----    -----
  +--> ?PR?STEPMOTORINIT?STEPMOTOR

?PR?STEPMOTORINIT?STEPMOTOR                      -----    -----      -----    -----      -----    -----
  +--> ?PR?_?SYS_STEPMOTOR_DRV?STEPMOTOR

?PR?_?SYS_STEPMOTOR_DRV?STEPMOTOR                -----    -----      -----    -----      -----    -----
  +--> ?PR?_LEDPRINT?DISPLAYER

?PR?RADIO_INIT?RADIO_MODULE                      -----    -----      -----    -----      -----    -----
  +--> ?PR?FMRADIOINIT?FM_RADIO
  +--> ?PR?SETFMRADIO?FM_RADIO

?PR?FMRADIOINIT?FM_RADIO                         -----    -----      0008H    0006H      -----    -----
  +--> ?PR?SETFMRADIO?FM_RADIO
  +--> ?PR?_?SYS_FMRADIO_DRV?FM_RADIO

?PR?SETFMRADIO?FM_RADIO                          -----    -----      000EH    0006H      -----    -----
  +--> ?PR?GETFMRADIO?FM_RADIO

?PR?GETFMRADIO?FM_RADIO                          -----    -----      0014H    0006H      -----    -----

?PR?_?SYS_FMRADIO_DRV?FM_RADIO                   -----    -----      -----    -----      -----    -----
  +--> ?PR?IIC_RADIO_START?FM_RADIO
  +--> ?PR?_IIC_RADIO_WRITEBYTE?FM_RADIO
  +--> ?PR?IIC_RADIO_ACK?FM_RADIO
  +--> ?PR?IIC_RADIO_STOP?FM_RADIO

?PR?IIC_RADIO_START?FM_RADIO                     -----    -----      -----    -----      -----    -----
  +--> ?PR?_DELAY?FM_RADIO

?PR?_IIC_RADIO_WRITEBYTE?FM_RADIO                -----    -----      -----    -----      -----    -----
  +--> ?PR?_DELAY?FM_RADIO

?PR?IIC_RADIO_ACK?FM_RADIO                       -----    -----      -----    -----      -----    -----
  +--> ?PR?_DELAY?FM_RADIO

?PR?IIC_RADIO_STOP?FM_RADIO                      -----    -----      -----    -----      -----    -----
  +--> ?PR?_DELAY?FM_RADIO

?PR?_SETTRAINID?TRAIN_ID_MODULE                  -----    -----      0008H    0001H      -----    -----
  +--> ?PR?_NVM_WRITE?DS1302

?PR?_SETUART2RXD?UART2                           -----    -----      0008H    000AH      -----    -----

?PR?MY1S_CALLBACK?CORE                           -----    -----      -----    -----      -----    -----
  +--> ?PR?UPDATETIME?RTC_MODULE
  +--> ?PR?UPDATETEMP?TEMP_MODULE
  +--> ?PR?GETSPEED?SPEED_MODULE
  +--> ?PR?SHOWSTATUS?NAV_HANDLER
  +--> ?PR?CHECKCOUNTDOWNEVENT?VOICE_MODULE
  +--> ?PR?ULTRASONICUPDATEANDDISPLAY?ULTRAS...
  +--> ?PR?MYUART1SENDCURRENTSTATUS?MY_UART1

?PR?UPDATETIME?RTC_MODULE                        -----    -----      0008H    0002H      -----    -----
  +--> ?PR?RTC_READ?DS1302
  +--> ?PR?RESETTIMER?RTC_MODULE
BL51 BANKED LINKER/LOCATER V6.22.4.0                                                  09/16/2025  21:38:53  PAGE 10


  +--> ?PR?RTC_WRITE?DS1302

?PR?RESETTIMER?RTC_MODULE                        -----    -----      -----    -----      00B2H    0002H
  +--> ?PR?GETSPEED?SPEED_MODULE
  +--> ?PR?RTC_WRITE?DS1302

?PR?UPDATETEMP?TEMP_MODULE                       -----    -----      -----    -----      -----    -----
  +--> ?PR?GETADC?ADC
  +--> ?CO?TEMP_MODULE

?PR?SHOWSTATUS?NAV_HANDLER                       -----    -----      -----    -----      -----    -----
  +--> ?PR?SHOWTIME?RTC_MODULE
  +--> ?PR?SHOWTEMP?TEMP_MODULE
  +--> ?PR?SHOWSPEED?SPEED_MODULE

?PR?SHOWTIME?RTC_MODULE                          -----    -----      -----    -----      -----    -----
  +--> ?PR?RTC_READ?DS1302
  +--> ?PR?_SEG7PRINT?DISPLAYER

?PR?_SEG7PRINT?DISPLAYER                         -----    -----      0008H    0008H      -----    -----

?PR?SHOWTEMP?TEMP_MODULE                         -----    -----      -----    -----      -----    -----
  +--> ?PR?_SEG7PRINT?DISPLAYER

?PR?SHOWSPEED?SPEED_MODULE                       -----    -----      -----    -----      -----    -----
  +--> ?PR?_SEG7PRINT?DISPLAYER

?PR?CHECKCOUNTDOWNEVENT?VOICE_MODULE             -----    -----      -----    -----      00B2H    0002H
  +--> ?CO?VOICE_MODULE
  +--> ?PR?_UART2PRINT?UART2

?PR?ULTRASONICUPDATEANDDISPLAY?ULTRAS...         -----    -----      -----    -----      -----    -----
  +--> ?PR?GETULTRASONICDISTANCE?ULTRASONIC_...
  +--> ?PR?AUTODOOR_OPEN?ULTRASONIC_MODULE
  +--> ?PR?AUTODOOR_CLOSE?ULTRASONIC_MODULE
  +--> ?PR?_SETBEEP?BEEP

?PR?GETULTRASONICDISTANCE?ULTRASONIC_...         -----    -----      -----    -----      -----    -----
  +--> ?PR?GETULTRASONIC?SYS

?PR?GETULTRASONIC?SYS                            -----    -----      0008H    0002H      -----    -----
  +--> ?CO?CORE

?PR?AUTODOOR_OPEN?ULTRASONIC_MODULE              -----    -----      -----    -----      -----    -----
  +--> ?PR?_GETSTEPMOTORSTATUS?STEPMOTOR
  +--> ?PR?_SETSTEPMOTOR?STEPMOTOR

?PR?_SETSTEPMOTOR?STEPMOTOR                      -----    -----      0008H    0001H      -----    -----

?PR?AUTODOOR_CLOSE?ULTRASONIC_MODULE             -----    -----      -----    -----      -----    -----
  +--> ?PR?_GETSTEPMOTORSTATUS?STEPMOTOR
  +--> ?PR?_SETSTEPMOTOR?STEPMOTOR

?PR?_SETBEEP?BEEP                                -----    -----      0008H    0004H      -----    -----
  +--> ?PR?GETBEEPTIMER?SYS
  +--> ?PR?_SETBEEPTIMER?SYS
  +--> ?CO?CORE
BL51 BANKED LINKER/LOCATER V6.22.4.0                                                  09/16/2025  21:38:53  PAGE 11


  +--> ?PR?_SETCCP0?SYS
  +--> ?PR?CLRBEEPPIN?SYS

?PR?MYUART1SENDCURRENTSTATUS?MY_UART1            -----    -----      -----    -----      00B2H    0002H
  +--> ?PR?GETUART1TXSTATUS?UART1
  +--> ?CO?MY_UART1
  +--> ?PR?_STRLEN?STRLEN
  +--> ?PR?_MY_UTOA?MY_UART1
  +--> ?PR?_UART1PRINT?UART1

?PR?_MY_UTOA?MY_UART1                            -----    -----      0008H    0003H      00B4H    0012H

?PR?NAVHANDLER?NAV_HANDLER                       -----    -----      -----    -----      00B2H    0004H
  +--> ?PR?_GETADCNAVACT?ADC
  +--> ?PR?SETFMRADIO?FM_RADIO

?PR?MYSTC_INIT?SYS                               -----    -----      -----    -----      -----    -----
  +--> ?PR?SYS_TIMER0_INIT?SYS

?PR?SYS_TIMER0_INIT?SYS                          -----    -----      -----    -----      -----    -----
  +--> ?CO?CORE

?PR?MYSTC_OS?SYS                                 -----    -----      -----    -----      -----    -----
  +--> ?PR?SYS_TASK_IR?SYS
  +--> ?PR?SYS_TASK_1MS?SYS
  +--> ?PR?SYS_TASK_10MS?SYS
  +--> ?PR?SYS_TASK_100MS?SYS
  +--> ?PR?SYS_TASK_1S?SYS

?C_INITSEG                                       -----    -----      -----    -----      -----    -----
  +--> ?PR?_?NULLFUNC?SYS
  +--> ?PR?_?RET0FUNC?SYS



SYMBOL TABLE OF MODULE:  .\output\BSP_Demo (MAIN)

  VALUE           TYPE          NAME
  ----------------------------------

  -------         MODULE        MAIN
  C:0000H         SYMBOL        _ICE_DUMMY_
  D:0080H         PUBLIC        P0
  D:0090H         PUBLIC        P1
  D:00A0H         PUBLIC        P2
  D:00B0H         PUBLIC        P3
  D:00C0H         PUBLIC        P4
  D:00C8H         PUBLIC        P5
  D:00E8H         PUBLIC        P6
  D:00F8H         PUBLIC        P7
  D:00A8H         PUBLIC        IE
  D:00B8H         PUBLIC        IP
  D:00D8H         PUBLIC        CCON
  C:3068H         PUBLIC        main
  D:0098H         PUBLIC        SCON
  D:0088H         PUBLIC        TCON
  D:00D0H         PUBLIC        PSW
BL51 BANKED LINKER/LOCATER V6.22.4.0                                                  09/16/2025  21:38:53  PAGE 12


  -------         PROC          MAIN
  C:3068H         LINE#         3
  C:3068H         LINE#         4
  C:306DH         LINE#         5
  C:3070H         LINE#         6
  C:3073H         LINE#         7
  C:3076H         LINE#         8
  C:307DH         LINE#         9
  C:3089H         LINE#         10
  C:308CH         LINE#         11
  C:308FH         LINE#         12
  C:3092H         LINE#         13
  C:3097H         LINE#         14
  C:309AH         LINE#         15
  C:309DH         LINE#         16
  C:30A2H         LINE#         17
  C:30BCH         LINE#         18
  C:30C7H         LINE#         19
  C:30D2H         LINE#         20
  C:30DDH         LINE#         21
  C:30E0H         LINE#         23
  C:30E0H         LINE#         24
  C:30E3H         LINE#         25
  -------         ENDPROC       MAIN
  -------         ENDMOD        MAIN

  -------         MODULE        ADC
  C:0000H         SYMBOL        _ICE_DUMMY_
  D:0080H         PUBLIC        P0
  D:0090H         PUBLIC        P1
  D:00A0H         PUBLIC        P2
  C:3FD3H         PUBLIC        _?sys_get_KNEvent
  D:0045H         PUBLIC        sys_EXTADCEvent
  D:00B0H         PUBLIC        P3
  D:00C0H         PUBLIC        P4
  D:00C8H         PUBLIC        P5
  D:00E8H         PUBLIC        P6
  D:00F8H         PUBLIC        P7
  B:00A8H.5       PUBLIC        EADC
  D:00A8H         PUBLIC        IE
  D:00BDH         PUBLIC        ADC_RES
  D:00B8H         PUBLIC        IP
  D:0097H         PUBLIC        CLK_DIV
  C:3A06H         PUBLIC        _AdcInit
  D:00D8H         PUBLIC        CCON
  C:3FE1H         PUBLIC        _?sys_get_EXTADCEvent
  X:00E7H         PUBLIC        AD_res
  D:00BCH         PUBLIC        ADC_CONTR
  D:0098H         PUBLIC        SCON
  D:0088H         PUBLIC        TCON
  C:1DB0H         PUBLIC        _?sys_ADC_drv
  B:0021H.7       PUBLIC        flag_ADC
  X:00F1H         PUBLIC        sys_KN
  D:009DH         PUBLIC        P1ASF
  D:0046H         PUBLIC        sys_KNEvent
  D:00BEH         PUBLIC        ADC_RESL
  C:0003H         PUBLIC        GetADC
BL51 BANKED LINKER/LOCATER V6.22.4.0                                                  09/16/2025  21:38:53  PAGE 13


  C:3670H         PUBLIC        _GetAdcNavAct
  C:408AH         PUBLIC        ADC_isr
  D:00D0H         PUBLIC        PSW
  -------         PROC          ADC_ISR
  C:408AH         LINE#         26
  C:408AH         LINE#         27
  C:408DH         LINE#         28
  C:408FH         LINE#         29
  -------         ENDPROC       ADC_ISR
  -------         PROC          _?SYS_ADC_DRV
  -------         DO            
  X:00E5H         SYMBOL        pc
  X:00E6H         SYMBOL        counter
  i:0000H         SYMBOL        i
  C:404FH         SYMBOL        ADC_ch
  -------         ENDDO         
  C:1DB0H         LINE#         31
  C:1DB2H         LINE#         35
  C:1DB8H         LINE#         36
  C:1DBAH         LINE#         37
  C:1DE8H         LINE#         38
  C:1DE8H         LINE#         39
  C:1DE8H         LINE#         40
  C:1DF8H         LINE#         41
  C:1DFAH         LINE#         42
  C:1DFAH         LINE#         43
  C:1DFAH         LINE#         44
  C:1E0EH         LINE#         45
  C:1E11H         LINE#         46
  C:1E14H         LINE#         47
  C:1E24H         LINE#         48
  C:1E26H         LINE#         49
  C:1E3AH         LINE#         50
  C:1E3DH         LINE#         51
  C:1E51H         LINE#         52
  C:1E64H         LINE#         53
  C:1E7CH         LINE#         54
  C:1E87H         LINE#         55
  C:1E8AH         LINE#         56
  C:1E9AH         LINE#         57
  C:1EAEH         LINE#         58
  C:1EC3H         LINE#         59
  C:1ED4H         LINE#         60
  C:1ED6H         LINE#         61
  C:1ED6H         LINE#         62
  C:1ED8H         LINE#         64
  C:1EEFH         LINE#         65
  C:1F00H         LINE#         66
  C:1F03H         LINE#         67
  C:1F03H         LINE#         68
  C:1F03H         LINE#         69
  C:1F26H         LINE#         70
  C:1F37H         LINE#         71
  C:1F3BH         LINE#         72
  C:1F3BH         LINE#         73
  C:1F3BH         LINE#         74
  C:1F41H         LINE#         75
BL51 BANKED LINKER/LOCATER V6.22.4.0                                                  09/16/2025  21:38:53  PAGE 14


  C:1F41H         LINE#         76
  C:1F41H         LINE#         77
  C:1F4DH         LINE#         78
  C:1F59H         LINE#         79
  C:1F59H         LINE#         80
  -------         ENDPROC       _?SYS_ADC_DRV
  -------         PROC          _?SYS_GET_KNEVENT
  -------         DO            
  i:0000H         SYMBOL        a
  -------         ENDDO         
  C:3FD3H         LINE#         82
  C:3FD5H         LINE#         84
  C:3FD9H         LINE#         85
  C:3FDCH         LINE#         86
  C:3FDEH         LINE#         87
  -------         ENDPROC       _?SYS_GET_KNEVENT
  -------         PROC          _?SYS_GET_EXTADCEVENT
  -------         DO            
  i:0000H         SYMBOL        a
  -------         ENDDO         
  C:3FE1H         LINE#         89
  C:3FE3H         LINE#         91
  C:3FE7H         LINE#         92
  C:3FEAH         LINE#         93
  C:3FECH         LINE#         94
  -------         ENDPROC       _?SYS_GET_EXTADCEVENT
  -------         PROC          _ADCINIT
  D:0007H         SYMBOL        ADCsel
  C:3A06H         LINE#         96
  C:3A06H         LINE#         97
  C:3A06H         LINE#         98
  C:3A08H         LINE#         99
  C:3A0BH         LINE#         100
  C:3A0EH         LINE#         101
  C:3A10H         LINE#         102
  C:3A1EH         LINE#         103
  C:3A2AH         LINE#         104
  C:3A36H         LINE#         105
  -------         ENDPROC       _ADCINIT
  -------         PROC          GETADC
  C:0003H         LINE#         107
  C:0003H         LINE#         108
  C:0009H         LINE#         109
  -------         ENDPROC       GETADC
  -------         PROC          _GETADCNAVACT
  D:0007H         SYMBOL        Nav_button
  -------         DO            
  D:0006H         SYMBOL        a
  -------         ENDDO         
  C:3670H         LINE#         111
  C:3670H         LINE#         112
  C:3670H         LINE#         113
  C:3680H         LINE#         114
  C:369BH         LINE#         115
  C:36B0H         LINE#         116
  C:36B3H         LINE#         117
  C:36B3H         LINE#         118
BL51 BANKED LINKER/LOCATER V6.22.4.0                                                  09/16/2025  21:38:53  PAGE 15


  C:36B5H         LINE#         119
  -------         ENDPROC       _GETADCNAVACT
  -------         ENDMOD        ADC

  -------         MODULE        BEEP
  C:0000H         SYMBOL        _ICE_DUMMY_
  D:0080H         PUBLIC        P0
  D:00B2H         PUBLIC        P3M0
  D:0090H         PUBLIC        P1
  D:00B1H         PUBLIC        P3M1
  D:00A0H         PUBLIC        P2
  D:00B0H         PUBLIC        P3
  D:00C0H         PUBLIC        P4
  D:00C8H         PUBLIC        P5
  D:00E8H         PUBLIC        P6
  D:00F8H         PUBLIC        P7
  D:00F9H         PUBLIC        CH
  C:3BCAH         PUBLIC        _?sys_beep_drv
  D:00A8H         PUBLIC        IE
  D:00E9H         PUBLIC        CL
  C:3D17H         PUBLIC        BeepInit
  B:00D8H.6       PUBLIC        CR
  D:00DAH         PUBLIC        CCAPM0
  D:00B8H         PUBLIC        IP
  D:00D9H         PUBLIC        CMOD
  D:00D8H         PUBLIC        CCON
  C:400BH         PUBLIC        GetBeepStatus
  C:3162H         PUBLIC        _SetBeep
  D:0098H         PUBLIC        SCON
  D:0088H         PUBLIC        TCON
  D:00D0H         PUBLIC        PSW
  B:00D8H.0       PUBLIC        CCF0
  -------         PROC          _?SYS_BEEP_DRV
  -------         DO            
  i:0000H         SYMBOL        a
  -------         ENDDO         
  C:3BCAH         LINE#         11
  C:3BCEH         LINE#         13
  C:3BD8H         LINE#         14
  C:3BEDH         LINE#         15
  -------         ENDPROC       _?SYS_BEEP_DRV
  -------         PROC          BEEPINIT
  C:3D17H         LINE#         17
  C:3D17H         LINE#         18
  C:3D17H         LINE#         19
  C:3D1AH         LINE#         20
  C:3D1DH         LINE#         21
  C:3D20H         LINE#         22
  C:3D23H         LINE#         23
  C:3D26H         LINE#         24
  C:3D28H         LINE#         25
  C:3D36H         LINE#         26
  -------         ENDPROC       BEEPINIT
  -------         PROC          _SETBEEP
  D:0008H         SYMBOL        Beep_freq
  D:000AH         SYMBOL        Beep_time
  -------         DO            
BL51 BANKED LINKER/LOCATER V6.22.4.0                                                  09/16/2025  21:38:53  PAGE 16


  D:0002H         SYMBOL        a
  D:0004H         SYMBOL        b
  -------         ENDDO         
  C:3162H         LINE#         28
  C:316AH         LINE#         29
  C:316AH         LINE#         31
  C:3171H         LINE#         32
  C:3178H         LINE#         33
  C:3183H         LINE#         34
  C:31ACH         LINE#         35
  C:31C0H         LINE#         36
  C:31C7H         LINE#         37
  C:31C9H         LINE#         38
  C:31CCH         LINE#         39
  C:31CEH         LINE#         41
  C:31D1H         LINE#         42
  C:31D4H         LINE#         43
  C:31D4H         LINE#         44
  C:31D7H         LINE#         45
  C:31D7H         LINE#         46
  C:31D9H         LINE#         47
  -------         ENDPROC       _SETBEEP
  -------         PROC          GETBEEPSTATUS
  C:400BH         LINE#         49
  C:400BH         LINE#         50
  C:4014H         LINE#         51
  C:4016H         LINE#         52
  -------         ENDPROC       GETBEEPSTATUS
  -------         ENDMOD        BEEP

  -------         MODULE        DISPLAYER
  C:0000H         SYMBOL        _ICE_DUMMY_
  D:0093H         PUBLIC        P0M1
  D:0096H         PUBLIC        P2M0
  D:0080H         PUBLIC        P0
  D:0095H         PUBLIC        P2M1
  D:0090H         PUBLIC        P1
  D:00A0H         PUBLIC        P2
  D:00B0H         PUBLIC        P3
  D:00C0H         PUBLIC        P4
  D:00C8H         PUBLIC        P5
  D:00E8H         PUBLIC        P6
  D:00F8H         PUBLIC        P7
  D:00A8H         PUBLIC        IE
  D:00B8H         PUBLIC        IP
  D:00D8H         PUBLIC        CCON
  C:4090H         PUBLIC        _LedPrint
  B:00A0H.0       PUBLIC        P20
  B:00A0H.1       PUBLIC        P21
  D:0098H         PUBLIC        SCON
  B:00A0H.2       PUBLIC        P22
  D:0088H         PUBLIC        TCON
  B:00A0H.3       PUBLIC        P23
  C:3DE8H         PUBLIC        DisplayerInit
  X:016BH         PUBLIC        sys_Disp
  C:4058H         PUBLIC        _SetDisplayerArea
  C:3D37H         PUBLIC        _Seg7Print
BL51 BANKED LINKER/LOCATER V6.22.4.0                                                  09/16/2025  21:38:53  PAGE 17


  C:24B7H         PUBLIC        _?sys_display_drv
  D:00D0H         PUBLIC        PSW
  D:0094H         PUBLIC        P0M0
  -------         PROC          _?SYS_DISPLAY_DRV
  C:24B7H         LINE#         16
  C:24B7H         LINE#         18
  C:24BAH         LINE#         19
  C:24E3H         LINE#         20
  C:24E9H         LINE#         21
  C:24EFH         LINE#         22
  C:24F5H         LINE#         23
  C:24FBH         LINE#         24
  C:2505H         LINE#         25
  C:250FH         LINE#         26
  C:2519H         LINE#         27
  C:2523H         LINE#         28
  C:2525H         LINE#         29
  C:2525H         LINE#         30
  C:252DH         LINE#         31
  C:2556H         LINE#         33
  C:2571H         LINE#         34
  C:2574H         LINE#         35
  C:2574H         LINE#         36
  C:258BH         LINE#         37
  C:2597H         LINE#         39
  C:259FH         LINE#         40
  -------         ENDPROC       _?SYS_DISPLAY_DRV
  -------         PROC          DISPLAYERINIT
  C:3DE8H         LINE#         42
  C:3DE8H         LINE#         43
  C:3DE8H         LINE#         44
  C:3DEBH         LINE#         45
  C:3DEEH         LINE#         46
  C:3DF1H         LINE#         47
  C:3DF4H         LINE#         48
  C:3E02H         LINE#         49
  -------         ENDPROC       DISPLAYERINIT
  -------         PROC          _SETDISPLAYERAREA
  D:0007H         SYMBOL        Begin_of_scan
  D:0005H         SYMBOL        Ending_of_Scan
  C:4058H         LINE#         51
  C:4058H         LINE#         52
  C:405DH         LINE#         53
  C:4060H         LINE#         54
  -------         ENDPROC       _SETDISPLAYERAREA
  -------         PROC          _SEG7PRINT
  D:0007H         SYMBOL        d0
  D:0005H         SYMBOL        d1
  D:0003H         SYMBOL        d2
  D:000BH         SYMBOL        d3
  D:000CH         SYMBOL        d4
  D:000DH         SYMBOL        d5
  D:000EH         SYMBOL        d6
  D:000FH         SYMBOL        d7
  C:3D37H         LINE#         56
  C:3D37H         LINE#         57
  C:3D3CH         LINE#         58
BL51 BANKED LINKER/LOCATER V6.22.4.0                                                  09/16/2025  21:38:53  PAGE 18


  C:3D3FH         LINE#         59
  C:3D42H         LINE#         60
  C:3D46H         LINE#         61
  C:3D4AH         LINE#         62
  C:3D4EH         LINE#         63
  C:3D52H         LINE#         64
  C:3D56H         LINE#         65
  -------         ENDPROC       _SEG7PRINT
  -------         PROC          _LEDPRINT
  D:0007H         SYMBOL        led_val
  C:4090H         LINE#         67
  C:4090H         LINE#         68
  C:4095H         LINE#         69
  -------         ENDPROC       _LEDPRINT
  -------         ENDMOD        DISPLAYER

  -------         MODULE        KEY
  C:0000H         SYMBOL        _ICE_DUMMY_
  D:0080H         PUBLIC        P0
  D:0090H         PUBLIC        P1
  D:00A0H         PUBLIC        P2
  D:00B0H         PUBLIC        P3
  D:00C0H         PUBLIC        P4
  D:00C8H         PUBLIC        P5
  D:00E8H         PUBLIC        P6
  D:00F8H         PUBLIC        P7
  D:00A8H         PUBLIC        IE
  D:004BH         PUBLIC        sys_keyEvent
  D:00B8H         PUBLIC        IP
  D:00D8H         PUBLIC        CCON
  C:3FEFH         PUBLIC        _?sys_get_keyEvent
  D:0098H         PUBLIC        SCON
  D:0088H         PUBLIC        TCON
  C:208CH         PUBLIC        _?sys_key_drv
  C:3D77H         PUBLIC        KeyInit
  B:00B0H.2       PUBLIC        IO_Key1
  B:00B0H.3       PUBLIC        IO_Key2
  B:0090H.7       PUBLIC        IO_Key3
  C:3804H         PUBLIC        _GetKeyAct
  X:0183H         PUBLIC        sys_Key
  D:00D0H         PUBLIC        PSW
  -------         PROC          _?SYS_KEY_DRV
  -------         DO            
  i:0000H         SYMBOL        i
  X:0182H         SYMBOL        counter
  -------         ENDDO         
  C:208CH         LINE#         28
  C:208EH         LINE#         31
  C:2097H         LINE#         32
  C:20A0H         LINE#         33
  C:20A9H         LINE#         34
  C:20B4H         LINE#         35
  C:20B7H         LINE#         36
  C:20C9H         LINE#         37
  C:20E7H         LINE#         38
  C:2100H         LINE#         39
  C:211CH         LINE#         40
BL51 BANKED LINKER/LOCATER V6.22.4.0                                                  09/16/2025  21:38:53  PAGE 19


  C:211EH         LINE#         41
  C:211EH         LINE#         42
  C:2120H         LINE#         44
  C:2141H         LINE#         45
  C:2157H         LINE#         46
  C:215AH         LINE#         47
  C:215AH         LINE#         48
  C:215AH         LINE#         49
  C:218DH         LINE#         50
  C:21A8H         LINE#         51
  C:21ACH         LINE#         52
  C:21ACH         LINE#         53
  -------         ENDPROC       _?SYS_KEY_DRV
  -------         PROC          _?SYS_GET_KEYEVENT
  -------         DO            
  i:0000H         SYMBOL        a
  -------         ENDDO         
  C:3FEFH         LINE#         55
  C:3FF1H         LINE#         57
  C:3FF5H         LINE#         58
  C:3FF8H         LINE#         59
  C:3FFAH         LINE#         60
  -------         ENDPROC       _?SYS_GET_KEYEVENT
  -------         PROC          KEYINIT
  C:3D77H         LINE#         62
  C:3D77H         LINE#         63
  C:3D77H         LINE#         64
  C:3D85H         LINE#         65
  C:3D93H         LINE#         66
  -------         ENDPROC       KEYINIT
  -------         PROC          _GETKEYACT
  D:0007H         SYMBOL        Key
  -------         DO            
  D:0006H         SYMBOL        a
  -------         ENDDO         
  C:3804H         LINE#         68
  C:3804H         LINE#         69
  C:3804H         LINE#         70
  C:380EH         LINE#         71
  C:3829H         LINE#         72
  C:383EH         LINE#         73
  C:3841H         LINE#         74
  C:3841H         LINE#         75
  C:3843H         LINE#         76
  -------         ENDPROC       _GETKEYACT
  -------         ENDMOD        KEY

  -------         MODULE        SYS
  C:0000H         SYMBOL        _ICE_DUMMY_
  X:0000H         PUBLIC        count_1mS
  B:00D8H.2       PUBLIC        CCF2
  D:0080H         PUBLIC        P0
  B:0020H.1       PUBLIC        flag_1S
  D:0090H         PUBLIC        P1
  D:00A0H         PUBLIC        P2
  D:00B0H         PUBLIC        P3
  D:00C0H         PUBLIC        P4
BL51 BANKED LINKER/LOCATER V6.22.4.0                                                  09/16/2025  21:38:53  PAGE 20


  X:0001H         PUBLIC        T1
  D:00C8H         PUBLIC        P5
  X:0003H         PUBLIC        T2
  B:00A8H.7       PUBLIC        EA
  D:00E8H         PUBLIC        P6
  D:00F8H         PUBLIC        P7
  D:0024H         PUBLIC        IrDatNum
  B:00D8H.7       PUBLIC        CF
  B:0020H.2       PUBLIC        Ir_Coder
  B:0020H.3       PUBLIC        Ir_RxBusy
  D:00A8H         PUBLIC        IE
  B:0020H.4       PUBLIC        Ir_TxBusy
  X:0005H         PUBLIC        userfunccall
  D:00FAH         PUBLIC        CCAP0H
  D:00FBH         PUBLIC        CCAP1H
  C:2ED9H         PUBLIC        sys_task_Ir
  D:0025H         PUBLIC        IrCount_j
  D:0026H         PUBLIC        IrRx_count
  D:0027H         PUBLIC        IrProtocol
  D:00EAH         PUBLIC        CCAP0L
  D:0028H         PUBLIC        IrTx_count
  D:00EBH         PUBLIC        CCAP1L
  D:00DAH         PUBLIC        CCAPM0
  D:00DBH         PUBLIC        CCAPM1
  D:0029H         PUBLIC        MainLoops
  D:00B8H         PUBLIC        IP
  B:00D0H.7       PUBLIC        CY
  B:0020H.5       PUBLIC        flag_10mS
  D:00D8H         PUBLIC        CCON
  C:4061H         PUBLIC        GetBeepTimer
  C:358FH         PUBLIC        sys_Timer0_isr
  C:30E5H         PUBLIC        _SetEventCallBack
  C:4096H         PUBLIC        MySTC_Init
  C:3844H         PUBLIC        sys_task_100mS
  D:002DH         PUBLIC        ModBus_interval_time
  C:40A2H         PUBLIC        _?ret0func
  C:353CH         PUBLIC        GetUltraSonic
  X:0029H         PUBLIC        count_10mS
  X:002AH         PUBLIC        stcDrivers
  C:406AH         PUBLIC        _SetBeepTimer
  B:0020H.6       PUBLIC        flag_IrRxFinished
  D:0098H         PUBLIC        SCON
  C:3F56H         PUBLIC        _SetCCP0
  C:3883H         PUBLIC        MySTC_OS
  D:0089H         PUBLIC        TMOD
  D:0088H         PUBLIC        TCON
  B:0020H.7       PUBLIC        flag_Ir
  B:00B0H.5       PUBLIC        P35
  D:002EH         PUBLIC        IrRxNum
  X:0060H         PUBLIC        SysPerformance
  D:008EH         PUBLIC        AUXR
  C:2A11H         PUBLIC        sys_CCP_isr
  C:23CAH         PUBLIC        sys_task_1mS
  B:00A8H.1       PUBLIC        ET0
  C:40A5H         PUBLIC        ClrBeepPin
  D:008CH         PUBLIC        TH0
  B:0021H.0       PUBLIC        flag_100mS
BL51 BANKED LINKER/LOCATER V6.22.4.0                                                  09/16/2025  21:38:53  PAGE 21


  X:0065H         PUBLIC        distance
  D:008AH         PUBLIC        TL0
  D:002FH         PUBLIC        PollingMisses
  X:0067H         PUBLIC        sys_BP
  B:0088H.4       PUBLIC        TR0
  C:3AF6H         PUBLIC        sys_task_1S
  C:407CH         PUBLIC        GetSysPerformance
  B:0021H.1       PUBLIC        matchModBus
  X:006DH         PUBLIC        count_100mS
  B:0021H.2       PUBLIC        Ir_BitBusy
  D:0030H         PUBLIC        IrDat_count
  D:0031H         PUBLIC        IrMute_count
  B:0021H.3       PUBLIC        newFrame1
  C:3629H         PUBLIC        sys_Timer0_Init
  B:0021H.4       PUBLIC        newFrame2
  D:0032H         PUBLIC        IrDataPc
  C:000AH         PUBLIC        _?nullfunc
  B:0021H.5       PUBLIC        flag_1mS
  B:0021H.6       PUBLIC        newUS
  D:008FH         PUBLIC        INT_CLKO
  C:2D2AH         PUBLIC        sys_task_10mS
  D:00D0H         PUBLIC        PSW
  B:00D8H.0       PUBLIC        CCF0
  B:00B0H.4       PUBLIC        Beep
  B:00D8H.1       PUBLIC        CCF1
  -------         PROC          _?NULLFUNC
  C:000AH         LINE#         13
  -------         ENDPROC       _?NULLFUNC
  -------         PROC          _?RET0FUNC
  C:40A2H         LINE#         14
  -------         ENDPROC       _?RET0FUNC
  -------         PROC          SYS_TIMER0_INIT
  C:3629H         LINE#         96
  C:3629H         LINE#         97
  C:362CH         LINE#         98
  C:362FH         LINE#         99
  C:3645H         LINE#         100
  C:366BH         LINE#         101
  C:366DH         LINE#         102
  C:366FH         LINE#         103
  -------         ENDPROC       SYS_TIMER0_INIT
  -------         PROC          SYS_TIMER0_ISR
  -------         DO            
  D:0023H         SYMBOL        i
  -------         ENDDO         
  C:358FH         LINE#         105
  C:3593H         LINE#         107
  C:3596H         LINE#         108
  C:3599H         LINE#         109
  C:359EH         LINE#         110
  C:35A0H         LINE#         111
  C:35A0H         LINE#         112
  C:35A6H         LINE#         113
  C:35ACH         LINE#         114
  C:35AFH         LINE#         115
  C:35B1H         LINE#         116
  C:35B4H         LINE#         117
BL51 BANKED LINKER/LOCATER V6.22.4.0                                                  09/16/2025  21:38:53  PAGE 22


  C:35B8H         LINE#         118
  C:35BAH         LINE#         119
  C:35BDH         LINE#         120
  C:35BFH         LINE#         122
  C:35C2H         LINE#         123
  C:35C4H         LINE#         124
  C:35C9H         LINE#         125
  C:35C9H         LINE#         126
  C:35CBH         LINE#         128
  C:35D4H         LINE#         129
  C:35D6H         LINE#         130
  C:35DCH         LINE#         131
  C:35DCH         LINE#         132
  C:35DCH         LINE#         133
  C:35DCH         LINE#         134
  -------         ENDPROC       SYS_TIMER0_ISR
  -------         PROC          GETULTRASONIC
  -------         DO            
  D:0008H         SYMBOL        a
  -------         ENDDO         
  C:353CH         LINE#         138
  C:353CH         LINE#         139
  C:353CH         LINE#         140
  C:353FH         LINE#         141
  C:3541H         LINE#         142
  C:3550H         LINE#         143
  C:3586H         LINE#         144
  C:3586H         LINE#         145
  C:358EH         LINE#         146
  -------         ENDPROC       GETULTRASONIC
  -------         PROC          GETBEEPTIMER
  C:4061H         LINE#         148
  C:4061H         LINE#         149
  C:4069H         LINE#         150
  -------         ENDPROC       GETBEEPTIMER
  -------         PROC          _SETBEEPTIMER
  D:0006H         SYMBOL        a
  C:406AH         LINE#         152
  C:406AH         LINE#         153
  C:4072H         LINE#         154
  -------         ENDPROC       _SETBEEPTIMER
  -------         PROC          _SETCCP0
  D:0006H         SYMBOL        step
  D:0004H         SYMBOL        next
  C:3F56H         LINE#         156
  C:3F56H         LINE#         157
  C:3F5EH         LINE#         158
  C:3F66H         LINE#         159
  -------         ENDPROC       _SETCCP0
  -------         PROC          CLRBEEPPIN
  C:40A5H         LINE#         161
  C:40A5H         LINE#         162
  C:40A7H         LINE#         163
  -------         ENDPROC       CLRBEEPPIN
  -------         PROC          SYS_CCP_ISR
  -------         DO            
  B:0020H.0       SYMBOL        a
BL51 BANKED LINKER/LOCATER V6.22.4.0                                                  09/16/2025  21:38:53  PAGE 23


  -------         ENDDO         
  C:2A11H         LINE#         165
  C:2A24H         LINE#         167
  C:2A2BH         LINE#         168
  C:2A32H         LINE#         169
  C:2A35H         LINE#         170
  C:2A37H         LINE#         171
  C:2A47H         LINE#         172
  C:2A4EH         LINE#         173
  C:2A51H         LINE#         174
  C:2A53H         LINE#         175
  C:2A55H         LINE#         177
  C:2A69H         LINE#         178
  C:2A6CH         LINE#         179
  C:2A6EH         LINE#         180
  C:2A70H         LINE#         181
  C:2A72H         LINE#         183
  C:2A72H         LINE#         184
  C:2A75H         LINE#         185
  C:2A77H         LINE#         186
  C:2A81H         LINE#         187
  C:2A83H         LINE#         188
  C:2A8CH         LINE#         189
  C:2A8FH         LINE#         190
  C:2AA1H         LINE#         191
  C:2AA3H         LINE#         193
  C:2AA5H         LINE#         194
  C:2AA8H         LINE#         195
  C:2AA8H         LINE#         196
  C:2AA8H         LINE#         197
  -------         ENDPROC       SYS_CCP_ISR
  -------         PROC          MYSTC_INIT
  C:4096H         LINE#         199
  C:4096H         LINE#         200
  C:4099H         LINE#         201
  C:409BH         LINE#         202
  -------         ENDPROC       MYSTC_INIT
  -------         PROC          SYS_TASK_IR
  -------         DO            
  D:0007H         SYMBOL        a
  -------         ENDDO         
  C:2ED9H         LINE#         204
  C:2ED9H         LINE#         205
  C:2ED9H         LINE#         206
  C:2EEFH         LINE#         207
  C:2EF6H         LINE#         208
  C:2EF9H         LINE#         209
  C:2EFCH         LINE#         210
  C:2F12H         LINE#         211
  C:2F22H         LINE#         212
  C:2F2AH         LINE#         213
  C:2F2DH         LINE#         214
  C:2F2FH         LINE#         216
  C:2F45H         LINE#         217
  C:2F59H         LINE#         218
  C:2F59H         LINE#         219
  C:2F5BH         LINE#         220
BL51 BANKED LINKER/LOCATER V6.22.4.0                                                  09/16/2025  21:38:53  PAGE 24


  C:2F5EH         LINE#         222
  C:2F5EH         LINE#         224
  C:2F60H         LINE#         225
  C:2F63H         LINE#         226
  C:2F63H         LINE#         227
  -------         ENDPROC       SYS_TASK_IR
  -------         PROC          SYS_TASK_1MS
  C:23CAH         LINE#         229
  C:23CAH         LINE#         230
  C:23D2H         LINE#         231
  C:23D5H         LINE#         232
  C:23D7H         LINE#         233
  C:23DFH         LINE#         234
  C:23E2H         LINE#         235
  C:23E4H         LINE#         236
  C:23ECH         LINE#         237
  C:23EFH         LINE#         238
  C:23F1H         LINE#         239
  C:23F1H         LINE#         240
  C:23F1H         LINE#         241
  C:23F1H         LINE#         242
  C:23FDH         LINE#         243
  C:2409H         LINE#         244
  C:2415H         LINE#         245
  C:2421H         LINE#         246
  C:242DH         LINE#         247
  C:2439H         LINE#         248
  C:2454H         LINE#         249
  C:2463H         LINE#         250
  C:246FH         LINE#         251
  C:2471H         LINE#         252
  C:2471H         LINE#         253
  C:2478H         LINE#         254
  C:247BH         LINE#         255
  C:248AH         LINE#         256
  C:248CH         LINE#         257
  C:248CH         LINE#         258
  C:248EH         LINE#         260
  C:249DH         LINE#         261
  C:24A9H         LINE#         262
  C:24ABH         LINE#         263
  C:24ABH         LINE#         264
  C:24ABH         LINE#         265
  -------         ENDPROC       SYS_TASK_1MS
  -------         PROC          SYS_TASK_10MS
  C:2D2AH         LINE#         268
  C:2D2AH         LINE#         269
  C:2D36H         LINE#         270
  C:2D42H         LINE#         271
  C:2D4EH         LINE#         272
  C:2D5AH         LINE#         273
  C:2D75H         LINE#         274
  C:2D90H         LINE#         275
  C:2DABH         LINE#         276
  C:2DAEH         LINE#         277
  C:2DB0H         LINE#         278
  C:2DBCH         LINE#         279
BL51 BANKED LINKER/LOCATER V6.22.4.0                                                  09/16/2025  21:38:53  PAGE 25


  C:2DBCH         LINE#         280
  -------         ENDPROC       SYS_TASK_10MS
  -------         PROC          SYS_TASK_100MS
  C:3844H         LINE#         282
  C:3844H         LINE#         283
  C:3850H         LINE#         284
  C:386BH         LINE#         285
  C:3877H         LINE#         286
  -------         ENDPROC       SYS_TASK_100MS
  -------         PROC          SYS_TASK_1S
  C:3AF6H         LINE#         289
  C:3AF6H         LINE#         290
  C:3B04H         LINE#         291
  C:3B0AH         LINE#         292
  C:3B13H         LINE#         293
  C:3B15H         LINE#         294
  -------         ENDPROC       SYS_TASK_1S
  -------         PROC          MYSTC_OS
  C:3883H         LINE#         297
  C:3883H         LINE#         298
  C:388BH         LINE#         299
  C:3893H         LINE#         300
  C:389BH         LINE#         301
  C:38A3H         LINE#         302
  C:38ABH         LINE#         303
  C:38C0H         LINE#         306
  -------         ENDPROC       MYSTC_OS
  -------         PROC          _SETEVENTCALLBACK
  D:0007H         SYMBOL        event
  D:0008H         SYMBOL        user_callback
  C:30E5H         LINE#         308
  C:30EBH         LINE#         309
  C:311CH         LINE#         310
  C:311FH         LINE#         311
  C:3121H         LINE#         312
  C:3124H         LINE#         313
  C:3126H         LINE#         314
  C:3129H         LINE#         315
  C:312BH         LINE#         316
  C:312EH         LINE#         317
  C:3130H         LINE#         318
  C:3133H         LINE#         319
  C:3135H         LINE#         320
  C:3138H         LINE#         321
  C:313AH         LINE#         322
  C:313DH         LINE#         323
  C:313FH         LINE#         324
  C:3142H         LINE#         325
  C:3144H         LINE#         326
  C:3147H         LINE#         327
  C:3149H         LINE#         328
  C:314CH         LINE#         329
  C:314EH         LINE#         330
  C:3151H         LINE#         331
  C:3153H         LINE#         332
  C:3161H         LINE#         333
  C:3161H         LINE#         334
BL51 BANKED LINKER/LOCATER V6.22.4.0                                                  09/16/2025  21:38:53  PAGE 26


  C:3161H         LINE#         335
  C:3161H         LINE#         336
  -------         ENDPROC       _SETEVENTCALLBACK
  -------         PROC          GETSYSPERFORMANCE
  C:407CH         LINE#         338
  C:407CH         LINE#         339
  C:4082H         LINE#         340
  -------         ENDPROC       GETSYSPERFORMANCE
  -------         ENDMOD        SYS

  -------         MODULE        EXT
  C:0000H         SYMBOL        _ICE_DUMMY_
  D:0080H         PUBLIC        P0
  D:0090H         PUBLIC        P1
  D:00A0H         PUBLIC        P2
  D:00B0H         PUBLIC        P3
  D:00C0H         PUBLIC        P4
  D:00C8H         PUBLIC        P5
  D:00E8H         PUBLIC        P6
  X:0177H         PUBLIC        EXTmodel
  D:00F8H         PUBLIC        P7
  C:3936H         PUBLIC        _EXTInit
  C:348DH         PUBLIC        ReadCount
  D:00A2H         PUBLIC        P_SW1
  C:4073H         PUBLIC        GetWeight
  D:00A8H         PUBLIC        IE
  X:0178H         PUBLIC        T_Pout1
  X:017AH         PUBLIC        T_Pout2
  B:00D8H.6       PUBLIC        CR
  X:017CH         PUBLIC        resultEXT
  D:00DBH         PUBLIC        CCAPM1
  D:00B8H         PUBLIC        IP
  C:2DBDH         PUBLIC        _SetPWM
  D:00D9H         PUBLIC        CMOD
  D:00D8H         PUBLIC        CCON
  D:0098H         PUBLIC        SCON
  D:0088H         PUBLIC        TCON
  B:0090H.0       PUBLIC        DOUT
  D:00E0H         PUBLIC        ACC
  B:0090H.1       PUBLIC        PD_SCK
  X:017EH         PUBLIC        T_PWM1
  X:0180H         PUBLIC        T_PWM2
  C:25A0H         PUBLIC        _?sys_EXT_drv
  C:3F67H         PUBLIC        GetDecode
  D:00D0H         PUBLIC        PSW
  -------         PROC          _SETPWM
  D:0002H         SYMBOL        PWM1
  D:0005H         SYMBOL        freq1
  D:001EH         SYMBOL        PWM2
  D:001FH         SYMBOL        freq2
  C:2DBDH         LINE#         25
  C:2DC1H         LINE#         26
  C:2DD2H         LINE#         27
  C:2DE4H         LINE#         28
  C:2E18H         LINE#         29
  C:2E4CH         LINE#         30
  -------         ENDPROC       _SETPWM
BL51 BANKED LINKER/LOCATER V6.22.4.0                                                  09/16/2025  21:38:53  PAGE 27


  -------         PROC          READCOUNT
  -------         DO            
  D:0008H         SYMBOL        Count
  D:000CH         SYMBOL        i
  -------         ENDDO         
  C:348DH         LINE#         35
  C:348DH         LINE#         36
  C:348DH         LINE#         38
  C:3496H         LINE#         39
  C:3498H         LINE#         40
  C:349AH         LINE#         41
  C:34AFH         LINE#         42
  C:34B0H         LINE#         43
  C:34B2H         LINE#         44
  C:34CAH         LINE#         45
  C:34D1H         LINE#         46
  C:34D2H         LINE#         47
  C:34D4H         LINE#         48
  C:34D5H         LINE#         49
  C:34D6H         LINE#         50
  C:34D8H         LINE#         51
  C:34E5H         LINE#         52
  -------         ENDPROC       READCOUNT
  -------         PROC          GETWEIGHT
  C:4073H         LINE#         54
  C:4073H         LINE#         55
  C:407BH         LINE#         56
  -------         ENDPROC       GETWEIGHT
  -------         PROC          GETDECODE
  -------         DO            
  D:0006H         SYMBOL        a
  -------         ENDDO         
  C:3F67H         LINE#         58
  C:3F67H         LINE#         59
  C:3F67H         LINE#         60
  C:3F6FH         LINE#         61
  C:3F76H         LINE#         62
  C:3F76H         LINE#         63
  -------         ENDPROC       GETDECODE
  -------         PROC          _?SYS_EXT_DRV
  -------         DO            
  D:003CH         SYMBOL        i
  D:003EH         SYMBOL        j
  D:0040H         SYMBOL        oldPin1
  D:0041H         SYMBOL        UStimer
  -------         ENDDO         
  C:25A0H         LINE#         65
  C:25A0H         LINE#         69
  C:25A6H         LINE#         70
  C:25AAH         LINE#         71
  C:25B5H         LINE#         72
  C:25B5H         LINE#         73
  C:25BEH         LINE#         74
  C:25DAH         LINE#         75
  C:25EFH         LINE#         76
  C:260BH         LINE#         77
  C:2620H         LINE#         78
BL51 BANKED LINKER/LOCATER V6.22.4.0                                                  09/16/2025  21:38:53  PAGE 28


  C:2620H         LINE#         79
  C:2625H         LINE#         80
  C:263CH         LINE#         81
  C:265DH         LINE#         82
  C:2663H         LINE#         83
  C:2663H         LINE#         84
  C:266AH         LINE#         85
  C:2670H         LINE#         86
  C:2675H         LINE#         87
  C:2677H         LINE#         88
  C:267AH         LINE#         89
  C:267AH         LINE#         90
  C:2683H         LINE#         91
  C:2686H         LINE#         92
  C:2686H         LINE#         93
  -------         ENDPROC       _?SYS_EXT_DRV
  -------         PROC          _EXTINIT
  D:0007H         SYMBOL        EXTfunction
  C:3936H         LINE#         95
  C:3936H         LINE#         96
  C:3936H         LINE#         97
  C:393BH         LINE#         98
  C:3941H         LINE#         99
  C:3943H         LINE#         100
  C:394AH         LINE#         101
  C:394CH         LINE#         102
  C:394EH         LINE#         103
  C:3950H         LINE#         104
  C:3953H         LINE#         105
  C:3956H         LINE#         106
  C:3958H         LINE#         107
  C:395AH         LINE#         108
  C:395DH         LINE#         109
  C:396BH         LINE#         110
  -------         ENDPROC       _EXTINIT
  -------         ENDMOD        EXT

  -------         MODULE        UART2
  C:0000H         SYMBOL        _ICE_DUMMY_
  D:0047H         PUBLIC        ModBus_Interval_Min
  D:0080H         PUBLIC        P0
  C:1856H         PUBLIC        Uart2_isr
  D:0090H         PUBLIC        P1
  D:00A0H         PUBLIC        P2
  D:00B0H         PUBLIC        P3
  D:00C0H         PUBLIC        P4
  D:00C8H         PUBLIC        P5
  D:00E8H         PUBLIC        P6
  D:00F8H         PUBLIC        P7
  D:00BAH         PUBLIC        P_SW2
  D:00A8H         PUBLIC        IE
  D:00DBH         PUBLIC        CCAPM1
  D:00B8H         PUBLIC        IP
  C:0042H         PUBLIC        _?nullfunc0
  D:00D8H         PUBLIC        CCON
  C:3A37H         PUBLIC        _SetUart2Rxd
  B:0090H.0       PUBLIC        P10
BL51 BANKED LINKER/LOCATER V6.22.4.0                                                  09/16/2025  21:38:53  PAGE 29


  B:0090H.1       PUBLIC        P11
  D:0098H         PUBLIC        SCON
  D:0088H         PUBLIC        TCON
  D:00AFH         PUBLIC        IE2
  D:008EH         PUBLIC        AUXR
  C:4023H         PUBLIC        GetUart2TxStatus
  D:00D6H         PUBLIC        T2H
  B:00B0H.7       PUBLIC        M485_TxEn
  D:00D7H         PUBLIC        T2L
  C:3A99H         PUBLIC        _Uart2Print
  D:009BH         PUBLIC        S2BUF
  D:009AH         PUBLIC        S2CON
  C:2803H         PUBLIC        _Uart2Init
  D:0048H         PUBLIC        Uart2usage
  C:3F97H         PUBLIC        _?sys_get_Uart2RxdEvent
  X:012FH         PUBLIC        com2
  D:00D0H         PUBLIC        PSW
  -------         PROC          UART2_ISR
  C:1856H         LINE#         19
  C:1873H         LINE#         20
  C:1878H         LINE#         21
  C:187BH         LINE#         22
  C:18AFH         LINE#         24
  C:18B4H         LINE#         25
  C:18BAH         LINE#         26
  C:18BAH         LINE#         27
  C:18BAH         LINE#         29
  C:18C2H         LINE#         30
  C:18C5H         LINE#         31
  C:18C8H         LINE#         32
  C:18CAH         LINE#         33
  C:18D1H         LINE#         34
  C:18D3H         LINE#         35
  C:18D3H         LINE#         36
  C:18DCH         LINE#         37
  C:18F0H         LINE#         38
  C:1904H         LINE#         39
  C:1913H         LINE#         40
  C:1921H         LINE#         41
  C:1953H         LINE#         42
  C:1961H         LINE#         43
  C:1961H         LINE#         44
  C:1964H         LINE#         45
  C:1967H         LINE#         47
  C:197BH         LINE#         48
  C:198FH         LINE#         49
  C:199EH         LINE#         50
  C:19ACH         LINE#         51
  C:19E4H         LINE#         52
  C:19F2H         LINE#         53
  C:19F2H         LINE#         54
  C:1A0DH         LINE#         55
  C:1A0DH         LINE#         56
  C:1A0DH         LINE#         57
  -------         ENDPROC       UART2_ISR
  -------         PROC          _?SYS_GET_UART2RXDEVENT
  -------         DO            
BL51 BANKED LINKER/LOCATER V6.22.4.0                                                  09/16/2025  21:38:53  PAGE 30


  i:0000H         SYMBOL        a
  -------         ENDDO         
  C:3F97H         LINE#         59
  C:3F99H         LINE#         61
  C:3FA1H         LINE#         62
  C:3FA3H         LINE#         63
  C:3FA3H         LINE#         64
  -------         ENDPROC       _?SYS_GET_UART2RXDEVENT
  -------         PROC          _?NULLFUNC0
  C:0042H         LINE#         66
  -------         ENDPROC       _?NULLFUNC0
  -------         PROC          _UART2INIT
  D:0008H         SYMBOL        band
  D:000CH         SYMBOL        Uart2mode
  C:2803H         LINE#         68
  C:280BH         LINE#         69
  C:280BH         LINE#         72
  C:280EH         LINE#         73
  C:2814H         LINE#         74
  C:2817H         LINE#         75
  C:281BH         LINE#         76
  C:2829H         LINE#         77
  C:282CH         LINE#         78
  C:282EH         LINE#         79
  C:2830H         LINE#         80
  C:2832H         LINE#         82
  C:2834H         LINE#         83
  C:2848H         LINE#         84
  C:284FH         LINE#         85
  C:2852H         LINE#         86
  C:2852H         LINE#         88
  C:2855H         LINE#         89
  C:2874H         LINE#         90
  C:28A3H         LINE#         91
  C:28A6H         LINE#         92
  C:28A9H         LINE#         93
  C:28B7H         LINE#         94
  -------         ENDPROC       _UART2INIT
  -------         PROC          _SETUART2RXD
  D:0001H         SYMBOL        RxdPt
  D:0004H         SYMBOL        Nmax
  D:000DH         SYMBOL        matchhead
  D:0010H         SYMBOL        matchheadsize
  C:3A37H         LINE#         96
  C:3A37H         LINE#         97
  C:3A42H         LINE#         98
  C:3A48H         LINE#         99
  C:3A52H         LINE#         100
  C:3A60H         LINE#         101
  C:3A62H         LINE#         102
  C:3A67H         LINE#         103
  -------         ENDPROC       _SETUART2RXD
  -------         PROC          _UART2PRINT
  D:0001H         SYMBOL        pt
  D:0004H         SYMBOL        num
  C:3A99H         LINE#         105
  C:3A99H         LINE#         106
BL51 BANKED LINKER/LOCATER V6.22.4.0                                                  09/16/2025  21:38:53  PAGE 31


  C:3A9FH         LINE#         107
  C:3AAAH         LINE#         108
  C:3AAFH         LINE#         109
  C:3AB5H         LINE#         110
  C:3AB9H         LINE#         112
  C:3ABFH         LINE#         113
  C:3AC2H         LINE#         114
  C:3AC5H         LINE#         115
  C:3AC5H         LINE#         116
  C:3AC7H         LINE#         117
  -------         ENDPROC       _UART2PRINT
  -------         PROC          GETUART2TXSTATUS
  C:4023H         LINE#         119
  C:4023H         LINE#         120
  C:402BH         LINE#         121
  C:402DH         LINE#         122
  -------         ENDPROC       GETUART2TXSTATUS
  -------         ENDMOD        UART2

  -------         MODULE        TEMP_MODULE
  C:0000H         SYMBOL        _ICE_DUMMY_
  C:33D9H         PUBLIC        UpdateTemp
  D:0080H         PUBLIC        P0
  D:0090H         PUBLIC        P1
  D:00A0H         PUBLIC        P2
  D:00B0H         PUBLIC        P3
  D:00C0H         PUBLIC        P4
  D:00C8H         PUBLIC        P5
  D:00E8H         PUBLIC        P6
  D:00F8H         PUBLIC        P7
  D:00A8H         PUBLIC        IE
  D:00B8H         PUBLIC        IP
  D:00D8H         PUBLIC        CCON
  D:0098H         PUBLIC        SCON
  D:0088H         PUBLIC        TCON
  X:0159H         PUBLIC        temperature
  C:2C96H         PUBLIC        ShowTemp
  X:015BH         PUBLIC        adc_temp
  C:165AH         PUBLIC        tempdata
  X:0165H         PUBLIC        tempThresholds
  X:0169H         PUBLIC        rt
  D:00D0H         PUBLIC        PSW
  -------         PROC          UPDATETEMP
  C:33D9H         LINE#         23
  C:33D9H         LINE#         24
  C:33E9H         LINE#         25
  C:33F8H         LINE#         26
  C:340FH         LINE#         27
  C:3432H         LINE#         28
  -------         ENDPROC       UPDATETEMP
  -------         PROC          SHOWTEMP
  C:2C96H         LINE#         29
  C:2C96H         LINE#         30
  C:2C96H         LINE#         31
  C:2CA6H         LINE#         32
  C:2CD7H         LINE#         34
  C:2D29H         LINE#         35
BL51 BANKED LINKER/LOCATER V6.22.4.0                                                  09/16/2025  21:38:53  PAGE 32


  -------         ENDPROC       SHOWTEMP
  -------         ENDMOD        TEMP_MODULE

  -------         MODULE        NAV_HANDLER
  C:0000H         SYMBOL        _ICE_DUMMY_
  D:0080H         PUBLIC        P0
  D:0090H         PUBLIC        P1
  D:00A0H         PUBLIC        P2
  X:01B4H         PUBLIC        displayMode
  D:00B0H         PUBLIC        P3
  D:00C0H         PUBLIC        P4
  D:00C8H         PUBLIC        P5
  D:00E8H         PUBLIC        P6
  D:00F8H         PUBLIC        P7
  D:00A8H         PUBLIC        IE
  D:00B8H         PUBLIC        IP
  D:00D8H         PUBLIC        CCON
  C:3E35H         PUBLIC        ShowStatus
  D:0098H         PUBLIC        SCON
  D:0088H         PUBLIC        TCON
  C:2B5EH         PUBLIC        NavHandler
  D:00D0H         PUBLIC        PSW
  -------         PROC          NAVHANDLER
  -------         DO            
  X:00B2H         SYMBOL        navUp
  X:00B3H         SYMBOL        navDown
  X:00B4H         SYMBOL        navLeft
  X:00B5H         SYMBOL        navRight
  -------         ENDDO         
  C:2B5EH         LINE#         6
  C:2B5EH         LINE#         7
  C:2B5EH         LINE#         8
  C:2B68H         LINE#         9
  C:2B72H         LINE#         10
  C:2B7CH         LINE#         11
  C:2B86H         LINE#         13
  C:2B8DH         LINE#         14
  C:2B93H         LINE#         15
  C:2B9BH         LINE#         16
  C:2B9BH         LINE#         17
  C:2BA2H         LINE#         18
  C:2BA8H         LINE#         19
  C:2BB1H         LINE#         20
  C:2BB1H         LINE#         21
  C:2BB8H         LINE#         22
  C:2BBFH         LINE#         23
  C:2BC1H         LINE#         24
  C:2BD7H         LINE#         25
  C:2BD7H         LINE#         26
  C:2BD7H         LINE#         29
  C:2BDEH         LINE#         30
  C:2BE5H         LINE#         31
  C:2BE7H         LINE#         32
  C:2BFDH         LINE#         33
  C:2BFDH         LINE#         34
  C:2BFDH         LINE#         35
[...]
  D:0006H         SYMBOL        i
  D:0007H         SYMBOL        k
  -------         ENDDO         
  C:3CF5H         LINE#         77
  C:3CF5H         LINE#         78
  C:3CF5H         LINE#         79
  C:3CF7H         LINE#         80
  C:3CF8H         LINE#         81
  C:3CF9H         LINE#         82
  C:3CFAH         LINE#         83
  C:3CFCH         LINE#         84
  C:3CFDH         LINE#         85
  C:3CFFH         LINE#         86
  C:3D01H         LINE#         87
  C:3D02H         LINE#         88
  C:3D03H         LINE#         89
  C:3D0DH         LINE#         90
  C:3D0EH         LINE#         91
BL51 BANKED LINKER/LOCATER V6.22.4.0                                                  09/16/2025  21:38:53  PAGE 54


  C:3D0FH         LINE#         92
  C:3D11H         LINE#         93
  C:3D12H         LINE#         94
  C:3D16H         LINE#         95
  C:3D16H         LINE#         96
  -------         ENDPROC       READBYTE
  -------         PROC          _M24C02_WRITE
  D:0004H         SYMBOL        NVM_addr
  D:0005H         SYMBOL        NVM_data
  C:3EA9H         LINE#         98
  C:3EABH         LINE#         99
  C:3EAEH         LINE#         100
  C:3EB3H         LINE#         101
  C:3EB6H         LINE#         102
  C:3EB8H         LINE#         103
  C:3EB8H         LINE#         104
  C:3EB8H         LINE#         105
  C:3EBBH         LINE#         106
  -------         ENDPROC       _M24C02_WRITE
  -------         PROC          _M24C02_READ
  D:0005H         SYMBOL        NVM_addr
  -------         DO            
  D:0007H         SYMBOL        date
  -------         ENDDO         
  C:3D94H         LINE#         109
  C:3D96H         LINE#         110
  C:3D96H         LINE#         111
  C:3D99H         LINE#         112
  C:3D9BH         LINE#         113
  C:3D9BH         LINE#         114
  C:3D9BH         LINE#         115
  C:3D9EH         LINE#         116
  C:3DA1H         LINE#         117
  C:3DA6H         LINE#         118
  C:3DA9H         LINE#         119
  C:3DACH         LINE#         120
  C:3DAFH         LINE#         121
  C:3DAFH         LINE#         122
  -------         ENDPROC       _M24C02_READ
  -------         ENDMOD        M24C02

  -------         MODULE        FM_RADIO
  C:0000H         SYMBOL        _ICE_DUMMY_
  D:0080H         PUBLIC        P0
  D:0090H         PUBLIC        P1
  D:00A0H         PUBLIC        P2
  D:00B0H         PUBLIC        P3
  D:00C0H         PUBLIC        P4
  D:00C8H         PUBLIC        P5
  D:00E8H         PUBLIC        P6
  D:00F8H         PUBLIC        P7
  D:00A8H         PUBLIC        IE
  B:00A0H.7       PUBLIC        FM_DATA
  C:3EF0H         PUBLIC        _delay
  D:00B8H         PUBLIC        IP
  C:3EFAH         PUBLIC        IIC_Radio_Start
  C:3C42H         PUBLIC        FMRadioInit
BL51 BANKED LINKER/LOCATER V6.22.4.0                                                  09/16/2025  21:38:53  PAGE 55


  D:00D8H         PUBLIC        CCON
  C:337DH         PUBLIC        GetFMRadio
  C:3BF2H         PUBLIC        _IIC_Radio_WriteByte
  C:4017H         PUBLIC        IIC_Radio_Stop
  C:274DH         PUBLIC        SetFMRadio
  D:0098H         PUBLIC        SCON
  D:0088H         PUBLIC        TCON
  X:019EH         PUBLIC        Radio_Write_Data
  X:01A6H         PUBLIC        flag_SetFM
  C:3DB0H         PUBLIC        IIC_Radio_ACK
  B:00C0H.5       PUBLIC        FM_CLOCK
  C:36B6H         PUBLIC        _?sys_FMRadio_drv
  D:00D0H         PUBLIC        PSW
  C:3EE7H         SYMBOL        L?0043
  -------         PROC          L?0042
  -------         ENDPROC       L?0042
  C:3EE7H         SYMBOL        L?0043
  -------         PROC          _DELAY
  D:0007H         SYMBOL        i
  C:3EF0H         LINE#         22
  C:3EF0H         LINE#         23
  C:3EF6H         LINE#         24
  C:3EF9H         LINE#         25
  -------         ENDPROC       _DELAY
  -------         PROC          IIC_RADIO_START
  C:3EFAH         LINE#         28
  C:3EFAH         LINE#         29
  C:3EFCH         LINE#         30
  C:3EFCH         LINE#         31
  C:3EFCH         LINE#         32
  C:3EFFH         LINE#         33
  C:3F01H         LINE#         34
  C:3F06H         LINE#         35
  C:3F08H         LINE#         36
  -------         ENDPROC       IIC_RADIO_START
  -------         PROC          IIC_RADIO_STOP
  C:4017H         LINE#         39
  C:4017H         LINE#         40
  C:4019H         LINE#         41
  C:4019H         LINE#         42
  C:4019H         LINE#         43
  C:401CH         LINE#         44
  C:401EH         LINE#         45
  -------         ENDPROC       IIC_RADIO_STOP
  -------         PROC          IIC_RADIO_ACK
  -------         DO            
  D:0007H         SYMBOL        i
  -------         ENDDO         
  C:3DB0H         LINE#         48
  C:3DB0H         LINE#         49
  C:3DB2H         LINE#         50
  C:3DB4H         LINE#         51
  C:3DC0H         LINE#         52
  C:3DC5H         LINE#         53
  C:3DC7H         LINE#         54
  -------         ENDPROC       IIC_RADIO_ACK
  -------         PROC          _IIC_RADIO_WRITEBYTE
BL51 BANKED LINKER/LOCATER V6.22.4.0                                                  09/16/2025  21:38:53  PAGE 56


  D:0005H         SYMBOL        Data
  -------         DO            
  D:0003H         SYMBOL        i
  -------         ENDDO         
  C:3BF2H         LINE#         57
  C:3BF4H         LINE#         58
  C:3BF4H         LINE#         59
  C:3BF6H         LINE#         60
  C:3BF8H         LINE#         61
  C:3BFDH         LINE#         62
  C:3C01H         LINE#         63
  C:3C05H         LINE#         64
  C:3C05H         LINE#         65
  C:3C05H         LINE#         66
  C:3C08H         LINE#         67
  C:3C0CH         LINE#         68
  C:3C0EH         LINE#         69
  C:3C13H         LINE#         70
  C:3C15H         LINE#         71
  -------         ENDPROC       _IIC_RADIO_WRITEBYTE
  -------         PROC          _?SYS_FMRADIO_DRV
  -------         DO            
  i:0000H         SYMBOL        i
  -------         ENDDO         
  C:36B6H         LINE#         74
  C:36B8H         LINE#         76
  C:36C0H         LINE#         77
  C:36C3H         LINE#         78
  C:36C8H         LINE#         79
  C:36CBH         LINE#         80
  C:36D8H         LINE#         81
  C:36E7H         LINE#         82
  C:36EAH         LINE#         83
  C:36EFH         LINE#         84
  C:36F2H         LINE#         85
  C:36F7H         LINE#         86
  C:36F7H         LINE#         87
  -------         ENDPROC       _?SYS_FMRADIO_DRV
  -------         PROC          GETFMRADIO
  -------         DO            
  D:0014H         SYMBOL        FM
  D:0007H         SYMBOL        chan
  -------         ENDDO         
  C:337DH         LINE#         89
  C:337DH         LINE#         90
  C:337DH         LINE#         92
  C:338EH         LINE#         93
  C:3397H         LINE#         94
  C:339FH         LINE#         95
  C:33A6H         LINE#         96
  C:33B4H         LINE#         97
  C:33C3H         LINE#         98
  C:33D2H         LINE#         99
  C:33D8H         LINE#         100
  -------         ENDPROC       GETFMRADIO
  -------         PROC          SETFMRADIO
  D:000EH         SYMBOL        FM
BL51 BANKED LINKER/LOCATER V6.22.4.0                                                  09/16/2025  21:38:53  PAGE 57


  -------         DO            
  D:0005H         SYMBOL        a
  -------         ENDDO         
  C:274DH         LINE#         102
  C:274DH         LINE#         103
  C:274DH         LINE#         104
  C:2783H         LINE#         105
  C:2788H         LINE#         106
  C:2790H         LINE#         107
  C:279DH         LINE#         108
  C:27A3H         LINE#         109
  C:27A3H         LINE#         110
  C:27CBH         LINE#         111
  C:27D8H         LINE#         112
  C:27DCH         LINE#         113
  C:27DCH         LINE#         114
  C:27DEH         LINE#         115
  C:27E5H         LINE#         116
  C:27ECH         LINE#         117
  C:27F3H         LINE#         118
  C:27FAH         LINE#         119
  C:27FCH         LINE#         120
  C:2802H         LINE#         121
  C:2802H         LINE#         122
  -------         ENDPROC       SETFMRADIO
  -------         PROC          FMRADIOINIT
  D:0008H         SYMBOL        FM
  C:3C42H         LINE#         124
  C:3C42H         LINE#         125
  C:3C42H         LINE#         126
  C:3C58H         LINE#         127
  C:3C66H         LINE#         128
  -------         ENDPROC       FMRADIOINIT
  -------         ENDMOD        FM_RADIO

  -------         MODULE        UART1
  C:0000H         SYMBOL        _ICE_DUMMY_
  C:1F5CH         PUBLIC        Uart1_isr
  D:0080H         PUBLIC        P0
  D:0090H         PUBLIC        P1
  D:00A0H         PUBLIC        P2
  D:00B0H         PUBLIC        P3
  D:00C0H         PUBLIC        P4
  D:00C8H         PUBLIC        P5
  D:00E8H         PUBLIC        P6
  D:00F8H         PUBLIC        P7
  D:00A8H         PUBLIC        IE
  B:00A8H.4       PUBLIC        ES
  D:00B8H         PUBLIC        IP
  B:0098H.0       PUBLIC        RI
  B:0098H.1       PUBLIC        TI
  D:00D8H         PUBLIC        CCON
  C:3A68H         PUBLIC        _SetUart1Rxd
  D:0099H         PUBLIC        SBUF
  D:0098H         PUBLIC        SCON
  D:0089H         PUBLIC        TMOD
  D:0088H         PUBLIC        TCON
BL51 BANKED LINKER/LOCATER V6.22.4.0                                                  09/16/2025  21:38:53  PAGE 58


  D:008EH         PUBLIC        AUXR
  C:4044H         PUBLIC        GetUart1TxStatus
  B:00A8H.3       PUBLIC        ET1
  D:008DH         PUBLIC        TH1
  D:008BH         PUBLIC        TL1
  B:0088H.6       PUBLIC        TR1
  C:3C1AH         PUBLIC        _Uart1Print
  C:31DAH         PUBLIC        _Uart1Init
  C:3FB5H         PUBLIC        _?sys_get_Uart1RxdEvent
  X:0144H         PUBLIC        com1
  D:00D0H         PUBLIC        PSW
  -------         PROC          UART1_ISR
  C:1F5CH         LINE#         10
  C:1F79H         LINE#         11
  C:1F7CH         LINE#         12
  C:1F7EH         LINE#         13
  C:1FB2H         LINE#         14
  C:1FB7H         LINE#         15
  C:1FB7H         LINE#         16
  C:1FBDH         LINE#         17
  C:1FBFH         LINE#         18
  C:1FC2H         LINE#         19
  C:1FC4H         LINE#         20
  C:1FCBH         LINE#         21
  C:1FCBH         LINE#         22
  C:1FDFH         LINE#         23
  C:1FF3H         LINE#         24
  C:2002H         LINE#         25
  C:2010H         LINE#         26
  C:2048H         LINE#         27
  C:2056H         LINE#         28
  C:2056H         LINE#         29
  C:2071H         LINE#         30
  C:2071H         LINE#         31
  -------         ENDPROC       UART1_ISR
  -------         PROC          _?SYS_GET_UART1RXDEVENT
  -------         DO            
  i:0000H         SYMBOL        a
  -------         ENDDO         
  C:3FB5H         LINE#         33
  C:3FB7H         LINE#         35
  C:3FBFH         LINE#         36
  C:3FC1H         LINE#         37
  C:3FC1H         LINE#         38
  -------         ENDPROC       _?SYS_GET_UART1RXDEVENT
  -------         PROC          _UART1INIT
  D:0008H         SYMBOL        band
  C:31DAH         LINE#         40
  C:31E2H         LINE#         41
  C:31E2H         LINE#         43
  C:31E5H         LINE#         44
  C:31E8H         LINE#         45
  C:31EBH         LINE#         46
  C:31EEH         LINE#         47
  C:320DH         LINE#         48
  C:323CH         LINE#         49
  C:323EH         LINE#         50
BL51 BANKED LINKER/LOCATER V6.22.4.0                                                  09/16/2025  21:38:53  PAGE 59


  C:3240H         LINE#         51
  C:3242H         LINE#         52
  C:3250H         LINE#         53
  -------         ENDPROC       _UART1INIT
  -------         PROC          _SETUART1RXD
  D:0001H         SYMBOL        RxdPt
  D:0004H         SYMBOL        Nmax
  D:000DH         SYMBOL        matchhead
  D:0010H         SYMBOL        matchheadsize
  C:3A68H         LINE#         55
  C:3A68H         LINE#         56
  C:3A73H         LINE#         57
  C:3A79H         LINE#         58
  C:3A83H         LINE#         59
  C:3A91H         LINE#         60
  C:3A93H         LINE#         61
  C:3A98H         LINE#         62
  -------         ENDPROC       _SETUART1RXD
  -------         PROC          _UART1PRINT
  D:0001H         SYMBOL        pt
  D:0004H         SYMBOL        num
  C:3C1AH         LINE#         64
  C:3C1AH         LINE#         65
  C:3C20H         LINE#         66
  C:3C2BH         LINE#         67
  C:3C30H         LINE#         68
  C:3C36H         LINE#         69
  C:3C3AH         LINE#         70
  C:3C3CH         LINE#         71
  C:3C3FH         LINE#         72
  C:3C3FH         LINE#         73
  C:3C41H         LINE#         74
  -------         ENDPROC       _UART1PRINT
  -------         PROC          GETUART1TXSTATUS
  C:4044H         LINE#         76
  C:4044H         LINE#         77
  C:404CH         LINE#         78
  C:404EH         LINE#         79
  -------         ENDPROC       GETUART1TXSTATUS
  -------         ENDMOD        UART1

  -------         MODULE        ?C?FPMUL
  C:0A6EH         PUBLIC        ?C?FPMUL
  -------         ENDMOD        ?C?FPMUL

  -------         MODULE        ?C?FPDIV
  C:0B77H         PUBLIC        ?C?FPDIV
  -------         ENDMOD        ?C?FPDIV

  -------         MODULE        ?C?FCAST
  C:0C1EH         PUBLIC        ?C?FCASTC
  C:0C19H         PUBLIC        ?C?FCASTI
  C:0C14H         PUBLIC        ?C?FCASTL
  -------         ENDMOD        ?C?FCAST

  -------         MODULE        ?C?CASTF
  C:0C52H         PUBLIC        ?C?CASTF
BL51 BANKED LINKER/LOCATER V6.22.4.0                                                  09/16/2025  21:38:53  PAGE 60


  -------         ENDMOD        ?C?CASTF

  -------         MODULE        ?C?COPY
  C:0DA3H         PUBLIC        ?C?COPY
  -------         ENDMOD        ?C?COPY

  -------         MODULE        ?C?CLDPTR
  C:0DC9H         PUBLIC        ?C?CLDPTR
  -------         ENDMOD        ?C?CLDPTR

  -------         MODULE        ?C?CLDOPTR
  C:0DE2H         PUBLIC        ?C?CLDOPTR
  -------         ENDMOD        ?C?CLDOPTR

  -------         MODULE        ?C?CSTPTR
  C:0E0FH         PUBLIC        ?C?CSTPTR
  -------         ENDMOD        ?C?CSTPTR

  -------         MODULE        ?C?CSTOPTR
  C:0E21H         PUBLIC        ?C?CSTOPTR
  -------         ENDMOD        ?C?CSTOPTR

  -------         MODULE        ?C?IMUL
  C:0E43H         PUBLIC        ?C?IMUL
  -------         ENDMOD        ?C?IMUL

  -------         MODULE        ?C?UIDIV
  C:0E55H         PUBLIC        ?C?UIDIV
  -------         ENDMOD        ?C?UIDIV

  -------         MODULE        ?C?SIDIV
  C:0EAAH         PUBLIC        ?C?SIDIV
  -------         ENDMOD        ?C?SIDIV

  -------         MODULE        ?C?IILDX
  C:0EE0H         PUBLIC        ?C?IILDX
  -------         ENDMOD        ?C?IILDX

  -------         MODULE        ?C?ILDIX
  C:0EF6H         PUBLIC        ?C?ILDIX
  -------         ENDMOD        ?C?ILDIX

  -------         MODULE        ?C?ILDPTR
  C:0F0CH         PUBLIC        ?C?ILDPTR
  -------         ENDMOD        ?C?ILDPTR

  -------         MODULE        ?C?LMUL
  C:0F37H         PUBLIC        ?C?LMUL
  -------         ENDMOD        ?C?LMUL

  -------         MODULE        ?C?ULDIV
  C:0FC2H         PUBLIC        ?C?ULDIV
  -------         ENDMOD        ?C?ULDIV

  -------         MODULE        ?C?SLDIV
  C:36FAH         PUBLIC        ?C?SLDIV
  -------         ENDMOD        ?C?SLDIV
BL51 BANKED LINKER/LOCATER V6.22.4.0                                                  09/16/2025  21:38:53  PAGE 61



  -------         MODULE        ?C?LNEG
  C:1054H         PUBLIC        ?C?LNEG
  -------         ENDMOD        ?C?LNEG

  -------         MODULE        ?C?ULSHR
  C:1062H         PUBLIC        ?C?ULSHR
  -------         ENDMOD        ?C?ULSHR

  -------         MODULE        ?C?SLSHR
  C:1075H         PUBLIC        ?C?SLSHR
  -------         ENDMOD        ?C?SLSHR

  -------         MODULE        ?C?LSHL
  C:1089H         PUBLIC        ?C?LSHL
  -------         ENDMOD        ?C?LSHL

  -------         MODULE        ?C?LLDCODE
  C:109CH         PUBLIC        ?C?LLDCODE
  -------         ENDMOD        ?C?LLDCODE

  -------         MODULE        ?C?LSTXDATA
  C:10ACH         PUBLIC        ?C?LSTXDATA
  -------         ENDMOD        ?C?LSTXDATA

  -------         MODULE        ?C?OFFXADD
  C:10B8H         PUBLIC        ?C?OFFXADD
  -------         ENDMOD        ?C?OFFXADD

  -------         MODULE        ?C?ICALL
  C:10C4H         PUBLIC        ?C?ICALL
  C:10C8H         PUBLIC        ?C?ICALL2
  -------         ENDMOD        ?C?ICALL

  -------         MODULE        ?C_IBP
  D:004DH         PUBLIC        ?C_IBP
  -------         ENDMOD        ?C_IBP

  -------         MODULE        ?C?STRCPY
  C:1196H         PUBLIC        ?C?STRCPY
  -------         ENDMOD        ?C?STRCPY

  -------         MODULE        STRLEN
  C:3EBEH         PUBLIC        _STRLEN
  -------         ENDMOD        STRLEN

  -------         MODULE        STRCHR
  C:3DCCH         PUBLIC        _STRCHR
  -------         ENDMOD        STRCHR

  -------         MODULE        STRTOK
  D:000DH         PUBLIC        ?_strtok?BYTE
  C:2FE8H         PUBLIC        _strtok
  -------         ENDMOD        STRTOK

  -------         MODULE        ATOI
  C:28B8H         PUBLIC        _atoi
BL51 BANKED LINKER/LOCATER V6.22.4.0                                                  09/16/2025  21:38:53  PAGE 62


  -------         ENDMOD        ATOI

  -------         MODULE        ?C?MEMSET
  C:11B3H         PUBLIC        ?C?MEMSET
  -------         ENDMOD        ?C?MEMSET

  -------         MODULE        ISDIGIT
  C:3FC4H         PUBLIC        _isdigit
  -------         ENDMOD        ISDIGIT

  -------         MODULE        ISSPACE
  C:3F0DH         PUBLIC        _isspace
  -------         ENDMOD        ISSPACE

  -------         MODULE        STRSPN
  D:0013H         PUBLIC        ?_strspn?BYTE
  C:32BFH         PUBLIC        _strspn
  -------         ENDMOD        STRSPN

  -------         MODULE        STRPBRK
  D:0013H         PUBLIC        ?_strpbrk?BYTE
  C:3320H         PUBLIC        _strpbrk
  -------         ENDMOD        STRPBRK

*** WARNING L16: UNCALLED SEGMENT, IGNORED FOR OVERLAY PROCESS
    SEGMENT: ?PR?GETBEEPSTATUS?BEEP

*** WARNING L16: UNCALLED SEGMENT, IGNORED FOR OVERLAY PROCESS
    SEGMENT: ?PR?_GETKEYACT?KEY

*** WARNING L16: UNCALLED SEGMENT, IGNORED FOR OVERLAY PROCESS
    SEGMENT: ?PR?GETSYSPERFORMANCE?SYS

*** WARNING L16: UNCALLED SEGMENT, IGNORED FOR OVERLAY PROCESS
    SEGMENT: ?PR?GETWEIGHT?EXT

*** WARNING L16: UNCALLED SEGMENT, IGNORED FOR OVERLAY PROCESS
    SEGMENT: ?PR?GETDECODE?EXT

*** WARNING L16: UNCALLED SEGMENT, IGNORED FOR OVERLAY PROCESS
    SEGMENT: ?PR?GETUART2TXSTATUS?UART2

*** WARNING L16: UNCALLED SEGMENT, IGNORED FOR OVERLAY PROCESS
    SEGMENT: ?PR?MYUART1PROCESSRXDATA?MY_UART1

*** WARNING L16: UNCALLED SEGMENT, IGNORED FOR OVERLAY PROCESS
    SEGMENT: ?PR?TEMP_CONTROLLED_MOTOR?TEMP_CONTROLLED_FAN

*** WARNING L16: UNCALLED SEGMENT, IGNORED FOR OVERLAY PROCESS
    SEGMENT: ?PR?AUTODOOR_EMERGENCYSTOP?ULTRASONIC_MODULE

*** WARNING L16: UNCALLED SEGMENT, IGNORED FOR OVERLAY PROCESS
    SEGMENT: ?PR?AUTODOOR_ISMOTORFREE?ULTRASONIC_MODULE

*** WARNING L16: UNCALLED SEGMENT, IGNORED FOR OVERLAY PROCESS
    SEGMENT: ?PR?INITTRAINID?TRAIN_ID_MODULE

BL51 BANKED LINKER/LOCATER V6.22.4.0                                                  09/16/2025  21:38:53  PAGE 63


Program Size: data=78.2 xdata=437 code=16552
LINK/LOCATE RUN COMPLETE.  11 WARNING(S),  0 ERROR(S)
